
🚀 Lancio scenario: autarky_VRES_2030_BESS
[2025-08-22 10:16:13] INFO     Loading sets
[2025-08-22 10:16:13] INFO     Loading parameters
[2025-08-22 10:17:00] INFO     constraints are loaded in the following order: ['energy_balance', 'dispatch', 'costs', 'capacity', 'network', 'policy', 'conversion', 'group', 'conversion_plus', 'milp', 'export']
[2025-08-22 10:17:00] INFO     creating energy_balance constraints
[2025-08-22 10:20:54] INFO     creating dispatch constraints
[2025-08-22 10:23:39] INFO     creating costs constraints
[2025-08-22 10:33:37] INFO     creating capacity constraints
[2025-08-22 10:33:37] INFO     creating network constraints
[2025-08-22 10:33:37] INFO     creating policy constraints
[2025-08-22 10:33:37] INFO     creating conversion constraints
[2025-08-22 10:33:37] INFO     creating group constraints
[2025-08-22 10:33:37] INFO     creating conversion_plus constraints
[2025-08-22 10:33:37] INFO     creating milp constraints
[2025-08-22 10:33:37] INFO     creating export constraints
[2025-08-22 10:45:39] DEBUG    Set parameter WLSAccessID
Set parameter WLSSecret
Set parameter LicenseID to value 2680226
[2025-08-22 10:45:39] DEBUG    Academic license 2680226 - for non-commercial use only - registered to an___@mail.polimi.it
[2025-08-22 10:46:13] DEBUG    Read LP format model from file /tmp/tmp47a83prw.pyomo.lp
Reading time = 34.19 seconds
x16725844: 22849132 rows, 16725844 columns, 54856452 nonzeros
[2025-08-22 10:46:13] DEBUG    Set parameter NumericFocus to value 1
Gurobi Optimizer version 12.0.2 build v12.0.2rc0 (linux64 - "Debian GNU/Linux 11 (bullseye)")

CPU model: Intel(R) Xeon(R) Silver 4314 CPU @ 2.40GHz, instruction set [SSE2|AVX|AVX2|AVX512]
Thread count: 32 physical cores, 64 logical processors, using up to 32 threads

Non-default parameters:
NumericFocus  1
[2025-08-22 10:46:13] DEBUG    Academic license 2680226 - for non-commercial use only - registered to an___@mail.polimi.it
Optimize a model with 22849132 rows, 16725844 columns and 54856452 nonzeros
[2025-08-22 10:46:14] DEBUG    Model fingerprint: 0x34bfe8d2
[2025-08-22 10:46:14] DEBUG    Coefficient statistics:
  Matrix range     [1e-07, 3e+02]
  Objective range  [1e+00, 1e+06]
  Bounds range     [0e+00, 0e+00]
  RHS range        [1e+00, 2e+08]
[2025-08-22 10:46:20] DEBUG    Presolve removed 18563797 rows and 9925981 columns (presolve time = 6s)...
[2025-08-22 10:46:24] DEBUG    Presolve removed 19567065 rows and 12720000 columns (presolve time = 10s)...
[2025-08-22 10:46:29] DEBUG    Presolve removed 20681940 rows and 13784096 columns (presolve time = 15s)...
[2025-08-22 10:46:33] DEBUG    Presolve removed 21368738 rows and 13801616 columns
[2025-08-22 10:46:33] DEBUG    Presolve time: 20.12s
Presolved: 1480394 rows, 3073131 columns, 8572331 nonzeros

Concurrent LP optimizer: primal simplex, dual simplex, and barrier
Showing barrier log only...
[2025-08-22 10:46:36] DEBUG    Ordering time: 1.16s
[2025-08-22 10:46:37] DEBUG    Barrier statistics:
 Dense cols : 115
 AA' NZ     : 8.374e+06
[2025-08-22 10:46:37] DEBUG    Factor NZ  : 3.006e+07 (roughly 2.0 GB of memory)
 Factor Ops : 1.130e+09 (less than 1 second per iteration)
 Threads    : 30
[2025-08-22 10:46:41] DEBUG    Objective                Residual
[2025-08-22 10:46:41] DEBUG    Iter       Primal          Dual         Primal    Dual     Compl     Time
[2025-08-22 10:46:42] DEBUG    0   4.69005019e+21 -1.43958247e+19  7.48e+10 3.06e-01  6.04e+15    28s
[2025-08-22 10:46:46] DEBUG    1   1.64339616e+21 -1.42131303e+19  2.28e+10 3.34e+05  2.26e+15    33s
[2025-08-22 10:46:53] DEBUG    2   9.80397721e+20 -1.10571797e+19  1.27e+10 6.10e+04  9.73e+14    40s
[2025-08-22 10:47:00] DEBUG    3   5.99401265e+20 -9.91187094e+18  7.61e+09 1.67e+04  5.40e+14    47s
[2025-08-22 10:47:06] DEBUG    4   4.41471965e+20 -9.49554921e+18  5.60e+09 1.08e+04  3.94e+14    53s
[2025-08-22 10:47:11] DEBUG    5   3.89877108e+20 -8.88229579e+18  4.93e+09 3.63e+03  3.36e+14    58s
[2025-08-22 10:47:15] DEBUG    6   2.02612084e+20 -8.44785949e+18  2.52e+09 1.42e+03  1.73e+14    62s
[2025-08-22 10:47:19] DEBUG    7   1.84653626e+20 -8.05564056e+18  2.28e+09 6.12e+02  1.57e+14    66s
[2025-08-22 10:47:23] DEBUG    8   1.30206069e+20 -7.64012608e+18  1.60e+09 3.24e+02  1.11e+14    70s
[2025-08-22 10:47:29] DEBUG    9   9.50537191e+19 -6.92886642e+18  1.17e+09 9.65e+01  8.01e+13    76s
[2025-08-22 10:47:34] DEBUG    10   8.18543278e+19 -6.58802465e+18  1.00e+09 6.42e+01  6.87e+13    80s
[2025-08-22 10:47:40] DEBUG    11   6.45448173e+19 -5.52195758e+18  7.92e+08 2.13e+01  5.07e+13    87s
[2025-08-22 10:47:45] DEBUG    12   1.49826010e+19 -4.83845144e+18  1.85e+08 1.03e+01  1.23e+13    92s
[2025-08-22 10:47:51] DEBUG    13   5.82230315e+18 -3.71405773e+18  7.18e+07 4.72e+00  4.97e+12    97s
[2025-08-22 10:47:59] DEBUG    14   1.38611490e+18 -1.92462764e+18  1.69e+07 1.28e+00  1.26e+12   106s
[2025-08-22 10:48:04] DEBUG    15   2.51862972e+17 -9.55540933e+17  2.90e+06 5.59e-01  3.08e+11   111s
[2025-08-22 10:48:09] DEBUG    16   3.12123123e+16 -4.51708806e+17  3.27e+05 2.48e-01  9.04e+10   116s
[2025-08-22 10:48:13] DEBUG    17   1.20456635e+15 -2.55181781e+16  9.90e+03 8.67e-03  4.54e+09   120s
[2025-08-22 10:48:18] DEBUG    18   1.21001225e+14 -2.04800222e+15  3.40e+01 2.59e-02  3.44e+08   124s
[2025-08-22 10:48:22] DEBUG    19   1.13835099e+14 -4.26154455e+14  6.33e-01 2.52e-02  7.36e+07   128s
[2025-08-22 10:48:28] DEBUG    20   1.08852983e+14 -1.20053590e+14  1.52e-01 2.59e-02  2.12e+07   134s
[2025-08-22 10:48:40] DEBUG    21   1.04816228e+14 -6.52094335e+13  1.23e-01 2.85e-02  1.17e+07   147s
[2025-08-22 10:48:53] DEBUG    22   9.52413669e+13 -4.04651544e+13  6.68e-02 2.89e-02  7.21e+06   160s
[2025-08-22 10:49:11] DEBUG    23   9.25293763e+13 -3.04312601e+13  5.59e-02 2.68e-02  5.43e+06   178s
[2025-08-22 10:49:27] DEBUG    24   9.03534221e+13 -1.65161086e+13  4.65e-02 2.56e-02  2.99e+06   194s
[2025-08-22 10:49:40] DEBUG    25   8.93658507e+13 -1.23948729e+13  4.18e-02 2.63e-02  2.25e+06   206s
[2025-08-22 10:49:50] DEBUG    26   8.82980485e+13 -9.93017064e+12  3.72e-02 2.67e-02  1.81e+06   217s
[2025-08-22 10:50:03] DEBUG    27   8.64995148e+13 -7.63361904e+12  3.02e-02 2.70e-02  1.38e+06   230s
[2025-08-22 10:50:18] DEBUG    28   8.46186139e+13 -6.07316369e+12  2.42e-02 2.71e-02  1.07e+06   244s
[2025-08-22 10:50:35] DEBUG    29   8.32160714e+13 -4.94522503e+12  2.05e-02 2.71e-02  8.44e+05   261s
[2025-08-22 10:50:49] DEBUG    30   8.23447743e+13 -4.35681240e+12  1.85e-02 2.70e-02  7.31e+05   275s
[2025-08-22 10:51:01] DEBUG    31   7.92724704e+13 -3.22862734e+12  1.22e-02 2.68e-02  4.99e+05   288s
[2025-08-22 10:51:14] DEBUG    32   7.79397717e+13 -2.12093865e+12  1.03e-02 2.67e-02  2.96e+05   301s
[2025-08-22 10:51:26] DEBUG    33   7.65345794e+13 -1.57839429e+12  7.87e-03 2.66e-02  1.90e+05   312s
[2025-08-22 10:51:41] DEBUG    34   7.48557443e+13 -1.39280185e+12  5.25e-03 2.65e-02  1.45e+05   328s
[2025-08-22 10:51:58] DEBUG    35   7.46584503e+13 -1.26789889e+12  5.07e-03 2.65e-02  1.25e+05   345s
[2025-08-22 10:52:11] DEBUG    36   7.38268533e+13 -1.08583856e+12  4.33e-03 2.64e-02  9.31e+04   358s
[2025-08-22 10:52:22] DEBUG    37   7.29725156e+13 -9.37886186e+11  3.16e-03 2.65e-02  6.69e+04   368s
[2025-08-22 10:52:32] DEBUG    38   7.21371705e+13 -7.97211820e+11  2.38e-03 2.65e-02  4.41e+04   379s
[2025-08-22 10:52:42] DEBUG    39   7.19826453e+13 -7.75080780e+11  2.22e-03 2.65e-02  4.06e+04   389s
[2025-08-22 10:52:54] DEBUG    40   7.14268159e+13 -7.37097361e+11  1.78e-03 2.65e-02  3.32e+04   400s
[2025-08-22 10:53:03] DEBUG    41   7.11290817e+13 -6.96396990e+11  1.54e-03 2.65e-02  2.71e+04   410s
[2025-08-22 10:53:13] DEBUG    42   7.05778791e+13 -6.73435639e+11  1.33e-03 2.65e-02  2.18e+04   419s
[2025-08-22 10:53:23] DEBUG    43   7.04069463e+13 -6.70292707e+11  1.26e-03 2.65e-02  2.09e+04   430s
[2025-08-22 10:53:33] DEBUG    44   7.01842582e+13 -6.64493489e+11  1.18e-03 2.64e-02  1.95e+04   440s
[2025-08-22 10:53:43] DEBUG    45   6.98807664e+13 -6.53007744e+11  1.07e-03 2.64e-02  1.70e+04   450s
[2025-08-22 10:53:55] DEBUG    46   6.96982203e+13 -6.45220267e+11  9.84e-04 2.64e-02  1.55e+04   461s
[2025-08-22 10:54:04] DEBUG    47   6.95619249e+13 -6.40949195e+11  9.31e-04 2.64e-02  1.46e+04   471s
[2025-08-22 10:54:14] DEBUG    48   6.95082361e+13 -6.39195101e+11  9.16e-04 2.64e-02  1.42e+04   481s
[2025-08-22 10:54:24] DEBUG    49   6.92947932e+13 -6.33870039e+11  8.47e-04 2.64e-02  1.30e+04   491s
[2025-08-22 10:54:33] DEBUG    50   6.91220474e+13 -6.29139068e+11  7.93e-04 2.64e-02  1.19e+04   500s
[2025-08-22 10:54:44] DEBUG    51   6.89396753e+13 -6.24966304e+11  7.51e-04 2.63e-02  1.09e+04   511s
[2025-08-22 10:54:54] DEBUG    52   6.87235838e+13 -6.24051479e+11  6.71e-04 2.63e-02  1.02e+04   521s
[2025-08-22 10:55:03] DEBUG    53   6.86249035e+13 -6.21510604e+11  6.41e-04 2.63e-02  9.68e+03   530s
[2025-08-22 10:55:13] DEBUG    54   6.84676599e+13 -6.19404231e+11  6.03e-04 2.63e-02  9.10e+03   540s
[2025-08-22 10:55:23] DEBUG    55   6.83388162e+13 -6.17729925e+11  5.68e-04 2.63e-02  8.69e+03   549s
[2025-08-22 10:55:34] DEBUG    56   6.82441808e+13 -6.15448972e+11  5.53e-04 2.63e-02  8.28e+03   560s
[2025-08-22 10:55:44] DEBUG    57   6.81550590e+13 -6.13115313e+11  5.38e-04 2.63e-02  7.89e+03   570s
[2025-08-22 10:55:54] DEBUG    58   6.80467369e+13 -6.11119239e+11  5.26e-04 2.63e-02  7.48e+03   581s
[2025-08-22 10:56:05] DEBUG    59   6.79770066e+13 -6.09598398e+11  5.19e-04 2.63e-02  7.18e+03   591s
[2025-08-22 10:56:15] DEBUG    60   6.78899793e+13 -6.07929425e+11  4.96e-04 2.63e-02  6.87e+03   602s
[2025-08-22 10:56:24] DEBUG    61   6.78167290e+13 -6.06192439e+11  4.88e-04 2.63e-02  6.57e+03   611s
[2025-08-22 10:56:35] DEBUG    62   6.77292195e+13 -6.04764463e+11  4.73e-04 2.63e-02  6.28e+03   621s
[2025-08-22 10:56:45] DEBUG    63   6.76326603e+13 -6.02897886e+11  4.58e-04 2.63e-02  5.95e+03   632s
[2025-08-22 10:56:55] DEBUG    64   6.75759801e+13 -6.01393808e+11  4.50e-04 2.63e-02  5.75e+03   641s
[2025-08-22 10:57:05] DEBUG    65   6.75514271e+13 -6.00629596e+11  4.43e-04 2.63e-02  5.65e+03   652s
[2025-08-22 10:57:14] DEBUG    66   6.74347337e+13 -5.99094659e+11  4.27e-04 2.62e-02  5.39e+03   661s
[2025-08-22 10:57:24] DEBUG    67   6.73706080e+13 -5.97600946e+11  4.20e-04 2.62e-02  5.20e+03   671s
[2025-08-22 10:57:33] DEBUG    68   6.72710377e+13 -5.96094895e+11  4.01e-04 2.62e-02  4.97e+03   679s
[2025-08-22 10:57:47] DEBUG    69   6.71713333e+13 -5.94818261e+11  3.81e-04 2.62e-02  4.77e+03   693s
[2025-08-22 10:57:57] DEBUG    70   6.70701528e+13 -5.93666090e+11  3.66e-04 2.62e-02  4.56e+03   704s
[2025-08-22 10:58:06] DEBUG    71   6.69890189e+13 -5.92579956e+11  3.55e-04 2.62e-02  4.40e+03   713s
[2025-08-22 10:58:14] DEBUG    72   6.68997477e+13 -5.91276204e+11  3.47e-04 2.62e-02  4.23e+03   720s
[2025-08-22 10:58:24] DEBUG    73   6.67978646e+13 -5.90196007e+11  3.36e-04 2.62e-02  4.06e+03   731s
[2025-08-22 10:58:34] DEBUG    74   6.67074805e+13 -5.89234386e+11  3.24e-04 2.62e-02  3.91e+03   741s
[2025-08-22 10:58:42] DEBUG    75   6.66295483e+13 -5.88459106e+11  3.17e-04 2.62e-02  3.79e+03   749s
[2025-08-22 10:58:53] DEBUG    76   6.65469790e+13 -5.87650730e+11  3.09e-04 2.62e-02  3.66e+03   759s
[2025-08-22 10:59:04] DEBUG    77   6.64571563e+13 -5.86812778e+11  3.01e-04 2.62e-02  3.53e+03   770s
[2025-08-22 10:59:11] DEBUG    78   6.63971090e+13 -5.86012089e+11  2.98e-04 2.62e-02  3.42e+03   778s
[2025-08-22 10:59:18] DEBUG    79   6.63468454e+13 -5.85663696e+11  2.94e-04 2.62e-02  3.37e+03   784s
[2025-08-22 10:59:27] DEBUG    80   6.62537196e+13 -5.84722659e+11  2.82e-04 2.62e-02  3.25e+03   794s
[2025-08-22 10:59:37] DEBUG    81   6.61831367e+13 -5.83997785e+11  2.75e-04 2.62e-02  3.14e+03   804s
[2025-08-22 10:59:48] DEBUG    82   6.61014371e+13 -5.83290516e+11  2.63e-04 2.62e-02  3.04e+03   815s
[2025-08-22 10:59:58] DEBUG    83   6.60221127e+13 -5.82607080e+11  2.59e-04 2.62e-02  2.94e+03   825s
[2025-08-22 11:00:08] DEBUG    84   6.59468017e+13 -5.82022885e+11  2.52e-04 2.62e-02  2.84e+03   835s
[2025-08-22 11:00:19] DEBUG    85   6.58983435e+13 -5.81375439e+11  2.44e-04 2.62e-02  2.78e+03   846s
[2025-08-22 11:00:28] DEBUG    86   6.58292512e+13 -5.80723655e+11  2.40e-04 2.62e-02  2.70e+03   855s
[2025-08-22 11:00:37] DEBUG    87   6.57622406e+13 -5.80415389e+11  2.33e-04 2.62e-02  2.64e+03   863s
[2025-08-22 11:00:47] DEBUG    88   6.57217315e+13 -5.79985992e+11  2.29e-04 2.62e-02  2.59e+03   874s
[2025-08-22 11:00:55] DEBUG    89   6.56803774e+13 -5.79450923e+11  2.25e-04 2.62e-02  2.53e+03   882s
[2025-08-22 11:01:05] DEBUG    90   6.56124158e+13 -5.78700553e+11  2.14e-04 2.62e-02  2.46e+03   892s
[2025-08-22 11:01:14] DEBUG    91   6.55561357e+13 -5.78158459e+11  2.14e-04 2.62e-02  2.40e+03   901s
[2025-08-22 11:01:22] DEBUG    92   6.55081651e+13 -5.77688492e+11  2.06e-04 2.62e-02  2.35e+03   908s
[2025-08-22 11:01:31] DEBUG    93   6.54694363e+13 -5.77243687e+11  2.06e-04 2.62e-02  2.32e+03   917s
[2025-08-22 11:01:40] DEBUG    94   6.54188218e+13 -5.76686783e+11  2.02e-04 2.62e-02  2.27e+03   927s
[2025-08-22 11:01:49] DEBUG    95   6.53792221e+13 -5.76297995e+11  2.06e-04 2.62e-02  2.23e+03   935s
[2025-08-22 11:01:58] DEBUG    96   6.53400301e+13 -5.75988157e+11  2.02e-04 2.62e-02  2.19e+03   945s
[2025-08-22 11:02:08] DEBUG    97   6.53196115e+13 -5.75783965e+11  2.02e-04 2.62e-02  2.17e+03   955s
[2025-08-22 11:02:18] DEBUG    98   6.52547036e+13 -5.75277449e+11  1.98e-04 2.62e-02  2.12e+03   965s
[2025-08-22 11:02:27] DEBUG    99   6.52172406e+13 -5.74745071e+11  2.14e-04 2.62e-02  2.30e+03   974s
[2025-08-22 11:02:27] DEBUG    Barrier performed 99 iterations in 973.82 seconds (194.59 work units)
Numerical trouble encountered

Model may be infeasible or unbounded.  Consider using the
homogeneous algorithm (through parameter 'BarHomogeneous')
[2025-08-22 11:03:32] DEBUG    Waiting for other threads to finish...        1038s
[2025-08-22 11:04:36] DEBUG    Waiting for other threads to finish...        1103s
[2025-08-22 11:05:41] DEBUG    Waiting for other threads to finish...        1167s
[2025-08-22 11:06:45] DEBUG    Waiting for other threads to finish...        1232s
[2025-08-22 11:07:12] DEBUG    Solved with dual simplex
[2025-08-22 11:07:22] DEBUG    Iteration    Objective       Primal Inf.    Dual Inf.      Time
[2025-08-22 11:07:22] DEBUG    967683    1.8285025e+10   0.000000e+00   0.000000e+00   1268s

Solved in 967683 iterations and 1268.25 seconds (646.52 work units)
[2025-08-22 11:07:22] DEBUG    Optimal objective  1.828502491e+10
❌ Errore nel run di autarky_VRES_2030_BESS: 'Model' object has no attribute 'backend_model'

🚀 Lancio scenario: autarky_VRES_2030_PHES
[2025-08-22 11:14:34] INFO     Loading sets
[2025-08-22 11:14:34] INFO     Loading parameters
[2025-08-22 11:15:09] INFO     constraints are loaded in the following order: ['energy_balance', 'dispatch', 'costs', 'capacity', 'network', 'policy', 'conversion', 'group', 'conversion_plus', 'milp', 'export']
[2025-08-22 11:15:09] INFO     creating energy_balance constraints
[2025-08-22 11:19:52] INFO     creating dispatch constraints
[2025-08-22 11:23:34] INFO     creating costs constraints
[2025-08-22 11:34:03] INFO     creating capacity constraints
[2025-08-22 11:34:03] INFO     creating network constraints
[2025-08-22 11:34:03] INFO     creating policy constraints
[2025-08-22 11:34:03] INFO     creating conversion constraints
[2025-08-22 11:34:03] INFO     creating group constraints
[2025-08-22 11:34:03] INFO     creating conversion_plus constraints
[2025-08-22 11:34:03] INFO     creating milp constraints
[2025-08-22 11:34:03] INFO     creating export constraints
[2025-08-22 11:46:11] DEBUG    Set parameter WLSAccessID
Set parameter WLSSecret
Set parameter LicenseID to value 2680226
[2025-08-22 11:46:12] DEBUG    Academic license 2680226 - for non-commercial use only - registered to an___@mail.polimi.it
[2025-08-22 11:46:46] DEBUG    Read LP format model from file /tmp/tmpdcj3g5pw.pyomo.lp
Reading time = 34.76 seconds
x16857268: 23050688 rows, 16857268 columns, 55578584 nonzeros
[2025-08-22 11:46:46] DEBUG    Set parameter NumericFocus to value 1
Gurobi Optimizer version 12.0.2 build v12.0.2rc0 (linux64 - "Debian GNU/Linux 11 (bullseye)")

CPU model: Intel(R) Xeon(R) Silver 4314 CPU @ 2.40GHz, instruction set [SSE2|AVX|AVX2|AVX512]
Thread count: 32 physical cores, 64 logical processors, using up to 32 threads

Non-default parameters:
NumericFocus  1
[2025-08-22 11:46:46] DEBUG    Academic license 2680226 - for non-commercial use only - registered to an___@mail.polimi.it
Optimize a model with 23050688 rows, 16857268 columns and 55578584 nonzeros
[2025-08-22 11:46:47] DEBUG    Model fingerprint: 0xfa769adc
[2025-08-22 11:46:47] DEBUG    Coefficient statistics:
  Matrix range     [1e-07, 3e+02]
  Objective range  [1e+00, 1e+06]
  Bounds range     [0e+00, 0e+00]
  RHS range        [1e+00, 6e+09]
Warning: Model contains large rhs
[2025-08-22 11:46:53] DEBUG    Presolve removed 19080394 rows and 10276199 columns (presolve time = 6s)...
[2025-08-22 11:46:57] DEBUG    Presolve removed 20083469 rows and 13070000 columns (presolve time = 10s)...
[2025-08-22 11:47:02] DEBUG    Presolve removed 21076186 rows and 14018892 columns (presolve time = 15s)...
[2025-08-22 11:47:06] DEBUG    Presolve removed 21719285 rows and 14036412 columns
[2025-08-22 11:47:06] DEBUG    Presolve time: 19.72s
Presolved: 1331403 rows, 2969759 columns, 7887084 nonzeros

Concurrent LP optimizer: primal simplex, dual simplex, and barrier
Showing barrier log only...
[2025-08-22 11:47:08] DEBUG    Ordering time: 0.80s
[2025-08-22 11:47:09] DEBUG    Barrier statistics:
 Dense cols : 106
 AA' NZ     : 7.352e+06
 Factor NZ  : 2.504e+07 (roughly 2.0 GB of memory)
[2025-08-22 11:47:09] DEBUG    Factor Ops : 6.594e+08 (less than 1 second per iteration)
 Threads    : 30
[2025-08-22 11:47:13] DEBUG    Objective                Residual
[2025-08-22 11:47:13] DEBUG    Iter       Primal          Dual         Primal    Dual     Compl     Time
[2025-08-22 11:47:13] DEBUG    0   4.85385975e+21 -2.10231711e+19  7.09e+10 4.98e-01  8.64e+15    27s
[2025-08-22 11:47:18] DEBUG    1   4.46165472e+21 -2.15719787e+19  6.43e+10 4.18e+05  7.28e+15    32s
[2025-08-22 11:47:24] DEBUG    2   4.22256396e+21 -6.84377407e+19  6.09e+10 3.40e+05  6.96e+15    38s
[2025-08-22 11:47:31] DEBUG    3   3.26430446e+21 -2.63492952e+20  4.66e+10 7.22e+04  5.39e+15    45s
[2025-08-22 11:47:37] DEBUG    4   6.29091382e+20 -2.32842165e+20  8.04e+09 2.06e+04  9.66e+14    51s
[2025-08-22 11:47:44] DEBUG    5   1.29877521e+20 -1.51725061e+20  1.48e+09 2.60e+03  1.96e+14    58s
[2025-08-22 11:47:51] DEBUG    6   7.32344993e+19 -6.06651375e+19  8.22e+08 2.45e+02  1.00e+14    64s
[2025-08-22 11:47:54] DEBUG    7   3.43986831e+19 -3.27240627e+19  3.74e+08 6.55e+01  4.53e+13    68s
[2025-08-22 11:47:57] DEBUG    8   2.16847833e+19 -1.82796182e+19  2.29e+08 2.74e+00  2.70e+13    71s
[2025-08-22 11:48:02] DEBUG    9   1.39167548e+19 -1.34486142e+19  1.46e+08 3.92e-04  1.71e+13    75s
[2025-08-22 11:48:06] DEBUG    10   7.60916510e+18 -7.84234639e+18  7.81e+07 2.79e-05  9.02e+12    80s
[2025-08-22 11:48:10] DEBUG    11   4.56174169e+18 -4.57967460e+18  4.59e+07 9.38e-04  5.12e+12    84s
[2025-08-22 11:48:15] DEBUG    12   4.05570874e+18 -4.17777039e+18  4.06e+07 2.66e-03  4.53e+12    88s
[2025-08-22 11:48:19] DEBUG    13   2.56561694e+18 -2.02165785e+18  2.53e+07 1.20e-02  2.58e+12    92s
[2025-08-22 11:48:23] DEBUG    14   6.96429114e+17 -9.97917083e+17  6.83e+06 1.87e-02  7.30e+11    97s
[2025-08-22 11:48:29] DEBUG    15   1.34804417e+17 -3.98426103e+17  1.16e+06 1.61e-02  1.53e+11   103s
[2025-08-22 11:48:33] DEBUG    16   5.86545845e+16 -2.70482173e+17  4.95e+05 6.32e-03  7.96e+10   107s
[2025-08-22 11:48:39] DEBUG    17   1.91430538e+16 -6.73096875e+16  1.55e+05 1.04e-03  1.90e+10   113s
[2025-08-22 11:48:43] DEBUG    18   8.34080374e+15 -1.43125429e+16  6.55e+04 3.82e-04  4.73e+09   117s
[2025-08-22 11:48:49] DEBUG    19   8.58722810e+14 -1.40135373e+15  5.89e+03 7.40e-05  4.17e+08   123s
[2025-08-22 11:48:56] DEBUG    20   1.90722025e+14 -7.50300899e+14  8.24e+02 8.26e-04  1.65e+08   130s
[2025-08-22 11:49:02] DEBUG    21   9.16208809e+13 -1.11559294e+14  7.61e+01 5.74e-03  3.50e+07   135s
[2025-08-22 11:49:06] DEBUG    22   8.57997466e+13 -5.35736360e+13  4.27e+01 6.59e-03  2.39e+07   140s
[2025-08-22 11:49:10] DEBUG    23   8.50884481e+13 -3.07458558e+13  3.87e+01 7.21e-03  1.98e+07   144s
[2025-08-22 11:49:15] DEBUG    24   8.23252581e+13  1.23304846e+13  2.33e+01 7.61e-03  1.19e+07   149s
[2025-08-22 11:49:19] DEBUG    25   8.18453213e+13  4.12355917e+13  2.07e+01 8.93e-03  6.75e+06   153s
[2025-08-22 11:49:25] DEBUG    26   7.95343921e+13  4.51278528e+13  9.37e+00 9.20e-03  5.70e+06   159s
[2025-08-22 11:49:33] DEBUG    27   7.87664919e+13  5.59068424e+13  6.29e+00 1.07e-02  3.71e+06   166s
[2025-08-22 11:49:42] DEBUG    28   7.83395765e+13  6.37150905e+13  4.86e+00 1.15e-02  2.29e+06   176s
[2025-08-22 11:49:52] DEBUG    29   7.79765367e+13  6.74266645e+13  3.88e+00 2.26e-02  1.60e+06   185s
[2025-08-22 11:50:01] DEBUG    30   7.76233557e+13  7.08399037e+13  3.17e+00 3.33e-02  9.48e+05   195s
[2025-08-22 11:50:07] DEBUG    31   7.71916523e+13  7.17044285e+13  2.33e+00 3.52e-02  7.38e+05   200s
[2025-08-22 11:50:15] DEBUG    32   7.69705144e+13  7.21473616e+13  1.93e+00 3.49e-02  6.33e+05   209s
[2025-08-22 11:50:24] DEBUG    33   7.67901679e+13  7.30866928e+13  1.62e+00 3.03e-02  4.44e+05   218s
[2025-08-22 11:50:34] DEBUG    34   7.65342943e+13  7.34815050e+13  1.19e+00 2.48e-02  3.41e+05   228s
[2025-08-22 11:50:42] DEBUG    35   7.63514888e+13  7.40314823e+13  9.11e-01 1.95e-02  2.22e+05   236s
[2025-08-22 11:50:50] DEBUG    36   7.62589898e+13  7.41699257e+13  7.87e-01 1.79e-02  1.88e+05   244s
[2025-08-22 11:50:59] DEBUG    37   7.61717970e+13  7.43681874e+13  6.76e-01 1.72e-02  1.43e+05   253s
[2025-08-22 11:51:07] DEBUG    38   7.60605481e+13  7.44559211e+13  5.44e-01 1.72e-02  1.17e+05   260s
[2025-08-22 11:51:16] DEBUG    39   7.59696223e+13  7.45710748e+13  4.52e-01 1.68e-02  8.87e+04   270s
[2025-08-22 11:51:25] DEBUG    40   7.58833225e+13  7.46954248e+13  3.71e-01 1.90e-02  5.95e+04   279s
[2025-08-22 11:51:35] DEBUG    41   7.58230634e+13  7.47573673e+13  3.18e-01 2.17e-02  4.43e+04   288s
[2025-08-22 11:51:44] DEBUG    42   7.57964444e+13  7.47643913e+13  2.97e-01 2.19e-02  4.13e+04   298s
[2025-08-22 11:51:54] DEBUG    43   7.57459934e+13  7.47754098e+13  2.60e-01 2.22e-02  3.62e+04   308s
[2025-08-22 11:52:04] DEBUG    44   7.57117431e+13  7.47875393e+13  2.36e-01 2.25e-02  3.21e+04   317s
[2025-08-22 11:52:14] DEBUG    45   7.56841323e+13  7.47943770e+13  2.17e-01 2.27e-02  2.95e+04   327s
[2025-08-22 11:52:23] DEBUG    46   7.56656237e+13  7.48019795e+13  2.06e-01 2.28e-02  2.71e+04   337s
[2025-08-22 11:52:34] DEBUG    47   7.56527067e+13  7.48056442e+13  1.98e-01 2.28e-02  2.59e+04   347s
[2025-08-22 11:52:43] DEBUG    48   7.56328381e+13  7.48122422e+13  1.86e-01 2.29e-02  2.37e+04   357s
[2025-08-22 11:52:49] DEBUG    49   7.56214621e+13  7.48155819e+13  1.79e-01 2.28e-02  2.27e+04   363s
[2025-08-22 11:52:56] DEBUG    50   7.56086627e+13  7.48176432e+13  1.72e-01 2.28e-02  2.18e+04   370s
[2025-08-22 11:53:02] DEBUG    51   7.55955712e+13  7.48207446e+13  1.64e-01 2.27e-02  2.07e+04   376s
[2025-08-22 11:53:08] DEBUG    52   7.55891649e+13  7.48230452e+13  1.61e-01 2.27e-02  2.00e+04   382s
[2025-08-22 11:53:14] DEBUG    53   7.55762510e+13  7.48258850e+13  1.53e-01 2.26e-02  1.90e+04   387s
[2025-08-22 11:53:23] DEBUG    54   7.55438309e+13  7.48291069e+13  1.36e-01 2.24e-02  1.71e+04   397s
[2025-08-22 11:53:32] DEBUG    55   7.55266424e+13  7.48333808e+13  1.28e-01 2.22e-02  1.57e+04   406s
[2025-08-22 11:53:38] DEBUG    56   7.55169605e+13  7.48352370e+13  1.23e-01 2.21e-02  1.50e+04   412s
[2025-08-22 11:53:48] DEBUG    57   7.54917509e+13  7.48377576e+13  1.11e-01 2.19e-02  1.37e+04   422s
[2025-08-22 11:53:54] DEBUG    58   7.54831951e+13  7.48396670e+13  1.07e-01 2.18e-02  1.31e+04   427s
[2025-08-22 11:54:02] DEBUG    59   7.54699213e+13  7.48423165e+13  1.01e-01 2.16e-02  1.23e+04   436s
[2025-08-22 11:54:08] DEBUG    60   7.54611900e+13  7.48435909e+13  9.76e-02 2.15e-02  1.18e+04   441s
[2025-08-22 11:54:14] DEBUG    61   7.54533374e+13  7.48446668e+13  9.43e-02 2.14e-02  1.14e+04   447s
[2025-08-22 11:54:23] DEBUG    62   7.54359193e+13  7.48469045e+13  8.74e-02 2.12e-02  1.05e+04   456s
[2025-08-22 11:54:29] DEBUG    63   7.54305540e+13  7.48476828e+13  8.54e-02 2.11e-02  1.02e+04   462s
[2025-08-22 11:54:37] DEBUG    64   7.54212343e+13  7.48509515e+13  8.16e-02 2.08e-02  9.39e+03   471s
[2025-08-22 11:54:47] DEBUG    65   7.54122105e+13  7.48522066e+13  7.83e-02 2.06e-02  8.89e+03   480s
[2025-08-22 11:54:55] DEBUG    66   7.54006758e+13  7.48539439e+13  7.42e-02 2.03e-02  8.24e+03   489s
[2025-08-22 11:55:05] DEBUG    67   7.53962485e+13  7.48554170e+13  7.26e-02 2.01e-02  7.87e+03   498s
[2025-08-22 11:55:13] DEBUG    68   7.53812290e+13  7.48562697e+13  6.74e-02 1.99e-02  7.33e+03   506s
[2025-08-22 11:55:22] DEBUG    69   7.53675181e+13  7.48571262e+13  6.28e-02 1.96e-02  6.84e+03   516s
[2025-08-22 11:55:28] DEBUG    70   7.53622351e+13  7.48580876e+13  6.11e-02 1.93e-02  6.57e+03   522s
[2025-08-22 11:55:37] DEBUG    71   7.53591556e+13  7.48584170e+13  6.01e-02 1.92e-02  6.44e+03   530s
[2025-08-22 11:55:46] DEBUG    72   7.53516829e+13  7.48595237e+13  5.78e-02 1.89e-02  6.05e+03   539s
[2025-08-22 11:55:54] DEBUG    73   7.53359106e+13  7.48600152e+13  5.29e-02 1.87e-02  5.60e+03   548s
[2025-08-22 11:56:04] DEBUG    74   7.53289419e+13  7.48605308e+13  5.08e-02 1.85e-02  5.37e+03   557s
[2025-08-22 11:56:11] DEBUG    75   7.53221727e+13  7.48612364e+13  4.89e-02 1.83e-02  5.12e+03   565s
[2025-08-22 11:56:17] DEBUG    76   7.53196887e+13  7.48615144e+13  4.82e-02 1.82e-02  5.03e+03   570s
[2025-08-22 11:56:25] DEBUG    77   7.53171040e+13  7.48620667e+13  4.75e-02 1.79e-02  4.89e+03   578s
[2025-08-22 11:56:31] DEBUG    78   7.53147984e+13  7.48622998e+13  4.69e-02 1.79e-02  4.81e+03   584s
[2025-08-22 11:56:40] DEBUG    79   7.53086056e+13  7.48628518e+13  4.52e-02 1.76e-02  4.59e+03   594s
[2025-08-22 11:56:50] DEBUG    80   7.52978597e+13  7.48631282e+13  4.24e-02 1.84e-02  4.35e+03   604s
[2025-08-22 11:57:00] DEBUG    81   7.52937937e+13  7.48635326e+13  4.13e-02 1.96e-02  4.21e+03   614s
[2025-08-22 11:57:09] DEBUG    82   7.52887060e+13  7.48637754e+13  4.00e-02 2.03e-02  4.07e+03   623s
[2025-08-22 11:57:20] DEBUG    83   7.52860460e+13  7.48641776e+13  3.94e-02 2.13e-02  3.96e+03   633s
[2025-08-22 11:57:27] DEBUG    84   7.52813509e+13  7.48643335e+13  3.82e-02 2.16e-02  3.86e+03   641s
[2025-08-22 11:57:35] DEBUG    85   7.52790927e+13  7.48644988e+13  3.77e-02 2.20e-02  3.80e+03   648s
[2025-08-22 11:57:44] DEBUG    86   7.52759712e+13  7.48647778e+13  3.69e-02 2.25e-02  3.70e+03   658s
[2025-08-22 11:57:54] DEBUG    87   7.52694330e+13  7.48650995e+13  3.53e-02 2.31e-02  3.54e+03   668s
[2025-08-22 11:58:04] DEBUG    88   7.52650242e+13  7.48653928e+13  3.42e-02 2.36e-02  3.41e+03   678s
[2025-08-22 11:58:18] DEBUG    89   7.52617291e+13  7.48655932e+13  3.33e-02 2.39e-02  3.32e+03   692s
[2025-08-22 11:58:25] DEBUG    90   7.52615590e+13  7.48656887e+13  3.33e-02 2.40e-02  3.30e+03   698s
[2025-08-22 11:58:32] DEBUG    91   7.52606286e+13  7.48657456e+13  3.30e-02 2.40e-02  3.28e+03   706s
[2025-08-22 11:58:42] DEBUG    92   7.52595550e+13  7.48658400e+13  3.27e-02 2.41e-02  3.28e+03   716s
[2025-08-22 11:58:57] DEBUG    93   7.52591134e+13  7.48658518e+13  3.26e-02 2.41e-02  3.28e+03   730s
[2025-08-22 11:59:07] DEBUG    94   7.52585997e+13  7.48658897e+13  3.25e-02 2.41e-02  3.26e+03   740s
[2025-08-22 11:59:22] DEBUG    95   7.52552078e+13  7.48661385e+13  3.16e-02 2.43e-02  3.16e+03   756s
[2025-08-22 11:59:29] DEBUG    96   7.52532387e+13  7.48662642e+13  3.11e-02 2.44e-02  3.11e+03   762s
[2025-08-22 11:59:47] DEBUG    97   7.52463139e+13  7.48664895e+13  2.93e-02 2.44e-02  2.94e+03   780s
[2025-08-22 11:59:59] DEBUG    98   7.52392324e+13  7.48668821e+13  2.76e-02 2.46e-02  2.75e+03   792s
[2025-08-22 12:00:12] DEBUG    99   7.52347438e+13  7.48670143e+13  2.66e-02 2.46e-02  2.66e+03   806s
[2025-08-22 12:00:24] DEBUG    100   7.52315596e+13  7.48672739e+13  2.58e-02 2.47e-02  2.56e+03   818s
[2025-08-22 12:00:35] DEBUG    101   7.52304522e+13  7.48672954e+13  2.56e-02 2.47e-02  2.54e+03   828s
[2025-08-22 12:00:44] DEBUG    102   7.52274355e+13  7.48675076e+13  2.49e-02 2.47e-02  2.46e+03   838s
[2025-08-22 12:00:54] DEBUG    103   7.52247731e+13  7.48677055e+13  2.43e-02 2.47e-02  2.39e+03   847s
[2025-08-22 12:01:09] DEBUG    104   7.52212492e+13  7.48678805e+13  2.34e-02 2.46e-02  2.30e+03   862s
[2025-08-22 12:01:15] DEBUG    105   7.52191119e+13  7.48679579e+13  2.30e-02 2.46e-02  2.26e+03   869s
[2025-08-22 12:01:21] DEBUG    106   7.52179470e+13  7.48679812e+13  2.27e-02 2.46e-02  2.24e+03   875s
[2025-08-22 12:01:28] DEBUG    107   7.52173104e+13  7.48680261e+13  2.26e-02 2.45e-02  2.22e+03   882s
[2025-08-22 12:01:38] DEBUG    108   7.52144460e+13  7.48682512e+13  2.20e-02 2.44e-02  2.14e+03   891s
[2025-08-22 12:01:49] DEBUG    109   7.52132192e+13  7.48683259e+13  2.17e-02 2.43e-02  2.11e+03   903s
[2025-08-22 12:01:57] DEBUG    110   7.52114696e+13  7.48683978e+13  2.13e-02 2.43e-02  2.07e+03   911s
[2025-08-22 12:02:07] DEBUG    111   7.52104167e+13  7.48684163e+13  2.10e-02 2.42e-02  2.05e+03   921s
[2025-08-22 12:02:18] DEBUG    112   7.52090274e+13  7.48684665e+13  2.07e-02 2.41e-02  2.02e+03   932s
[2025-08-22 12:02:29] DEBUG    113   7.52060499e+13  7.48685772e+13  2.00e-02 2.39e-02  1.95e+03   942s
[2025-08-22 12:02:39] DEBUG    114   7.52045162e+13  7.48686995e+13  1.97e-02 2.37e-02  1.91e+03   952s
[2025-08-22 12:02:45] DEBUG    115   7.52028339e+13  7.48687410e+13  1.93e-02 2.36e-02  1.88e+03   959s
[2025-08-22 12:02:57] DEBUG    116   7.52018916e+13  7.48687906e+13  1.91e-02 2.35e-02  1.86e+03   971s
[2025-08-22 12:03:07] DEBUG    117   7.52014608e+13  7.48688228e+13  1.90e-02 2.34e-02  1.85e+03   981s
[2025-08-22 12:03:21] DEBUG    118   7.52009973e+13  7.48688292e+13  1.89e-02 2.34e-02  1.84e+03   994s
[2025-08-22 12:03:33] DEBUG    119   7.51993293e+13  7.48688898e+13  1.85e-02 2.33e-02  1.80e+03  1007s
[2025-08-22 12:03:47] DEBUG    120   7.51978684e+13  7.48689728e+13  1.82e-02 2.30e-02  1.77e+03  1020s
[2025-08-22 12:04:08] DEBUG    121   7.51963327e+13  7.48690417e+13  1.78e-02 2.29e-02  1.73e+03  1041s
[2025-08-22 12:04:21] DEBUG    122   7.51937793e+13  7.48691191e+13  1.73e-02 2.26e-02  1.68e+03  1055s
[2025-08-22 12:04:32] DEBUG    123   7.51923122e+13  7.48692025e+13  1.69e-02 2.26e-02  1.65e+03  1066s
[2025-08-22 12:04:45] DEBUG    124   7.51913861e+13  7.48692444e+13  1.67e-02 2.26e-02  1.62e+03  1078s
[2025-08-22 12:04:55] DEBUG    125   7.51895768e+13  7.48693080e+13  1.63e-02 2.26e-02  1.59e+03  1088s
[2025-08-22 12:05:02] DEBUG    126   7.51887906e+13  7.48693572e+13  1.62e-02 2.26e-02  1.57e+03  1096s
[2025-08-22 12:05:12] DEBUG    127   7.51875951e+13  7.48694118e+13  1.59e-02 2.25e-02  1.54e+03  1105s
[2025-08-22 12:05:18] DEBUG    128   7.51869222e+13  7.48694404e+13  1.57e-02 2.25e-02  1.53e+03  1112s
[2025-08-22 12:05:27] DEBUG    129   7.51861158e+13  7.48694571e+13  1.56e-02 2.25e-02  1.51e+03  1120s
[2025-08-22 12:05:37] DEBUG    130   7.51849337e+13  7.48695414e+13  1.53e-02 2.24e-02  1.48e+03  1130s
[2025-08-22 12:05:50] DEBUG    131   7.51849139e+13  7.48695857e+13  1.53e-02 2.23e-02  1.47e+03  1143s
[2025-08-22 12:05:57] DEBUG    132   7.51847983e+13  7.48695910e+13  1.53e-02 2.23e-02  1.47e+03  1151s
[2025-08-22 12:06:04] DEBUG    133   7.51845234e+13  7.48696054e+13  1.52e-02 2.23e-02  1.46e+03  1158s
[2025-08-22 12:06:10] DEBUG    134   7.51842533e+13  7.48696166e+13  1.52e-02 2.23e-02  1.46e+03  1164s
[2025-08-22 12:06:18] DEBUG    135   7.51833670e+13  7.48696379e+13  1.50e-02 2.22e-02  1.44e+03  1171s
[2025-08-22 12:06:18] DEBUG    Barrier performed 135 iterations in 1171.37 seconds (225.45 work units)
Sub-optimal termination - objective 7.52860460e+13
[2025-08-22 12:06:18] DEBUG    Crossover log...
[2025-08-22 12:06:19] DEBUG    948646 DPushes remaining with DInf 0.0000000e+00              1172s
[2025-08-22 12:06:21] DEBUG    524570 DPushes remaining with DInf 0.0000000e+00              1175s
[2025-08-22 12:06:27] DEBUG    483719 DPushes remaining with DInf 0.0000000e+00              1180s
[2025-08-22 12:06:31] DEBUG    449995 DPushes remaining with DInf 0.0000000e+00              1185s
[2025-08-22 12:06:36] DEBUG    419324 DPushes remaining with DInf 0.0000000e+00              1190s
[2025-08-22 12:06:41] DEBUG    379655 DPushes remaining with DInf 0.0000000e+00              1195s
[2025-08-22 12:06:46] DEBUG    350393 DPushes remaining with DInf 0.0000000e+00              1200s
[2025-08-22 12:06:51] DEBUG    320930 DPushes remaining with DInf 0.0000000e+00              1205s
[2025-08-22 12:06:56] DEBUG    295596 DPushes remaining with DInf 0.0000000e+00              1210s
[2025-08-22 12:07:01] DEBUG    267399 DPushes remaining with DInf 0.0000000e+00              1215s
[2025-08-22 12:07:07] DEBUG    242076 DPushes remaining with DInf 0.0000000e+00              1220s
[2025-08-22 12:07:12] DEBUG    219803 DPushes remaining with DInf 0.0000000e+00              1225s
[2025-08-22 12:07:16] DEBUG    199667 DPushes remaining with DInf 0.0000000e+00              1230s
[2025-08-22 12:07:21] DEBUG    181899 DPushes remaining with DInf 0.0000000e+00              1235s
[2025-08-22 12:07:27] DEBUG    162166 DPushes remaining with DInf 0.0000000e+00              1240s
[2025-08-22 12:07:32] DEBUG    145004 DPushes remaining with DInf 0.0000000e+00              1245s
[2025-08-22 12:07:36] DEBUG    128876 DPushes remaining with DInf 0.0000000e+00              1250s
[2025-08-22 12:07:42] DEBUG    110914 DPushes remaining with DInf 0.0000000e+00              1255s
[2025-08-22 12:07:46] DEBUG    92080 DPushes remaining with DInf 0.0000000e+00              1260s
[2025-08-22 12:07:52] DEBUG    69826 DPushes remaining with DInf 0.0000000e+00              1265s
[2025-08-22 12:07:56] DEBUG    49940 DPushes remaining with DInf 0.0000000e+00              1270s
[2025-08-22 12:08:02] DEBUG    34995 DPushes remaining with DInf 0.0000000e+00              1275s
[2025-08-22 12:08:07] DEBUG    22080 DPushes remaining with DInf 0.0000000e+00              1280s
[2025-08-22 12:08:12] DEBUG    10482 DPushes remaining with DInf 0.0000000e+00              1285s
[2025-08-22 12:08:16] DEBUG    4000 DPushes remaining with DInf 0.0000000e+00              1290s
[2025-08-22 12:08:18] DEBUG    0 DPushes remaining with DInf 0.0000000e+00              1292s
[2025-08-22 12:08:19] DEBUG    2470455 PPushes remaining with PInf 1.4310430e-02              1292s
[2025-08-22 12:08:34] DEBUG    1668115 PPushes remaining with PInf 8.3984581e-03              1308s
[2025-08-22 12:08:37] DEBUG    1299184 PPushes remaining with PInf 4.0028620e-03              1310s
[2025-08-22 12:08:42] DEBUG    1023926 PPushes remaining with PInf 4.0028620e-03              1315s
[2025-08-22 12:08:46] DEBUG    895894 PPushes remaining with PInf 4.0067372e-03              1320s
[2025-08-22 12:08:52] DEBUG    806979 PPushes remaining with PInf 4.0176297e-03              1325s
[2025-08-22 12:08:57] DEBUG    739122 PPushes remaining with PInf 1.0746730e-05              1330s
[2025-08-22 12:08:58] DEBUG    Solved with dual simplex
[2025-08-22 12:09:09] DEBUG    Iteration    Objective       Primal Inf.    Dual Inf.      Time
[2025-08-22 12:09:09] DEBUG    802160    7.4874520e+13   0.000000e+00   0.000000e+00   1342s

Solved in 802160 iterations and 1342.17 seconds (483.84 work units)
[2025-08-22 12:09:09] DEBUG    Optimal objective  7.487451957e+13
❌ Errore nel run di autarky_VRES_2030_PHES: 'Model' object has no attribute 'backend_model'

🚀 Lancio scenario: autarky_VRES_2030_nostorage
[2025-08-22 12:19:17] INFO     Loading sets
[2025-08-22 12:19:17] INFO     Loading parameters
[2025-08-22 12:19:50] INFO     constraints are loaded in the following order: ['energy_balance', 'dispatch', 'costs', 'capacity', 'network', 'policy', 'conversion', 'group', 'conversion_plus', 'milp', 'export']
[2025-08-22 12:19:50] INFO     creating energy_balance constraints
[2025-08-22 12:22:45] INFO     creating dispatch constraints
[2025-08-22 12:27:41] INFO     creating costs constraints
[2025-08-22 12:35:41] INFO     creating capacity constraints
[2025-08-22 12:35:41] INFO     creating network constraints
[2025-08-22 12:35:41] INFO     creating policy constraints
[2025-08-22 12:35:41] INFO     creating conversion constraints
[2025-08-22 12:35:41] INFO     creating group constraints
[2025-08-22 12:35:41] INFO     creating conversion_plus constraints
[2025-08-22 12:35:41] INFO     creating milp constraints
[2025-08-22 12:35:41] INFO     creating export constraints
[2025-08-22 12:46:54] DEBUG    Set parameter WLSAccessID
Set parameter WLSSecret
Set parameter LicenseID to value 2680226
[2025-08-22 12:46:55] DEBUG    Academic license 2680226 - for non-commercial use only - registered to an___@mail.polimi.it
[2025-08-22 12:47:25] DEBUG    Read LP format model from file /tmp/tmpbyg3bbzl.pyomo.lp
[2025-08-22 12:47:25] DEBUG    Reading time = 30.76 seconds
x15359104: 20956779 rows, 15359104 columns, 49866492 nonzeros
[2025-08-22 12:47:25] DEBUG    Set parameter NumericFocus to value 1
[2025-08-22 12:47:25] DEBUG    Gurobi Optimizer version 12.0.2 build v12.0.2rc0 (linux64 - "Debian GNU/Linux 11 (bullseye)")

CPU model: Intel(R) Xeon(R) Silver 4314 CPU @ 2.40GHz, instruction set [SSE2|AVX|AVX2|AVX512]
Thread count: 32 physical cores, 64 logical processors, using up to 32 threads
[2025-08-22 12:47:25] DEBUG    Non-default parameters:
NumericFocus  1
[2025-08-22 12:47:25] DEBUG    Academic license 2680226 - for non-commercial use only - registered to an___@mail.polimi.it
[2025-08-22 12:47:25] DEBUG    Optimize a model with 20956779 rows, 15359104 columns and 49866492 nonzeros
[2025-08-22 12:47:26] DEBUG    Model fingerprint: 0xc66ea4f3
[2025-08-22 12:47:26] DEBUG    Coefficient statistics:
  Matrix range     [1e-07, 3e+02]
  Objective range  [1e+00, 1e+06]
[2025-08-22 12:47:26] DEBUG    Bounds range     [0e+00, 0e+00]
  RHS range        [1e+00, 2e+08]
[2025-08-22 12:47:31] DEBUG    Presolve removed 18109073 rows and 9592231 columns (presolve time = 5s)...
[2025-08-22 12:47:36] DEBUG    Presolve removed 19906728 rows and 13168692 columns (presolve time = 10s)...
[2025-08-22 12:47:41] DEBUG    Presolve removed 20558535 rows and 13196575 columns
[2025-08-22 12:47:41] DEBUG    Presolve time: 15.69s
Presolved: 398244 rows, 2311432 columns, 3869890 nonzeros
[2025-08-22 12:47:41] DEBUG    Concurrent LP optimizer: primal simplex, dual simplex, and barrier
Showing barrier log only...
[2025-08-22 12:47:42] DEBUG    Ordering time: 0.13s
[2025-08-22 12:47:42] DEBUG    Barrier statistics:
[2025-08-22 12:47:42] DEBUG    Dense cols : 82
 AA' NZ     : 1.242e+06
 Factor NZ  : 6.533e+06 (roughly 1.1 GB of memory)
 Factor Ops : 1.301e+08 (less than 1 second per iteration)
 Threads    : 1
[2025-08-22 12:47:43] DEBUG    Objective                Residual
Iter       Primal          Dual         Primal    Dual     Compl     Time
[2025-08-22 12:47:43] DEBUG    0   4.14886939e+21 -6.67393385e+19  6.49e+10 4.98e+05  3.08e+16    17s
[2025-08-22 12:47:43] DEBUG    1   2.74614443e+21 -7.00171052e+19  2.82e+10 1.14e+06  1.35e+16    18s
[2025-08-22 12:47:44] DEBUG    2   1.34036208e+21 -5.20426014e+19  8.46e+09 1.27e+05  4.03e+15    19s
[2025-08-22 12:47:45] DEBUG    3   7.61108327e+19 -3.81697172e+19  1.89e+08 5.77e+02  1.08e+14    19s
[2025-08-22 12:47:45] DEBUG    4   3.71281971e+19 -1.72129635e+19  8.79e+07 3.46e-06  4.92e+13    20s
[2025-08-22 12:47:46] DEBUG    5   1.22022033e+19 -9.52722502e+18  2.80e+07 7.44e-06  1.58e+13    21s
[2025-08-22 12:47:46] DEBUG    6   2.98732665e+18 -4.01040736e+18  6.16e+06 8.42e-07  3.73e+12    21s
[2025-08-22 12:47:47] DEBUG    7   1.66884795e+18 -2.03098821e+18  3.38e+06 1.97e-06  1.85e+12    22s
[2025-08-22 12:47:47] DEBUG    8   6.71279540e+17 -1.04573927e+18  1.32e+06 7.16e-07  7.24e+11    22s
[2025-08-22 12:47:48] DEBUG    9   2.00074803e+17 -4.63807282e+17  3.66e+05 6.19e-06  2.27e+11    23s
[2025-08-22 12:47:49] DEBUG    10   7.88505738e+16 -1.79007517e+17  1.33e+05 3.94e-06  7.74e+10    24s
[2025-08-22 12:47:50] DEBUG    11   3.68865754e+16 -9.31928908e+16  5.64e+04 1.49e-07  3.60e+10    24s
[2025-08-22 12:47:50] DEBUG    12   2.34459082e+16 -3.79694152e+16  3.32e+04 2.34e-06  1.64e+10    25s
[2025-08-22 12:47:51] DEBUG    13   1.15167804e+16 -2.03961320e+16  1.27e+04 4.99e-07  8.15e+09    25s
[2025-08-22 12:47:51] DEBUG    14   6.82396934e+15 -5.26579840e+15  4.62e+03 6.17e-06  3.01e+09    26s
[2025-08-22 12:47:52] DEBUG    15   4.82811899e+15 -7.50171619e+14  1.31e+03 7.79e-06  1.37e+09    26s
[2025-08-22 12:47:52] DEBUG    16   4.76862895e+15 -5.40678095e+14  1.22e+03 7.76e-06  1.30e+09    27s
[2025-08-22 12:47:53] DEBUG    17   4.63576639e+15 -4.39694969e+14  1.01e+03 6.67e-06  1.24e+09    27s
[2025-08-22 12:47:53] DEBUG    18   4.50106944e+15  6.63322311e+14  7.88e+02 4.50e-06  9.36e+08    28s
[2025-08-22 12:47:54] DEBUG    19   4.33877921e+15  1.19649807e+15  5.27e+02 3.88e-06  7.65e+08    29s
[2025-08-22 12:47:55] DEBUG    20   4.26538964e+15  1.67557031e+15  4.14e+02 3.02e-06  6.30e+08    30s
[2025-08-22 12:47:56] DEBUG    21   4.13947493e+15  1.89763546e+15  2.09e+02 2.59e-06  5.45e+08    30s
[2025-08-22 12:47:57] DEBUG    22   4.08913400e+15  2.65325250e+15  1.35e+02 1.85e-06  3.49e+08    31s
[2025-08-22 12:47:58] DEBUG    23   4.07168172e+15  2.94068737e+15  1.08e+02 1.69e-06  2.75e+08    32s
[2025-08-22 12:47:59] DEBUG    24   4.05627676e+15  3.08297801e+15  8.59e+01 1.25e-06  2.36e+08    33s
[2025-08-22 12:48:00] DEBUG    25   4.03825310e+15  3.24771987e+15  5.90e+01 8.84e-07  1.92e+08    34s
[2025-08-22 12:48:01] DEBUG    26   4.03169021e+15  3.47080910e+15  4.91e+01 6.01e-07  1.36e+08    35s
[2025-08-22 12:48:02] DEBUG    27   4.01777716e+15  3.53329005e+15  2.87e+01 4.79e-07  1.18e+08    36s
[2025-08-22 12:48:03] DEBUG    28   4.01431017e+15  3.65018124e+15  2.38e+01 3.73e-07  8.83e+07    37s
[2025-08-22 12:48:04] DEBUG    29   4.01092689e+15  3.71036931e+15  1.93e+01 4.22e-07  7.29e+07    38s
[2025-08-22 12:48:05] DEBUG    30   4.00520113e+15  3.75448282e+15  1.16e+01 4.04e-07  6.08e+07    39s
[2025-08-22 12:48:06] DEBUG    31   4.00406273e+15  3.80886971e+15  9.96e+00 2.68e-07  4.73e+07    40s
[2025-08-22 12:48:07] DEBUG    32   4.00272704e+15  3.83202202e+15  8.05e+00 1.95e-07  4.14e+07    41s
[2025-08-22 12:48:08] DEBUG    33   4.00089764e+15  3.87221033e+15  5.49e+00 1.55e-07  3.12e+07    42s
[2025-08-22 12:48:08] DEBUG    34   4.00000430e+15  3.90303097e+15  4.27e+00 1.44e-07  2.35e+07    43s
[2025-08-22 12:48:09] DEBUG    35   3.99872699e+15  3.91555176e+15  2.58e+00 1.13e-07  2.02e+07    44s
[2025-08-22 12:48:10] DEBUG    36   3.99819842e+15  3.92902206e+15  1.97e+00 9.03e-08  1.68e+07    45s
[2025-08-22 12:48:11] DEBUG    37   3.99709821e+15  3.94528284e+15  1.98e-01 7.81e-08  1.26e+07    46s
[2025-08-22 12:48:12] DEBUG    38   3.99704264e+15  3.97847464e+15  9.28e-02 2.24e-08  4.50e+06    47s
[2025-08-22 12:48:13] DEBUG    39   3.99675070e+15  3.98014191e+15  3.52e-02 2.33e-08  4.03e+06    48s
[2025-08-22 12:48:14] DEBUG    40   3.99660502e+15  3.98516549e+15  1.63e-02 2.24e-08  2.77e+06    48s
[2025-08-22 12:48:14] DEBUG    41   3.99654719e+15  3.98642874e+15  8.07e-03 1.12e-08  2.45e+06    49s
[2025-08-22 12:48:15] DEBUG    42   3.99654279e+15  3.98982419e+15  7.55e-03 1.77e-08  1.63e+06    49s
[2025-08-22 12:48:15] DEBUG    43   3.99652852e+15  3.99054711e+15  3.85e-03 3.95e-06  1.45e+06    50s
[2025-08-22 12:48:16] DEBUG    44   3.99652638e+15  3.99148848e+15  3.45e-03 9.42e-06  1.22e+06    50s
[2025-08-22 12:48:16] DEBUG    45   3.99651308e+15  3.99581244e+15  1.38e-03 1.30e-04  1.70e+05    51s
[2025-08-22 12:48:17] DEBUG    46   3.99651114e+15  3.99598740e+15  1.31e-03 1.50e-04  1.27e+05    51s
[2025-08-22 12:48:17] DEBUG    47   3.99648785e+15  3.99637105e+15  3.99e-04 2.08e-04  2.83e+04    52s
[2025-08-22 12:48:18] DEBUG    48   3.99648495e+15  3.99641410e+15  3.19e-04 2.25e-04  1.72e+04    52s
[2025-08-22 12:48:18] DEBUG    49   3.99648229e+15  3.99642100e+15  2.53e-04 2.28e-04  1.49e+04    53s
[2025-08-22 12:48:19] DEBUG    50   3.99647932e+15  3.99643855e+15  1.86e-04 2.33e-04  9.89e+03    53s
[2025-08-22 12:48:19] DEBUG    51   3.99647785e+15  3.99644908e+15  1.57e-04 2.37e-04  6.98e+03    54s
[2025-08-22 12:48:20] DEBUG    52   3.99647748e+15  3.99645204e+15  1.50e-04 2.38e-04  6.18e+03    54s
[2025-08-22 12:48:20] DEBUG    53   3.99647560e+15  3.99646143e+15  1.15e-04 2.45e-04  3.44e+03    55s
[2025-08-22 12:48:21] DEBUG    54   3.99647507e+15  3.99646290e+15  1.06e-04 2.46e-04  2.96e+03    55s
[2025-08-22 12:48:21] DEBUG    Barrier performed 54 iterations in 55.44 seconds (55.35 work units)
Barrier solve interrupted - model solved by another algorithm
[2025-08-22 12:48:21] DEBUG    Solved with dual simplex
[2025-08-22 12:48:28] DEBUG    Iteration    Objective       Primal Inf.    Dual Inf.      Time
[2025-08-22 12:48:28] DEBUG    256875    3.9964683e+15   0.000000e+00   0.000000e+00     63s

Solved in 256875 iterations and 62.78 seconds (70.68 work units)
Optimal objective  3.996468336e+15
❌ Errore nel run di autarky_VRES_2030_nostorage: 'Model' object has no attribute 'backend_model'

🚀 Lancio scenario: autarky_CG+VRES_2030_BESS
[2025-08-22 13:01:06] INFO     Loading sets
[2025-08-22 13:01:06] INFO     Loading parameters
[2025-08-22 13:01:41] INFO     constraints are loaded in the following order: ['energy_balance', 'dispatch', 'costs', 'capacity', 'network', 'policy', 'conversion', 'group', 'conversion_plus', 'milp', 'export']
[2025-08-22 13:01:41] INFO     creating energy_balance constraints
[2025-08-22 13:04:42] INFO     creating dispatch constraints
[2025-08-22 13:06:37] INFO     creating costs constraints
[2025-08-22 13:20:19] INFO     creating capacity constraints
[2025-08-22 13:20:19] INFO     creating network constraints
[2025-08-22 13:20:19] INFO     creating policy constraints
[2025-08-22 13:20:19] INFO     creating conversion constraints
[2025-08-22 13:20:19] INFO     creating group constraints
[2025-08-22 13:20:19] INFO     creating conversion_plus constraints
[2025-08-22 13:20:19] INFO     creating milp constraints
[2025-08-22 13:20:19] INFO     creating export constraints
[2025-08-22 13:32:41] DEBUG    Set parameter WLSAccessID
Set parameter WLSSecret
[2025-08-22 13:32:41] DEBUG    Set parameter LicenseID to value 2680226
[2025-08-22 13:32:42] DEBUG    Academic license 2680226 - for non-commercial use only - registered to an___@mail.polimi.it
[2025-08-22 13:33:16] DEBUG    Read LP format model from file /tmp/tmp9s_b2f0g.pyomo.lp
[2025-08-22 13:33:16] DEBUG    Reading time = 34.63 seconds
x17120140: 22998119 rows, 17120140 columns, 55821995 nonzeros
[2025-08-22 13:33:16] DEBUG    Set parameter NumericFocus to value 1
[2025-08-22 13:33:16] DEBUG    Gurobi Optimizer version 12.0.2 build v12.0.2rc0 (linux64 - "Debian GNU/Linux 11 (bullseye)")

CPU model: Intel(R) Xeon(R) Silver 4314 CPU @ 2.40GHz, instruction set [SSE2|AVX|AVX2|AVX512]
Thread count: 32 physical cores, 64 logical processors, using up to 32 threads
[2025-08-22 13:33:16] DEBUG    Non-default parameters:
[2025-08-22 13:33:16] DEBUG    NumericFocus  1
[2025-08-22 13:33:16] DEBUG    Academic license 2680226 - for non-commercial use only - registered to an___@mail.polimi.it
[2025-08-22 13:33:16] DEBUG    Optimize a model with 22998119 rows, 17120140 columns and 55821995 nonzeros
[2025-08-22 13:33:17] DEBUG    Model fingerprint: 0xf57ad948
[2025-08-22 13:33:17] DEBUG    Coefficient statistics:
  Matrix range     [1e-07, 3e+02]
  Objective range  [1e+00, 1e+06]
[2025-08-22 13:33:17] DEBUG    Bounds range     [0e+00, 0e+00]
  RHS range        [1e+00, 2e+08]
[2025-08-22 13:33:23] DEBUG    Presolve removed 18520064 rows and 10442881 columns (presolve time = 6s)...
[2025-08-22 13:33:27] DEBUG    Presolve removed 18926432 rows and 12640000 columns (presolve time = 10s)...
[2025-08-22 13:33:33] DEBUG    Presolve removed 20638207 rows and 14300996 columns (presolve time = 16s)...
[2025-08-22 13:33:37] DEBUG    Presolve removed 21325005 rows and 14318516 columns
[2025-08-22 13:33:37] DEBUG    Presolve time: 20.51s
Presolved: 1673114 rows, 2950527 columns, 8773825 nonzeros
[2025-08-22 13:33:37] DEBUG    Concurrent LP optimizer: primal simplex, dual simplex, and barrier
Showing barrier log only...
[2025-08-22 13:33:39] DEBUG    Ordering time: 0.95s
[2025-08-22 13:33:40] DEBUG    Barrier statistics:
[2025-08-22 13:33:40] DEBUG    Dense cols : 144
 AA' NZ     : 8.759e+06
 Factor NZ  : 3.114e+07 (roughly 2.0 GB of memory)
 Factor Ops : 8.670e+08 (less than 1 second per iteration)
 Threads    : 30
[2025-08-22 13:33:44] DEBUG    Objective                Residual
[2025-08-22 13:33:44] DEBUG    Iter       Primal          Dual         Primal    Dual     Compl     Time
[2025-08-22 13:33:44] DEBUG    0   2.34528868e+21 -8.33782480e+18  6.99e+10 2.90e-11  4.34e+15    28s
[2025-08-22 13:33:49] DEBUG    1   1.95945309e+21 -8.35667937e+18  5.78e+10 2.37e+05  3.32e+15    33s
[2025-08-22 13:33:56] DEBUG    2   1.59712934e+21 -7.80382213e+18  4.73e+10 1.04e+05  2.47e+15    39s
[2025-08-22 13:34:04] DEBUG    3   1.14375517e+21 -6.77577879e+18  3.43e+10 3.04e+04  1.64e+15    48s
[2025-08-22 13:34:10] DEBUG    4   7.95509243e+20 -6.39521248e+18  2.35e+10 9.67e+03  1.10e+15    54s
[2025-08-22 13:34:15] DEBUG    5   5.72598538e+20 -6.10993023e+18  1.67e+10 4.91e+03  7.88e+14    59s
[2025-08-22 13:34:20] DEBUG    6   4.84678023e+20 -5.87561236e+18  1.42e+10 2.42e+03  6.66e+14    63s
[2025-08-22 13:34:24] DEBUG    7   2.21574088e+20 -5.66131866e+18  6.58e+09 1.28e+03  3.14e+14    67s
[2025-08-22 13:34:28] DEBUG    8   1.13028229e+20 -5.45026897e+18  3.45e+09 8.24e+02  1.68e+14    72s
[2025-08-22 13:34:34] DEBUG    9   6.07168155e+19 -4.93532258e+18  1.90e+09 2.67e+02  9.11e+13    78s
[2025-08-22 13:34:38] DEBUG    10   4.07376451e+19 -4.46535493e+18  1.28e+09 1.22e+02  6.14e+13    82s
[2025-08-22 13:34:45] DEBUG    11   2.38978628e+19 -3.86726807e+18  7.47e+08 2.57e+01  3.55e+13    89s
[2025-08-22 13:34:53] DEBUG    12   1.34886494e+19 -3.14780825e+18  4.37e+08 2.36e+00  2.04e+13    96s
[2025-08-22 13:34:59] DEBUG    13   3.29788375e+18 -2.42826311e+18  1.06e+08 1.09e+00  5.12e+12   102s
[2025-08-22 13:35:03] DEBUG    14   2.28620409e+17 -1.86307911e+18  6.72e+06 1.05e+00  6.19e+11   106s
[2025-08-22 13:35:07] DEBUG    15   2.34890083e+15 -2.64584290e+17  9.54e+03 4.05e-02  4.46e+10   110s
[2025-08-22 13:35:11] DEBUG    16   1.53269527e+15 -3.61755669e+16  6.59e+02 1.69e-02  6.10e+09   115s
[2025-08-22 13:35:16] DEBUG    17   1.46803365e+15 -1.46856530e+16  1.74e+02 2.00e-02  2.50e+09   119s
[2025-08-22 13:35:22] DEBUG    18   1.42209921e+15 -2.63725525e+15  1.62e+01 2.25e-02  4.75e+08   125s
[2025-08-22 13:35:26] DEBUG    19   1.41785289e+15 -1.68765463e+15  1.35e+01 2.33e-02  3.08e+08   130s
[2025-08-22 13:35:32] DEBUG    20   1.39949866e+15 -5.86330223e+14  4.91e+00 2.45e-02  1.10e+08   136s
[2025-08-22 13:35:37] DEBUG    21   1.38777095e+15 -1.79379412e+14  2.50e+00 2.74e-02  3.48e+07   141s
[2025-08-22 13:35:43] DEBUG    22   1.37751496e+15 -8.11200280e+13  1.40e+00 2.53e-02  1.60e+07   147s
[2025-08-22 13:35:52] DEBUG    23   1.36764286e+15 -3.41949510e+13  7.99e-01 2.54e-02  6.80e+06   156s
[2025-08-22 13:35:59] DEBUG    24   1.36561046e+15 -2.23018612e+13  7.27e-01 2.55e-02  4.51e+06   163s
[2025-08-22 13:36:04] DEBUG    25   1.35287050e+15 -6.38763176e+12  3.13e-01 2.55e-02  1.33e+06   168s
[2025-08-22 13:36:08] DEBUG    26   1.34811251e+15 -8.34923278e+11  2.46e-01 2.55e-02  2.08e+05   172s
[2025-08-22 13:36:13] DEBUG    27   1.34272860e+15 -4.67665261e+11  1.85e-01 2.54e-02  1.17e+05   177s
[2025-08-22 13:36:18] DEBUG    28   1.33395271e+15 -2.39189788e+11  1.11e-01 2.54e-02  5.09e+04   182s
[2025-08-22 13:36:26] DEBUG    29   1.32677871e+15 -1.67442472e+11  7.48e-02 2.54e-02  2.57e+04   190s
[2025-08-22 13:36:31] DEBUG    30   1.32222839e+15 -1.51522757e+11  5.92e-02 2.54e-02  1.83e+04   195s
[2025-08-22 13:36:39] DEBUG    31   1.32120944e+15 -1.45649327e+11  5.64e-02 2.54e-02  1.61e+04   203s
[2025-08-22 13:36:48] DEBUG    32   1.31826279e+15 -1.43829642e+11  4.88e-02 2.54e-02  1.38e+04   212s
[2025-08-22 13:36:55] DEBUG    33   1.31637375e+15 -1.42497472e+11  4.45e-02 2.54e-02  1.24e+04   219s
[2025-08-22 13:37:04] DEBUG    34   1.31472379e+15 -1.41004058e+11  4.12e-02 2.54e-02  1.11e+04   228s
[2025-08-22 13:37:14] DEBUG    35   1.31215021e+15 -1.40483860e+11  3.63e-02 2.54e-02  9.79e+03   238s
[2025-08-22 13:37:25] DEBUG    36   1.30982615e+15 -1.39928916e+11  3.24e-02 2.54e-02  8.66e+03   249s
[2025-08-22 13:37:33] DEBUG    37   1.30907971e+15 -1.39796270e+11  3.13e-02 2.54e-02  8.35e+03   257s
[2025-08-22 13:37:42] DEBUG    38   1.30807455e+15 -1.39531725e+11  2.98e-02 2.54e-02  7.90e+03   266s
[2025-08-22 13:37:53] DEBUG    39   1.30749825e+15 -1.39352838e+11  2.91e-02 2.54e-02  7.63e+03   276s
[2025-08-22 13:37:59] DEBUG    40   1.30592346e+15 -1.39172252e+11  2.69e-02 2.54e-02  7.06e+03   283s
[2025-08-22 13:38:11] DEBUG    41   1.30342802e+15 -1.38967141e+11  2.38e-02 2.54e-02  6.21e+03   295s
[2025-08-22 13:38:19] DEBUG    42   1.30295003e+15 -1.38906226e+11  2.33e-02 2.54e-02  6.05e+03   302s
[2025-08-22 13:38:30] DEBUG    43   1.30063011e+15 -1.38841823e+11  2.09e-02 2.54e-02  5.41e+03   313s
[2025-08-22 13:38:41] DEBUG    44   1.29925117e+15 -1.38792254e+11  1.95e-02 2.54e-02  5.07e+03   325s
[2025-08-22 13:38:52] DEBUG    45   1.29848960e+15 -1.38717432e+11  1.88e-02 2.54e-02  4.85e+03   336s
[2025-08-22 13:39:00] DEBUG    46   1.29804129e+15 -1.38700723e+11  1.85e-02 2.54e-02  4.73e+03   344s
[2025-08-22 13:39:08] DEBUG    47   1.29759700e+15 -1.38691624e+11  1.81e-02 2.54e-02  4.63e+03   351s
[2025-08-22 13:39:19] DEBUG    48   1.29560119e+15 -1.38682164e+11  1.64e-02 2.54e-02  4.22e+03   363s
[2025-08-22 13:39:30] DEBUG    49   1.29416554e+15 -1.38645607e+11  1.53e-02 2.54e-02  3.91e+03   374s
[2025-08-22 13:39:37] DEBUG    50   1.29383664e+15 -1.38652253e+11  1.51e-02 2.54e-02  3.84e+03   381s
[2025-08-22 13:39:48] DEBUG    51   1.29183019e+15 -1.38662007e+11  1.37e-02 2.54e-02  3.48e+03   392s
[2025-08-22 13:39:58] DEBUG    52   1.29145443e+15 -1.38657492e+11  1.35e-02 2.54e-02  3.40e+03   402s
[2025-08-22 13:40:08] DEBUG    53   1.29094561e+15 -1.38656434e+11  1.31e-02 2.54e-02  3.32e+03   411s
[2025-08-22 13:40:19] DEBUG    54   1.29028060e+15 -1.38656765e+11  1.27e-02 2.54e-02  3.21e+03   422s
[2025-08-22 13:40:29] DEBUG    55   1.28912179e+15 -1.38659205e+11  1.21e-02 2.54e-02  3.04e+03   433s
[2025-08-22 13:40:42] DEBUG    56   1.28850374e+15 -1.38666740e+11  1.17e-02 2.54e-02  2.94e+03   446s
[2025-08-22 13:40:51] DEBUG    57   1.28826350e+15 -1.38674645e+11  1.15e-02 2.54e-02  2.89e+03   455s
[2025-08-22 13:40:59] DEBUG    58   1.28780418e+15 -1.38689583e+11  1.13e-02 2.54e-02  2.83e+03   463s
[2025-08-22 13:41:11] DEBUG    59   1.28699230e+15 -1.38695316e+11  1.09e-02 2.54e-02  2.72e+03   475s
[2025-08-22 13:41:24] DEBUG    60   1.28620748e+15 -1.38703712e+11  1.05e-02 2.54e-02  2.62e+03   488s
[2025-08-22 13:41:33] DEBUG    61   1.28569924e+15 -1.38712905e+11  1.03e-02 2.54e-02  2.56e+03   497s
[2025-08-22 13:41:44] DEBUG    62   1.28463706e+15 -1.38730706e+11  9.75e-03 2.54e-02  2.42e+03   508s
[2025-08-22 13:41:51] DEBUG    63   1.28422860e+15 -1.38740440e+11  9.59e-03 2.54e-02  2.38e+03   515s
[2025-08-22 13:41:59] DEBUG    64   1.28361982e+15 -1.38756993e+11  9.33e-03 2.54e-02  2.31e+03   523s
[2025-08-22 13:42:11] DEBUG    65   1.28218419e+15 -1.38779508e+11  8.72e-03 2.54e-02  2.16e+03   535s
[2025-08-22 13:42:22] DEBUG    66   1.28204533e+15 -1.38799598e+11  8.65e-03 2.54e-02  2.15e+03   546s
[2025-08-22 13:42:29] DEBUG    67   1.28138621e+15 -1.38826827e+11  8.41e-03 2.54e-02  2.08e+03   553s
[2025-08-22 13:42:39] DEBUG    68   1.28113584e+15 -1.38876337e+11  8.29e-03 2.54e-02  2.60e+03   563s
[2025-08-22 13:42:39] DEBUG    Barrier performed 68 iterations in 562.77 seconds (117.24 work units)
Numerical trouble encountered

Model may be infeasible or unbounded.  Consider using the
homogeneous algorithm (through parameter 'BarHomogeneous')
[2025-08-22 13:43:44] DEBUG    Waiting for other threads to finish...         627s
[2025-08-22 13:44:48] DEBUG    Waiting for other threads to finish...         691s
[2025-08-22 13:45:52] DEBUG    Waiting for other threads to finish...         756s
[2025-08-22 13:46:07] DEBUG    Solved with dual simplex
[2025-08-22 13:46:15] DEBUG    Iteration    Objective       Primal Inf.    Dual Inf.      Time
[2025-08-22 13:46:15] DEBUG    802342    1.5812681e+10   0.000000e+00   0.000000e+00    779s

Solved in 802342 iterations and 778.87 seconds (342.41 work units)
[2025-08-22 13:46:15] DEBUG    Optimal objective  1.581268140e+10
❌ Errore nel run di autarky_CG+VRES_2030_BESS: 'Model' object has no attribute 'backend_model'

🚀 Lancio scenario: autarky_CG+VRES_2030_nostorage
[2025-08-22 13:57:20] INFO     Loading sets
[2025-08-22 13:57:20] INFO     Loading parameters
[2025-08-22 13:57:54] INFO     constraints are loaded in the following order: ['energy_balance', 'dispatch', 'costs', 'capacity', 'network', 'policy', 'conversion', 'group', 'conversion_plus', 'milp', 'export']
[2025-08-22 13:57:54] INFO     creating energy_balance constraints
[2025-08-22 14:00:43] INFO     creating dispatch constraints
[2025-08-22 14:02:30] INFO     creating costs constraints
[2025-08-22 14:17:20] INFO     creating capacity constraints
[2025-08-22 14:17:20] INFO     creating network constraints
[2025-08-22 14:17:20] INFO     creating policy constraints
[2025-08-22 14:17:20] INFO     creating conversion constraints
[2025-08-22 14:17:20] INFO     creating group constraints
[2025-08-22 14:17:20] INFO     creating conversion_plus constraints
[2025-08-22 14:17:20] INFO     creating milp constraints
[2025-08-22 14:17:20] INFO     creating export constraints
[2025-08-22 14:28:53] DEBUG    Set parameter WLSAccessID
Set parameter WLSSecret
Set parameter LicenseID to value 2680226
[2025-08-22 14:28:53] DEBUG    Academic license 2680226 - for non-commercial use only - registered to an___@mail.polimi.it
[2025-08-22 14:29:25] DEBUG    Read LP format model from file /tmp/tmp74thms_n.pyomo.lp
Reading time = 31.61 seconds
x15849766: 21219665 rows, 15849766 columns, 51248956 nonzeros
[2025-08-22 14:29:25] DEBUG    Set parameter NumericFocus to value 1
Gurobi Optimizer version 12.0.2 build v12.0.2rc0 (linux64 - "Debian GNU/Linux 11 (bullseye)")

CPU model: Intel(R) Xeon(R) Silver 4314 CPU @ 2.40GHz, instruction set [SSE2|AVX|AVX2|AVX512]
Thread count: 32 physical cores, 64 logical processors, using up to 32 threads

Non-default parameters:
NumericFocus  1
[2025-08-22 14:29:25] DEBUG    Academic license 2680226 - for non-commercial use only - registered to an___@mail.polimi.it
Optimize a model with 21219665 rows, 15849766 columns and 51248956 nonzeros
[2025-08-22 14:29:25] DEBUG    Model fingerprint: 0xc434f45d
[2025-08-22 14:29:26] DEBUG    Coefficient statistics:
  Matrix range     [1e-07, 3e+02]
  Objective range  [1e+00, 1e+06]
  Bounds range     [0e+00, 0e+00]
  RHS range        [1e+00, 2e+08]
[2025-08-22 14:29:31] DEBUG    Presolve removed 18011868 rows and 9934685 columns (presolve time = 5s)...
[2025-08-22 14:29:36] DEBUG    Presolve removed 19876349 rows and 13589798 columns (presolve time = 10s)...
[2025-08-22 14:29:41] DEBUG    Presolve removed 20414186 rows and 13608539 columns (presolve time = 16s)...
[2025-08-22 14:29:41] DEBUG    Presolve removed 20563089 rows and 13608539 columns
[2025-08-22 14:29:41] DEBUG    Presolve time: 16.60s
Presolved: 656576 rows, 2390130 columns, 4504211 nonzeros

Concurrent LP optimizer: primal simplex, dual simplex, and barrier
Showing barrier log only...
[2025-08-22 14:29:42] DEBUG    Ordering time: 0.21s
[2025-08-22 14:29:43] DEBUG    Barrier statistics:
 Dense cols : 115
 AA' NZ     : 1.799e+06
 Factor NZ  : 1.070e+07 (roughly 1.3 GB of memory)
[2025-08-22 14:29:43] DEBUG    Factor Ops : 2.337e+08 (less than 1 second per iteration)
 Threads    : 1
[2025-08-22 14:29:43] DEBUG    Objective                Residual
Iter       Primal          Dual         Primal    Dual     Compl     Time
[2025-08-22 14:29:44] DEBUG    0   2.46718560e+21 -9.85636281e+18  6.99e+10 3.27e-03  5.14e+15    19s
[2025-08-22 14:29:44] DEBUG    1   2.04274773e+21 -9.86150427e+18  5.71e+10 4.04e+05  4.23e+15    20s
[2025-08-22 14:29:45] DEBUG    2   1.68941864e+21 -9.50554755e+18  4.68e+10 3.18e+05  3.48e+15    20s
[2025-08-22 14:29:46] DEBUG    3   1.47906975e+21 -8.59552091e+18  4.05e+10 1.62e+05  2.92e+15    21s
[2025-08-22 14:29:47] DEBUG    4   1.10779130e+21 -8.21120130e+18  2.97e+10 1.09e+05  2.15e+15    22s
[2025-08-22 14:29:48] DEBUG    5   8.09660084e+20 -7.43699834e+18  2.14e+10 2.42e+04  1.51e+15    23s
[2025-08-22 14:29:49] DEBUG    6   4.44464423e+20 -6.87192539e+18  1.15e+10 4.66e+03  8.18e+14    25s
[2025-08-22 14:29:50] DEBUG    7   2.71272912e+20 -6.45929186e+18  6.96e+09 1.33e+03  4.96e+14    26s
[2025-08-22 14:29:51] DEBUG    8   1.70218001e+20 -5.94517460e+18  4.34e+09 3.20e+02  3.10e+14    26s
[2025-08-22 14:29:52] DEBUG    9   7.55898655e+19 -5.59510616e+18  1.76e+09 1.36e+02  1.28e+14    27s
[2025-08-22 14:29:52] DEBUG    10   6.48596870e+18 -4.29585607e+18  1.45e+08 1.17e+01  1.14e+13    28s
[2025-08-22 14:29:53] DEBUG    11   2.34227649e+18 -2.41774990e+18  5.09e+07 3.31e+00  3.99e+12    28s
[2025-08-22 14:29:54] DEBUG    12   1.03029527e+18 -1.27639781e+18  2.25e+07 3.62e+00  1.68e+12    29s
[2025-08-22 14:29:54] DEBUG    13   4.03184294e+17 -6.81918106e+17  8.93e+06 2.47e+00  6.52e+11    30s
[2025-08-22 14:29:55] DEBUG    14   9.08848064e+16 -2.57658828e+17  2.00e+06 1.58e+00  1.53e+11    30s
[2025-08-22 14:29:56] DEBUG    15   2.53694324e+16 -7.93408434e+16  5.64e+05 4.47e-01  3.77e+10    31s
[2025-08-22 14:29:56] DEBUG    16   6.22803310e+15 -2.43588800e+16  1.35e+05 9.43e-02  8.87e+09    32s
[2025-08-22 14:29:57] DEBUG    17   2.04444021e+15 -6.01132050e+15  3.90e+04 1.32e-02  2.03e+09    32s
[2025-08-22 14:29:58] DEBUG    18   5.71643913e+14 -5.40045110e+14  4.94e+03 2.11e-02  1.80e+08    33s
[2025-08-22 14:29:58] DEBUG    19   3.46757054e+14 -4.33583677e+13  4.35e+01 2.17e-02  1.01e+07    34s
[2025-08-22 14:29:59] DEBUG    20   3.30202848e+14 -4.87543107e+12  3.32e-01 2.17e-02  1.11e+06    34s
[2025-08-22 14:30:00] DEBUG    21   3.18046351e+14 -7.28526264e+11  5.85e-02 2.17e-02  1.74e+05    35s
[2025-08-22 14:30:00] DEBUG    22   3.07272987e+14 -2.37908103e+11  1.57e-02 2.17e-02  6.03e+04    36s
[2025-08-22 14:30:01] DEBUG    23   2.94497978e+14 -1.81078379e+11  2.08e-03 2.17e-02  4.56e+04    37s
[2025-08-22 14:30:02] DEBUG    24   2.82549678e+14 -1.29959853e+10  8.12e-04 2.17e-02  6.89e+03    38s
[2025-08-22 14:30:03] DEBUG    25   2.76794977e+14  4.89178733e+09  5.06e-04 2.17e-02  2.55e+03    39s
[2025-08-22 14:30:04] DEBUG    26   2.73563280e+14  6.07667914e+09  5.06e-04 2.17e-02  2.18e+03    39s
[2025-08-22 14:30:05] DEBUG    27   2.69614627e+14  8.62619446e+09  1.31e-03 2.17e-02  1.48e+03    40s
[2025-08-22 14:30:05] DEBUG    28   2.66431266e+14  1.03068626e+10  8.12e-04 2.17e-02  1.02e+03    41s
[2025-08-22 14:30:06] DEBUG    29   2.59824415e+14  1.18045463e+10  5.06e-04 2.17e-02  5.52e+02    42s
[2025-08-22 14:30:07] DEBUG    30   2.53285152e+14  1.28811423e+10  6.53e-04 2.17e-02  2.20e+02    43s
[2025-08-22 14:30:08] DEBUG    31   2.49921024e+14  1.29104498e+10  4.71e-04 2.17e-02  1.87e+02    44s
[2025-08-22 14:30:09] DEBUG    32   2.46534305e+14  1.30354895e+10  1.31e-03 2.17e-02  1.39e+02    44s
[2025-08-22 14:30:10] DEBUG    33   2.44956280e+14  1.31329309e+10  1.31e-03 2.17e-02  1.09e+02    45s
[2025-08-22 14:30:10] DEBUG    34   2.40261561e+14  1.32093165e+10  6.53e-04 2.17e-02  7.21e+01    46s
[2025-08-22 14:30:11] DEBUG    35   2.35073805e+14  1.32670679e+10  5.06e-04 2.17e-02  4.32e+01    47s
[2025-08-22 14:30:12] DEBUG    36   2.30538299e+14  1.32936809e+10  1.31e-03 2.17e-02  2.79e+01    48s
[2025-08-22 14:30:13] DEBUG    37   2.26990792e+14  1.33049035e+10  1.31e-03 2.17e-02  2.04e+01    49s
[2025-08-22 14:30:14] DEBUG    38   2.25746679e+14  1.33092224e+10  6.56e-04 2.17e-02  1.79e+01    49s
[2025-08-22 14:30:15] DEBUG    39   2.23311792e+14  1.33128596e+10  2.29e-03 2.17e-02  1.45e+01    50s
[2025-08-22 14:30:16] DEBUG    40   2.19634555e+14  1.33159481e+10  1.31e-03 2.17e-02  1.05e+01    51s
[2025-08-22 14:30:17] DEBUG    41   2.15737211e+14  1.33178861e+10  2.29e-03 2.17e-02  7.46e+00    52s
[2025-08-22 14:30:18] DEBUG    42   2.12013584e+14  1.33186299e+10  1.48e-03 2.17e-02  5.46e+00    53s
[2025-08-22 14:30:19] DEBUG    43   2.08830440e+14  1.33185954e+10  6.53e-04 2.17e-02  4.21e+00    55s
[2025-08-22 14:30:21] DEBUG    44   2.05690073e+14  1.33187412e+10  9.94e-04 2.17e-02  3.21e+00    56s
[2025-08-22 14:30:22] DEBUG    45   2.03610032e+14  1.33186766e+10  2.29e-03 2.17e-02  2.73e+00    57s
[2025-08-22 14:30:23] DEBUG    46   2.00297375e+14  1.33184236e+10  1.31e-03 2.17e-02  2.04e+00    59s
[2025-08-22 14:30:25] DEBUG    47   1.98937077e+14  1.33182171e+10  6.44e-04 2.17e-02  1.82e+00    60s
[2025-08-22 14:30:25] DEBUG    Barrier performed 47 iterations in 59.93 seconds (56.57 work units)
[2025-08-22 14:30:25] DEBUG    Barrier solve interrupted - model solved by another algorithm
[2025-08-22 14:30:25] DEBUG    Solved with dual simplex
[2025-08-22 14:30:32] DEBUG    Iteration    Objective       Primal Inf.    Dual Inf.      Time
[2025-08-22 14:30:32] DEBUG    267500    1.5812681e+10   0.000000e+00   0.000000e+00     67s

Solved in 267500 iterations and 67.38 seconds (71.06 work units)
Optimal objective  1.581268140e+10
❌ Errore nel run di autarky_CG+VRES_2030_nostorage: 'Model' object has no attribute 'backend_model'

🚀 Lancio scenario: autarky_GT+VRES_2030_PHES
[2025-08-22 14:42:49] INFO     Loading sets
[2025-08-22 14:42:49] INFO     Loading parameters
[2025-08-22 14:43:24] INFO     constraints are loaded in the following order: ['energy_balance', 'dispatch', 'costs', 'capacity', 'network', 'policy', 'conversion', 'group', 'conversion_plus', 'milp', 'export']
[2025-08-22 14:43:24] INFO     creating energy_balance constraints
[2025-08-22 14:46:25] INFO     creating dispatch constraints
[2025-08-22 14:48:21] INFO     creating costs constraints
[2025-08-22 14:57:23] INFO     creating capacity constraints
[2025-08-22 14:57:23] INFO     creating network constraints
[2025-08-22 14:57:23] INFO     creating policy constraints
[2025-08-22 14:57:23] INFO     creating conversion constraints
[2025-08-22 14:57:23] INFO     creating group constraints
[2025-08-22 14:57:23] INFO     creating conversion_plus constraints
[2025-08-22 14:57:23] INFO     creating milp constraints
[2025-08-22 14:57:23] INFO     creating export constraints
[2025-08-22 15:10:32] DEBUG    Set parameter WLSAccessID
Set parameter WLSSecret
Set parameter LicenseID to value 2680226
[2025-08-22 15:10:33] DEBUG    Academic license 2680226 - for non-commercial use only - registered to an___@mail.polimi.it
[2025-08-22 15:11:07] DEBUG    Read LP format model from file /tmp/tmpf49eydml.pyomo.lp
Reading time = 34.71 seconds
x17120140: 22998177 rows, 17120140 columns, 56076093 nonzeros
[2025-08-22 15:11:07] DEBUG    Set parameter NumericFocus to value 1
Gurobi Optimizer version 12.0.2 build v12.0.2rc0 (linux64 - "Debian GNU/Linux 11 (bullseye)")

CPU model: Intel(R) Xeon(R) Silver 4314 CPU @ 2.40GHz, instruction set [SSE2|AVX|AVX2|AVX512]
Thread count: 32 physical cores, 64 logical processors, using up to 32 threads

Non-default parameters:
NumericFocus  1
[2025-08-22 15:11:07] DEBUG    Academic license 2680226 - for non-commercial use only - registered to an___@mail.polimi.it
Optimize a model with 22998177 rows, 17120140 columns and 56076093 nonzeros
[2025-08-22 15:11:08] DEBUG    Model fingerprint: 0x9172ca36
[2025-08-22 15:11:08] DEBUG    Coefficient statistics:
  Matrix range     [1e-07, 3e+02]
  Objective range  [1e+00, 1e+06]
  Bounds range     [0e+00, 0e+00]
  RHS range        [1e+00, 6e+09]
Warning: Model contains large rhs
[2025-08-22 15:11:14] DEBUG    Presolve removed 18651528 rows and 10521727 columns (presolve time = 6s)...
[2025-08-22 15:11:18] DEBUG    Presolve removed 19209076 rows and 12870000 columns (presolve time = 10s)...
[2025-08-22 15:11:24] DEBUG    Presolve removed 20743466 rows and 14358812 columns (presolve time = 15s)...
[2025-08-22 15:11:28] DEBUG    Presolve removed 21430258 rows and 14376332 columns
[2025-08-22 15:11:28] DEBUG    Presolve time: 20.40s
Presolved: 1567919 rows, 2892711 columns, 8331975 nonzeros

Concurrent LP optimizer: primal simplex, dual simplex, and barrier
Showing barrier log only...
[2025-08-22 15:11:30] DEBUG    Ordering time: 0.86s
[2025-08-22 15:11:31] DEBUG    Barrier statistics:
 Dense cols : 141
 AA' NZ     : 8.038e+06
 Factor NZ  : 2.907e+07 (roughly 2.0 GB of memory)
[2025-08-22 15:11:31] DEBUG    Factor Ops : 8.165e+08 (less than 1 second per iteration)
 Threads    : 30
[2025-08-22 15:11:34] DEBUG    Objective                Residual
[2025-08-22 15:11:34] DEBUG    Iter       Primal          Dual         Primal    Dual     Compl     Time
[2025-08-22 15:11:35] DEBUG    0   2.61167679e+21 -8.58660671e+18  6.99e+10 2.90e-11  4.64e+15    28s
[2025-08-22 15:11:39] DEBUG    1   2.39361014e+21 -8.82762806e+18  6.38e+10 2.38e+05  3.89e+15    32s
[2025-08-22 15:11:45] DEBUG    2   2.27300453e+21 -3.63937793e+19  6.06e+10 1.79e+05  3.70e+15    38s
[2025-08-22 15:11:53] DEBUG    3   2.00630351e+21 -9.17042414e+19  5.38e+10 7.88e+04  3.22e+15    46s
[2025-08-22 15:11:59] DEBUG    4   1.48200960e+21 -1.16452436e+20  3.90e+10 2.43e+04  2.33e+15    52s
[2025-08-22 15:12:07] DEBUG    5   9.17167986e+20 -1.14903571e+20  2.38e+10 5.25e+03  1.43e+15    60s
[2025-08-22 15:12:15] DEBUG    6   5.40209663e+20 -1.02067653e+20  1.37e+10 1.52e+03  8.30e+14    67s
[2025-08-22 15:12:20] DEBUG    7   1.16274181e+20 -9.16489741e+19  2.59e+09 7.36e+02  1.74e+14    73s
[2025-08-22 15:12:24] DEBUG    8   3.33486584e+19 -4.72463793e+19  7.20e+08 1.08e+02  5.02e+13    77s
[2025-08-22 15:12:28] DEBUG    9   1.11488008e+19 -2.13330631e+19  2.36e+08 2.65e+01  1.68e+13    81s
[2025-08-22 15:12:33] DEBUG    10   6.20466001e+18 -1.02588565e+19  1.29e+08 8.85e+00  8.65e+12    86s
[2025-08-22 15:12:37] DEBUG    11   3.45815342e+18 -4.97968455e+18  7.15e+07 2.95e+00  4.49e+12    90s
[2025-08-22 15:12:41] DEBUG    12   1.77658535e+18 -2.80056675e+18  3.63e+07 1.08e+00  2.25e+12    93s
[2025-08-22 15:12:44] DEBUG    13   5.60830001e+17 -1.34249772e+18  1.13e+07 4.17e-01  7.39e+11    97s
[2025-08-22 15:12:48] DEBUG    14   1.39411045e+17 -4.42631224e+17  2.81e+06 9.02e-02  1.84e+11   101s
[2025-08-22 15:12:52] DEBUG    15   1.15419773e+16 -9.15087174e+16  2.13e+05 1.95e-02  2.19e+10   105s
[2025-08-22 15:12:57] DEBUG    16   4.21553858e+14 -6.15460476e+15  1.48e+02 1.98e-04  1.05e+09   110s
[2025-08-22 15:13:02] DEBUG    17   3.93511864e+14 -6.00546587e+14  1.65e+01 1.32e-03  1.05e+08   115s
[2025-08-22 15:13:06] DEBUG    18   3.72134094e+14 -5.29207925e+14  3.20e-02 1.21e-03  9.16e+07   119s
[2025-08-22 15:13:14] DEBUG    19   3.56419585e+14 -8.20449693e+13  1.41e-04 1.01e-02  1.48e+07   126s
[2025-08-22 15:13:21] DEBUG    20   3.40450867e+14 -4.32784054e+13  1.02e-04 8.10e-03  7.91e+06   134s
[2025-08-22 15:13:28] DEBUG    21   3.33372990e+14 -2.79237059e+13  9.75e-05 7.85e-03  5.22e+06   140s
[2025-08-22 15:13:33] DEBUG    22   3.32557249e+14 -1.76659731e+13  9.10e-05 9.24e-03  3.42e+06   145s
[2025-08-22 15:13:38] DEBUG    23   3.27486012e+14 -1.51210552e+13  6.96e-05 1.25e-02  2.94e+06   151s
[2025-08-22 15:13:46] DEBUG    24   3.26174962e+14 -1.28223716e+13  6.21e-05 1.21e-02  2.53e+06   158s
[2025-08-22 15:13:52] DEBUG    25   3.23319166e+14 -6.30644223e+12  5.23e-05 1.79e-02  1.34e+06   165s
[2025-08-22 15:14:01] DEBUG    26   3.18725444e+14 -4.08696955e+12  9.06e-05 7.33e-02  9.05e+05   173s
[2025-08-22 15:14:15] DEBUG    27   3.15557835e+14 -2.64552390e+12  6.10e-05 6.94e-02  6.31e+05   188s
[2025-08-22 15:14:27] DEBUG    28   3.14114186e+14 -1.36045951e+12  6.39e-05 6.80e-02  3.86e+05   200s
[2025-08-22 15:14:38] DEBUG    29   3.09394456e+14 -4.75076941e+11  4.43e-05 6.49e-02  1.85e+05   210s
[2025-08-22 15:14:49] DEBUG    30   3.05389399e+14 -3.04886927e+11  6.01e-05 6.41e-02  1.31e+05   222s
[2025-08-22 15:15:00] DEBUG    31   3.03213473e+14 -2.34433578e+11  4.77e-05 6.50e-02  1.08e+05   233s
[2025-08-22 15:15:08] DEBUG    32   3.01466230e+14 -1.89314170e+11  4.58e-05 6.56e-02  9.22e+04   241s
[2025-08-22 15:15:18] DEBUG    33   2.99227466e+14 -1.00629417e+11  5.91e-05 5.53e-02  6.62e+04   251s
[2025-08-22 15:15:28] DEBUG    34   2.93474900e+14 -4.25175132e+10  7.30e-05 4.56e-02  3.90e+04   261s
[2025-08-22 15:15:36] DEBUG    35   2.92582104e+14 -2.24201615e+10  6.58e-05 3.72e-02  3.38e+04   269s
[2025-08-22 15:15:48] DEBUG    36   2.90061874e+14 -1.88231936e+10  6.29e-05 3.59e-02  2.89e+04   280s
[2025-08-22 15:15:58] DEBUG    37   2.87681904e+14 -1.59516354e+10  5.05e-05 3.42e-02  2.45e+04   291s
[2025-08-22 15:16:08] DEBUG    38   2.86085584e+14 -1.40982499e+10  9.58e-05 3.31e-02  2.21e+04   300s
[2025-08-22 15:16:18] DEBUG    39   2.83129352e+14 -7.73663623e+09  5.77e-05 2.77e-02  1.73e+04   311s
[2025-08-22 15:16:28] DEBUG    40   2.81068004e+14 -6.67082087e+09  6.44e-05 2.67e-02  1.50e+04   321s
[2025-08-22 15:16:39] DEBUG    41   2.80859764e+14 -5.51468624e+09  7.01e-05 2.55e-02  1.46e+04   332s
[2025-08-22 15:16:48] DEBUG    42   2.79184013e+14 -4.47472997e+09  5.11e-05 2.46e-02  1.32e+04   341s
[2025-08-22 15:16:59] DEBUG    43   2.77417885e+14 -3.71935675e+09  9.97e-05 2.46e-02  1.17e+04   351s
[2025-08-22 15:17:09] DEBUG    44   2.75391024e+14 -2.97964379e+09  4.94e-05 2.46e-02  1.03e+04   362s
[2025-08-22 15:17:21] DEBUG    45   2.74702105e+14 -1.61112081e+09  5.05e-05 2.45e-02  9.63e+03   374s
[2025-08-22 15:17:31] DEBUG    46   2.72822843e+14 -7.81957864e+08  5.53e-05 2.45e-02  8.55e+03   384s
[2025-08-22 15:17:43] DEBUG    47   2.71030927e+14 -2.05215165e+06  6.29e-05 2.44e-02  7.62e+03   396s
[2025-08-22 15:17:54] DEBUG    48   2.69421909e+14  9.95945949e+08  5.77e-05 2.43e-02  6.83e+03   407s
[2025-08-22 15:18:04] DEBUG    49   2.67386802e+14  2.33206695e+09  4.58e-05 2.41e-02  5.86e+03   417s
[2025-08-22 15:18:15] DEBUG    50   2.65834607e+14  4.28190254e+09  5.27e-05 2.38e-02  4.99e+03   427s
[2025-08-22 15:18:25] DEBUG    51   2.63358817e+14  5.62862943e+09  5.14e-05 2.34e-02  4.10e+03   437s
[2025-08-22 15:18:35] DEBUG    52   2.62116015e+14  6.05419866e+09  5.10e-05 2.32e-02  3.77e+03   448s
[2025-08-22 15:18:46] DEBUG    53   2.60888245e+14  6.62913278e+09  5.10e-05 2.28e-02  3.39e+03   459s
[2025-08-22 15:18:58] DEBUG    54   2.60580688e+14  6.80381598e+09  6.01e-05 2.27e-02  3.31e+03   471s
[2025-08-22 15:19:05] DEBUG    55   2.60409800e+14  6.92331835e+09  5.61e-05 2.26e-02  3.26e+03   478s
[2025-08-22 15:19:13] DEBUG    56   2.60307735e+14  7.12397325e+09  7.01e-05 2.23e-02  3.21e+03   485s
[2025-08-22 15:19:24] DEBUG    57   2.59186888e+14  7.18275213e+09  5.61e-05 2.22e-02  3.01e+03   497s
[2025-08-22 15:19:32] DEBUG    58   2.58919674e+14  7.50715230e+09  8.25e-05 2.17e-02  2.92e+03   505s
[2025-08-22 15:19:42] DEBUG    59   2.57888739e+14  7.59908724e+09  6.18e-05 2.14e-02  2.75e+03   515s
[2025-08-22 15:19:49] DEBUG    60   2.57417163e+14  7.66835410e+09  6.20e-05 2.12e-02  2.67e+03   522s
[2025-08-22 15:20:01] DEBUG    61   2.56731816e+14  7.83647221e+09  7.10e-05 2.07e-02  2.54e+03   533s
[2025-08-22 15:20:10] DEBUG    62   2.56542473e+14  7.88777459e+09  6.50e-05 2.06e-02  2.51e+03   543s
[2025-08-22 15:20:20] DEBUG    63   2.55912105e+14  7.97545322e+09  7.93e-05 2.03e-02  2.40e+03   553s
[2025-08-22 15:20:30] DEBUG    64   2.55625671e+14  8.02062524e+09  7.12e-05 2.00e-02  2.36e+03   563s
[2025-08-22 15:20:37] DEBUG    65   2.55329885e+14  8.05238680e+09  6.32e-05 1.98e-02  2.32e+03   569s
[2025-08-22 15:20:45] DEBUG    66   2.55156588e+14  8.10116344e+09  8.63e-05 1.95e-02  2.29e+03   578s
[2025-08-22 15:20:55] DEBUG    67   2.54304256e+14  8.24174296e+09  7.49e-05 1.89e-02  2.15e+03   588s
[2025-08-22 15:21:05] DEBUG    68   2.53867045e+14  8.31602651e+09  7.00e-05 1.85e-02  2.09e+03   598s
[2025-08-22 15:21:12] DEBUG    69   2.53593369e+14  8.36274100e+09  1.09e-04 1.82e-02  2.05e+03   605s
[2025-08-22 15:21:22] DEBUG    70   2.53421618e+14  8.40305879e+09  8.54e-05 1.79e-02  2.03e+03   615s
[2025-08-22 15:21:32] DEBUG    71   2.53260450e+14  8.43809843e+09  8.51e-05 1.76e-02  2.01e+03   624s
[2025-08-22 15:21:41] DEBUG    72   2.53081071e+14  8.47106662e+09  7.71e-05 1.74e-02  1.98e+03   633s
[2025-08-22 15:21:52] DEBUG    73   2.51987583e+14  8.61605678e+09  9.04e-05 1.65e-02  1.83e+03   644s
[2025-08-22 15:22:02] DEBUG    74   2.50976599e+14  8.69733821e+09  9.54e-05 1.59e-02  1.71e+03   655s
[2025-08-22 15:22:13] DEBUG    75   2.50257384e+14  8.78242136e+09  1.31e-04 1.53e-02  1.63e+03   665s
[2025-08-22 15:22:23] DEBUG    76   2.49277474e+14  8.85495455e+09  1.07e-04 1.47e-02  1.53e+03   676s
[2025-08-22 15:22:30] DEBUG    77   2.48831689e+14  8.90438648e+09  8.20e-05 1.42e-02  1.49e+03   683s
[2025-08-22 15:22:40] DEBUG    78   2.47746433e+14  8.98527973e+09  7.50e-05 1.35e-02  1.39e+03   692s
[2025-08-22 15:22:48] DEBUG    79   2.47432402e+14  9.03562034e+09  7.50e-05 1.30e-02  1.36e+03   701s
[2025-08-22 15:22:58] DEBUG    80   2.47004825e+14  9.08130099e+09  8.69e-05 1.26e-02  1.32e+03   711s
[2025-08-22 15:23:06] DEBUG    81   2.46381211e+14  9.11828304e+09  7.82e-05 1.22e-02  1.27e+03   718s
[2025-08-22 15:23:14] DEBUG    82   2.45985870e+14  9.17448586e+09  8.45e-05 1.17e-02  1.24e+03   727s
[2025-08-22 15:23:24] DEBUG    83   2.44564434e+14  9.20656151e+09  8.79e-05 1.17e-02  1.13e+03   737s
[2025-08-22 15:23:34] DEBUG    84   2.44248900e+14  9.26598149e+09  8.21e-05 1.17e-02  1.11e+03   746s
[2025-08-22 15:23:45] DEBUG    85   2.43748401e+14  9.35141844e+09  8.96e-05 1.17e-02  1.07e+03   758s
[2025-08-22 15:23:55] DEBUG    86   2.42103831e+14  9.40852028e+09  7.93e-05 1.17e-02  9.51e+02   768s
[2025-08-22 15:24:06] DEBUG    87   2.41192133e+14  9.47108010e+09  7.96e-05 1.17e-02  8.89e+02   778s
[2025-08-22 15:24:13] DEBUG    88   2.40747202e+14  9.51505185e+09  7.21e-05 1.16e-02  8.62e+02   786s
[2025-08-22 15:24:24] DEBUG    89   2.40082195e+14  9.54777301e+09  8.74e-05 1.16e-02  8.25e+02   796s
[2025-08-22 15:24:31] DEBUG    90   2.39323003e+14  9.57535294e+09  7.36e-05 1.16e-02  7.88e+02   804s
[2025-08-22 15:24:41] DEBUG    91   2.38251333e+14  9.60674205e+09  8.39e-05 1.16e-02  7.36e+02   814s
[2025-08-22 15:24:49] DEBUG    92   2.37681432e+14  9.63477490e+09  7.72e-05 1.16e-02  7.10e+02   822s
[2025-08-22 15:24:56] DEBUG    93   2.37114852e+14  9.66703814e+09  8.06e-05 1.16e-02  6.84e+02   829s
[2025-08-22 15:25:05] DEBUG    94   2.36851854e+14  9.68956369e+09  8.92e-05 1.16e-02  6.71e+02   838s
[2025-08-22 15:25:14] DEBUG    95   2.36227311e+14  9.70863725e+09  9.20e-05 1.16e-02  6.46e+02   847s
[2025-08-22 15:25:23] DEBUG    96   2.35285218e+14  9.71727922e+09  8.87e-05 1.16e-02  6.09e+02   856s
[2025-08-22 15:25:33] DEBUG    97   2.34152012e+14  9.73547388e+09  8.25e-05 1.16e-02  5.67e+02   866s
[2025-08-22 15:25:45] DEBUG    98   2.33676539e+14  9.75901906e+09  6.58e-05 1.16e-02  5.47e+02   878s
[2025-08-22 15:25:52] DEBUG    99   2.33443313e+14  9.76538744e+09  9.20e-05 1.16e-02  5.39e+02   884s
[2025-08-22 15:26:03] DEBUG    100   2.32710953e+14  9.78164664e+09  8.58e-05 1.16e-02  5.14e+02   895s
[2025-08-22 15:26:14] DEBUG    101   2.31388898e+14  9.82013435e+09  8.63e-05 1.16e-02  4.66e+02   906s
[2025-08-22 15:26:24] DEBUG    102   2.30467190e+14  9.85373716e+09  1.02e-04 1.15e-02  4.35e+02   917s
[2025-08-22 15:26:31] DEBUG    103   2.30188950e+14  9.87548967e+09  9.11e-05 1.15e-02  4.26e+02   924s
[2025-08-22 15:26:43] DEBUG    104   2.29575377e+14  9.90006761e+09  1.22e-04 1.15e-02  4.08e+02   935s
[2025-08-22 15:26:50] DEBUG    105   2.29131583e+14  9.91586579e+09  9.11e-05 1.15e-02  3.97e+02   943s
[2025-08-22 15:26:58] DEBUG    106   2.28602984e+14  9.92741685e+09  1.07e-04 1.15e-02  3.84e+02   951s
[2025-08-22 15:27:05] DEBUG    107   2.28066131e+14  9.94759635e+09  1.20e-04 1.15e-02  3.71e+02   958s
[2025-08-22 15:27:16] DEBUG    108   2.27261181e+14  9.95858605e+09  1.44e-04 1.15e-02  3.52e+02   968s
[2025-08-22 15:27:26] DEBUG    109   2.26191937e+14  9.98433035e+09  1.11e-04 1.15e-02  3.28e+02   979s
[2025-08-22 15:27:33] DEBUG    110   2.25896210e+14  9.99566411e+09  8.54e-05 1.15e-02  3.22e+02   986s
[2025-08-22 15:27:42] DEBUG    111   2.25208711e+14  1.00088930e+10  1.02e-04 1.15e-02  3.08e+02   995s
[2025-08-22 15:27:49] DEBUG    112   2.24609508e+14  1.00186251e+10  8.39e-05 1.15e-02  2.97e+02  1002s
[2025-08-22 15:28:00] DEBUG    113   2.23738507e+14  1.00330992e+10  8.25e-05 1.15e-02  2.79e+02  1013s
[2025-08-22 15:28:07] DEBUG    114   2.23393041e+14  1.00399020e+10  1.21e-04 1.15e-02  2.73e+02  1020s
[2025-08-22 15:28:15] DEBUG    115   2.23012157e+14  1.00547445e+10  8.68e-05 1.15e-02  2.66e+02  1027s
[2025-08-22 15:28:25] DEBUG    116   2.22227181e+14  1.00761612e+10  1.04e-04 1.15e-02  2.50e+02  1037s
[2025-08-22 15:28:35] DEBUG    117   2.21479858e+14  1.00999617e+10  1.03e-04 1.15e-02  2.37e+02  1048s
[2025-08-22 15:28:47] DEBUG    118   2.20878965e+14  1.01078678e+10  1.06e-04 1.15e-02  2.28e+02  1060s
[2025-08-22 15:28:57] DEBUG    119   2.20262019e+14  1.01383998e+10  1.06e-04 1.15e-02  2.17e+02  1069s
[2025-08-22 15:29:04] DEBUG    120   2.19853752e+14  1.01474549e+10  1.14e-04 1.15e-02  2.11e+02  1076s
[2025-08-22 15:29:15] DEBUG    121   2.18352259e+14  1.01612659e+10  1.41e-04 1.15e-02  1.91e+02  1088s
[2025-08-22 15:29:25] DEBUG    122   2.17932476e+14  1.01655315e+10  1.12e-04 1.15e-02  1.86e+02  1098s
[2025-08-22 15:29:34] DEBUG    123   2.17521995e+14  1.01760248e+10  1.16e-04 1.15e-02  1.81e+02  1107s
[2025-08-22 15:29:45] DEBUG    124   2.17162463e+14  1.01811959e+10  1.03e-04 1.15e-02  1.76e+02  1118s
[2025-08-22 15:29:57] DEBUG    125   2.16682126e+14  1.01878171e+10  1.09e-04 1.15e-02  1.70e+02  1130s
[2025-08-22 15:30:07] DEBUG    126   2.15194069e+14  1.02035118e+10  1.01e-04 1.15e-02  1.52e+02  1140s
[2025-08-22 15:30:19] DEBUG    127   2.14417022e+14  1.02114645e+10  7.77e-05 1.15e-02  1.45e+02  1152s
[2025-08-22 15:30:30] DEBUG    128   2.14145707e+14  1.02145025e+10  1.25e-04 1.15e-02  1.42e+02  1163s
[2025-08-22 15:30:41] DEBUG    129   2.13499682e+14  1.02259073e+10  1.03e-04 1.15e-02  1.35e+02  1174s
[2025-08-22 15:30:52] DEBUG    130   2.12219796e+14  1.02332464e+10  1.08e-04 1.15e-02  1.25e+02  1185s
[2025-08-22 15:31:03] DEBUG    131   2.11637435e+14  1.02439951e+10  9.82e-05 1.15e-02  1.20e+02  1196s
[2025-08-22 15:31:12] DEBUG    132   2.11075699e+14  1.02525901e+10  8.30e-05 1.14e-02  1.15e+02  1205s
[2025-08-22 15:31:21] DEBUG    133   2.10983511e+14  1.02559330e+10  1.21e-04 1.14e-02  1.15e+02  1213s
[2025-08-22 15:31:31] DEBUG    134   2.09880951e+14  1.02686394e+10  9.06e-05 1.14e-02  1.06e+02  1224s
[2025-08-22 15:31:43] DEBUG    135   2.08952860e+14  1.02728456e+10  1.11e-04 1.14e-02  1.05e+02  1235s
[2025-08-22 15:31:54] DEBUG    136   2.08243324e+14  1.02798386e+10  8.44e-05 1.14e-02  1.01e+02  1246s
[2025-08-22 15:32:04] DEBUG    137   2.07767859e+14  1.02852926e+10  9.73e-05 1.14e-02  9.79e+01  1256s
[2025-08-22 15:32:04] DEBUG    Barrier performed 137 iterations in 1256.45 seconds (241.26 work units)
Barrier solve interrupted - model solved by another algorithm
[2025-08-22 15:32:04] DEBUG    Solved with dual simplex
[2025-08-22 15:32:13] DEBUG    Iteration    Objective       Primal Inf.    Dual Inf.      Time
[2025-08-22 15:32:13] DEBUG    645147    1.5812681e+10   0.000000e+00   0.000000e+00   1266s

Solved in 645147 iterations and 1265.55 seconds (273.90 work units)
[2025-08-22 15:32:13] DEBUG    Optimal objective  1.581268140e+10
❌ Errore nel run di autarky_GT+VRES_2030_PHES: 'Model' object has no attribute 'backend_model'
🏁 Tutti gli scenari sono stati processati.
