
🚀 Lancio scenario: autarky_VRES_2030_BESS
[2025-09-12 16:21:24] INFO     Loading sets
[2025-09-12 16:21:24] INFO     Loading parameters
[2025-09-12 16:22:08] INFO     constraints are loaded in the following order: ['energy_balance', 'dispatch', 'costs', 'capacity', 'network', 'policy', 'conversion', 'group', 'conversion_plus', 'milp', 'export']
[2025-09-12 16:22:08] INFO     creating energy_balance constraints
[2025-09-12 16:25:55] INFO     creating dispatch constraints
[2025-09-12 16:28:38] INFO     creating costs constraints
[2025-09-12 16:38:11] INFO     creating capacity constraints
[2025-09-12 16:38:11] INFO     creating network constraints
[2025-09-12 16:38:11] INFO     creating policy constraints
[2025-09-12 16:38:11] INFO     creating conversion constraints
[2025-09-12 16:38:11] INFO     creating group constraints
[2025-09-12 16:38:11] INFO     creating conversion_plus constraints
[2025-09-12 16:38:11] INFO     creating milp constraints
[2025-09-12 16:38:11] INFO     creating export constraints
[2025-09-12 16:49:34] DEBUG    Set parameter WLSAccessID
Set parameter WLSSecret
Set parameter LicenseID to value 2680226
[2025-09-12 16:49:35] DEBUG    Academic license 2680226 - for non-commercial use only - registered to an___@mail.polimi.it
[2025-09-12 16:50:08] DEBUG    Read LP format model from file /tmp/tmpqajsemcg.pyomo.lp
Reading time = 33.01 seconds
x15814637: 21526210 rows, 15814637 columns, 51761125 nonzeros
[2025-09-12 16:50:08] DEBUG    Set parameter NumericFocus to value 1
Gurobi Optimizer version 12.0.2 build v12.0.2rc0 (linux64 - "Debian GNU/Linux 11 (bullseye)")

CPU model: Intel(R) Xeon(R) Silver 4314 CPU @ 2.40GHz, instruction set [SSE2|AVX|AVX2|AVX512]
Thread count: 32 physical cores, 64 logical processors, using up to 32 threads

Non-default parameters:
NumericFocus  1
[2025-09-12 16:50:08] DEBUG    Academic license 2680226 - for non-commercial use only - registered to an___@mail.polimi.it
Optimize a model with 21526210 rows, 15814637 columns and 51761125 nonzeros
[2025-09-12 16:50:08] DEBUG    Model fingerprint: 0x4e610e4e
[2025-09-12 16:50:09] DEBUG    Coefficient statistics:
  Matrix range     [1e-07, 3e+02]
  Objective range  [1e+00, 1e+06]
  Bounds range     [0e+00, 0e+00]
  RHS range        [1e+00, 2e+08]
[2025-09-12 16:50:14] DEBUG    Presolve removed 17319713 rows and 9299699 columns (presolve time = 5s)...
[2025-09-12 16:50:19] DEBUG    Presolve removed 19192715 rows and 12880000 columns (presolve time = 10s)...
[2025-09-12 16:50:24] DEBUG    Presolve removed 19975751 rows and 13074362 columns (presolve time = 16s)...
[2025-09-12 16:50:27] DEBUG    Presolve removed 20115895 rows and 13091882 columns
[2025-09-12 16:50:27] DEBUG    Presolve time: 19.11s
Presolved: 1410315 rows, 2862899 columns, 8160628 nonzeros

Concurrent LP optimizer: primal simplex, dual simplex, and barrier
Showing barrier log only...
[2025-09-12 16:50:29] DEBUG    Ordering time: 1.10s
[2025-09-12 16:50:31] DEBUG    Barrier statistics:
 Dense cols : 115
[2025-09-12 16:50:31] DEBUG    AA' NZ     : 8.225e+06
 Factor NZ  : 2.674e+07 (roughly 2.0 GB of memory)
 Factor Ops : 7.381e+08 (less than 1 second per iteration)
 Threads    : 30
[2025-09-12 16:50:34] DEBUG    Objective                Residual
[2025-09-12 16:50:34] DEBUG    Iter       Primal          Dual         Primal    Dual     Compl     Time
[2025-09-12 16:50:35] DEBUG    0   4.68904331e+21 -1.07608686e+19  6.49e+10 2.79e-01  6.28e+15    27s
[2025-09-12 16:50:40] DEBUG    1   1.71274783e+21 -1.07998865e+19  2.06e+10 3.46e+05  2.44e+15    32s
[2025-09-12 16:50:45] DEBUG    2   1.02946055e+21 -8.13667484e+18  1.17e+10 5.97e+04  1.04e+15    37s
[2025-09-12 16:50:52] DEBUG    3   6.24489493e+20 -7.27351950e+18  6.92e+09 1.63e+04  5.71e+14    44s
[2025-09-12 16:50:58] DEBUG    4   4.42914738e+20 -6.94527348e+18  4.91e+09 9.80e+03  4.00e+14    50s
[2025-09-12 16:51:01] DEBUG    5   3.80044509e+20 -6.58697286e+18  4.19e+09 3.39e+03  3.33e+14    54s
[2025-09-12 16:51:05] DEBUG    6   2.06312183e+20 -6.32106965e+18  2.24e+09 1.35e+03  1.79e+14    57s
[2025-09-12 16:51:09] DEBUG    7   1.86319039e+20 -6.07086028e+18  2.01e+09 5.69e+02  1.62e+14    61s
[2025-09-12 16:51:13] DEBUG    8   1.44622036e+20 -5.76568998e+18  1.56e+09 3.02e+02  1.25e+14    65s
[2025-09-12 16:51:18] DEBUG    9   1.03175088e+20 -5.30825941e+18  1.11e+09 1.07e+02  8.87e+13    70s
[2025-09-12 16:51:22] DEBUG    10   9.17374405e+19 -5.07996475e+18  9.85e+08 7.44e+01  7.88e+13    74s
[2025-09-12 16:51:27] DEBUG    11   4.66745681e+19 -4.57270192e+18  5.07e+08 2.57e+01  4.06e+13    79s
[2025-09-12 16:51:31] DEBUG    12   2.65065069e+19 -3.91533089e+18  2.89e+08 1.28e+01  2.31e+13    83s
[2025-09-12 16:51:36] DEBUG    13   7.62176463e+18 -3.15573413e+18  8.32e+07 5.23e+00  6.92e+12    89s
[2025-09-12 16:51:43] DEBUG    14   1.69236046e+18 -1.80502850e+18  1.77e+07 1.38e+00  1.61e+12    95s
[2025-09-12 16:51:48] DEBUG    15   2.60523352e+17 -9.28334749e+17  2.57e+06 5.81e-01  3.39e+11   100s
[2025-09-12 16:51:52] DEBUG    16   2.95308444e+16 -4.79583698e+17  2.48e+05 2.69e-01  1.02e+11   104s
[2025-09-12 16:51:55] DEBUG    17   3.96021714e+15 -3.95756518e+16  3.22e+04 1.07e-02  8.26e+09   108s
[2025-09-12 16:51:59] DEBUG    18   1.40683026e+14 -1.89404233e+15  6.95e+01 2.68e-02  3.46e+08   111s
[2025-09-12 16:52:03] DEBUG    19   1.27892966e+14 -5.43033512e+14  2.06e+00 2.60e-02  1.01e+08   115s
[2025-09-12 16:52:10] DEBUG    20   1.15662279e+14 -2.52746636e+14  1.48e-03 2.69e-02  4.69e+07   122s
[2025-09-12 16:52:20] DEBUG    21   1.12348212e+14 -1.84653182e+14  1.24e-03 2.72e-02  3.44e+07   132s
[2025-09-12 16:52:33] DEBUG    22   1.08464886e+14 -1.03735538e+14  9.92e-04 2.77e-02  1.94e+07   146s
[2025-09-12 16:52:47] DEBUG    23   1.04611147e+14 -6.54007656e+13  7.93e-04 2.82e-02  1.23e+07   159s
[2025-09-12 16:53:06] DEBUG    24   1.00417006e+14 -4.90473885e+13  6.26e-04 2.78e-02  9.24e+06   178s
[2025-09-12 16:53:25] DEBUG    25   9.97338829e+13 -3.68635903e+13  5.95e-04 2.68e-02  7.01e+06   197s
[2025-09-12 16:53:40] DEBUG    26   9.68063741e+13 -3.16572730e+13  4.58e-04 2.64e-02  5.97e+06   213s
[2025-09-12 16:53:59] DEBUG    27   9.56567374e+13 -2.45222435e+13  4.12e-04 2.59e-02  4.63e+06   232s
[2025-09-12 16:54:11] DEBUG    28   9.17212599e+13 -1.18114090e+13  6.94e-04 2.77e-02  2.23e+06   243s
[2025-09-12 16:54:27] DEBUG    29   8.99808353e+13 -1.09638765e+13  6.56e-04 2.76e-02  2.04e+06   259s
[2025-09-12 16:54:37] DEBUG    30   8.84934238e+13 -7.20464847e+12  5.65e-04 2.73e-02  1.32e+06   269s
[2025-09-12 16:54:50] DEBUG    31   8.80163830e+13 -6.76057870e+12  5.72e-04 2.73e-02  1.23e+06   282s
[2025-09-12 16:55:00] DEBUG    32   8.58906610e+13 -5.25242327e+12  6.18e-04 2.71e-02  9.24e+05   292s
[2025-09-12 16:55:13] DEBUG    33   8.50372058e+13 -4.05613022e+12  5.49e-04 2.68e-02  6.93e+05   305s
[2025-09-12 16:55:22] DEBUG    34   8.36998035e+13 -3.64296488e+12  4.73e-04 2.67e-02  6.01e+05   314s
[2025-09-12 16:55:33] DEBUG    35   8.23491252e+13 -2.55471465e+12  7.25e-04 2.67e-02  3.88e+05   325s
[2025-09-12 16:55:45] DEBUG    36   8.14346863e+13 -1.77123320e+12  8.16e-04 2.65e-02  2.34e+05   337s
[2025-09-12 16:55:52] DEBUG    37   8.06103314e+13 -1.54101457e+12  6.94e-04 2.65e-02  1.84e+05   344s
[2025-09-12 16:56:01] DEBUG    38   7.95760097e+13 -1.24071908e+12  6.87e-04 2.65e-02  1.24e+05   353s
[2025-09-12 16:56:11] DEBUG    39   7.80339293e+13 -1.13317767e+12  7.10e-04 2.65e-02  9.35e+04   363s
[2025-09-12 16:56:23] DEBUG    40   7.73528796e+13 -1.02958594e+12  6.48e-04 2.64e-02  7.33e+04   375s
[2025-09-12 16:56:30] DEBUG    41   7.65485758e+13 -9.18454874e+11  6.48e-04 2.65e-02  5.31e+04   382s
[2025-09-12 16:56:39] DEBUG    42   7.58120378e+13 -8.76052469e+11  8.47e-04 2.65e-02  4.25e+04   391s
[2025-09-12 16:56:48] DEBUG    43   7.52823442e+13 -8.26378445e+11  7.78e-04 2.64e-02  3.39e+04   401s
[2025-09-12 16:56:56] DEBUG    44   7.49612466e+13 -7.98187725e+11  6.60e-04 2.64e-02  2.90e+04   408s
[2025-09-12 16:57:06] DEBUG    45   7.45243613e+13 -7.63488858e+11  6.37e-04 2.64e-02  2.30e+04   418s
[2025-09-12 16:57:15] DEBUG    46   7.41370929e+13 -7.50874977e+11  6.37e-04 2.64e-02  2.01e+04   427s
[2025-09-12 16:57:24] DEBUG    47   7.38853645e+13 -7.41730482e+11  5.46e-04 2.63e-02  1.82e+04   436s
[2025-09-12 16:57:33] DEBUG    48   7.36599464e+13 -7.33307195e+11  5.61e-04 2.63e-02  1.65e+04   445s
[2025-09-12 16:57:42] DEBUG    49   7.34271050e+13 -7.27856838e+11  5.19e-04 2.63e-02  1.52e+04   454s
[2025-09-12 16:57:52] DEBUG    50   7.32718062e+13 -7.20483105e+11  4.96e-04 2.63e-02  1.36e+04   464s
[2025-09-12 16:58:00] DEBUG    51   7.31315902e+13 -7.17084087e+11  4.39e-04 2.63e-02  1.29e+04   472s
[2025-09-12 16:58:08] DEBUG    52   7.29278602e+13 -7.15194388e+11  3.85e-04 2.63e-02  1.22e+04   480s
[2025-09-12 16:58:17] DEBUG    53   7.28057663e+13 -7.11383476e+11  3.62e-04 2.63e-02  1.14e+04   489s
[2025-09-12 16:58:24] DEBUG    54   7.26218284e+13 -7.09434334e+11  3.36e-04 2.63e-02  1.08e+04   496s
[2025-09-12 16:58:33] DEBUG    55   7.24737185e+13 -7.04933732e+11  3.09e-04 2.63e-02  9.93e+03   505s
[2025-09-12 16:58:41] DEBUG    56   7.23378512e+13 -7.02593390e+11  3.01e-04 2.63e-02  9.34e+03   513s
[2025-09-12 16:58:50] DEBUG    57   7.22138698e+13 -7.00340444e+11  2.98e-04 2.63e-02  8.85e+03   522s
[2025-09-12 16:58:57] DEBUG    58   7.20395272e+13 -6.97629400e+11  2.90e-04 2.62e-02  8.08e+03   529s
[2025-09-12 16:59:05] DEBUG    59   7.19307687e+13 -6.95671956e+11  2.71e-04 2.62e-02  7.69e+03   537s
[2025-09-12 16:59:15] DEBUG    60   7.17931581e+13 -6.93914215e+11  2.63e-04 2.62e-02  7.23e+03   547s
[2025-09-12 16:59:21] DEBUG    61   7.17173259e+13 -6.93594607e+11  2.63e-04 2.62e-02  6.99e+03   553s
[2025-09-12 16:59:30] DEBUG    62   7.15986641e+13 -6.92830650e+11  2.59e-04 2.62e-02  6.68e+03   562s
[2025-09-12 16:59:39] DEBUG    63   7.14162512e+13 -6.90195169e+11  2.48e-04 2.62e-02  6.17e+03   571s
[2025-09-12 16:59:46] DEBUG    64   7.13287426e+13 -6.90207826e+11  2.37e-04 2.62e-02  5.97e+03   578s
[2025-09-12 16:59:55] DEBUG    65   7.11954690e+13 -6.89749622e+11  2.17e-04 2.62e-02  5.72e+03   587s
[2025-09-12 17:00:02] DEBUG    66   7.10446273e+13 -6.87991285e+11  2.21e-04 2.62e-02  5.32e+03   594s
[2025-09-12 17:00:11] DEBUG    67   7.08449580e+13 -6.87663251e+11  2.10e-04 2.62e-02  5.04e+03   603s
[2025-09-12 17:00:18] DEBUG    68   7.07235288e+13 -6.85265836e+11  1.95e-04 2.62e-02  4.65e+03   611s
[2025-09-12 17:00:27] DEBUG    69   7.06301051e+13 -6.84154675e+11  1.91e-04 2.62e-02  4.45e+03   620s
[2025-09-12 17:00:36] DEBUG    70   7.05583184e+13 -6.83521767e+11  1.79e-04 2.62e-02  4.26e+03   628s
[2025-09-12 17:00:44] DEBUG    71   7.04910128e+13 -6.82906724e+11  1.83e-04 2.62e-02  4.12e+03   636s
[2025-09-12 17:00:53] DEBUG    72   7.04314059e+13 -6.82610913e+11  1.75e-04 2.62e-02  3.99e+03   645s
[2025-09-12 17:00:59] DEBUG    73   7.03650213e+13 -6.82727400e+11  1.72e-04 2.62e-02  3.89e+03   651s
[2025-09-12 17:01:05] DEBUG    74   7.02669301e+13 -6.82352544e+11  1.83e-04 2.62e-02  3.71e+03   657s
[2025-09-12 17:01:15] DEBUG    75   7.01385175e+13 -6.81618104e+11  1.83e-04 2.62e-02  3.47e+03   667s
[2025-09-12 17:01:24] DEBUG    76   7.00033641e+13 -6.80688476e+11  1.64e-04 2.62e-02  3.24e+03   676s
[2025-09-12 17:01:32] DEBUG    77   6.99620424e+13 -6.80725246e+11  1.60e-04 2.62e-02  3.18e+03   684s
[2025-09-12 17:01:40] DEBUG    78   6.98168803e+13 -6.79043946e+11  1.56e-04 2.62e-02  2.99e+03   692s
[2025-09-12 17:01:48] DEBUG    79   6.97607814e+13 -6.78558636e+11  1.53e-04 2.62e-02  2.89e+03   700s
[2025-09-12 17:01:56] DEBUG    80   6.97088386e+13 -6.78247629e+11  1.53e-04 2.62e-02  2.82e+03   708s
[2025-09-12 17:02:03] DEBUG    81   6.96503036e+13 -6.78119459e+11  1.53e-04 2.62e-02  2.73e+03   715s
[2025-09-12 17:02:12] DEBUG    82   6.95894714e+13 -6.77899022e+11  1.53e-04 2.62e-02  2.63e+03   725s
[2025-09-12 17:02:21] DEBUG    83   6.95315420e+13 -6.77674852e+11  1.83e-04 2.62e-02  2.56e+03   733s
[2025-09-12 17:02:26] DEBUG    84   6.94829614e+13 -6.77612864e+11  1.83e-04 2.62e-02  2.51e+03   739s
[2025-09-12 17:02:34] DEBUG    85   6.93102747e+13 -6.76775806e+11  1.83e-04 2.62e-02  2.38e+03   746s
[2025-09-12 17:02:44] DEBUG    86   6.92270112e+13 -6.76082398e+11  1.53e-04 2.61e-02  2.28e+03   756s
[2025-09-12 17:02:50] DEBUG    87   6.91810522e+13 -6.77270005e+11  1.53e-04 2.61e-02  2.24e+03   762s
[2025-09-12 17:02:59] DEBUG    88   6.91374102e+13 -6.76011805e+11  1.53e-04 2.61e-02  2.12e+03   771s
[2025-09-12 17:03:09] DEBUG    89   6.90544869e+13 -6.75629085e+11  1.83e-04 2.61e-02  1.98e+03   781s
[2025-09-12 17:03:17] DEBUG    90   6.89843251e+13 -6.75822534e+11  1.53e-04 2.61e-02  1.93e+03   789s
[2025-09-12 17:03:25] DEBUG    91   6.87967545e+13 -6.74995132e+11  1.53e-04 2.61e-02  1.80e+03   797s
[2025-09-12 17:03:34] DEBUG    92   6.87084353e+13 -6.73704392e+11  1.53e-04 2.61e-02  1.74e+03   806s
[2025-09-12 17:03:43] DEBUG    93   6.86250067e+13 -6.72960829e+11  1.53e-04 2.61e-02  1.66e+03   815s
[2025-09-12 17:03:52] DEBUG    94   6.85378554e+13 -6.72274074e+11  1.53e-04 2.61e-02  1.60e+03   824s
[2025-09-12 17:04:01] DEBUG    95   6.84561043e+13 -6.72054772e+11  1.53e-04 2.61e-02  1.55e+03   833s
[2025-09-12 17:04:09] DEBUG    96   6.83861854e+13 -6.71528059e+11  1.53e-04 2.61e-02  1.50e+03   841s
[2025-09-12 17:04:18] DEBUG    97   6.83245309e+13 -6.71036062e+11  1.53e-04 2.61e-02  1.45e+03   850s
[2025-09-12 17:04:27] DEBUG    98   6.82951341e+13 -6.70405655e+11  1.53e-04 2.61e-02  1.43e+03   859s
[2025-09-12 17:04:32] DEBUG    99   6.82625272e+13 -6.70135561e+11  1.53e-04 2.61e-02  1.40e+03   865s
[2025-09-12 17:04:41] DEBUG    100   6.82040589e+13 -6.69738998e+11  1.83e-04 2.61e-02  1.37e+03   874s
[2025-09-12 17:04:49] DEBUG    101   6.81676035e+13 -6.69428609e+11  1.83e-04 2.61e-02  1.34e+03   881s
[2025-09-12 17:04:57] DEBUG    102   6.81333102e+13 -6.69190847e+11  1.83e-04 2.61e-02  1.32e+03   889s
[2025-09-12 17:05:03] DEBUG    103   6.80933501e+13 -6.68892360e+11  1.53e-04 2.61e-02  1.29e+03   895s
[2025-09-12 17:05:11] DEBUG    104   6.80663477e+13 -6.68732521e+11  1.53e-04 2.61e-02  1.28e+03   903s
[2025-09-12 17:05:20] DEBUG    105   6.80131320e+13 -6.68495225e+11  1.53e-04 2.61e-02  1.24e+03   912s
[2025-09-12 17:05:26] DEBUG    106   6.79851205e+13 -6.68305117e+11  1.53e-04 2.61e-02  1.22e+03   919s
[2025-09-12 17:05:33] DEBUG    107   6.79616393e+13 -6.68140224e+11  1.53e-04 2.61e-02  1.21e+03   925s
[2025-09-12 17:05:39] DEBUG    108   6.79432105e+13 -6.67936898e+11  1.83e-04 2.61e-02  1.19e+03   932s
[2025-09-12 17:05:48] DEBUG    109   6.79192774e+13 -6.67781333e+11  1.83e-04 2.61e-02  1.18e+03   940s
[2025-09-12 17:05:55] DEBUG    110   6.78904059e+13 -6.67613108e+11  1.83e-04 2.61e-02  1.17e+03   948s
[2025-09-12 17:06:01] DEBUG    111   6.78666880e+13 -6.67428878e+11  1.83e-04 2.61e-02  1.15e+03   953s
[2025-09-12 17:06:10] DEBUG    112   6.78493678e+13 -6.67196867e+11  1.83e-04 2.61e-02  1.14e+03   962s
[2025-09-12 17:06:18] DEBUG    113   6.78293309e+13 -6.66996194e+11  2.14e-04 2.61e-02  1.13e+03   970s
[2025-09-12 17:06:26] DEBUG    114   6.78016540e+13 -6.66807567e+11  2.14e-04 2.61e-02  1.11e+03   979s
[2025-09-12 17:06:35] DEBUG    115   6.77872732e+13 -6.66540747e+11  2.44e-04 2.61e-02  1.10e+03   987s
[2025-09-12 17:06:42] DEBUG    116   6.77579081e+13 -6.66153231e+11  2.44e-04 2.61e-02  1.09e+03   995s
[2025-09-12 17:06:49] DEBUG    117   6.77380454e+13 -6.65960096e+11  1.83e-04 2.61e-02  1.21e+03  1001s
[2025-09-12 17:06:49] DEBUG    Barrier performed 117 iterations in 1001.41 seconds (204.46 work units)
[2025-09-12 17:06:49] DEBUG    Numerical trouble encountered
[2025-09-12 17:06:49] DEBUG    Model may be infeasible or unbounded.  Consider using the
[2025-09-12 17:06:49] DEBUG    homogeneous algorithm (through parameter 'BarHomogeneous')
[2025-09-12 17:07:54] DEBUG    Waiting for other threads to finish...        1066s
[2025-09-12 17:08:59] DEBUG    Waiting for other threads to finish...        1131s
[2025-09-12 17:09:19] DEBUG    Solved with dual simplex
[2025-09-12 17:09:29] DEBUG    Iteration    Objective       Primal Inf.    Dual Inf.      Time
[2025-09-12 17:09:29] DEBUG    821104    1.2267958e+10   0.000000e+00   0.000000e+00   1161s

Solved in 821104 iterations and 1161.07 seconds (374.95 work units)
[2025-09-12 17:09:29] DEBUG    Optimal objective  1.226795816e+10
❌ Errore nel run di autarky_VRES_2030_BESS: 'Model' object has no attribute 'backend_model'

🚀 Lancio scenario: autarky_VRES_2030_PHES
[2025-09-12 17:16:19] INFO     Loading sets
[2025-09-12 17:16:19] INFO     Loading parameters
[2025-09-12 17:16:53] INFO     constraints are loaded in the following order: ['energy_balance', 'dispatch', 'costs', 'capacity', 'network', 'policy', 'conversion', 'group', 'conversion_plus', 'milp', 'export']
[2025-09-12 17:16:53] INFO     creating energy_balance constraints
[2025-09-12 17:21:18] INFO     creating dispatch constraints
[2025-09-12 17:24:49] INFO     creating costs constraints
[2025-09-12 17:34:39] INFO     creating capacity constraints
[2025-09-12 17:34:39] INFO     creating network constraints
[2025-09-12 17:34:39] INFO     creating policy constraints
[2025-09-12 17:34:39] INFO     creating conversion constraints
[2025-09-12 17:34:39] INFO     creating group constraints
[2025-09-12 17:34:39] INFO     creating conversion_plus constraints
[2025-09-12 17:34:39] INFO     creating milp constraints
[2025-09-12 17:34:39] INFO     creating export constraints
[2025-09-12 17:46:01] DEBUG    Set parameter WLSAccessID
Set parameter WLSSecret
Set parameter LicenseID to value 2680226
[2025-09-12 17:46:02] DEBUG    Academic license 2680226 - for non-commercial use only - registered to an___@mail.polimi.it
[2025-09-12 17:46:33] DEBUG    Read LP format model from file /tmp/tmp9h_yz8od.pyomo.lp
Reading time = 31.82 seconds
x15814637: 21526268 rows, 15814637 columns, 52015223 nonzeros
[2025-09-12 17:46:33] DEBUG    Set parameter NumericFocus to value 1
Gurobi Optimizer version 12.0.2 build v12.0.2rc0 (linux64 - "Debian GNU/Linux 11 (bullseye)")

CPU model: Intel(R) Xeon(R) Silver 4314 CPU @ 2.40GHz, instruction set [SSE2|AVX|AVX2|AVX512]
Thread count: 32 physical cores, 64 logical processors, using up to 32 threads

Non-default parameters:
NumericFocus  1
[2025-09-12 17:46:34] DEBUG    Academic license 2680226 - for non-commercial use only - registered to an___@mail.polimi.it
Optimize a model with 21526268 rows, 15814637 columns and 52015223 nonzeros
[2025-09-12 17:46:34] DEBUG    Model fingerprint: 0x7632443a
[2025-09-12 17:46:34] DEBUG    Coefficient statistics:
  Matrix range     [1e-07, 3e+02]
  Objective range  [1e+00, 1e+06]
  Bounds range     [0e+00, 0e+00]
  RHS range        [1e+00, 6e+09]
Warning: Model contains large rhs
[2025-09-12 17:46:40] DEBUG    Presolve removed 17451177 rows and 9378545 columns (presolve time = 5s)...
[2025-09-12 17:46:45] DEBUG    Presolve removed 19543115 rows and 13132178 columns (presolve time = 10s)...
[2025-09-12 17:46:50] DEBUG    Presolve removed 20081004 rows and 13132178 columns (presolve time = 15s)...
[2025-09-12 17:46:52] DEBUG    Presolve removed 20221148 rows and 13149698 columns
[2025-09-12 17:46:52] DEBUG    Presolve time: 18.85s
Presolved: 1305120 rows, 2805083 columns, 7718778 nonzeros

Concurrent LP optimizer: primal simplex, dual simplex, and barrier
Showing barrier log only...
[2025-09-12 17:46:54] DEBUG    Ordering time: 0.77s
[2025-09-12 17:46:55] DEBUG    Barrier statistics:
 Dense cols : 112
 AA' NZ     : 7.504e+06
 Factor NZ  : 2.536e+07 (roughly 2.0 GB of memory)
 Factor Ops : 7.861e+08 (less than 1 second per iteration)
 Threads    : 30
[2025-09-12 17:46:59] DEBUG    Objective                Residual
[2025-09-12 17:46:59] DEBUG    Iter       Primal          Dual         Primal    Dual     Compl     Time
[2025-09-12 17:46:59] DEBUG    0   5.22361614e+21 -1.11448219e+19  6.49e+10 3.52e-01  6.77e+15    26s
[2025-09-12 17:47:03] DEBUG    1   4.80061242e+21 -1.15384852e+19  5.92e+10 3.34e+05  5.76e+15    30s
[2025-09-12 17:47:08] DEBUG    2   4.52039834e+21 -4.72645804e+19  5.60e+10 2.59e+05  5.49e+15    35s
[2025-09-12 17:47:15] DEBUG    3   3.67738923e+21 -1.96847038e+20  4.58e+10 5.64e+04  4.53e+15    41s
[2025-09-12 17:47:20] DEBUG    4   7.03455799e+20 -1.81465663e+20  8.16e+09 1.59e+04  8.39e+14    46s
[2025-09-12 17:47:26] DEBUG    5   1.71930486e+20 -1.22583492e+20  1.94e+09 2.51e+03  2.11e+14    53s
[2025-09-12 17:47:31] DEBUG    6   8.92053689e+19 -5.32009285e+19  9.82e+08 2.06e+02  1.02e+14    58s
[2025-09-12 17:47:35] DEBUG    7   3.84831269e+19 -2.56186390e+19  4.08e+08 4.80e+01  4.24e+13    62s
[2025-09-12 17:47:39] DEBUG    8   2.67892704e+19 -1.51229102e+19  2.79e+08 1.47e+01  2.82e+13    65s
[2025-09-12 17:47:43] DEBUG    9   1.49204799e+19 -1.06122016e+19  1.53e+08 2.86e+00  1.57e+13    69s
[2025-09-12 17:47:46] DEBUG    10   1.02405780e+19 -7.14946329e+18  1.04e+08 3.09e+00  1.05e+13    73s
[2025-09-12 17:47:50] DEBUG    11   8.62751074e+18 -4.06400401e+18  8.75e+07 3.87e-05  8.28e+12    76s
[2025-09-12 17:47:53] DEBUG    12   4.34710592e+18 -2.42879985e+18  4.32e+07 2.70e-05  4.09e+12    80s
[2025-09-12 17:47:57] DEBUG    13   3.46599222e+18 -1.70055043e+18  3.42e+07 4.02e-04  3.12e+12    83s
[2025-09-12 17:48:01] DEBUG    14   1.81451807e+18 -1.26615771e+18  1.76e+07 5.84e-05  1.64e+12    88s
[2025-09-12 17:48:05] DEBUG    15   2.94555339e+17 -6.09692733e+17  2.53e+06 8.63e-06  3.01e+11    92s
[2025-09-12 17:48:09] DEBUG    16   1.04259123e+17 -3.05848768e+17  8.59e+05 7.33e-04  1.12e+11    95s
[2025-09-12 17:48:14] DEBUG    17   1.75041616e+16 -5.41955089e+16  1.32e+05 4.10e-04  1.63e+10   100s
[2025-09-12 17:48:17] DEBUG    18   2.18428314e+15 -1.04880534e+16  1.50e+04 7.59e-05  2.49e+09   104s
[2025-09-12 17:48:22] DEBUG    19   8.68420829e+12 -8.09486793e+14  2.69e+00 4.60e-05  1.50e+08   108s
[2025-09-12 17:48:33] DEBUG    20   5.00389388e+12 -5.73162917e+14  5.26e-01 5.67e-03  1.06e+08   119s
[2025-09-12 17:48:40] DEBUG    21   4.39870792e+12 -1.80562528e+14  2.76e-04 6.08e-03  3.37e+07   126s
[2025-09-12 17:48:52] DEBUG    22   3.56928973e+12 -1.22497272e+14  1.13e-04 5.65e-03  2.30e+07   138s
[2025-09-12 17:49:06] DEBUG    23   3.06411405e+12 -7.25104219e+13  6.39e-05 7.38e-03  1.38e+07   152s
[2025-09-12 17:49:24] DEBUG    24   2.80862568e+12 -3.48633314e+13  4.82e-05 6.99e-03  6.86e+06   171s
[2025-09-12 17:49:41] DEBUG    25   2.63713793e+12 -3.29090046e+13  4.98e-05 6.71e-03  6.48e+06   188s
[2025-09-12 17:49:53] DEBUG    26   2.56272602e+12 -2.99079457e+13  4.46e-05 6.37e-03  5.92e+06   200s
[2025-09-12 17:50:05] DEBUG    27   2.53819716e+12 -2.83717206e+13  4.91e-05 6.20e-03  5.64e+06   211s
[2025-09-12 17:50:22] DEBUG    28   2.36929081e+12 -1.87508663e+13  4.82e-05 1.72e-02  3.84e+06   229s
[2025-09-12 17:50:47] DEBUG    29   2.26400132e+12 -1.53118149e+13  4.63e-05 1.66e-02  3.19e+06   254s
[2025-09-12 17:51:12] DEBUG    30   2.04976923e+12 -1.01526870e+13  5.08e-05 1.49e-02  2.21e+06   278s
[2025-09-12 17:51:37] DEBUG    31   1.83047301e+12 -6.41664884e+12  7.15e-05 1.77e-02  1.48e+06   304s
[2025-09-12 17:52:06] DEBUG    32   1.66926834e+12 -4.86665043e+12  5.63e-05 1.84e-02  1.17e+06   332s
[2025-09-12 17:52:32] DEBUG    33   1.40922768e+12 -1.96529314e+12  5.96e-05 1.96e-02  5.86e+05   358s
[2025-09-12 17:53:00] DEBUG    34   1.26227084e+12 -1.49635960e+12  4.86e-05 1.98e-02  4.73e+05   386s
[2025-09-12 17:53:21] DEBUG    35   1.13497844e+12 -5.25429034e+11  3.19e-05 2.02e-02  2.68e+05   407s
[2025-09-12 17:53:42] DEBUG    36   1.01644645e+12 -2.70686551e+11  3.34e-05 2.03e-02  2.00e+05   429s
[2025-09-12 17:53:57] DEBUG    37   9.27003430e+11  2.89429965e+10  3.67e-05 2.04e-02  1.30e+05   443s
[2025-09-12 17:54:11] DEBUG    38   8.81249823e+11  4.37771908e+10  5.20e-05 2.04e-02  1.21e+05   457s
[2025-09-12 17:54:26] DEBUG    39   8.60459508e+11  9.49646870e+10  7.53e-05 2.03e-02  1.08e+05   473s
[2025-09-12 17:54:41] DEBUG    40   8.34503855e+11  2.21498106e+11  4.58e-05 2.03e-02  8.10e+04   487s
[2025-09-12 17:54:55] DEBUG    41   7.93044571e+11  2.59233813e+11  6.53e-05 2.02e-02  6.87e+04   501s
[2025-09-12 17:55:08] DEBUG    42   7.57580717e+11  2.81888370e+11  8.11e-05 2.00e-02  6.02e+04   515s
[2025-09-12 17:55:24] DEBUG    43   7.24214790e+11  3.08758451e+11  8.34e-05 1.97e-02  5.14e+04   531s
[2025-09-12 17:55:38] DEBUG    44   6.92140976e+11  3.41582568e+11  7.34e-05 1.92e-02  4.17e+04   545s
[2025-09-12 17:55:54] DEBUG    45   6.67301954e+11  3.55870174e+11  6.44e-05 1.83e-02  3.64e+04   560s
[2025-09-12 17:56:09] DEBUG    46   6.54842823e+11  3.75256302e+11  7.58e-05 1.62e-02  3.16e+04   576s
[2025-09-12 17:56:24] DEBUG    47   6.28664916e+11  4.09227495e+11  5.72e-05 1.19e-02  2.22e+04   590s
[2025-09-12 17:56:38] DEBUG    48   6.18855548e+11  4.25740588e+11  5.05e-05 9.27e-03  1.82e+04   604s
[2025-09-12 17:56:51] DEBUG    49   5.96682572e+11  4.48470134e+11  4.20e-05 5.24e-03  1.14e+04   618s
[2025-09-12 17:57:05] DEBUG    50   5.74247076e+11  4.55552652e+11  6.06e-05 5.25e-03  7.10e+03   632s
[2025-09-12 17:57:17] DEBUG    51   5.68828574e+11  4.57167886e+11  6.91e-05 5.23e-03  6.15e+03   644s
[2025-09-12 17:57:29] DEBUG    52   5.67579968e+11  4.57338255e+11  4.53e-05 5.23e-03  5.96e+03   655s
[2025-09-12 17:57:41] DEBUG    53   5.66891653e+11  4.58183008e+11  6.39e-05 5.20e-03  5.74e+03   667s
[2025-09-12 17:57:52] DEBUG    54   5.60210710e+11  4.59373295e+11  4.67e-05 5.17e-03  4.69e+03   678s
[2025-09-12 17:58:04] DEBUG    55   5.51860263e+11  4.61427990e+11  3.81e-05 5.03e-03  3.29e+03   690s
[2025-09-12 17:58:23] DEBUG    56   5.46850812e+11  4.61641546e+11  6.10e-05 4.98e-03  2.66e+03   709s
[2025-09-12 17:58:42] DEBUG    57   5.45686328e+11  4.61665429e+11  5.63e-05 4.96e-03  2.54e+03   729s
[2025-09-12 17:59:01] DEBUG    58   5.43745335e+11  4.61960928e+11  5.87e-05 4.65e-03  2.29e+03   747s
[2025-09-12 17:59:14] DEBUG    59   5.43069288e+11  4.62007455e+11  6.15e-05 4.50e-03  2.22e+03   761s
[2025-09-12 17:59:31] DEBUG    60   5.42825359e+11  4.62030698e+11  7.06e-05 4.44e-03  2.19e+03   777s
[2025-09-12 17:59:46] DEBUG    61   5.37597526e+11  4.62583653e+11  4.01e-05 3.89e-03  1.57e+03   793s
[2025-09-12 18:00:00] DEBUG    62   5.35087478e+11  4.62719165e+11  4.77e-05 3.74e-03  1.27e+03   806s
[2025-09-12 18:00:20] DEBUG    63   5.34234254e+11  4.62751858e+11  9.30e-05 3.70e-03  1.16e+03   826s
[2025-09-12 18:00:33] DEBUG    64   5.31546971e+11  4.62856719e+11  5.96e-05 3.45e-03  8.32e+02   840s
[2025-09-12 18:00:45] DEBUG    65   5.29344081e+11  4.62898636e+11  4.77e-05 3.38e-03  5.91e+02   852s
[2025-09-12 18:00:58] DEBUG    66   5.28779462e+11  4.62932489e+11  6.20e-05 3.34e-03  5.23e+02   864s
[2025-09-12 18:01:08] DEBUG    67   5.27843776e+11  4.62953510e+11  6.01e-05 3.31e-03  4.22e+02   875s
[2025-09-12 18:01:17] DEBUG    68   5.27258700e+11  4.62978375e+11  4.77e-05 3.28e-03  3.61e+02   884s
[2025-09-12 18:01:27] DEBUG    69   5.26578188e+11  4.62994586e+11  5.15e-05 3.26e-03  2.98e+02   893s
[2025-09-12 18:01:36] DEBUG    70   5.26367143e+11  4.63018652e+11  6.68e-05 3.23e-03  2.71e+02   902s
[2025-09-12 18:01:45] DEBUG    71   5.26038518e+11  4.63030344e+11  8.15e-05 3.22e-03  2.34e+02   911s
[2025-09-12 18:01:54] DEBUG    72   5.25878927e+11  4.63043065e+11  7.82e-05 3.22e-03  2.16e+02   921s
[2025-09-12 18:02:02] DEBUG    73   5.25730753e+11  4.63046837e+11  7.06e-05 3.22e-03  2.01e+02   929s
[2025-09-12 18:02:11] DEBUG    74   5.25600723e+11  4.63058256e+11  7.63e-05 3.22e-03  1.88e+02   937s
[2025-09-12 18:02:19] DEBUG    75   5.25462750e+11  4.63068464e+11  5.82e-05 3.22e-03  1.73e+02   946s
[2025-09-12 18:02:27] DEBUG    76   5.25396797e+11  4.63072936e+11  6.63e-05 3.22e-03  1.67e+02   953s
[2025-09-12 18:02:36] DEBUG    77   5.25218459e+11  4.63078604e+11  7.15e-05 3.21e-03  1.52e+02   962s
[2025-09-12 18:02:45] DEBUG    78   5.24961292e+11  4.63082192e+11  4.39e-05 3.21e-03  1.30e+02   971s
[2025-09-12 18:02:53] DEBUG    79   5.24880974e+11  4.63090009e+11  5.44e-05 3.21e-03  1.23e+02   979s
[2025-09-12 18:03:01] DEBUG    80   5.24772334e+11  4.63099092e+11  5.01e-05 3.21e-03  1.14e+02   988s
[2025-09-12 18:03:10] DEBUG    81   5.24615811e+11  4.63104470e+11  7.01e-05 3.20e-03  1.02e+02   997s
[2025-09-12 18:03:19] DEBUG    82   5.24437855e+11  4.63109648e+11  4.39e-05 3.20e-03  8.98e+01  1005s
[2025-09-12 18:03:27] DEBUG    83   5.24383419e+11  4.63112700e+11  6.25e-05 3.20e-03  8.64e+01  1014s
[2025-09-12 18:03:35] DEBUG    84   5.24344940e+11  4.63115284e+11  6.87e-05 3.20e-03  8.39e+01  1021s
[2025-09-12 18:03:46] DEBUG    85   5.24276711e+11  4.63119171e+11  6.48e-05 3.19e-03  7.96e+01  1033s
[2025-09-12 18:03:56] DEBUG    86   5.24233782e+11  4.63122552e+11  5.48e-05 3.19e-03  7.69e+01  1042s
[2025-09-12 18:04:05] DEBUG    87   5.24100595e+11  4.63125024e+11  6.77e-05 3.19e-03  6.97e+01  1052s
[2025-09-12 18:04:14] DEBUG    88   5.24053202e+11  4.63128011e+11  7.96e-05 3.19e-03  6.71e+01  1060s
[2025-09-12 18:04:20] DEBUG    89   5.23998755e+11  4.63129891e+11  7.58e-05 3.19e-03  6.44e+01  1067s
[2025-09-12 18:04:29] DEBUG    90   5.23952111e+11  4.63132572e+11  7.53e-05 3.18e-03  6.19e+01  1075s
[2025-09-12 18:04:39] DEBUG    91   5.23860877e+11  4.63134498e+11  7.20e-05 3.18e-03  5.77e+01  1086s
[2025-09-12 18:04:47] DEBUG    92   5.23762434e+11  4.63136454e+11  7.06e-05 3.18e-03  5.35e+01  1093s
[2025-09-12 18:04:55] DEBUG    93   5.23688852e+11  4.63139325e+11  7.15e-05 3.18e-03  5.01e+01  1101s
[2025-09-12 18:05:05] DEBUG    94   5.23618543e+11  4.63142691e+11  8.01e-05 3.18e-03  4.71e+01  1111s
[2025-09-12 18:05:12] DEBUG    95   5.23425754e+11  4.63144518e+11  5.53e-05 3.18e-03  3.98e+01  1118s
[2025-09-12 18:05:25] DEBUG    96   5.23405064e+11  4.63148367e+11  6.01e-05 3.17e-03  3.86e+01  1132s
[2025-09-12 18:05:30] DEBUG    97   5.23328284e+11  4.63149866e+11  5.05e-05 3.17e-03  3.62e+01  1136s
[2025-09-12 18:05:43] DEBUG    98   5.23182807e+11  4.63151837e+11  6.29e-05 3.15e-03  3.18e+01  1150s
[2025-09-12 18:05:52] DEBUG    99   5.23074436e+11  4.63153515e+11  4.77e-05 3.13e-03  2.88e+01  1159s
[2025-09-12 18:06:02] DEBUG    100   5.23036661e+11  4.63155965e+11  5.34e-05 3.11e-03  2.75e+01  1169s
[2025-09-12 18:06:11] DEBUG    101   5.22949870e+11  4.63158300e+11  5.29e-05 3.07e-03  2.52e+01  1178s
[2025-09-12 18:06:20] DEBUG    102   5.22850227e+11  4.63159395e+11  5.96e-05 3.05e-03  2.30e+01  1186s
[2025-09-12 18:06:32] DEBUG    103   5.22774180e+11  4.63161857e+11  6.72e-05 3.01e-03  2.13e+01  1199s
[2025-09-12 18:06:40] DEBUG    104   5.22714249e+11  4.63163452e+11  6.63e-05 2.99e-03  2.00e+01  1207s
[2025-09-12 18:06:54] DEBUG    105   5.22662903e+11  4.63166122e+11  6.68e-05 2.96e-03  1.89e+01  1220s
[2025-09-12 18:07:03] DEBUG    106   5.22590627e+11  4.63168200e+11  7.06e-05 2.94e-03  1.76e+01  1230s
[2025-09-12 18:07:12] DEBUG    107   5.22495004e+11  4.63169875e+11  6.63e-05 2.92e-03  1.60e+01  1239s
[2025-09-12 18:07:21] DEBUG    108   5.22463583e+11  4.63171377e+11  7.96e-05 2.90e-03  1.54e+01  1248s
[2025-09-12 18:07:32] DEBUG    109   5.22385501e+11  4.63173607e+11  5.15e-05 2.88e-03  1.42e+01  1259s
[2025-09-12 18:07:43] DEBUG    110   5.22324582e+11  4.63174941e+11  6.29e-05 2.86e-03  1.33e+01  1269s
[2025-09-12 18:07:52] DEBUG    111   5.22262384e+11  4.63176149e+11  4.86e-05 2.85e-03  1.25e+01  1279s
[2025-09-12 18:08:02] DEBUG    112   5.22215909e+11  4.63177539e+11  7.15e-05 2.84e-03  1.19e+01  1288s
[2025-09-12 18:08:08] DEBUG    113   5.22199604e+11  4.63178236e+11  7.68e-05 2.83e-03  1.17e+01  1294s
[2025-09-12 18:08:18] DEBUG    114   5.22124343e+11  4.63179154e+11  7.72e-05 2.83e-03  1.09e+01  1304s
[2025-09-12 18:08:25] DEBUG    115   5.22058373e+11  4.63180384e+11  6.72e-05 2.82e-03  1.02e+01  1312s
[2025-09-12 18:08:32] DEBUG    116   5.22005899e+11  4.63181714e+11  9.16e-05 2.81e-03  9.63e+00  1319s
[2025-09-12 18:08:42] DEBUG    117   5.21922420e+11  4.63183337e+11  7.63e-05 2.80e-03  8.81e+00  1329s
[2025-09-12 18:08:53] DEBUG    118   5.21875754e+11  4.63185108e+11  7.68e-05 2.78e-03  8.34e+00  1340s
[2025-09-12 18:09:02] DEBUG    119   5.21808567e+11  4.63186146e+11  9.58e-05 2.78e-03  7.76e+00  1348s
[2025-09-12 18:09:11] DEBUG    120   5.21749825e+11  4.63187193e+11  9.11e-05 2.77e-03  7.29e+00  1358s
[2025-09-12 18:09:20] DEBUG    121   5.21700999e+11  4.63188745e+11  1.33e-04 2.76e-03  6.88e+00  1366s
[2025-09-12 18:09:32] DEBUG    122   5.21616974e+11  4.63189184e+11  8.11e-05 2.75e-03  6.33e+00  1378s
[2025-09-12 18:09:42] DEBUG    123   5.21572718e+11  4.63191013e+11  6.29e-05 2.74e-03  5.99e+00  1388s
[2025-09-12 18:09:51] DEBUG    124   5.21515091e+11  4.63191813e+11  8.68e-05 2.74e-03  5.64e+00  1398s
[2025-09-12 18:10:00] DEBUG    125   5.21445453e+11  4.63192238e+11  1.21e-04 2.73e-03  5.25e+00  1407s
[2025-09-12 18:10:08] DEBUG    126   5.21396674e+11  4.63192927e+11  1.06e-04 2.73e-03  4.98e+00  1414s
[2025-09-12 18:10:18] DEBUG    127   5.21357441e+11  4.63194008e+11  9.58e-05 2.72e-03  4.75e+00  1425s
[2025-09-12 18:10:28] DEBUG    128   5.21319157e+11  4.63194806e+11  1.12e-04 2.72e-03  4.55e+00  1435s
[2025-09-12 18:10:37] DEBUG    129   5.21268350e+11  4.63195359e+11  1.06e-04 2.71e-03  4.32e+00  1443s
[2025-09-12 18:10:46] DEBUG    130   5.21231454e+11  4.63195616e+11  1.38e-04 2.71e-03  4.16e+00  1452s
[2025-09-12 18:10:46] DEBUG    Barrier performed 130 iterations in 1452.48 seconds (263.49 work units)
Barrier solve interrupted - model solved by another algorithm
[2025-09-12 18:10:46] DEBUG    Solved with dual simplex
[2025-09-12 18:10:55] DEBUG    Iteration    Objective       Primal Inf.    Dual Inf.      Time
[2025-09-12 18:10:55] DEBUG    708068    4.6548129e+11   0.000000e+00   0.000000e+00   1461s

Solved in 708068 iterations and 1461.06 seconds (325.61 work units)
[2025-09-12 18:10:55] DEBUG    Optimal objective  4.654812908e+11
❌ Errore nel run di autarky_VRES_2030_PHES: 'Model' object has no attribute 'backend_model'

🚀 Lancio scenario: autarky_VRES_2030_nostorage
[2025-09-12 18:20:26] INFO     Loading sets
[2025-09-12 18:20:26] INFO     Loading parameters
[2025-09-12 18:20:58] INFO     constraints are loaded in the following order: ['energy_balance', 'dispatch', 'costs', 'capacity', 'network', 'policy', 'conversion', 'group', 'conversion_plus', 'milp', 'export']
[2025-09-12 18:20:58] INFO     creating energy_balance constraints
[2025-09-12 18:23:41] INFO     creating dispatch constraints
[2025-09-12 18:28:23] INFO     creating costs constraints
[2025-09-12 18:35:54] INFO     creating capacity constraints
[2025-09-12 18:35:54] INFO     creating network constraints
[2025-09-12 18:35:54] INFO     creating policy constraints
[2025-09-12 18:35:54] INFO     creating conversion constraints
[2025-09-12 18:35:54] INFO     creating group constraints
[2025-09-12 18:35:54] INFO     creating conversion_plus constraints
[2025-09-12 18:35:54] INFO     creating milp constraints
[2025-09-12 18:35:54] INFO     creating export constraints
[2025-09-12 18:46:30] DEBUG    Set parameter WLSAccessID
Set parameter WLSSecret
Set parameter LicenseID to value 2680226
[2025-09-12 18:46:30] DEBUG    Academic license 2680226 - for non-commercial use only - registered to an___@mail.polimi.it
[2025-09-12 18:46:59] DEBUG    Read LP format model from file /tmp/tmpceeha5w2.pyomo.lp
Reading time = 28.60 seconds
x14544263: 19747756 rows, 14544263 columns, 47188086 nonzeros
[2025-09-12 18:46:59] DEBUG    Set parameter NumericFocus to value 1
Gurobi Optimizer version 12.0.2 build v12.0.2rc0 (linux64 - "Debian GNU/Linux 11 (bullseye)")

CPU model: Intel(R) Xeon(R) Silver 4314 CPU @ 2.40GHz, instruction set [SSE2|AVX|AVX2|AVX512]
Thread count: 32 physical cores, 64 logical processors, using up to 32 threads

Non-default parameters:
NumericFocus  1
[2025-09-12 18:46:59] DEBUG    Academic license 2680226 - for non-commercial use only - registered to an___@mail.polimi.it
Optimize a model with 19747756 rows, 14544263 columns and 47188086 nonzeros
[2025-09-12 18:46:59] DEBUG    Model fingerprint: 0x82e3fe85
[2025-09-12 18:46:59] DEBUG    Coefficient statistics:
  Matrix range     [1e-07, 3e+02]
  Objective range  [1e+00, 1e+06]
  Bounds range     [0e+00, 0e+00]
  RHS range        [1e+00, 2e+08]
[2025-09-12 18:47:05] DEBUG    Presolve removed 16811863 rows and 8796001 columns (presolve time = 5s)...
[2025-09-12 18:47:09] DEBUG    Presolve removed 18678688 rows and 12367011 columns (presolve time = 10s)...
[2025-09-12 18:47:14] DEBUG    Presolve removed 19356669 rows and 12392784 columns
[2025-09-12 18:47:14] DEBUG    Presolve time: 15.16s
Presolved: 391087 rows, 2291623 columns, 3875096 nonzeros

Concurrent LP optimizer: primal simplex, dual simplex, and barrier
Showing barrier log only...
[2025-09-12 18:47:14] DEBUG    Ordering time: 0.12s
[2025-09-12 18:47:15] DEBUG    Barrier statistics:
 Dense cols : 86
[2025-09-12 18:47:15] DEBUG    AA' NZ     : 1.259e+06
 Factor NZ  : 6.510e+06 (roughly 1.1 GB of memory)
 Factor Ops : 1.351e+08 (less than 1 second per iteration)
 Threads    : 1
[2025-09-12 18:47:15] DEBUG    Objective                Residual
Iter       Primal          Dual         Primal    Dual     Compl     Time
[2025-09-12 18:47:15] DEBUG    0   5.02391288e+21 -6.07240150e+19  6.49e+10 6.50e+04  3.06e+16    17s
[2025-09-12 18:47:16] DEBUG    1   3.20206141e+21 -6.38726401e+19  2.88e+10 1.15e+06  1.37e+16    17s
[2025-09-12 18:47:17] DEBUG    2   1.46625892e+21 -4.57703505e+19  8.89e+09 8.35e+04  4.18e+15    18s
[2025-09-12 18:47:17] DEBUG    3   5.61065581e+19 -3.22004978e+19  1.43e+08 1.37e+03  8.24e+13    19s
[2025-09-12 18:47:18] DEBUG    4   2.50928386e+19 -1.24477398e+19  6.22e+07 1.65e-06  3.38e+13    19s
[2025-09-12 18:47:19] DEBUG    5   9.48110973e+18 -6.35929535e+18  2.18e+07 2.49e-04  1.20e+13    20s
[2025-09-12 18:47:19] DEBUG    6   2.85614911e+18 -2.91588461e+18  5.84e+06 7.75e-05  3.39e+12    21s
[2025-09-12 18:47:20] DEBUG    7   8.56780386e+17 -1.53600045e+18  1.62e+06 1.45e-05  1.06e+12    21s
[2025-09-12 18:47:20] DEBUG    8   3.16977232e+17 -5.88063083e+17  5.55e+05 7.44e-07  3.41e+11    22s
[2025-09-12 18:47:21] DEBUG    9   1.08490724e+17 -3.54228503e+17  1.75e+05 3.19e-07  1.43e+11    22s
[2025-09-12 18:47:21] DEBUG    10   5.49538480e+16 -2.29338551e+17  8.27e+04 2.87e-05  8.07e+10    23s
[2025-09-12 18:47:22] DEBUG    11   1.30341349e+16 -9.23818395e+16  1.56e+04 1.33e-05  2.70e+10    24s
[2025-09-12 18:47:23] DEBUG    12   6.21188618e+15 -7.27928428e+16  4.65e+03 2.57e-05  1.97e+10    24s
[2025-09-12 18:47:23] DEBUG    13   5.53516920e+15 -4.01193255e+16  3.77e+03 8.40e-06  1.13e+10    25s
[2025-09-12 18:47:24] DEBUG    14   3.42934719e+15 -1.10726672e+16  8.20e+02 4.99e-06  3.57e+09    25s
[2025-09-12 18:47:24] DEBUG    15   3.17497996e+15 -2.29042843e+15  5.33e+02 3.54e-06  1.34e+09    26s
[2025-09-12 18:47:25] DEBUG    16   2.83767297e+15  3.57302327e+14  1.47e+02 1.14e-06  6.08e+08    26s
[2025-09-12 18:47:25] DEBUG    17   2.77627417e+15  1.25306925e+15  7.74e+01 4.84e-07  3.73e+08    27s
[2025-09-12 18:47:26] DEBUG    18   2.75310178e+15  2.03531980e+15  5.44e+01 3.32e-07  1.76e+08    27s
[2025-09-12 18:47:27] DEBUG    19   2.73777211e+15  2.27492186e+15  4.00e+01 1.56e-07  1.13e+08    28s
[2025-09-12 18:47:27] DEBUG    20   2.73056868e+15  2.32309168e+15  3.32e+01 1.47e-07  9.99e+07    29s
[2025-09-12 18:47:28] DEBUG    21   2.72180200e+15  2.39198979e+15  2.51e+01 1.37e-07  8.08e+07    29s
[2025-09-12 18:47:28] DEBUG    22   2.71748480e+15  2.42350607e+15  2.11e+01 1.53e-07  7.20e+07    30s
[2025-09-12 18:47:29] DEBUG    23   2.71342922e+15  2.52806737e+15  1.76e+01 6.83e-08  4.54e+07    31s
[2025-09-12 18:47:30] DEBUG    24   2.70935499e+15  2.55757716e+15  1.41e+01 1.94e-08  3.72e+07    32s
[2025-09-12 18:47:31] DEBUG    25   2.70112996e+15  2.57566473e+15  6.87e+00 1.46e-08  3.07e+07    33s
[2025-09-12 18:47:32] DEBUG    26   2.69980640e+15  2.63367486e+15  5.71e+00 1.60e-08  1.62e+07    34s
[2025-09-12 18:47:33] DEBUG    27   2.69717056e+15  2.64060281e+15  3.45e+00 8.43e-09  1.39e+07    35s
[2025-09-12 18:47:34] DEBUG    28   2.69508179e+15  2.66216813e+15  1.54e+00 1.30e-08  8.06e+06    36s
[2025-09-12 18:47:35] DEBUG    29   2.69356212e+15  2.67269849e+15  2.57e-01 6.82e-09  5.11e+06    36s
[2025-09-12 18:47:36] DEBUG    30   2.69329075e+15  2.67809108e+15  1.16e-01 4.23e-09  3.72e+06    37s
[2025-09-12 18:47:36] DEBUG    31   2.69323506e+15  2.68057081e+15  9.63e-02 2.33e-08  3.10e+06    38s
[2025-09-12 18:47:37] DEBUG    32   2.69313182e+15  2.68321441e+15  4.82e-02 6.52e-09  2.43e+06    38s
[2025-09-12 18:47:37] DEBUG    33   2.69300568e+15  2.68936994e+15  1.06e-02 8.80e-09  8.91e+05    39s
[2025-09-12 18:47:38] DEBUG    34   2.69297457e+15  2.69214255e+15  1.76e-03 8.81e-05  2.04e+05    39s
[2025-09-12 18:47:38] DEBUG    35   2.69297233e+15  2.69255624e+15  1.56e-03 1.27e-04  1.02e+05    40s
[2025-09-12 18:47:39] DEBUG    36   2.69296456e+15  2.69275233e+15  9.17e-04 1.51e-04  5.20e+04    40s
[2025-09-12 18:47:39] DEBUG    37   2.69296410e+15  2.69276929e+15  8.87e-04 1.54e-04  4.77e+04    41s
[2025-09-12 18:47:40] DEBUG    38   2.69296209e+15  2.69282999e+15  7.67e-04 1.91e-04  3.24e+04    41s
[2025-09-12 18:47:40] DEBUG    39   2.69296082e+15  2.69290139e+15  6.95e-04 1.94e-04  1.46e+04    42s
[2025-09-12 18:47:41] DEBUG    40   2.69295786e+15  2.69292094e+15  5.67e-04 2.17e-04  9.06e+03    43s
[2025-09-12 18:47:42] DEBUG    41   2.69295479e+15  2.69293545e+15  4.47e-04 3.82e-04  4.75e+03    44s
[2025-09-12 18:47:43] DEBUG    42   2.69295232e+15  2.69293945e+15  3.47e-04 2.30e-04  3.16e+03    44s
[2025-09-12 18:47:44] DEBUG    43   2.69295095e+15  2.69294177e+15  2.91e-04 2.30e-04  2.26e+03    45s
[2025-09-12 18:47:45] DEBUG    44   2.69294783e+15  2.69294246e+15  1.71e-04 2.22e-04  1.32e+03    46s
[2025-09-12 18:47:45] DEBUG    45   2.69294664e+15  2.69294291e+15  1.26e-04 1.76e-04  9.22e+02    47s
[2025-09-12 18:47:46] DEBUG    46   2.69294593e+15  2.69294299e+15  9.91e-05 1.54e-04  7.28e+02    47s
[2025-09-12 18:47:46] DEBUG    47   2.69294543e+15  2.69294307e+15  8.04e-05 1.42e-04  5.87e+02    48s
[2025-09-12 18:47:47] DEBUG    48   2.69294508e+15  2.69294312e+15  6.71e-05 1.03e-04  4.87e+02    49s
[2025-09-12 18:47:48] DEBUG    49   2.69294491e+15  2.69294315e+15  6.09e-05 8.53e-05  4.39e+02    50s
[2025-09-12 18:47:49] DEBUG    50   2.69294444e+15  2.69294320e+15  4.54e-05 6.66e-05  3.10e+02    51s
[2025-09-12 18:47:50] DEBUG    51   2.69294414e+15  2.69294321e+15  3.50e-05 6.37e-05  2.32e+02    52s
[2025-09-12 18:47:52] DEBUG    52   2.69294396e+15  2.69294323e+15  2.81e-05 6.08e-05  1.83e+02    53s
[2025-09-12 18:47:53] DEBUG    53   2.69294381e+15  2.69294324e+15  2.33e-05 4.71e-05  1.45e+02    55s
[2025-09-12 18:47:54] DEBUG    54   2.69294366e+15  2.69294324e+15  1.76e-05 4.74e-05  1.06e+02    56s
[2025-09-12 18:47:56] DEBUG    55   2.69294355e+15  2.69294325e+15  1.32e-05 4.35e-05  7.74e+01    57s
[2025-09-12 18:47:57] DEBUG    56   2.69294348e+15  2.69294325e+15  1.04e-05 4.32e-05  5.87e+01    59s
[2025-09-12 18:47:59] DEBUG    57   2.69294343e+15  2.69294325e+15  8.27e-06 3.97e-05  4.49e+01    60s
[2025-09-12 18:48:00] DEBUG    58   2.69294339e+15  2.69294325e+15  7.15e-06 3.77e-05  3.63e+01    62s
[2025-09-12 18:48:02] DEBUG    59   2.69294337e+15  2.69294325e+15  5.78e-06 3.58e-05  2.95e+01    63s
[2025-09-12 18:48:02] DEBUG    Barrier performed 59 iterations in 63.49 seconds (61.65 work units)
Barrier solve interrupted - model solved by another algorithm
[2025-09-12 18:48:02] DEBUG    Solved with dual simplex
[2025-09-12 18:48:09] DEBUG    Iteration    Objective       Primal Inf.    Dual Inf.      Time
[2025-09-12 18:48:09] DEBUG    279201    2.6929432e+15   0.000000e+00   0.000000e+00     71s

Solved in 279201 iterations and 70.87 seconds (76.08 work units)
[2025-09-12 18:48:09] DEBUG    Optimal objective  2.692943250e+15
❌ Errore nel run di autarky_VRES_2030_nostorage: 'Model' object has no attribute 'backend_model'

🚀 Lancio scenario: autarky_CG+VRES_2030_BESS
[2025-09-12 18:59:58] INFO     Loading sets
[2025-09-12 18:59:58] INFO     Loading parameters
[2025-09-12 19:00:32] INFO     constraints are loaded in the following order: ['energy_balance', 'dispatch', 'costs', 'capacity', 'network', 'policy', 'conversion', 'group', 'conversion_plus', 'milp', 'export']
[2025-09-12 19:00:32] INFO     creating energy_balance constraints
[2025-09-12 19:03:27] INFO     creating dispatch constraints
[2025-09-12 19:05:21] INFO     creating costs constraints
[2025-09-12 19:18:15] INFO     creating capacity constraints
[2025-09-12 19:18:16] INFO     creating network constraints
[2025-09-12 19:18:16] INFO     creating policy constraints
[2025-09-12 19:18:16] INFO     creating conversion constraints
[2025-09-12 19:18:16] INFO     creating group constraints
[2025-09-12 19:18:16] INFO     creating conversion_plus constraints
[2025-09-12 19:18:16] INFO     creating milp constraints
[2025-09-12 19:18:16] INFO     creating export constraints
[2025-09-12 19:30:14] DEBUG    Set parameter WLSAccessID
Set parameter WLSSecret
Set parameter LicenseID to value 2680226
[2025-09-12 19:30:14] DEBUG    Academic license 2680226 - for non-commercial use only - registered to an___@mail.polimi.it
[2025-09-12 19:30:47] DEBUG    Read LP format model from file /tmp/tmpt8mqaxnw.pyomo.lp
Reading time = 33.72 seconds
x16576902: 22288446 rows, 16576902 columns, 54047688 nonzeros
[2025-09-12 19:30:47] DEBUG    Set parameter NumericFocus to value 1
Gurobi Optimizer version 12.0.2 build v12.0.2rc0 (linux64 - "Debian GNU/Linux 11 (bullseye)")

CPU model: Intel(R) Xeon(R) Silver 4314 CPU @ 2.40GHz, instruction set [SSE2|AVX|AVX2|AVX512]
Thread count: 32 physical cores, 64 logical processors, using up to 32 threads

Non-default parameters:
NumericFocus  1
[2025-09-12 19:30:48] DEBUG    Academic license 2680226 - for non-commercial use only - registered to an___@mail.polimi.it
Optimize a model with 22288446 rows, 16576902 columns and 54047688 nonzeros
[2025-09-12 19:30:48] DEBUG    Model fingerprint: 0xd1f60bc8
[2025-09-12 19:30:48] DEBUG    Coefficient statistics:
  Matrix range     [1e-07, 3e+02]
  Objective range  [1e+00, 1e+06]
  Bounds range     [0e+00, 0e+00]
  RHS range        [1e+00, 2e+08]
[2025-09-12 19:30:54] DEBUG    Presolve removed 17827909 rows and 10061935 columns (presolve time = 6s)...
[2025-09-12 19:30:58] DEBUG    Presolve removed 18578675 rows and 12520000 columns (presolve time = 10s)...
[2025-09-12 19:31:04] DEBUG    Presolve removed 19946052 rows and 13836598 columns (presolve time = 15s)...
[2025-09-12 19:31:08] DEBUG    Presolve removed 20624091 rows and 13854118 columns
[2025-09-12 19:31:08] DEBUG    Presolve time: 20.19s
Presolved: 1664355 rows, 2862928 columns, 8668708 nonzeros

Concurrent LP optimizer: primal simplex, dual simplex, and barrier
Showing barrier log only...
[2025-09-12 19:31:10] DEBUG    Ordering time: 0.97s
[2025-09-12 19:31:11] DEBUG    Barrier statistics:
 Dense cols : 144
 AA' NZ     : 8.733e+06
[2025-09-12 19:31:11] DEBUG    Factor NZ  : 3.094e+07 (roughly 2.0 GB of memory)
 Factor Ops : 8.611e+08 (less than 1 second per iteration)
 Threads    : 30
[2025-09-12 19:31:15] DEBUG    Objective                Residual
[2025-09-12 19:31:15] DEBUG    Iter       Primal          Dual         Primal    Dual     Compl     Time
[2025-09-12 19:31:15] DEBUG    0   2.34528364e+21 -7.69028325e+18  6.49e+10 2.89e-11  4.39e+15    28s
[2025-09-12 19:31:20] DEBUG    1   1.95979358e+21 -7.71971334e+18  5.36e+10 2.40e+05  3.35e+15    32s
[2025-09-12 19:31:26] DEBUG    2   1.59747099e+21 -7.19261833e+18  4.40e+10 1.07e+05  2.49e+15    39s
[2025-09-12 19:31:34] DEBUG    3   1.13708939e+21 -6.33098468e+18  3.13e+10 3.60e+04  1.63e+15    46s
[2025-09-12 19:31:40] DEBUG    4   7.89042807e+20 -5.85705011e+18  2.14e+10 1.69e+04  1.09e+15    53s
[2025-09-12 19:31:44] DEBUG    5   6.54221377e+20 -5.55175371e+18  1.76e+10 7.92e+03  8.88e+14    57s
[2025-09-12 19:31:48] DEBUG    6   4.47056513e+20 -5.30118482e+18  1.20e+10 3.61e+03  6.03e+14    61s
[2025-09-12 19:31:52] DEBUG    7   3.04729738e+20 -5.13138123e+18  8.16e+09 1.92e+03  4.16e+14    65s
[2025-09-12 19:31:57] DEBUG    8   1.18981526e+20 -4.89683360e+18  3.32e+09 1.11e+03  1.74e+14    69s
[2025-09-12 19:32:04] DEBUG    9   5.46518233e+19 -4.41213666e+18  1.57e+09 3.13e+02  8.14e+13    76s
[2025-09-12 19:32:08] DEBUG    10   3.83342798e+19 -3.95897243e+18  1.10e+09 1.36e+02  5.71e+13    81s
[2025-09-12 19:32:14] DEBUG    11   2.40377555e+19 -3.42493946e+18  6.89e+08 2.75e+01  3.51e+13    86s
[2025-09-12 19:32:21] DEBUG    12   9.26205520e+18 -2.75024258e+18  2.64e+08 1.85e+00  1.35e+13    94s
[2025-09-12 19:32:27] DEBUG    13   1.14714723e+18 -2.10410253e+18  3.07e+07 1.16e+00  1.87e+12   100s
[2025-09-12 19:32:31] DEBUG    14   2.59304282e+16 -8.99845145e+17  5.56e+05 3.79e-01  1.83e+11   104s
[2025-09-12 19:32:35] DEBUG    15   1.30168439e+15 -4.50861042e+16  1.38e+03 1.59e-02  7.93e+09   108s
[2025-09-12 19:32:40] DEBUG    16   1.21133801e+15 -3.32365149e+15  8.89e-01 2.30e-02  6.09e+08   112s
[2025-09-12 19:32:44] DEBUG    17   1.19433775e+15 -2.20133784e+15  5.14e-01 2.35e-02  4.07e+08   117s
[2025-09-12 19:32:50] DEBUG    18   1.18659069e+15 -1.00985879e+15  3.95e-01 2.90e-02  1.93e+08   122s
[2025-09-12 19:32:54] DEBUG    19   1.17481271e+15 -5.05080647e+14  2.44e-01 2.45e-02  9.94e+07   127s
[2025-09-12 19:33:01] DEBUG    20   1.17002337e+15 -1.58223753e+14  1.99e-01 2.51e-02  3.31e+07   133s
[2025-09-12 19:33:06] DEBUG    21   1.15694634e+15 -1.30556089e+14  1.00e-01 2.52e-02  2.72e+07   138s
[2025-09-12 19:33:13] DEBUG    22   1.14535172e+15 -3.30685482e+13  5.17e-02 2.54e-02  7.46e+06   145s
[2025-09-12 19:33:21] DEBUG    23   1.12848951e+15 -3.28270792e+12  1.39e-02 2.55e-02  8.37e+05   153s
[2025-09-12 19:33:29] DEBUG    24   1.12590812e+15 -2.08937122e+12  1.23e-02 2.55e-02  5.51e+05   161s
[2025-09-12 19:33:34] DEBUG    25   1.12153879e+15 -1.65810251e+12  9.91e-03 2.55e-02  4.37e+05   167s
[2025-09-12 19:33:45] DEBUG    26   1.11698875e+15 -1.18188876e+12  7.86e-03 2.55e-02  3.14e+05   178s
[2025-09-12 19:33:52] DEBUG    27   1.10971268e+15 -2.83947331e+11  5.24e-03 2.54e-02  8.85e+04   184s
[2025-09-12 19:34:01] DEBUG    28   1.10331199e+15 -1.33763335e+11  3.70e-03 2.54e-02  3.95e+04   193s
[2025-09-12 19:34:13] DEBUG    29   1.09795232e+15 -1.15321828e+11  2.79e-03 2.54e-02  2.69e+04   205s
[2025-09-12 19:34:19] DEBUG    30   1.09588088e+15 -1.07275125e+11  2.52e-03 2.54e-02  2.26e+04   211s
[2025-09-12 19:34:24] DEBUG    31   1.09410936e+15 -1.04306495e+11  2.34e-03 2.54e-02  2.01e+04   216s
[2025-09-12 19:34:30] DEBUG    32   1.09145193e+15 -1.02637861e+11  2.03e-03 2.54e-02  1.73e+04   223s
[2025-09-12 19:34:39] DEBUG    33   1.08946900e+15 -1.01863055e+11  1.85e-03 2.54e-02  1.53e+04   232s
[2025-09-12 19:34:51] DEBUG    34   1.08582554e+15 -1.02160436e+11  1.54e-03 2.54e-02  1.26e+04   243s
[2025-09-12 19:35:01] DEBUG    35   1.08360481e+15 -1.02873908e+11  1.40e-03 2.54e-02  1.12e+04   254s
[2025-09-12 19:35:12] DEBUG    36   1.08109890e+15 -1.03357377e+11  1.24e-03 2.54e-02  9.84e+03   265s
[2025-09-12 19:35:23] DEBUG    37   1.07884107e+15 -1.03742953e+11  1.10e-03 2.54e-02  8.81e+03   276s
[2025-09-12 19:35:34] DEBUG    38   1.07716606e+15 -1.04368557e+11  1.02e-03 2.54e-02  8.02e+03   287s
[2025-09-12 19:35:46] DEBUG    39   1.07566611e+15 -1.04865588e+11  9.57e-04 2.54e-02  7.40e+03   299s
[2025-09-12 19:35:57] DEBUG    40   1.07447007e+15 -1.05263911e+11  8.94e-04 2.54e-02  6.95e+03   310s
[2025-09-12 19:36:07] DEBUG    41   1.07321678e+15 -1.05785747e+11  8.48e-04 2.54e-02  6.48e+03   319s
[2025-09-12 19:36:14] DEBUG    42   1.07249071e+15 -1.05927712e+11  8.31e-04 2.54e-02  6.28e+03   326s
[2025-09-12 19:36:21] DEBUG    43   1.07157787e+15 -1.06282220e+11  8.05e-04 2.54e-02  6.00e+03   333s
[2025-09-12 19:36:30] DEBUG    44   1.07025852e+15 -1.06643594e+11  7.74e-04 2.54e-02  5.61e+03   343s
[2025-09-12 19:36:37] DEBUG    45   1.06967054e+15 -1.06906288e+11  7.55e-04 2.54e-02  5.45e+03   350s
[2025-09-12 19:36:50] DEBUG    46   1.06759955e+15 -1.07162418e+11  6.81e-04 2.54e-02  4.95e+03   362s
[2025-09-12 19:36:59] DEBUG    47   1.06694150e+15 -1.07375160e+11  6.29e-04 2.54e-02  4.78e+03   371s
[2025-09-12 19:37:10] DEBUG    48   1.06596753e+15 -1.07819500e+11  6.48e-04 2.54e-02  4.52e+03   382s
[2025-09-12 19:37:21] DEBUG    49   1.06467083e+15 -1.08087643e+11  5.96e-04 2.54e-02  4.24e+03   393s
[2025-09-12 19:37:33] DEBUG    50   1.06389729e+15 -1.08382407e+11  5.72e-04 2.54e-02  4.06e+03   406s
[2025-09-12 19:37:44] DEBUG    51   1.06316395e+15 -1.08514132e+11  5.45e-04 2.54e-02  3.92e+03   417s
[2025-09-12 19:37:51] DEBUG    52   1.06259618e+15 -1.08692466e+11  6.10e-04 2.54e-02  3.81e+03   424s
[2025-09-12 19:38:02] DEBUG    53   1.06194877e+15 -1.08820097e+11  5.49e-04 2.54e-02  3.69e+03   434s
[2025-09-12 19:38:08] DEBUG    54   1.06152362e+15 -1.08983045e+11  5.35e-04 2.54e-02  3.61e+03   441s
[2025-09-12 19:38:16] DEBUG    55   1.06120606e+15 -1.09172999e+11  6.10e-04 2.54e-02  3.55e+03   448s
[2025-09-12 19:38:24] DEBUG    56   1.06069408e+15 -1.09341609e+11  6.10e-04 2.54e-02  3.46e+03   457s
[2025-09-12 19:38:35] DEBUG    57   1.05987785e+15 -1.09534780e+11  6.10e-04 2.54e-02  3.32e+03   468s
[2025-09-12 19:38:47] DEBUG    58   1.05872531e+15 -1.09703469e+11  6.10e-04 2.54e-02  3.14e+03   479s
[2025-09-12 19:38:57] DEBUG    59   1.05733359e+15 -1.09926527e+11  6.10e-04 2.54e-02  2.93e+03   489s
[2025-09-12 19:39:05] DEBUG    60   1.05672236e+15 -1.10081934e+11  6.10e-04 2.54e-02  2.84e+03   497s
[2025-09-12 19:39:13] DEBUG    61   1.05596230e+15 -1.10158745e+11  6.10e-04 2.54e-02  2.75e+03   506s
[2025-09-12 19:39:25] DEBUG    62   1.05391813e+15 -1.10292956e+11  6.10e-04 2.53e-02  2.49e+03   517s
[2025-09-12 19:39:35] DEBUG    63   1.05324397e+15 -1.10395386e+11  4.88e-04 2.53e-02  2.41e+03   528s
[2025-09-12 19:39:44] DEBUG    64   1.05300871e+15 -1.10576837e+11  6.10e-04 2.52e-02  2.37e+03   536s
[2025-09-12 19:39:53] DEBUG    65   1.05235869e+15 -1.10633670e+11  4.88e-04 2.52e-02  2.30e+03   545s
[2025-09-12 19:40:00] DEBUG    66   1.05162955e+15 -1.10689489e+11  6.10e-04 2.52e-02  2.22e+03   552s
[2025-09-12 19:40:07] DEBUG    67   1.05129389e+15 -1.10762233e+11  6.10e-04 2.52e-02  2.19e+03   559s
[2025-09-12 19:40:17] DEBUG    68   1.04930860e+15 -1.10853554e+11  6.10e-04 2.52e-02  1.99e+03   569s
[2025-09-12 19:40:28] DEBUG    69   1.04822741e+15 -1.11030737e+11  7.32e-04 2.51e-02  1.88e+03   580s
[2025-09-12 19:40:38] DEBUG    70   1.04780119e+15 -1.11155155e+11  7.32e-04 2.51e-02  1.83e+03   591s
[2025-09-12 19:40:46] DEBUG    71   1.04707986e+15 -1.11203124e+11  7.32e-04 2.51e-02  1.77e+03   598s
[2025-09-12 19:40:55] DEBUG    72   1.04645984e+15 -1.11297171e+11  7.32e-04 2.51e-02  1.72e+03   607s
[2025-09-12 19:41:04] DEBUG    73   1.04615565e+15 -1.11345454e+11  6.10e-04 2.51e-02  1.69e+03   616s
[2025-09-12 19:41:14] DEBUG    74   1.04581640e+15 -1.11430017e+11  7.32e-04 2.51e-02  1.66e+03   627s
[2025-09-12 19:41:22] DEBUG    75   1.04555497e+15 -1.11483021e+11  7.32e-04 2.51e-02  1.64e+03   635s
[2025-09-12 19:41:29] DEBUG    76   1.04529393e+15 -1.11522653e+11  7.32e-04 2.51e-02  1.62e+03   642s
[2025-09-12 19:41:38] DEBUG    77   1.04479759e+15 -1.11599799e+11  7.32e-04 2.51e-02  1.58e+03   651s
[2025-09-12 19:41:46] DEBUG    78   1.04403753e+15 -1.11641538e+11  9.77e-04 2.51e-02  1.52e+03   658s
[2025-09-12 19:41:53] DEBUG    79   1.04315350e+15 -1.11680092e+11  9.77e-04 2.51e-02  1.46e+03   666s
[2025-09-12 19:42:04] DEBUG    80   1.04212153e+15 -1.11721637e+11  9.77e-04 2.51e-02  1.39e+03   676s
[2025-09-12 19:42:14] DEBUG    81   1.04105392e+15 -1.11750945e+11  9.77e-04 2.51e-02  1.33e+03   686s
[2025-09-12 19:42:27] DEBUG    82   1.04023915e+15 -1.11869776e+11  9.77e-04 2.50e-02  1.27e+03   699s
[2025-09-12 19:42:38] DEBUG    83   1.03942037e+15 -1.11923178e+11  9.77e-04 2.50e-02  1.22e+03   710s
[2025-09-12 19:42:46] DEBUG    84   1.03895500e+15 -1.11988804e+11  9.77e-04 2.50e-02  1.19e+03   719s
[2025-09-12 19:42:53] DEBUG    85   1.03868344e+15 -1.12013484e+11  7.32e-04 2.50e-02  1.18e+03   726s
[2025-09-12 19:43:00] DEBUG    86   1.03823302e+15 -1.12041145e+11  9.77e-04 2.50e-02  1.15e+03   733s
[2025-09-12 19:43:11] DEBUG    87   1.03729230e+15 -1.12090111e+11  7.32e-04 2.50e-02  1.10e+03   743s
[2025-09-12 19:43:21] DEBUG    88   1.03655547e+15 -1.12143113e+11  7.32e-04 2.50e-02  1.06e+03   753s
[2025-09-12 19:43:29] DEBUG    89   1.03630874e+15 -1.12163670e+11  7.32e-04 2.50e-02  1.05e+03   761s
[2025-09-12 19:43:38] DEBUG    90   1.03616923e+15 -1.12194304e+11  7.32e-04 2.50e-02  1.04e+03   771s
[2025-09-12 19:43:47] DEBUG    91   1.03522109e+15 -1.12244563e+11  6.10e-04 2.50e-02  9.97e+02   780s
[2025-09-12 19:43:56] DEBUG    92   1.03476427e+15 -1.12291880e+11  7.32e-04 2.50e-02  1.25e+03   789s
[2025-09-12 19:43:56] DEBUG    Barrier performed 92 iterations in 788.64 seconds (157.56 work units)
Numerical trouble encountered
[2025-09-12 19:43:56] DEBUG    Model may be infeasible or unbounded.  Consider using the
homogeneous algorithm (through parameter 'BarHomogeneous')
[2025-09-12 19:45:01] DEBUG    Waiting for other threads to finish...         853s
[2025-09-12 19:46:05] DEBUG    Waiting for other threads to finish...         918s
[2025-09-12 19:46:46] DEBUG    Solved with dual simplex
[2025-09-12 19:46:56] DEBUG    Iteration    Objective       Primal Inf.    Dual Inf.      Time
[2025-09-12 19:46:56] DEBUG    822617    1.0779680e+10   0.000000e+00   0.000000e+00    968s

Solved in 822617 iterations and 968.12 seconds (361.67 work units)
[2025-09-12 19:46:56] DEBUG    Optimal objective  1.077968047e+10
❌ Errore nel run di autarky_CG+VRES_2030_BESS: 'Model' object has no attribute 'backend_model'

🚀 Lancio scenario: autarky_CG+VRES_2030_nostorage
[2025-09-12 19:57:31] INFO     Loading sets
[2025-09-12 19:57:31] INFO     Loading parameters
[2025-09-12 19:58:04] INFO     constraints are loaded in the following order: ['energy_balance', 'dispatch', 'costs', 'capacity', 'network', 'policy', 'conversion', 'group', 'conversion_plus', 'milp', 'export']
[2025-09-12 19:58:04] INFO     creating energy_balance constraints
[2025-09-12 20:00:48] INFO     creating dispatch constraints
[2025-09-12 20:02:33] INFO     creating costs constraints
[2025-09-12 20:16:35] INFO     creating capacity constraints
[2025-09-12 20:16:35] INFO     creating network constraints
[2025-09-12 20:16:35] INFO     creating policy constraints
[2025-09-12 20:16:35] INFO     creating conversion constraints
[2025-09-12 20:16:35] INFO     creating group constraints
[2025-09-12 20:16:35] INFO     creating conversion_plus constraints
[2025-09-12 20:16:35] INFO     creating milp constraints
[2025-09-12 20:16:35] INFO     creating export constraints
[2025-09-12 20:27:40] DEBUG    Set parameter WLSAccessID
Set parameter WLSSecret
Set parameter LicenseID to value 2680226
[2025-09-12 20:27:40] DEBUG    Academic license 2680226 - for non-commercial use only - registered to an___@mail.polimi.it
[2025-09-12 20:28:11] DEBUG    Read LP format model from file /tmp/tmp1x2tbcan.pyomo.lp
Reading time = 30.63 seconds
[2025-09-12 20:28:11] DEBUG    x15306528: 20509992 rows, 15306528 columns, 49474649 nonzeros
Set parameter NumericFocus to value 1
Gurobi Optimizer version 12.0.2 build v12.0.2rc0 (linux64 - "Debian GNU/Linux 11 (bullseye)")

CPU model: Intel(R) Xeon(R) Silver 4314 CPU @ 2.40GHz, instruction set [SSE2|AVX|AVX2|AVX512]
Thread count: 32 physical cores, 64 logical processors, using up to 32 threads

Non-default parameters:
NumericFocus  1
[2025-09-12 20:28:11] DEBUG    Academic license 2680226 - for non-commercial use only - registered to an___@mail.polimi.it
Optimize a model with 20509992 rows, 15306528 columns and 49474649 nonzeros
[2025-09-12 20:28:11] DEBUG    Model fingerprint: 0x15fa5352
[2025-09-12 20:28:11] DEBUG    Coefficient statistics:
  Matrix range     [1e-07, 3e+02]
  Objective range  [1e+00, 1e+06]
  Bounds range     [0e+00, 0e+00]
  RHS range        [1e+00, 2e+08]
[2025-09-12 20:28:17] DEBUG    Presolve removed 17319713 rows and 9553739 columns (presolve time = 5s)...
[2025-09-12 20:28:22] DEBUG    Presolve removed 19186884 rows and 13125458 columns (presolve time = 10s)...
[2025-09-12 20:28:27] DEBUG    Presolve removed 19724721 rows and 13149172 columns (presolve time = 15s)...
[2025-09-12 20:28:27] DEBUG    Presolve removed 19864865 rows and 13149172 columns
[2025-09-12 20:28:27] DEBUG    Presolve time: 16.24s
Presolved: 645127 rows, 2297500 columns, 4391373 nonzeros
[2025-09-12 20:28:27] DEBUG    Concurrent LP optimizer: primal simplex, dual simplex, and barrier
Showing barrier log only...
[2025-09-12 20:28:28] DEBUG    Ordering time: 0.20s
[2025-09-12 20:28:28] DEBUG    Barrier statistics:
 Dense cols : 115
[2025-09-12 20:28:28] DEBUG    AA' NZ     : 1.770e+06
 Factor NZ  : 1.029e+07 (roughly 1.3 GB of memory)
 Factor Ops : 2.210e+08 (less than 1 second per iteration)
 Threads    : 1
[2025-09-12 20:28:29] DEBUG    Objective                Residual
Iter       Primal          Dual         Primal    Dual     Compl     Time
[2025-09-12 20:28:29] DEBUG    0   2.46398551e+21 -9.12065708e+18  6.49e+10 3.27e-03  5.24e+15    18s
[2025-09-12 20:28:30] DEBUG    1   2.03805446e+21 -9.15187829e+18  5.29e+10 3.83e+05  4.28e+15    19s
[2025-09-12 20:28:31] DEBUG    2   1.66615598e+21 -8.72163279e+18  4.29e+10 2.79e+05  3.46e+15    20s
[2025-09-12 20:28:32] DEBUG    3   1.42707998e+21 -8.07552841e+18  3.65e+10 1.92e+05  2.91e+15    21s
[2025-09-12 20:28:32] DEBUG    4   1.20244033e+21 -7.77108563e+18  3.06e+10 1.43e+05  2.44e+15    22s
[2025-09-12 20:28:33] DEBUG    5   9.08720509e+20 -6.98550495e+18  2.22e+10 4.39e+04  1.73e+15    23s
[2025-09-12 20:28:34] DEBUG    6   4.74743046e+20 -6.66959136e+18  1.08e+10 2.01e+04  8.63e+14    24s
[2025-09-12 20:28:36] DEBUG    7   4.01203536e+20 -6.10368875e+18  9.07e+09 4.85e+03  7.13e+14    25s
[2025-09-12 20:28:37] DEBUG    8   1.19982383e+20 -5.65484747e+18  2.52e+09 8.03e+02  2.01e+14    26s
[2025-09-12 20:28:37] DEBUG    9   6.54824839e+18 -4.54580885e+18  1.27e+08 7.99e+01  1.12e+13    27s
[2025-09-12 20:28:38] DEBUG    10   1.00799988e+18 -2.07841844e+18  1.87e+07 1.15e+01  1.88e+12    27s
[2025-09-12 20:28:39] DEBUG    11   4.30012486e+17 -8.42754418e+17  8.03e+06 2.41e+00  7.17e+11    28s
[2025-09-12 20:28:39] DEBUG    12   1.76646791e+17 -3.52726494e+17  3.36e+06 1.11e+00  2.68e+11    29s
[2025-09-12 20:28:40] DEBUG    13   4.65413482e+16 -1.40152710e+17  8.86e+05 7.78e-01  7.38e+10    29s
[2025-09-12 20:28:41] DEBUG    14   1.21133153e+16 -4.62005216e+16  2.35e+05 2.47e-01  1.89e+10    30s
[2025-09-12 20:28:41] DEBUG    15   2.72880458e+15 -1.12852105e+16  5.21e+04 5.90e-02  3.86e+09    31s
[2025-09-12 20:28:42] DEBUG    16   4.15334065e+14 -1.36177176e+15  6.65e+03 3.90e-03  4.22e+08    31s
[2025-09-12 20:28:42] DEBUG    17   6.81224312e+13 -3.64346316e+13  4.01e+01 2.92e-03  9.08e+06    32s
[2025-09-12 20:28:43] DEBUG    18   5.18982876e+13 -6.37410340e+11  3.01e+00 2.93e-03  2.18e+05    32s
[2025-09-12 20:28:44] DEBUG    19   4.52294039e+13 -9.89831524e+10  1.72e+00 2.94e-03  5.95e+04    33s
[2025-09-12 20:28:44] DEBUG    20   4.08072728e+13 -2.65243687e+10  1.18e+00 2.94e-03  3.42e+04    34s
[2025-09-12 20:28:45] DEBUG    21   3.91170054e+13 -6.01296927e+09  7.60e-01 1.27e-02  7.04e+05    34s
[2025-09-12 20:28:46] DEBUG    22   3.86030949e+13 -3.09086269e+09  6.95e-01 6.62e-03  6.35e+05    35s
[2025-09-12 20:28:46] DEBUG    23   3.49037389e+13 -5.97300966e+10  5.12e-01 2.95e-03  2.50e+05    36s
[2025-09-12 20:28:47] DEBUG    24   3.27146397e+13 -4.03651142e+10  3.86e-01 2.95e-03  3.19e+05    36s
[2025-09-12 20:28:47] DEBUG    25   3.01909454e+13 -3.53900088e+10  2.60e-01 3.88e-03  4.56e+05    37s
[2025-09-12 20:28:48] DEBUG    26   2.96752841e+13 -3.02156146e+10  2.45e-01 2.95e-03  4.39e+05    38s
[2025-09-12 20:28:49] DEBUG    27   2.63352551e+13 -3.89101761e+10  1.58e-01 2.94e-03  2.85e+05    38s
[2025-09-12 20:28:50] DEBUG    28   2.20690421e+13 -3.60340008e+10  6.17e-02 5.95e-03  2.16e+05    39s
[2025-09-12 20:28:51] DEBUG    29   2.17184078e+13 -3.43329557e+10  5.02e-02 5.99e-03  1.23e+06    41s
[2025-09-12 20:28:53] DEBUG    30   2.11092089e+13 -9.21864312e+10  4.26e-02 2.94e-03  1.25e+06    42s
[2025-09-12 20:28:54] DEBUG    31   1.53377272e+13 -3.46961093e+11  2.82e-02 2.05e-02  1.56e+06    43s
[2025-09-12 20:28:56] DEBUG    32   1.01162725e+13 -1.48619958e+11  1.64e-02 2.94e-03  9.12e+05    45s
[2025-09-12 20:28:57] DEBUG    33   6.23950751e+12 -1.60906283e+11  9.02e-03 2.94e-03  7.02e+05    47s
[2025-09-12 20:28:59] DEBUG    34   4.00863302e+12 -8.74499207e+10  4.97e-03 2.94e-03  4.50e+05    48s
[2025-09-12 20:29:01] DEBUG    35   1.16986302e+12 -9.49901222e+10  1.20e-03 2.94e-03  1.79e+05    50s
[2025-09-12 20:29:02] DEBUG    36   8.70706301e+11 -1.91514850e+10  1.20e-03 2.95e-03  9.86e+04    51s
[2025-09-12 20:29:04] DEBUG    37   8.75736351e+11 -2.25763258e+09  7.11e-04 4.36e-03  2.29e+05    53s
[2025-09-12 20:29:05] DEBUG    38   5.90163347e+11  7.50947780e+09  1.24e-03 2.95e-03  3.64e+04    54s
[2025-09-12 20:29:07] DEBUG    39   4.83635056e+11  8.34468963e+09  1.03e-03 2.95e-03  1.51e+04    57s
[2025-09-12 20:29:09] DEBUG    40   4.47648267e+11  1.01598206e+10  1.24e-03 2.95e-03  7.58e+03    58s
[2025-09-12 20:29:10] DEBUG    41   4.37392884e+11  1.03421104e+10  1.00e-03 2.95e-03  5.29e+03    60s
[2025-09-12 20:29:11] DEBUG    42   4.29864257e+11  1.04639445e+10  1.03e-03 2.95e-03  3.61e+03    61s
[2025-09-12 20:29:12] DEBUG    43   4.27542313e+11  1.04455896e+10  1.52e-03 2.95e-03  3.10e+03    61s
[2025-09-12 20:29:13] DEBUG    44   4.25696248e+11  1.04403647e+10  1.03e-03 2.95e-03  2.70e+03    62s
[2025-09-12 20:29:14] DEBUG    45   4.23247624e+11  1.04451823e+10  7.11e-04 2.95e-03  2.17e+03    63s
[2025-09-12 20:29:15] DEBUG    46   4.20438043e+11  1.04858096e+10  1.20e-03 2.95e-03  1.57e+03    64s
[2025-09-12 20:29:16] DEBUG    47   4.18207635e+11  1.05494614e+10  1.24e-03 2.95e-03  1.09e+03    65s
[2025-09-12 20:29:17] DEBUG    48   4.16702113e+11  1.05913132e+10  7.11e-04 2.95e-03  7.76e+02    67s
[2025-09-12 20:29:18] DEBUG    49   4.15235081e+11  1.06236077e+10  5.16e-04 2.95e-03  4.89e+02    68s
[2025-09-12 20:29:20] DEBUG    50   4.14600096e+11  1.06605876e+10  7.11e-04 2.95e-03  3.71e+02    69s
[2025-09-12 20:29:21] DEBUG    51   4.13980534e+11  1.06727754e+10  1.20e-03 2.95e-03  2.69e+02    70s
[2025-09-12 20:29:22] DEBUG    52   4.13510751e+11  1.06868316e+10  3.52e-04 2.95e-03  1.99e+02    71s
[2025-09-12 20:29:22] DEBUG    Barrier performed 52 iterations in 71.46 seconds (66.20 work units)
Barrier solve interrupted - model solved by another algorithm
[2025-09-12 20:29:22] DEBUG    Solved with dual simplex
[2025-09-12 20:29:30] DEBUG    Iteration    Objective       Primal Inf.    Dual Inf.      Time
  291289    1.0779680e+10   0.000000e+00   0.000000e+00     79s
[2025-09-12 20:29:30] DEBUG    Solved in 291289 iterations and 79.09 seconds (91.37 work units)
Optimal objective  1.077968047e+10
❌ Errore nel run di autarky_CG+VRES_2030_nostorage: 'Model' object has no attribute 'backend_model'

🚀 Lancio scenario: autarky_GT+VRES_2030_PHES
[2025-09-12 20:41:10] INFO     Loading sets
[2025-09-12 20:41:10] INFO     Loading parameters
[2025-09-12 20:41:44] INFO     constraints are loaded in the following order: ['energy_balance', 'dispatch', 'costs', 'capacity', 'network', 'policy', 'conversion', 'group', 'conversion_plus', 'milp', 'export']
[2025-09-12 20:41:44] INFO     creating energy_balance constraints
[2025-09-12 20:44:41] INFO     creating dispatch constraints
[2025-09-12 20:46:36] INFO     creating costs constraints
[2025-09-12 20:55:12] INFO     creating capacity constraints
[2025-09-12 20:55:12] INFO     creating network constraints
[2025-09-12 20:55:12] INFO     creating policy constraints
[2025-09-12 20:55:12] INFO     creating conversion constraints
[2025-09-12 20:55:12] INFO     creating group constraints
[2025-09-12 20:55:12] INFO     creating conversion_plus constraints
[2025-09-12 20:55:12] INFO     creating milp constraints
[2025-09-12 20:55:12] INFO     creating export constraints
[2025-09-12 21:07:39] DEBUG    Set parameter WLSAccessID
Set parameter WLSSecret
Set parameter LicenseID to value 2680226
[2025-09-12 21:07:39] DEBUG    Academic license 2680226 - for non-commercial use only - registered to an___@mail.polimi.it
[2025-09-12 21:08:12] DEBUG    Read LP format model from file /tmp/tmpvvnivci1.pyomo.lp
[2025-09-12 21:08:12] DEBUG    Reading time = 33.61 seconds
x16576902: 22288504 rows, 16576902 columns, 54301786 nonzeros
[2025-09-12 21:08:12] DEBUG    Set parameter NumericFocus to value 1
[2025-09-12 21:08:12] DEBUG    Gurobi Optimizer version 12.0.2 build v12.0.2rc0 (linux64 - "Debian GNU/Linux 11 (bullseye)")

CPU model: Intel(R) Xeon(R) Silver 4314 CPU @ 2.40GHz, instruction set [SSE2|AVX|AVX2|AVX512]
Thread count: 32 physical cores, 64 logical processors, using up to 32 threads
[2025-09-12 21:08:12] DEBUG    Non-default parameters:
NumericFocus  1
[2025-09-12 21:08:13] DEBUG    Academic license 2680226 - for non-commercial use only - registered to an___@mail.polimi.it
[2025-09-12 21:08:13] DEBUG    Optimize a model with 22288504 rows, 16576902 columns and 54301786 nonzeros
[2025-09-12 21:08:13] DEBUG    Model fingerprint: 0xe05288ff
[2025-09-12 21:08:13] DEBUG    Coefficient statistics:
  Matrix range     [1e-07, 3e+02]
  Objective range  [1e+00, 1e+06]
[2025-09-12 21:08:13] DEBUG    Bounds range     [0e+00, 0e+00]
  RHS range        [1e+00, 6e+09]
Warning: Model contains large rhs
[2025-09-12 21:08:19] DEBUG    Presolve removed 17959373 rows and 10140781 columns (presolve time = 6s)...
[2025-09-12 21:08:23] DEBUG    Presolve removed 19031319 rows and 12920000 columns (presolve time = 10s)...
[2025-09-12 21:08:28] DEBUG    Presolve removed 20051311 rows and 13894414 columns (presolve time = 15s)...
[2025-09-12 21:08:32] DEBUG    Presolve removed 20729344 rows and 13911934 columns
[2025-09-12 21:08:32] DEBUG    Presolve time: 19.96s
Presolved: 1559160 rows, 2805112 columns, 8226858 nonzeros

Concurrent LP optimizer: primal simplex, dual simplex, and barrier
Showing barrier log only...
[2025-09-12 21:08:35] DEBUG    Ordering time: 0.87s
[2025-09-12 21:08:36] DEBUG    Barrier statistics:
[2025-09-12 21:08:36] DEBUG    Dense cols : 141
 AA' NZ     : 8.012e+06
 Factor NZ  : 2.881e+07 (roughly 2.0 GB of memory)
 Factor Ops : 8.000e+08 (less than 1 second per iteration)
 Threads    : 30
[2025-09-12 21:08:41] DEBUG    Objective                Residual
[2025-09-12 21:08:41] DEBUG    Iter       Primal          Dual         Primal    Dual     Compl     Time
[2025-09-12 21:08:41] DEBUG    0   2.61167674e+21 -7.93154065e+18  6.49e+10 2.89e-11  4.70e+15    29s
[2025-09-12 21:08:46] DEBUG    1   2.39390750e+21 -8.18238321e+18  5.92e+10 2.41e+05  3.93e+15    33s
[2025-09-12 21:08:52] DEBUG    2   2.27353752e+21 -3.61738400e+19  5.63e+10 1.81e+05  3.73e+15    40s
[2025-09-12 21:09:01] DEBUG    3   2.00721765e+21 -9.22198962e+19  4.99e+10 7.96e+04  3.25e+15    48s
[2025-09-12 21:09:08] DEBUG    4   1.49991724e+21 -1.17178809e+20  3.66e+10 2.45e+04  2.37e+15    55s
[2025-09-12 21:09:16] DEBUG    5   9.23217482e+20 -1.16152869e+20  2.22e+10 5.49e+03  1.45e+15    64s
[2025-09-12 21:09:23] DEBUG    6   5.37391182e+20 -1.03019921e+20  1.27e+10 1.55e+03  8.30e+14    70s
[2025-09-12 21:09:29] DEBUG    7   1.17305597e+20 -9.23531415e+19  2.43e+09 7.45e+02  1.77e+14    76s
[2025-09-12 21:09:34] DEBUG    8   3.35995612e+19 -4.75085498e+19  6.72e+08 1.10e+02  5.09e+13    81s
[2025-09-12 21:09:38] DEBUG    9   1.09608227e+19 -2.13171016e+19  2.13e+08 2.61e+01  1.66e+13    86s
[2025-09-12 21:09:42] DEBUG    10   6.15264541e+18 -1.04418180e+19  1.18e+08 9.62e+00  8.67e+12    90s
[2025-09-12 21:09:47] DEBUG    11   3.45291690e+18 -4.85405333e+18  6.57e+07 2.73e+00  4.49e+12    94s
[2025-09-12 21:09:51] DEBUG    12   1.77609681e+18 -2.78929174e+18  3.34e+07 1.16e+00  2.27e+12    98s
[2025-09-12 21:09:55] DEBUG    13   5.68754628e+17 -1.32256280e+18  1.06e+07 4.27e-01  7.56e+11   103s
[2025-09-12 21:10:00] DEBUG    14   1.07201989e+17 -4.34009529e+17  1.99e+06 9.45e-02  1.62e+11   107s
[2025-09-12 21:10:04] DEBUG    15   8.39456774e+15 -7.87270945e+16  1.41e+05 1.08e-02  1.83e+10   112s
[2025-09-12 21:10:09] DEBUG    16   4.00616713e+14 -3.21529312e+15  7.20e+01 1.24e-04  5.67e+08   116s
[2025-09-12 21:10:13] DEBUG    17   3.75129757e+14 -2.68990378e+14  6.01e-01 3.34e-03  5.00e+07   120s
[2025-09-12 21:10:17] DEBUG    18   3.58153880e+14 -1.45583371e+14  3.12e-04 1.81e-03  2.73e+07   125s
[2025-09-12 21:10:24] DEBUG    19   3.41736849e+14 -5.12596654e+13  2.04e-04 4.72e-03  9.97e+06   132s
[2025-09-12 21:10:38] DEBUG    20   3.31974227e+14 -2.71135076e+13  1.30e-04 1.60e-02  5.30e+06   146s
[2025-09-12 21:10:45] DEBUG    21   3.25543351e+14 -1.91248080e+13  9.54e-05 1.22e-02  3.84e+06   153s
[2025-09-12 21:10:50] DEBUG    22   3.19754519e+14 -1.28245292e+13  7.25e-05 1.18e-02  2.67e+06   158s
[2025-09-12 21:10:56] DEBUG    23   3.16722702e+14 -8.06492217e+12  6.10e-05 1.57e-02  1.78e+06   163s
[2025-09-12 21:11:03] DEBUG    24   3.11627663e+14 -4.66684995e+12  4.60e-05 2.04e-02  1.11e+06   170s
[2025-09-12 21:11:08] DEBUG    25   3.08912515e+14 -3.01241596e+12  5.67e-05 6.94e-02  7.73e+05   175s
[2025-09-12 21:11:14] DEBUG    26   3.05140233e+14 -1.41860098e+12  3.80e-05 7.52e-02  4.35e+05   182s
[2025-09-12 21:11:22] DEBUG    27   3.03396320e+14 -8.29151772e+11  5.82e-05 7.15e-02  2.97e+05   190s
[2025-09-12 21:11:30] DEBUG    28   2.99041781e+14 -5.55178835e+11  8.20e-05 6.83e-02  2.16e+05   197s
[2025-09-12 21:11:39] DEBUG    29   2.97549506e+14 -4.25714920e+11  5.58e-05 6.55e-02  1.83e+05   206s
[2025-09-12 21:11:50] DEBUG    30   2.93699503e+14 -2.75112805e+11  8.77e-05 6.29e-02  1.32e+05   217s
[2025-09-12 21:12:00] DEBUG    31   2.90926078e+14 -2.08316353e+11  5.08e-05 6.24e-02  1.06e+05   228s
[2025-09-12 21:12:11] DEBUG    32   2.89041640e+14 -1.63347956e+11  7.06e-05 6.09e-02  8.95e+04   238s
[2025-09-12 21:12:23] DEBUG    33   2.85351103e+14 -7.97243800e+10  3.91e-05 6.28e-02  5.84e+04   251s
[2025-09-12 21:12:34] DEBUG    34   2.80468442e+14 -3.55651909e+10  6.29e-05 6.03e-02  3.71e+04   262s
[2025-09-12 21:12:45] DEBUG    35   2.76373962e+14 -2.16060809e+10  5.10e-05 5.30e-02  2.68e+04   272s
[2025-09-12 21:12:56] DEBUG    36   2.75535625e+14 -1.84942479e+10  5.10e-05 5.11e-02  2.50e+04   283s
[2025-09-12 21:13:04] DEBUG    37   2.73976975e+14 -1.55979660e+10  5.39e-05 4.85e-02  2.26e+04   291s
[2025-09-12 21:13:14] DEBUG    38   2.72098482e+14 -1.44482113e+10  5.32e-05 4.72e-02  2.02e+04   301s
[2025-09-12 21:13:22] DEBUG    39   2.71186096e+14 -1.27437270e+10  5.05e-05 4.52e-02  1.89e+04   310s
[2025-09-12 21:13:29] DEBUG    40   2.70764943e+14 -1.17675594e+10  7.25e-05 4.34e-02  1.84e+04   316s
[2025-09-12 21:13:38] DEBUG    41   2.68488892e+14 -7.73221158e+09  5.48e-05 3.78e-02  1.54e+04   325s
[2025-09-12 21:13:47] DEBUG    42   2.66825794e+14 -6.86069440e+09  9.39e-05 3.65e-02  1.38e+04   334s
[2025-09-12 21:13:56] DEBUG    43   2.66050191e+14 -5.46120587e+09  6.34e-05 3.42e-02  1.30e+04   343s
[2025-09-12 21:14:06] DEBUG    44   2.64379013e+14 -4.64882898e+09  4.91e-05 3.27e-02  1.17e+04   353s
[2025-09-12 21:14:15] DEBUG    45   2.63060785e+14 -4.18043312e+09  5.82e-05 3.17e-02  1.08e+04   362s
[2025-09-12 21:14:25] DEBUG    46   2.61925004e+14 -3.05933841e+09  9.63e-05 2.98e-02  9.91e+03   372s
[2025-09-12 21:14:34] DEBUG    47   2.60406038e+14 -2.45757825e+09  6.72e-05 2.85e-02  8.99e+03   381s
[2025-09-12 21:14:43] DEBUG    48   2.59198459e+14 -1.90777377e+09  7.44e-05 2.73e-02  8.29e+03   391s
[2025-09-12 21:14:54] DEBUG    49   2.58195753e+14 -1.59165104e+09  6.72e-05 2.65e-02  7.82e+03   402s
[2025-09-12 21:15:03] DEBUG    50   2.56651076e+14 -1.02746668e+09  8.06e-05 2.52e-02  7.13e+03   410s
[2025-09-12 21:15:11] DEBUG    51   2.54992575e+14 -4.43421998e+08  7.49e-05 2.37e-02  6.39e+03   419s
[2025-09-12 21:15:22] DEBUG    52   2.54404548e+14  1.82078930e+08  6.91e-05 2.32e-02  6.09e+03   430s
[2025-09-12 21:15:31] DEBUG    53   2.53727796e+14  6.03230595e+08  6.09e-05 2.31e-02  5.82e+03   438s
[2025-09-12 21:15:39] DEBUG    54   2.53315150e+14  9.19264246e+08  8.30e-05 2.30e-02  5.65e+03   447s
[2025-09-12 21:15:46] DEBUG    55   2.52903817e+14  1.12897978e+09  6.53e-05 2.29e-02  5.51e+03   453s
[2025-09-12 21:15:55] DEBUG    56   2.52756981e+14  2.07045846e+09  8.39e-05 2.26e-02  5.30e+03   462s
[2025-09-12 21:16:03] DEBUG    57   2.51499649e+14  2.37525185e+09  7.07e-05 2.25e-02  4.91e+03   471s
[2025-09-12 21:16:11] DEBUG    58   2.50515839e+14  2.95613505e+09  9.92e-05 2.23e-02  4.55e+03   479s
[2025-09-12 21:16:20] DEBUG    59   2.49788485e+14  3.28582561e+09  9.06e-05 2.21e-02  4.31e+03   487s
[2025-09-12 21:16:28] DEBUG    60   2.49218806e+14  3.47182648e+09  6.29e-05 2.20e-02  4.16e+03   496s
[2025-09-12 21:16:36] DEBUG    61   2.49054017e+14  3.56088463e+09  6.29e-05 2.19e-02  4.12e+03   503s
[2025-09-12 21:16:44] DEBUG    62   2.48873077e+14  3.75336650e+09  8.25e-05 2.17e-02  4.05e+03   512s
[2025-09-12 21:16:53] DEBUG    63   2.48210447e+14  3.96596627e+09  9.30e-05 2.15e-02  3.87e+03   520s
[2025-09-12 21:17:02] DEBUG    64   2.47093422e+14  4.17705379e+09  6.71e-05 2.13e-02  3.60e+03   529s
[2025-09-12 21:17:08] DEBUG    65   2.46655414e+14  4.26415103e+09  7.02e-05 2.11e-02  3.51e+03   536s
[2025-09-12 21:17:20] DEBUG    66   2.46504301e+14  4.35238653e+09  7.72e-05 2.09e-02  3.47e+03   547s
[2025-09-12 21:17:26] DEBUG    67   2.46277853e+14  4.45463851e+09  8.12e-05 2.06e-02  3.42e+03   554s
[2025-09-12 21:17:36] DEBUG    68   2.44943055e+14  4.62549462e+09  7.39e-05 2.03e-02  3.14e+03   564s
[2025-09-12 21:17:45] DEBUG    69   2.43903167e+14  4.99593900e+09  7.78e-05 1.96e-02  2.89e+03   573s
[2025-09-12 21:17:55] DEBUG    70   2.43507997e+14  5.14365266e+09  7.62e-05 1.90e-02  2.81e+03   582s
[2025-09-12 21:18:03] DEBUG    71   2.43182510e+14  5.28020953e+09  8.20e-05 1.85e-02  2.75e+03   591s
[2025-09-12 21:18:12] DEBUG    72   2.42789376e+14  5.41989059e+09  1.00e-04 1.79e-02  2.68e+03   599s
[2025-09-12 21:18:19] DEBUG    73   2.42188028e+14  5.54180437e+09  9.93e-05 1.74e-02  2.58e+03   607s
[2025-09-12 21:18:26] DEBUG    74   2.41585947e+14  5.67837290e+09  9.11e-05 1.68e-02  2.49e+03   614s
[2025-09-12 21:18:34] DEBUG    75   2.41028656e+14  5.90059008e+09  7.57e-05 1.58e-02  2.39e+03   622s
[2025-09-12 21:18:44] DEBUG    76   2.40468929e+14  6.08817010e+09  9.11e-05 1.50e-02  2.30e+03   631s
[2025-09-12 21:18:53] DEBUG    77   2.39741802e+14  6.19100161e+09  9.16e-05 1.45e-02  2.20e+03   640s
[2025-09-12 21:19:02] DEBUG    78   2.39146163e+14  6.29363510e+09  9.68e-05 1.40e-02  2.12e+03   649s
[2025-09-12 21:19:10] DEBUG    79   2.38354800e+14  6.40295518e+09  8.87e-05 1.34e-02  2.02e+03   658s
[2025-09-12 21:19:17] DEBUG    80   2.37583240e+14  6.48372462e+09  8.34e-05 1.30e-02  1.93e+03   665s
[2025-09-12 21:19:27] DEBUG    81   2.34945861e+14  6.59967305e+09  7.81e-05 1.24e-02  1.63e+03   675s
[2025-09-12 21:19:36] DEBUG    82   2.34758064e+14  6.71969482e+09  1.02e-04 1.18e-02  1.60e+03   683s
[2025-09-12 21:19:43] DEBUG    83   2.34211610e+14  6.78895594e+09  1.16e-04 1.17e-02  1.55e+03   690s
[2025-09-12 21:19:52] DEBUG    84   2.33428366e+14  6.96324296e+09  9.82e-05 1.17e-02  1.46e+03   700s
[2025-09-12 21:20:00] DEBUG    85   2.32860095e+14  7.05291995e+09  1.18e-04 1.17e-02  1.41e+03   708s
[2025-09-12 21:20:09] DEBUG    86   2.32093217e+14  7.15351838e+09  1.16e-04 1.17e-02  1.34e+03   716s
[2025-09-12 21:20:18] DEBUG    87   2.30433681e+14  7.26139660e+09  8.87e-05 1.17e-02  1.20e+03   725s
[2025-09-12 21:20:25] DEBUG    88   2.30200420e+14  7.29629731e+09  8.11e-05 1.17e-02  1.18e+03   732s
[2025-09-12 21:20:34] DEBUG    89   2.29624852e+14  7.43352079e+09  1.03e-04 1.17e-02  1.13e+03   741s
[2025-09-12 21:20:40] DEBUG    90   2.28767410e+14  7.52325404e+09  1.15e-04 1.16e-02  1.07e+03   748s
[2025-09-12 21:20:48] DEBUG    91   2.28263705e+14  7.54345687e+09  8.08e-05 1.16e-02  1.03e+03   756s
[2025-09-12 21:20:56] DEBUG    92   2.27367623e+14  7.63068830e+09  8.34e-05 1.16e-02  9.68e+02   764s
[2025-09-12 21:21:05] DEBUG    93   2.26185457e+14  7.73148935e+09  8.92e-05 1.16e-02  8.93e+02   772s
[2025-09-12 21:21:13] DEBUG    94   2.25601460e+14  7.85534149e+09  8.25e-05 1.16e-02  8.46e+02   781s
[2025-09-12 21:21:22] DEBUG    95   2.23874726e+14  7.91833207e+09  9.87e-05 1.16e-02  7.58e+02   789s
[2025-09-12 21:21:31] DEBUG    96   2.23334196e+14  7.97913089e+09  7.82e-05 1.16e-02  7.30e+02   798s
[2025-09-12 21:21:40] DEBUG    97   2.21799807e+14  8.02643092e+09  6.37e-05 1.16e-02  6.62e+02   808s
[2025-09-12 21:21:49] DEBUG    98   2.20945507e+14  8.09388966e+09  7.87e-05 1.16e-02  6.21e+02   817s
[2025-09-12 21:21:57] DEBUG    99   2.19733181e+14  8.14656100e+09  8.44e-05 1.16e-02  5.73e+02   825s
[2025-09-12 21:22:07] DEBUG    100   2.18754104e+14  8.21983667e+09  6.72e-05 1.15e-02  5.28e+02   835s
[2025-09-12 21:22:15] DEBUG    101   2.17583172e+14  8.22396207e+09  7.30e-05 1.15e-02  4.89e+02   843s
[2025-09-12 21:22:25] DEBUG    102   2.17029240e+14  8.25676484e+09  6.34e-05 1.15e-02  4.69e+02   853s
[2025-09-12 21:22:34] DEBUG    103   2.16350803e+14  8.29929905e+09  7.34e-05 1.15e-02  4.42e+02   861s
[2025-09-12 21:22:42] DEBUG    104   2.15289028e+14  8.35063745e+09  5.63e-05 1.15e-02  4.02e+02   870s
[2025-09-12 21:22:51] DEBUG    105   2.14282102e+14  8.37269565e+09  8.34e-05 1.15e-02  3.72e+02   879s
[2025-09-12 21:23:01] DEBUG    106   2.13551120e+14  8.38885694e+09  7.20e-05 1.15e-02  3.51e+02   888s
[2025-09-12 21:23:09] DEBUG    107   2.12712169e+14  8.40902982e+09  9.63e-05 1.15e-02  3.27e+02   897s
[2025-09-12 21:23:10] DEBUG    Barrier performed 107 iterations in 897.03 seconds (164.22 work units)
Barrier solve interrupted - model solved by another algorithm
[2025-09-12 21:23:10] DEBUG    Solved with dual simplex
[2025-09-12 21:23:18] DEBUG    Iteration    Objective       Primal Inf.    Dual Inf.      Time
[2025-09-12 21:23:18] DEBUG    684844    1.0779680e+10   0.000000e+00   0.000000e+00    906s

Solved in 684844 iterations and 905.94 seconds (278.42 work units)
[2025-09-12 21:23:18] DEBUG    Optimal objective  1.077968047e+10
❌ Errore nel run di autarky_GT+VRES_2030_PHES: 'Model' object has no attribute 'backend_model'
🏁 Tutti gli scenari sono stati processati.
