
🚀 Lancio scenario: autarky_VRES_2030_BESS
[2025-08-06 12:56:46] INFO     Loading sets
[2025-08-06 12:56:47] INFO     Loading parameters
[2025-08-06 12:57:32] INFO     constraints are loaded in the following order: ['energy_balance', 'dispatch', 'costs', 'capacity', 'network', 'policy', 'conversion', 'group', 'conversion_plus', 'milp', 'export']
[2025-08-06 12:57:32] INFO     creating energy_balance constraints
[2025-08-06 13:01:15] INFO     creating dispatch constraints
[2025-08-06 13:04:17] INFO     creating costs constraints
[2025-08-06 13:13:25] INFO     creating capacity constraints
[2025-08-06 13:13:25] INFO     creating network constraints
[2025-08-06 13:13:25] INFO     creating policy constraints
[2025-08-06 13:13:25] INFO     creating conversion constraints
[2025-08-06 13:13:25] INFO     creating group constraints
[2025-08-06 13:13:25] INFO     creating conversion_plus constraints
[2025-08-06 13:13:25] INFO     creating milp constraints
[2025-08-06 13:13:25] INFO     creating export constraints
[2025-08-06 13:25:11] DEBUG    Set parameter WLSAccessID
Set parameter WLSSecret
Set parameter LicenseID to value 2680226
[2025-08-06 13:25:11] DEBUG    Academic license 2680226 - for non-commercial use only - registered to an___@mail.polimi.it
[2025-08-06 13:25:45] DEBUG    Read LP format model from file /tmp/tmp6iko1fw6.pyomo.lp
[2025-08-06 13:25:45] DEBUG    Reading time = 33.20 seconds
x16068742: 21894193 rows, 16068742 columns, 52641835 nonzeros
Set parameter NumericFocus to value 1
Gurobi Optimizer version 12.0.2 build v12.0.2rc0 (linux64 - "Debian GNU/Linux 11 (bullseye)")

CPU model: Intel(R) Xeon(R) Silver 4314 CPU @ 2.40GHz, instruction set [SSE2|AVX|AVX2|AVX512]
Thread count: 32 physical cores, 64 logical processors, using up to 32 threads
[2025-08-06 13:25:45] DEBUG    Non-default parameters:
NumericFocus  1
[2025-08-06 13:25:45] DEBUG    Academic license 2680226 - for non-commercial use only - registered to an___@mail.polimi.it
Optimize a model with 21894193 rows, 16068742 columns and 52641835 nonzeros
[2025-08-06 13:25:45] DEBUG    Model fingerprint: 0xa0db8594
[2025-08-06 13:25:45] DEBUG    Coefficient statistics:
  Matrix range     [1e-07, 3e+02]
  Objective range  [1e+00, 1e+06]
  Bounds range     [0e+00, 0e+00]
  RHS range        [1e+00, 2e+08]
[2025-08-06 13:25:51] DEBUG    Presolve removed 17670178 rows and 9452832 columns (presolve time = 5s)...
[2025-08-06 13:25:56] DEBUG    Presolve removed 19250484 rows and 12773110 columns (presolve time = 10s)...
[2025-08-06 13:26:00] DEBUG    Presolve removed 19250542 rows and 12773110 columns (presolve time = 15s)...
[2025-08-06 13:26:05] DEBUG    Presolve removed 19399963 rows and 12790630 columns
[2025-08-06 13:26:31] DEBUG    Presolve time: 46.90s
Presolved: 2494230 rows, 3427015 columns, 10354737 nonzeros
[2025-08-06 13:26:31] DEBUG    Concurrent LP optimizer: primal simplex, dual simplex, and barrier
Showing barrier log only...
[2025-08-06 13:26:35] DEBUG    Ordering time: 1.39s
[2025-08-06 13:26:36] DEBUG    Barrier statistics:
 Dense cols : 115
 AA' NZ     : 1.040e+07
 Factor NZ  : 3.714e+07 (roughly 2.7 GB of memory)
 Factor Ops : 8.977e+08 (less than 1 second per iteration)
 Threads    : 30
[2025-08-06 13:26:42] DEBUG    Objective                Residual
[2025-08-06 13:26:42] DEBUG    Iter       Primal          Dual         Primal    Dual     Compl     Time
[2025-08-06 13:26:42] DEBUG    0   1.30821425e+19 -5.87021964e+17  2.28e+08 5.46e-02  6.78e+12    58s
[2025-08-06 13:26:47] DEBUG    1   1.03664615e+19 -5.23694600e+17  1.80e+08 5.58e+04  4.64e+12    63s
[2025-08-06 13:26:54] DEBUG    2   9.10658853e+18 -4.83738208e+17  1.62e+08 2.04e+04  3.84e+12    70s
[2025-08-06 13:27:04] DEBUG    3   6.65063011e+18 -4.58605952e+17  1.24e+08 6.04e+03  2.81e+12    79s
[2025-08-06 13:27:11] DEBUG    4   5.02359179e+18 -4.38169357e+17  9.69e+07 3.41e+03  2.17e+12    86s
[2025-08-06 13:27:16] DEBUG    5   4.11486354e+18 -4.16428901e+17  7.93e+07 2.15e+03  1.76e+12    92s
[2025-08-06 13:27:21] DEBUG    6   3.35315522e+18 -3.96406621e+17  6.46e+07 1.53e+03  1.43e+12    97s
[2025-08-06 13:27:27] DEBUG    7   2.45055931e+18 -3.77435366e+17  4.72e+07 1.24e+03  1.05e+12   102s
[2025-08-06 13:27:35] DEBUG    8   9.47021506e+17 -3.39679466e+17  1.96e+07 7.63e+02  4.61e+11   110s
[2025-08-06 13:27:43] DEBUG    9   2.23830701e+17 -2.18719934e+17  4.55e+06 1.42e+02  1.20e+11   118s
[2025-08-06 13:27:50] DEBUG    10   2.49982030e+16 -9.06316516e+16  4.86e+05 2.66e+01  2.14e+10   125s
[2025-08-06 13:27:55] DEBUG    11   5.44061598e+14 -2.29298625e+16  8.98e+03 4.21e+00  3.46e+09   130s
[2025-08-06 13:28:00] DEBUG    12   1.54046075e+12 -4.95232654e+13  1.30e+00 5.39e-03  7.27e+06   135s
[2025-08-06 13:28:05] DEBUG    13   1.18253783e+12 -4.25141463e+13  1.85e-03 4.45e-03  6.16e+06   140s
[2025-08-06 13:28:11] DEBUG    14   1.15978401e+12 -3.82132274e+13  1.20e-03 3.95e-03  5.54e+06   146s
[2025-08-06 13:28:16] DEBUG    15   1.00580971e+12 -2.85429889e+13  1.04e-03 2.73e-03  4.14e+06   151s
[2025-08-06 13:28:24] DEBUG    16   7.75045723e+11 -1.81204878e+13  6.33e-04 1.53e-03  2.63e+06   159s
[2025-08-06 13:28:30] DEBUG    17   6.38827838e+11 -1.11636253e+13  4.15e-04 7.52e-04  1.64e+06   165s
[2025-08-06 13:28:37] DEBUG    18   4.55177990e+11 -4.14090478e+12  2.27e-04 2.25e-05  6.34e+05   172s
[2025-08-06 13:28:47] DEBUG    19   2.72499936e+11 -1.91706551e+12  1.28e-04 2.18e-08  3.01e+05   182s
[2025-08-06 13:28:53] DEBUG    20   2.02127846e+11 -8.33249985e+11  6.92e-05 9.62e-09  1.42e+05   189s
[2025-08-06 13:28:59] DEBUG    21   1.67551001e+11 -4.90918274e+11  5.21e-05 5.66e-09  9.05e+04   195s
[2025-08-06 13:29:05] DEBUG    22   1.14369029e+11 -2.92012199e+11  3.07e-05 3.32e-09  5.58e+04   200s
[2025-08-06 13:29:10] DEBUG    23   1.02699357e+11 -2.43561829e+11  2.64e-05 2.80e-09  4.75e+04   206s
[2025-08-06 13:29:16] DEBUG    24   9.77773018e+10 -2.20130910e+11  2.47e-05 2.56e-09  4.36e+04   211s
[2025-08-06 13:29:23] DEBUG    25   8.66485192e+10 -1.65437847e+11  2.08e-05 2.00e-09  3.46e+04   219s
[2025-08-06 13:29:32] DEBUG    26   8.22724854e+10 -1.12311653e+11  1.93e-05 1.47e-09  2.67e+04   228s
[2025-08-06 13:29:45] DEBUG    27   7.23297630e+10 -3.86842864e+10  1.63e-05 6.64e-10  1.52e+04   241s
[2025-08-06 13:29:55] DEBUG    28   5.40385177e+10 -1.71152431e+10  1.03e-05 4.14e-10  9.76e+03   250s
[2025-08-06 13:30:05] DEBUG    29   5.04313711e+10 -4.38085465e+09  9.26e-06 2.66e-10  7.52e+03   261s
[2025-08-06 13:30:19] DEBUG    30   4.36549687e+10  2.92396459e+09  9.71e-06 2.33e-10  5.59e+03   274s
[2025-08-06 13:30:39] DEBUG    31   3.50426493e+10  9.23458675e+09  6.45e-06 2.33e-10  3.54e+03   295s
[2025-08-06 13:30:55] DEBUG    32   3.04276432e+10  1.14281884e+10  4.73e-06 2.33e-10  2.61e+03   310s
[2025-08-06 13:31:15] DEBUG    33   2.92225210e+10  1.28162388e+10  4.30e-06 2.33e-10  2.25e+03   330s
[2025-08-06 13:31:32] DEBUG    34   2.78786881e+10  1.37013374e+10  3.86e-06 2.33e-10  1.94e+03   348s
[2025-08-06 13:31:51] DEBUG    35   2.66391790e+10  1.45970085e+10  3.41e-06 2.33e-10  1.65e+03   367s
[2025-08-06 13:32:12] DEBUG    36   2.42821813e+10  1.54778825e+10  2.56e-06 2.33e-10  1.21e+03   387s
[2025-08-06 13:32:33] DEBUG    37   2.31174067e+10  1.65817961e+10  2.15e-06 3.82e-07  8.97e+02   409s
[2025-08-06 13:33:01] DEBUG    38   2.08647460e+10  1.68816006e+10  1.23e-06 3.77e-07  5.46e+02   437s
[2025-08-06 13:33:25] DEBUG    39   1.98314968e+10  1.70710863e+10  8.38e-07 3.69e-07  3.79e+02   460s
[2025-08-06 13:33:47] DEBUG    40   1.89960220e+10  1.72219981e+10  5.09e-07 3.23e-07  2.43e+02   482s
[2025-08-06 13:34:08] DEBUG    41   1.88442505e+10  1.72857639e+10  4.47e-07 3.00e-07  2.14e+02   503s
[2025-08-06 13:34:25] DEBUG    42   1.87553199e+10  1.73373734e+10  4.14e-07 2.95e-07  1.95e+02   520s
[2025-08-06 13:34:42] DEBUG    43   1.85277300e+10  1.73616340e+10  3.32e-07 3.26e-07  1.60e+02   538s
[2025-08-06 13:34:59] DEBUG    44   1.84422876e+10  1.73955009e+10  2.98e-07 3.85e-07  1.44e+02   555s
[2025-08-06 13:35:17] DEBUG    45   1.83461156e+10  1.74092970e+10  2.63e-07 4.13e-07  1.29e+02   573s
[2025-08-06 13:35:35] DEBUG    46   1.82706457e+10  1.74293466e+10  2.35e-07 4.59e-07  1.15e+02   590s
[2025-08-06 13:35:52] DEBUG    47   1.82110749e+10  1.74417278e+10  2.12e-07 4.89e-07  1.06e+02   607s
[2025-08-06 13:36:12] DEBUG    48   1.81117620e+10  1.74472773e+10  1.77e-07 4.99e-07  9.12e+01   627s
[2025-08-06 13:36:36] DEBUG    49   1.80668483e+10  1.74644713e+10  1.60e-07 5.36e-07  8.26e+01   651s
[2025-08-06 13:37:06] DEBUG    50   1.80112192e+10  1.75063654e+10  1.42e-07 6.21e-07  6.93e+01   682s
[2025-08-06 13:37:35] DEBUG    51   1.79698864e+10  1.75224894e+10  1.25e-07 6.50e-07  6.14e+01   710s
[2025-08-06 13:38:17] DEBUG    52   1.78737185e+10  1.75362236e+10  8.75e-08 6.80e-07  4.63e+01   753s
[2025-08-06 13:38:49] DEBUG    53   1.78320235e+10  1.75555480e+10  7.26e-08 7.18e-07  3.79e+01   784s
[2025-08-06 13:39:23] DEBUG    54   1.78118392e+10  1.75635636e+10  6.52e-08 7.32e-07  3.41e+01   818s
[2025-08-06 13:39:52] DEBUG    55   1.77979900e+10  1.75753490e+10  5.96e-08 7.50e-07  3.05e+01   848s
[2025-08-06 13:40:20] DEBUG    56   1.77722795e+10  1.75865917e+10  5.03e-08 7.65e-07  2.55e+01   876s
[2025-08-06 13:40:47] DEBUG    57   1.77587418e+10  1.75917813e+10  4.84e-08 7.60e-07  2.29e+01   903s
[2025-08-06 13:41:10] DEBUG    58   1.77487143e+10  1.75934238e+10  4.28e-08 7.58e-07  2.13e+01   925s
[2025-08-06 13:41:38] DEBUG    59   1.77443143e+10  1.75985067e+10  3.91e-08 7.45e-07  2.00e+01   953s
[2025-08-06 13:42:05] DEBUG    60   1.77336832e+10  1.76017188e+10  3.73e-08 7.31e-07  1.81e+01   980s
[2025-08-06 13:42:29] DEBUG    61   1.77291994e+10  1.76049429e+10  3.73e-08 7.08e-07  1.70e+01  1005s
[2025-08-06 13:43:00] DEBUG    62   1.77164474e+10  1.76071934e+10  4.47e-08 6.80e-07  1.50e+01  1035s
[2025-08-06 13:43:27] DEBUG    63   1.77033279e+10  1.76134883e+10  3.45e-08 6.33e-07  1.23e+01  1062s
[2025-08-06 13:43:46] DEBUG    64   1.76985055e+10  1.76143780e+10  3.73e-08 6.43e-07  1.15e+01  1082s
[2025-08-06 13:44:10] DEBUG    65   1.76900381e+10  1.76149875e+10  4.10e-08 6.51e-07  1.03e+01  1106s
[2025-08-06 13:44:38] DEBUG    66   1.76833542e+10  1.76176430e+10  3.35e-08 6.78e-07  9.02e+00  1134s
[2025-08-06 13:45:05] DEBUG    67   1.76770765e+10  1.76184464e+10  3.35e-08 6.86e-07  8.04e+00  1161s
[2025-08-06 13:45:33] DEBUG    68   1.76733081e+10  1.76219253e+10  3.35e-08 7.14e-07  7.05e+00  1189s
[2025-08-06 13:45:55] DEBUG    69   1.76686137e+10  1.76223787e+10  4.10e-08 7.18e-07  6.34e+00  1211s
[2025-08-06 13:46:22] DEBUG    70   1.76649844e+10  1.76236661e+10  3.35e-08 7.25e-07  5.67e+00  1238s
[2025-08-06 13:46:50] DEBUG    71   1.76623936e+10  1.76246513e+10  3.35e-08 7.28e-07  5.18e+00  1265s
[2025-08-06 13:47:16] DEBUG    72   1.76596734e+10  1.76256103e+10  3.35e-08 7.30e-07  4.67e+00  1292s
[2025-08-06 13:47:43] DEBUG    73   1.76573557e+10  1.76269007e+10  3.35e-08 7.27e-07  4.18e+00  1319s
[2025-08-06 13:48:10] DEBUG    74   1.76551040e+10  1.76277226e+10  3.35e-08 7.21e-07  3.76e+00  1345s
[2025-08-06 13:48:37] DEBUG    75   1.76522716e+10  1.76288722e+10  4.10e-08 7.04e-07  3.21e+00  1372s
[2025-08-06 13:49:04] DEBUG    76   1.76508448e+10  1.76290485e+10  3.35e-08 6.99e-07  2.99e+00  1400s
[2025-08-06 13:49:31] DEBUG    77   1.76496394e+10  1.76293805e+10  2.98e-08 6.84e-07  2.78e+00  1427s
[2025-08-06 13:49:54] DEBUG    78   1.76492218e+10  1.76294800e+10  3.35e-08 6.78e-07  2.71e+00  1449s
[2025-08-06 13:50:20] DEBUG    79   1.76480750e+10  1.76300322e+10  3.73e-08 6.43e-07  2.48e+00  1476s
[2025-08-06 13:50:49] DEBUG    80   1.76466916e+10  1.76302253e+10  3.35e-08 6.27e-07  2.26e+00  1504s
[2025-08-06 13:51:19] DEBUG    81   1.76457667e+10  1.76307967e+10  3.35e-08 5.66e-07  2.05e+00  1535s
[2025-08-06 13:51:44] DEBUG    82   1.76448789e+10  1.76309436e+10  4.10e-08 5.48e-07  1.91e+00  1559s
[2025-08-06 13:52:13] DEBUG    83   1.76435982e+10  1.76312635e+10  3.35e-08 5.09e-07  1.69e+00  1588s
[2025-08-06 13:52:39] DEBUG    84   1.76431584e+10  1.76314553e+10  4.10e-08 4.82e-07  1.61e+00  1615s
[2025-08-06 13:53:05] DEBUG    85   1.76424108e+10  1.76318076e+10  3.73e-08 4.80e-07  1.46e+00  1641s
[2025-08-06 13:53:26] DEBUG    86   1.76420510e+10  1.76318949e+10  3.35e-08 4.85e-07  1.39e+00  1661s
[2025-08-06 13:53:52] DEBUG    87   1.76414827e+10  1.76321347e+10  4.47e-08 4.97e-07  1.28e+00  1687s
[2025-08-06 13:54:17] DEBUG    88   1.76409227e+10  1.76322861e+10  4.10e-08 5.05e-07  1.19e+00  1712s
[2025-08-06 13:54:43] DEBUG    89   1.76405485e+10  1.76323470e+10  3.35e-08 5.08e-07  1.13e+00  1738s
[2025-08-06 13:55:06] DEBUG    90   1.76399499e+10  1.76324006e+10  2.98e-08 5.11e-07  1.04e+00  1762s
[2025-08-06 13:55:40] DEBUG    91   1.76393504e+10  1.76325935e+10  3.35e-08 5.19e-07  9.28e-01  1795s
[2025-08-06 13:56:07] DEBUG    92   1.76388111e+10  1.76327320e+10  4.10e-08 5.25e-07  8.35e-01  1823s
[2025-08-06 13:56:35] DEBUG    93   1.76384265e+10  1.76328269e+10  3.73e-08 5.29e-07  7.69e-01  1850s
[2025-08-06 13:56:58] DEBUG    94   1.76381489e+10  1.76328651e+10  3.35e-08 5.30e-07  7.26e-01  1874s
[2025-08-06 13:57:26] DEBUG    95   1.76376663e+10  1.76329650e+10  3.73e-08 5.33e-07  6.46e-01  1901s
[2025-08-06 13:57:50] DEBUG    96   1.76374887e+10  1.76329890e+10  4.47e-08 5.34e-07  6.18e-01  1925s
[2025-08-06 13:58:13] DEBUG    97   1.76372919e+10  1.76331008e+10  4.47e-08 5.35e-07  5.76e-01  1949s
[2025-08-06 13:58:40] DEBUG    98   1.76370870e+10  1.76331881e+10  3.35e-08 5.36e-07  5.36e-01  1976s
[2025-08-06 13:59:04] DEBUG    99   1.76369545e+10  1.76332143e+10  3.35e-08 5.36e-07  5.14e-01  1999s
[2025-08-06 13:59:28] DEBUG    100   1.76367083e+10  1.76332390e+10  2.98e-08 5.35e-07  4.77e-01  2023s
[2025-08-06 13:59:56] DEBUG    101   1.76365290e+10  1.76333091e+10  3.35e-08 5.34e-07  4.43e-01  2051s
[2025-08-06 14:00:17] DEBUG    102   1.76362822e+10  1.76333284e+10  3.35e-08 5.33e-07  4.06e-01  2072s
[2025-08-06 14:00:45] DEBUG    103   1.76359891e+10  1.76333945e+10  4.10e-08 5.30e-07  3.57e-01  2100s
[2025-08-06 14:01:13] DEBUG    104   1.76358343e+10  1.76334513e+10  2.61e-08 5.25e-07  3.28e-01  2128s
[2025-08-06 14:01:40] DEBUG    105   1.76356913e+10  1.76334956e+10  3.35e-08 5.20e-07  3.02e-01  2156s
[2025-08-06 14:02:08] DEBUG    106   1.76355761e+10  1.76335147e+10  3.35e-08 5.18e-07  2.84e-01  2183s
[2025-08-06 14:02:34] DEBUG    107   1.76354282e+10  1.76335470e+10  4.10e-08 5.13e-07  2.59e-01  2210s
[2025-08-06 14:03:09] DEBUG    108   1.76353204e+10  1.76335633e+10  4.10e-08 5.10e-07  2.42e-01  2245s
[2025-08-06 14:03:36] DEBUG    109   1.76352775e+10  1.76336018e+10  3.35e-08 5.01e-07  2.31e-01  2271s
[2025-08-06 14:04:03] DEBUG    110   1.76352053e+10  1.76336416e+10  3.73e-08 4.90e-07  2.15e-01  2298s
[2025-08-06 14:04:30] DEBUG    111   1.76350897e+10  1.76336678e+10  3.35e-08 4.81e-07  1.96e-01  2325s
[2025-08-06 14:04:49] DEBUG    112   1.76350679e+10  1.76336993e+10  4.10e-08 4.66e-07  1.89e-01  2345s
[2025-08-06 14:05:17] DEBUG    113   1.76350355e+10  1.76337106e+10  4.10e-08 4.59e-07  1.83e-01  2373s
[2025-08-06 14:05:41] DEBUG    114   1.76349901e+10  1.76337498e+10  3.73e-08 4.34e-07  1.71e-01  2396s
[2025-08-06 14:06:07] DEBUG    115   1.76349253e+10  1.76337736e+10  3.35e-08 4.15e-07  1.59e-01  2422s
[2025-08-06 14:06:34] DEBUG    116   1.76348891e+10  1.76337860e+10  4.84e-08 4.04e-07  1.52e-01  2449s
[2025-08-06 14:06:57] DEBUG    117   1.76348647e+10  1.76338020e+10  4.47e-08 3.89e-07  1.47e-01  2472s
[2025-08-06 14:07:25] DEBUG    118   1.76348184e+10  1.76338300e+10  5.59e-08 3.60e-07  1.36e-01  2501s
[2025-08-06 14:07:46] DEBUG    119   1.76347509e+10  1.76338416e+10  3.35e-08 3.48e-07  1.25e-01  2522s
[2025-08-06 14:08:11] DEBUG    120   1.76347138e+10  1.76338560e+10  4.47e-08 3.33e-07  1.18e-01  2546s
[2025-08-06 14:08:38] DEBUG    121   1.76346763e+10  1.76338710e+10  3.35e-08 3.16e-07  1.11e-01  2574s
[2025-08-06 14:09:06] DEBUG    122   1.76346145e+10  1.76338910e+10  3.73e-08 2.94e-07  9.98e-02  2602s
[2025-08-06 14:09:37] DEBUG    123   1.76345721e+10  1.76339032e+10  3.73e-08 2.81e-07  9.23e-02  2632s
[2025-08-06 14:10:02] DEBUG    124   1.76344917e+10  1.76339330e+10  4.10e-08 2.48e-07  7.71e-02  2658s
[2025-08-06 14:10:29] DEBUG    125   1.76344691e+10  1.76339401e+10  4.10e-08 2.41e-07  7.31e-02  2684s
[2025-08-06 14:11:04] DEBUG    126   1.76344323e+10  1.76339521e+10  3.73e-08 2.28e-07  6.63e-02  2719s
[2025-08-06 14:11:38] DEBUG    127   1.76344146e+10  1.76339604e+10  2.61e-08 2.19e-07  6.27e-02  2753s
[2025-08-06 14:12:09] DEBUG    128   1.76343848e+10  1.76339718e+10  4.10e-08 2.06e-07  5.71e-02  2785s
[2025-08-06 14:12:40] DEBUG    129   1.76343645e+10  1.76339874e+10  4.10e-08 1.90e-07  5.21e-02  2816s
[2025-08-06 14:12:40] DEBUG    Barrier performed 129 iterations in 2815.72 seconds (476.39 work units)
[2025-08-06 14:12:40] DEBUG    Barrier solve interrupted - model solved by another algorithm
[2025-08-06 14:12:40] DEBUG    Solved with dual simplex
[2025-08-06 14:12:48] DEBUG    Iteration    Objective       Primal Inf.    Dual Inf.      Time
[2025-08-06 14:12:48] DEBUG    1105493    1.7634156e+10   0.000000e+00   0.000000e+00   2824s

Solved in 1105493 iterations and 2823.85 seconds (839.29 work units)
[2025-08-06 14:12:48] DEBUG    Optimal objective  1.763415630e+10
❌ Errore nel run di autarky_VRES_2030_BESS: 'Model' object has no attribute 'backend_model'

🚀 Lancio scenario: autarky_VRES_2030_PHES
[2025-08-06 14:19:42] INFO     Loading sets
[2025-08-06 14:19:42] INFO     Loading parameters
[2025-08-06 14:20:16] INFO     constraints are loaded in the following order: ['energy_balance', 'dispatch', 'costs', 'capacity', 'network', 'policy', 'conversion', 'group', 'conversion_plus', 'milp', 'export']
[2025-08-06 14:20:16] INFO     creating energy_balance constraints
[2025-08-06 14:24:42] INFO     creating dispatch constraints
[2025-08-06 14:28:13] INFO     creating costs constraints
[2025-08-06 14:38:11] INFO     creating capacity constraints
[2025-08-06 14:38:11] INFO     creating network constraints
[2025-08-06 14:38:11] INFO     creating policy constraints
[2025-08-06 14:38:11] INFO     creating conversion constraints
[2025-08-06 14:38:11] INFO     creating group constraints
[2025-08-06 14:38:11] INFO     creating conversion_plus constraints
[2025-08-06 14:38:11] INFO     creating milp constraints
[2025-08-06 14:38:11] INFO     creating export constraints
[2025-08-06 14:49:55] DEBUG    Set parameter WLSAccessID
Set parameter WLSSecret
Set parameter LicenseID to value 2680226
[2025-08-06 14:49:55] DEBUG    Academic license 2680226 - for non-commercial use only - registered to an___@mail.polimi.it
[2025-08-06 14:50:28] DEBUG    Read LP format model from file /tmp/tmptyk7vtqt.pyomo.lp
Reading time = 32.37 seconds
x16068742: 21894251 rows, 16068742 columns, 52895933 nonzeros
[2025-08-06 14:50:28] DEBUG    Set parameter NumericFocus to value 1
Gurobi Optimizer version 12.0.2 build v12.0.2rc0 (linux64 - "Debian GNU/Linux 11 (bullseye)")

CPU model: Intel(R) Xeon(R) Silver 4314 CPU @ 2.40GHz, instruction set [SSE2|AVX|AVX2|AVX512]
Thread count: 32 physical cores, 64 logical processors, using up to 32 threads

Non-default parameters:
NumericFocus  1
[2025-08-06 14:50:28] DEBUG    Academic license 2680226 - for non-commercial use only - registered to an___@mail.polimi.it
Optimize a model with 21894251 rows, 16068742 columns and 52895933 nonzeros
[2025-08-06 14:50:29] DEBUG    Model fingerprint: 0x651bec5b
[2025-08-06 14:50:29] DEBUG    Coefficient statistics:
  Matrix range     [1e-07, 3e+02]
  Objective range  [1e+00, 1e+06]
  Bounds range     [0e+00, 0e+00]
  RHS range        [1e+00, 6e+09]
Warning: Model contains large rhs
[2025-08-06 14:50:34] DEBUG    Presolve removed 17801642 rows and 9531678 columns (presolve time = 6s)...
[2025-08-06 14:50:39] DEBUG    Presolve removed 19355743 rows and 12830926 columns (presolve time = 10s)...
[2025-08-06 14:50:45] DEBUG    Presolve removed 19355795 rows and 12830926 columns (presolve time = 16s)...
[2025-08-06 14:50:48] DEBUG    Presolve removed 19505216 rows and 12848446 columns
[2025-08-06 14:51:14] DEBUG    Presolve time: 46.51s
Presolved: 2389035 rows, 3369199 columns, 9912887 nonzeros

Concurrent LP optimizer: primal simplex, dual simplex, and barrier
Showing barrier log only...
[2025-08-06 14:51:17] DEBUG    Ordering time: 1.22s
[2025-08-06 14:51:19] DEBUG    Barrier statistics:
[2025-08-06 14:51:19] DEBUG    Dense cols : 112
 AA' NZ     : 9.680e+06
 Factor NZ  : 3.573e+07 (roughly 2.6 GB of memory)
 Factor Ops : 9.243e+08 (less than 1 second per iteration)
 Threads    : 30
[2025-08-06 14:51:24] DEBUG    Objective                Residual
[2025-08-06 14:51:24] DEBUG    Iter       Primal          Dual         Primal    Dual     Compl     Time
[2025-08-06 14:51:24] DEBUG    0   1.10521146e+19 -8.30751801e+17  1.77e+08 7.07e-02  7.33e+12    56s
[2025-08-06 14:51:29] DEBUG    1   8.84748514e+18 -7.23999262e+17  1.42e+08 9.09e+04  5.03e+12    61s
[2025-08-06 14:51:37] DEBUG    2   7.63228116e+18 -6.45790917e+17  1.25e+08 3.30e+04  4.06e+12    69s
[2025-08-06 14:51:46] DEBUG    3   5.14570775e+18 -5.93960179e+17  9.03e+07 9.93e+03  2.79e+12    78s
[2025-08-06 14:51:54] DEBUG    4   3.98396011e+18 -5.58819398e+17  7.28e+07 4.81e+03  2.20e+12    86s
[2025-08-06 14:51:59] DEBUG    5   3.08229012e+18 -5.27161160e+17  5.63e+07 3.26e+03  1.70e+12    91s
[2025-08-06 14:52:04] DEBUG    6   2.46613599e+18 -5.08627996e+17  4.51e+07 2.76e+03  1.36e+12    96s
[2025-08-06 14:52:09] DEBUG    7   1.75500012e+18 -4.73843737e+17  3.22e+07 2.12e+03  9.77e+11   101s
[2025-08-06 14:52:16] DEBUG    8   9.95468555e+17 -3.92955225e+17  1.94e+07 1.08e+03  5.74e+11   108s
[2025-08-06 14:52:25] DEBUG    9   4.05799794e+17 -2.48783479e+17  8.09e+06 2.09e+02  2.31e+11   117s
[2025-08-06 14:52:33] DEBUG    10   9.46223750e+16 -1.35918328e+17  1.86e+06 5.40e+01  6.00e+10   125s
[2025-08-06 14:52:38] DEBUG    11   5.15695903e+16 -9.01142990e+16  1.01e+06 2.73e+01  3.29e+10   130s
[2025-08-06 14:52:44] DEBUG    12   2.42652260e+16 -5.93064866e+16  4.76e+05 1.45e+01  1.69e+10   136s
[2025-08-06 14:52:49] DEBUG    13   1.71442902e+16 -3.37042750e+16  3.35e+05 6.44e+00  9.91e+09   141s
[2025-08-06 14:52:54] DEBUG    14   1.15472783e+16 -2.18494721e+16  2.25e+05 3.50e+00  6.16e+09   146s
[2025-08-06 14:52:59] DEBUG    15   7.72412153e+15 -1.37979838e+16  1.50e+05 1.92e+00  3.78e+09   152s
[2025-08-06 14:53:07] DEBUG    16   2.25379801e+15 -4.55809957e+15  4.36e+04 3.98e-01  1.09e+09   159s
[2025-08-06 14:53:12] DEBUG    17   1.89607686e+14 -9.46296800e+14  3.57e+03 5.83e-02  1.65e+08   164s
[2025-08-06 14:53:20] DEBUG    18   1.01745536e+14 -1.76898017e+14  1.94e+03 9.49e-03  4.00e+07   172s
[2025-08-06 14:53:30] DEBUG    19   4.59303624e+12 -7.65658261e+13  2.98e+01 3.32e-03  1.15e+07   182s
[2025-08-06 14:53:37] DEBUG    20   2.26538178e+12 -3.28156058e+13  4.75e-02 1.07e-03  4.95e+06   189s
[2025-08-06 14:53:42] DEBUG    21   2.10554425e+12 -2.28993483e+13  2.75e-02 6.14e-04  3.53e+06   195s
[2025-08-06 14:53:48] DEBUG    22   1.90119404e+12 -1.91829455e+13  7.58e-03 4.36e-04  2.97e+06   200s
[2025-08-06 14:53:53] DEBUG    23   1.59604365e+12 -1.43762859e+13  2.05e-03 2.27e-04  2.25e+06   205s
[2025-08-06 14:53:58] DEBUG    24   1.43410094e+12 -1.15548478e+13  9.16e-04 1.09e-04  1.83e+06   210s
[2025-08-06 14:54:05] DEBUG    25   1.33725411e+12 -5.30867374e+12  4.07e-04 5.05e-09  9.33e+05   217s
[2025-08-06 14:54:10] DEBUG    26   1.26468242e+12 -3.10433812e+12  2.61e-04 4.59e-09  6.13e+05   222s
[2025-08-06 14:54:18] DEBUG    27   1.17757913e+12 -1.19445270e+12  1.35e-04 2.71e-09  3.33e+05   230s
[2025-08-06 14:54:27] DEBUG    28   1.05885909e+12  1.54267759e+11  1.57e-04 3.60e-09  1.27e+05   239s
[2025-08-06 14:54:34] DEBUG    29   1.04021439e+12  3.33838365e+11  1.26e-04 1.91e-09  9.91e+04   246s
[2025-08-06 14:54:39] DEBUG    30   1.03534701e+12  3.76140472e+11  1.20e-04 6.72e-10  9.25e+04   252s
[2025-08-06 14:54:45] DEBUG    31   1.01848224e+12  5.53689353e+11  1.06e-04 1.91e-08  6.52e+04   257s
[2025-08-06 14:54:50] DEBUG    32   1.00679049e+12  6.03505044e+11  7.59e-05 1.35e-08  5.66e+04   262s
[2025-08-06 14:54:58] DEBUG    33   9.98818761e+11  6.76040525e+11  6.96e-05 1.58e-08  4.53e+04   270s
[2025-08-06 14:55:07] DEBUG    34   9.97140003e+11  7.00535368e+11  6.86e-05 1.46e-08  4.16e+04   280s
[2025-08-06 14:55:20] DEBUG    35   9.78367615e+11  7.99082244e+11  2.65e-05 2.06e-08  2.51e+04   292s
[2025-08-06 14:55:31] DEBUG    36   9.70038768e+11  8.70818821e+11  3.59e-05 3.11e-08  1.39e+04   303s
[2025-08-06 14:55:48] DEBUG    37   9.61637468e+11  8.95032553e+11  2.59e-05 2.40e-08  9.34e+03   320s
[2025-08-06 14:56:05] DEBUG    38   9.58472280e+11  9.09648581e+11  2.24e-05 1.07e-08  6.85e+03   337s
[2025-08-06 14:56:19] DEBUG    39   9.49250817e+11  9.14652436e+11  1.29e-05 1.00e-08  4.85e+03   351s
[2025-08-06 14:56:35] DEBUG    40   9.45567046e+11  9.20382692e+11  9.52e-06 6.49e-09  3.53e+03   367s
[2025-08-06 14:56:51] DEBUG    41   9.43372228e+11  9.21945019e+11  7.53e-06 4.34e-09  3.00e+03   383s
[2025-08-06 14:57:10] DEBUG    42   9.42981258e+11  9.22266041e+11  7.12e-06 7.07e-09  2.90e+03   402s
[2025-08-06 14:57:27] DEBUG    43   9.41679109e+11  9.27031775e+11  5.76e-06 3.49e-09  2.05e+03   419s
[2025-08-06 14:57:41] DEBUG    44   9.40032915e+11  9.32200649e+11  5.24e-06 7.72e-07  1.10e+03   434s
[2025-08-06 14:58:00] DEBUG    45   9.37477465e+11  9.33077416e+11  2.22e-06 6.47e-07  6.17e+02   452s
[2025-08-06 14:58:18] DEBUG    46   9.36428433e+11  9.34297977e+11  1.16e-06 3.78e-07  2.99e+02   470s
[2025-08-06 14:58:33] DEBUG    47   9.36171456e+11  9.34506439e+11  9.02e-07 3.13e-07  2.33e+02   485s
[2025-08-06 14:58:47] DEBUG    48   9.36082019e+11  9.34628352e+11  8.17e-07 2.76e-07  2.04e+02   499s
[2025-08-06 14:58:56] DEBUG    49   9.35855417e+11  9.34713234e+11  5.90e-07 2.67e-07  1.60e+02   508s
[2025-08-06 14:59:08] DEBUG    50   9.35757857e+11  9.34815203e+11  4.95e-07 2.24e-07  1.32e+02   520s
[2025-08-06 14:59:20] DEBUG    51   9.35656167e+11  9.34893031e+11  3.98e-07 1.93e-07  1.07e+02   532s
[2025-08-06 14:59:36] DEBUG    52   9.35597510e+11  9.34950172e+11  3.43e-07 1.77e-07  9.08e+01   549s
[2025-08-06 14:59:53] DEBUG    53   9.35534604e+11  9.34999994e+11  2.85e-07 1.61e-07  7.50e+01   566s
[2025-08-06 15:00:15] DEBUG    54   9.35495592e+11  9.35036069e+11  2.48e-07 1.45e-07  6.44e+01   587s
[2025-08-06 15:00:34] DEBUG    55   9.35447927e+11  9.35063750e+11  2.05e-07 1.30e-07  5.39e+01   606s
[2025-08-06 15:00:54] DEBUG    56   9.35404329e+11  9.35082542e+11  1.66e-07 1.52e-07  4.51e+01   626s
[2025-08-06 15:01:21] DEBUG    57   9.35373212e+11  9.35113648e+11  1.40e-07 1.98e-07  3.64e+01   653s
[2025-08-06 15:01:49] DEBUG    58   9.35340765e+11  9.35131750e+11  1.12e-07 2.20e-07  2.93e+01   681s
[2025-08-06 15:02:20] DEBUG    59   9.35316763e+11  9.35144406e+11  9.03e-08 2.25e-07  2.42e+01   713s
[2025-08-06 15:02:50] DEBUG    60   9.35305094e+11  9.35156129e+11  8.01e-08 2.20e-07  2.09e+01   742s
[2025-08-06 15:03:17] DEBUG    61   9.35287988e+11  9.35164164e+11  6.52e-08 2.12e-07  1.74e+01   769s
[2025-08-06 15:03:39] DEBUG    62   9.35283596e+11  9.35166415e+11  6.15e-08 2.08e-07  1.64e+01   791s
[2025-08-06 15:04:08] DEBUG    63   9.35269054e+11  9.35173188e+11  4.94e-08 1.90e-07  1.34e+01   820s
[2025-08-06 15:04:38] DEBUG    64   9.35256580e+11  9.35180730e+11  3.82e-08 1.69e-07  1.06e+01   850s
[2025-08-06 15:05:20] DEBUG    65   9.35247913e+11  9.35187144e+11  3.73e-08 1.53e-07  8.52e+00   892s
[2025-08-06 15:05:42] DEBUG    66   9.35245168e+11  9.35188145e+11  4.47e-08 1.49e-07  8.00e+00   914s
[2025-08-06 15:06:14] DEBUG    67   9.35238498e+11  9.35193406e+11  3.35e-08 2.17e-07  6.32e+00   946s
[2025-08-06 15:06:36] DEBUG    68   9.35237134e+11  9.35194001e+11  4.10e-08 2.29e-07  6.05e+00   969s
[2025-08-06 15:07:10] DEBUG    69   9.35232379e+11  9.35195547e+11  3.35e-08 2.67e-07  5.16e+00  1002s
[2025-08-06 15:07:45] DEBUG    70   9.35230019e+11  9.35196577e+11  3.35e-08 2.88e-07  4.69e+00  1037s
[2025-08-06 15:08:23] DEBUG    71   9.35228213e+11  9.35198372e+11  3.35e-08 3.23e-07  4.18e+00  1075s
[2025-08-06 15:08:51] DEBUG    72   9.35226768e+11  9.35198948e+11  3.35e-08 3.35e-07  3.90e+00  1103s
[2025-08-06 15:09:23] DEBUG    73   9.35225071e+11  9.35200885e+11  2.98e-08 3.74e-07  3.39e+00  1135s
[2025-08-06 15:09:56] DEBUG    74   9.35223748e+11  9.35202497e+11  2.98e-08 4.08e-07  2.98e+00  1168s
[2025-08-06 15:10:25] DEBUG    75   9.35222071e+11  9.35203166e+11  3.73e-08 4.22e-07  2.65e+00  1197s
[2025-08-06 15:10:51] DEBUG    76   9.35221101e+11  9.35203520e+11  4.10e-08 4.27e-07  2.47e+00  1223s
[2025-08-06 15:11:20] DEBUG    77   9.35220296e+11  9.35204197e+11  2.98e-08 4.32e-07  2.26e+00  1252s
[2025-08-06 15:11:50] DEBUG    78   9.35219161e+11  9.35204700e+11  2.98e-08 4.34e-07  2.03e+00  1282s
[2025-08-06 15:12:21] DEBUG    79   9.35218729e+11  9.35205093e+11  2.79e-08 4.32e-07  1.91e+00  1313s
[2025-08-06 15:12:49] DEBUG    80   9.35217816e+11  9.35205735e+11  3.35e-08 4.26e-07  1.69e+00  1341s
[2025-08-06 15:13:19] DEBUG    81   9.35217175e+11  9.35206256e+11  2.61e-08 4.16e-07  1.53e+00  1371s
[2025-08-06 15:13:47] DEBUG    82   9.35216512e+11  9.35206821e+11  3.35e-08 4.01e-07  1.36e+00  1400s
[2025-08-06 15:14:09] DEBUG    83   9.35216059e+11  9.35206997e+11  3.73e-08 3.94e-07  1.27e+00  1421s
[2025-08-06 15:14:31] DEBUG    84   9.35215445e+11  9.35207081e+11  2.61e-08 3.91e-07  1.17e+00  1443s
[2025-08-06 15:15:00] DEBUG    85   9.35215098e+11  9.35207190e+11  2.98e-08 3.84e-07  1.11e+00  1473s
[2025-08-06 15:15:34] DEBUG    86   9.35214664e+11  9.35207428e+11  2.98e-08 3.69e-07  1.01e+00  1506s
[2025-08-06 15:15:58] DEBUG    87   9.35214205e+11  9.35207549e+11  3.35e-08 3.60e-07  9.33e-01  1530s
[2025-08-06 15:16:28] DEBUG    88   9.35213845e+11  9.35207948e+11  4.47e-08 3.27e-07  8.27e-01  1560s
[2025-08-06 15:16:59] DEBUG    89   9.35213563e+11  9.35208225e+11  2.79e-08 3.02e-07  7.49e-01  1591s
[2025-08-06 15:17:33] DEBUG    90   9.35213249e+11  9.35208495e+11  3.73e-08 2.75e-07  6.67e-01  1625s
[2025-08-06 15:18:06] DEBUG    91   9.35212799e+11  9.35208636e+11  3.35e-08 2.61e-07  5.84e-01  1658s
[2025-08-06 15:18:43] DEBUG    92   9.35212659e+11  9.35208834e+11  2.79e-08 2.38e-07  5.36e-01  1695s
[2025-08-06 15:19:15] DEBUG    93   9.35212384e+11  9.35209025e+11  2.61e-08 2.17e-07  4.71e-01  1727s
[2025-08-06 15:19:48] DEBUG    94   9.35212218e+11  9.35209088e+11  4.10e-08 2.10e-07  4.39e-01  1760s
[2025-08-06 15:20:24] DEBUG    95   9.35211887e+11  9.35209248e+11  3.73e-08 1.92e-07  3.70e-01  1796s
[2025-08-06 15:21:00] DEBUG    96   9.35211718e+11  9.35209460e+11  3.35e-08 1.68e-07  3.17e-01  1833s
[2025-08-06 15:21:41] DEBUG    97   9.35211622e+11  9.35209581e+11  3.35e-08 1.54e-07  2.86e-01  1873s
[2025-08-06 15:22:21] DEBUG    98   9.35211442e+11  9.35209697e+11  2.61e-08 1.41e-07  2.45e-01  1913s
[2025-08-06 15:23:03] DEBUG    99   9.35211348e+11  9.35209747e+11  2.98e-08 1.40e-07  2.25e-01  1955s
[2025-08-06 15:23:42] DEBUG    100   9.35211256e+11  9.35209856e+11  2.98e-08 1.38e-07  1.96e-01  1994s
[2025-08-06 15:24:26] DEBUG    101   9.35211188e+11  9.35209930e+11  3.35e-08 1.36e-07  1.76e-01  2039s
[2025-08-06 15:24:59] DEBUG    102   9.35211141e+11  9.35209973e+11  2.98e-08 1.35e-07  1.64e-01  2071s
[2025-08-06 15:25:34] DEBUG    103   9.35211102e+11  9.35209989e+11  3.35e-08 1.34e-07  1.56e-01  2106s
[2025-08-06 15:26:09] DEBUG    104   9.35211058e+11  9.35210020e+11  2.98e-08 1.32e-07  1.46e-01  2142s
[2025-08-06 15:26:52] DEBUG    105   9.35210959e+11  9.35210096e+11  2.61e-08 1.27e-07  1.21e-01  2184s
[2025-08-06 15:27:17] DEBUG    106   9.35210922e+11  9.35210139e+11  2.61e-08 1.23e-07  1.10e-01  2209s
[2025-08-06 15:27:49] DEBUG    107   9.35210902e+11  9.35210157e+11  2.98e-08 1.21e-07  1.04e-01  2241s
[2025-08-06 15:28:31] DEBUG    108   9.35210884e+11  9.35210193e+11  3.35e-08 1.17e-07  9.69e-02  2283s
[2025-08-06 15:29:04] DEBUG    109   9.35210875e+11  9.35210203e+11  3.35e-08 1.15e-07  9.43e-02  2316s
[2025-08-06 15:29:45] DEBUG    110   9.35210841e+11  9.35210238e+11  3.73e-08 1.11e-07  8.46e-02  2358s
[2025-08-06 15:30:28] DEBUG    111   9.35210832e+11  9.35210272e+11  2.98e-08 1.05e-07  7.86e-02  2400s
[2025-08-06 15:31:11] DEBUG    112   9.35210821e+11  9.35210296e+11  2.98e-08 1.01e-07  7.36e-02  2443s
[2025-08-06 15:31:50] DEBUG    113   9.35210774e+11  9.35210329e+11  3.73e-08 9.56e-08  6.24e-02  2482s
[2025-08-06 15:32:31] DEBUG    114   9.35210766e+11  9.35210352e+11  3.35e-08 9.05e-08  5.80e-02  2523s
[2025-08-06 15:33:10] DEBUG    115   9.35210760e+11  9.35210372e+11  4.10e-08 8.68e-08  5.44e-02  2563s
[2025-08-06 15:33:48] DEBUG    116   9.35210752e+11  9.35210380e+11  2.61e-08 8.51e-08  5.22e-02  2600s
[2025-08-06 15:34:26] DEBUG    117   9.35210745e+11  9.35210395e+11  2.98e-08 8.21e-08  4.91e-02  2638s
[2025-08-06 15:34:51] DEBUG    118   9.35210739e+11  9.35210406e+11  2.61e-08 7.99e-08  4.67e-02  2664s
[2025-08-06 15:34:52] DEBUG    Barrier performed 118 iterations in 2663.71 seconds (423.39 work units)
[2025-08-06 15:34:52] DEBUG    Barrier solve interrupted - model solved by another algorithm
[2025-08-06 15:34:52] DEBUG    Solved with dual simplex
[2025-08-06 15:35:01] DEBUG    Iteration    Objective       Primal Inf.    Dual Inf.      Time
[2025-08-06 15:35:01] DEBUG    1044574    9.3521068e+11   0.000000e+00   0.000000e+00   2673s

Solved in 1044574 iterations and 2673.01 seconds (807.23 work units)
[2025-08-06 15:35:01] DEBUG    Optimal objective  9.352106805e+11
❌ Errore nel run di autarky_VRES_2030_PHES: 'Model' object has no attribute 'backend_model'

🚀 Lancio scenario: autarky_VRES_2030_nostorage
[2025-08-06 15:44:34] INFO     Loading sets
[2025-08-06 15:44:34] INFO     Loading parameters
[2025-08-06 15:45:06] INFO     constraints are loaded in the following order: ['energy_balance', 'dispatch', 'costs', 'capacity', 'network', 'policy', 'conversion', 'group', 'conversion_plus', 'milp', 'export']
[2025-08-06 15:45:06] INFO     creating energy_balance constraints
[2025-08-06 15:47:50] INFO     creating dispatch constraints
[2025-08-06 15:52:31] INFO     creating costs constraints
[2025-08-06 16:00:13] INFO     creating capacity constraints
[2025-08-06 16:00:13] INFO     creating network constraints
[2025-08-06 16:00:13] INFO     creating policy constraints
[2025-08-06 16:00:13] INFO     creating conversion constraints
[2025-08-06 16:00:13] INFO     creating group constraints
[2025-08-06 16:00:13] INFO     creating conversion_plus constraints
[2025-08-06 16:00:13] INFO     creating milp constraints
[2025-08-06 16:00:13] INFO     creating export constraints
[2025-08-06 16:11:03] DEBUG    Set parameter WLSAccessID
Set parameter WLSSecret
Set parameter LicenseID to value 2680226
[2025-08-06 16:11:04] DEBUG    Academic license 2680226 - for non-commercial use only - registered to an___@mail.polimi.it
[2025-08-06 16:11:33] DEBUG    Read LP format model from file /tmp/tmpnqsyw31y.pyomo.lp
Reading time = 29.57 seconds
x14798368: 20115739 rows, 14798368 columns, 48068796 nonzeros
[2025-08-06 16:11:33] DEBUG    Set parameter NumericFocus to value 1
Gurobi Optimizer version 12.0.2 build v12.0.2rc0 (linux64 - "Debian GNU/Linux 11 (bullseye)")

CPU model: Intel(R) Xeon(R) Silver 4314 CPU @ 2.40GHz, instruction set [SSE2|AVX|AVX2|AVX512]
Thread count: 32 physical cores, 64 logical processors, using up to 32 threads

Non-default parameters:
NumericFocus  1
[2025-08-06 16:11:33] DEBUG    Academic license 2680226 - for non-commercial use only - registered to an___@mail.polimi.it
Optimize a model with 20115739 rows, 14798368 columns and 48068796 nonzeros
[2025-08-06 16:11:34] DEBUG    Model fingerprint: 0x8d8cb3a6
[2025-08-06 16:11:34] DEBUG    Coefficient statistics:
  Matrix range     [1e-07, 3e+02]
  Objective range  [1e+00, 1e+06]
  Bounds range     [0e+00, 0e+00]
  RHS range        [1e+00, 2e+08]
[2025-08-06 16:11:39] DEBUG    Presolve removed 17162328 rows and 8949134 columns (presolve time = 5s)...
[2025-08-06 16:11:44] DEBUG    Presolve removed 18488565 rows and 12063008 columns (presolve time = 10s)...
[2025-08-06 16:11:49] DEBUG    Presolve removed 18489083 rows and 12080528 columns (presolve time = 15s)...
[2025-08-06 16:11:50] DEBUG    Presolve removed 18637986 rows and 12080528 columns
[2025-08-06 16:12:11] DEBUG    Presolve time: 37.88s
Presolved: 1477753 rows, 2866743 columns, 6085309 nonzeros

Concurrent LP optimizer: primal simplex, dual simplex, and barrier
Showing barrier log only...
[2025-08-06 16:12:13] DEBUG    Ordering time: 0.43s
[2025-08-06 16:12:13] DEBUG    Barrier statistics:
 Dense cols : 86
 AA' NZ     : 3.440e+06
[2025-08-06 16:12:13] DEBUG    Factor NZ  : 1.879e+07 (roughly 2.0 GB of memory)
 Factor Ops : 3.138e+08 (less than 1 second per iteration)
 Threads    : 1
[2025-08-06 16:12:14] DEBUG    Objective                Residual
Iter       Primal          Dual         Primal    Dual     Compl     Time
[2025-08-06 16:12:14] DEBUG    0   2.08922909e+19 -3.98760659e+18  3.49e+08 6.80e+03  5.69e+13    41s
[2025-08-06 16:12:15] DEBUG    1   1.79181948e+19 -3.68085749e+18  2.82e+08 2.96e+05  4.05e+13    42s
[2025-08-06 16:12:17] DEBUG    2   1.53225376e+19 -3.54108278e+18  2.33e+08 6.20e+04  3.29e+13    43s
[2025-08-06 16:12:18] DEBUG    3   1.08037722e+19 -3.64166313e+18  1.60e+08 1.12e+04  2.30e+13    45s
[2025-08-06 16:12:20] DEBUG    4   8.14985542e+18 -3.33009376e+18  1.20e+08 3.45e+03  1.70e+13    46s
[2025-08-06 16:12:21] DEBUG    5   5.89821868e+18 -3.03118511e+18  8.62e+07 1.44e+03  1.22e+13    47s
[2025-08-06 16:12:22] DEBUG    6   3.58215430e+18 -2.28886250e+18  5.17e+07 8.56e-04  7.11e+12    48s
[2025-08-06 16:12:23] DEBUG    7   5.43074364e+17 -1.52065319e+18  6.88e+06 1.02e-04  1.11e+12    49s
[2025-08-06 16:12:24] DEBUG    8   2.43726686e+17 -8.00522132e+17  2.94e+06 5.52e-04  4.53e+11    51s
[2025-08-06 16:12:25] DEBUG    9   7.60851407e+16 -3.55616750e+17  8.09e+05 3.89e-05  1.32e+11    52s
[2025-08-06 16:12:27] DEBUG    10   1.78913563e+16 -1.18154307e+17  1.39e+05 1.33e-04  3.00e+10    53s
[2025-08-06 16:12:28] DEBUG    11   6.56087727e+15 -1.76721899e+16  3.86e+04 1.74e-05  4.88e+09    55s
[2025-08-06 16:12:29] DEBUG    12   3.44514148e+15 -3.95176499e+15  1.51e+04 1.07e-05  1.40e+09    56s
[2025-08-06 16:12:30] DEBUG    13   2.35205020e+15 -2.24434294e+14  7.04e+03 1.62e-05  4.72e+08    57s
[2025-08-06 16:12:31] DEBUG    14   1.76020509e+15  9.92276242e+14  2.75e+03 1.69e-08  1.38e+08    58s
[2025-08-06 16:12:32] DEBUG    15   1.43150778e+15  1.34055368e+15  3.93e+02 2.57e-08  1.61e+07    59s
[2025-08-06 16:12:34] DEBUG    16   1.37814108e+15  1.35292215e+15  2.42e+01 2.84e-06  4.39e+06    60s
[2025-08-06 16:12:35] DEBUG    17   1.37524944e+15  1.36129749e+15  6.08e+00 5.02e-08  2.42e+06    62s
[2025-08-06 16:12:36] DEBUG    18   1.37451083e+15  1.36494158e+15  2.00e+00 5.99e-08  1.66e+06    63s
[2025-08-06 16:12:37] DEBUG    19   1.37427863e+15  1.36719720e+15  8.17e-01 4.85e-08  1.23e+06    64s
[2025-08-06 16:12:38] DEBUG    20   1.37417752e+15  1.36897076e+15  4.52e-01 3.76e-08  9.04e+05    65s
[2025-08-06 16:12:39] DEBUG    21   1.37406301e+15  1.37139290e+15  1.59e-01 5.43e-08  4.63e+05    66s
[2025-08-06 16:12:41] DEBUG    22   1.37400974e+15  1.37242854e+15  9.24e-02 1.54e-07  2.74e+05    68s
[2025-08-06 16:12:42] DEBUG    23   1.37394724e+15  1.37270373e+15  4.84e-02 1.58e-07  2.16e+05    69s
[2025-08-06 16:12:43] DEBUG    24   1.37392029e+15  1.37315469e+15  3.26e-02 1.93e-07  1.33e+05    70s
[2025-08-06 16:12:44] DEBUG    25   1.37391328e+15  1.37327207e+15  2.92e-02 2.44e-07  1.11e+05    71s
[2025-08-06 16:12:45] DEBUG    26   1.37391007e+15  1.37333856e+15  2.77e-02 2.53e-07  9.92e+04    72s
[2025-08-06 16:12:46] DEBUG    27   1.37389355e+15  1.37356976e+15  1.96e-02 3.14e-07  5.62e+04    73s
[2025-08-06 16:12:48] DEBUG    28   1.37388501e+15  1.37366896e+15  1.61e-02 2.46e-07  3.75e+04    74s
[2025-08-06 16:12:50] DEBUG    29   1.37387415e+15  1.37377583e+15  1.19e-02 1.40e-07  1.71e+04    76s
[2025-08-06 16:12:51] DEBUG    30   1.37386261e+15  1.37380081e+15  7.95e-03 9.56e-08  1.07e+04    78s
[2025-08-06 16:12:53] DEBUG    31   1.37385779e+15  1.37380984e+15  6.46e-03 1.04e-07  8.32e+03    79s
[2025-08-06 16:12:54] DEBUG    32   1.37384888e+15  1.37381589e+15  3.64e-03 1.22e-07  5.73e+03    81s
[2025-08-06 16:12:55] DEBUG    33   1.37384762e+15  1.37381694e+15  3.25e-03 1.22e-07  5.32e+03    82s
[2025-08-06 16:12:56] DEBUG    34   1.37384728e+15  1.37381823e+15  3.15e-03 1.09e-07  5.04e+03    83s
[2025-08-06 16:12:57] DEBUG    35   1.37384093e+15  1.37382608e+15  1.26e-03 5.07e-07  2.58e+03    84s
[2025-08-06 16:12:59] DEBUG    36   1.37383887e+15  1.37382988e+15  7.26e-04 4.21e-07  1.56e+03    85s
[2025-08-06 16:13:01] DEBUG    37   1.37383769e+15  1.37383293e+15  4.48e-04 4.83e-07  8.25e+02    87s
[2025-08-06 16:13:02] DEBUG    38   1.37383710e+15  1.37383396e+15  3.18e-04 7.42e-07  5.44e+02    89s
[2025-08-06 16:13:03] DEBUG    39   1.37383689e+15  1.37383445e+15  2.76e-04 1.06e-06  4.23e+02    90s
[2025-08-06 16:13:04] DEBUG    40   1.37383673e+15  1.37383469e+15  2.40e-04 1.13e-06  3.54e+02    91s
[2025-08-06 16:13:05] DEBUG    41   1.37383644e+15  1.37383483e+15  1.82e-04 1.42e-06  2.79e+02    92s
[2025-08-06 16:13:07] DEBUG    42   1.37383622e+15  1.37383505e+15  1.37e-04 1.83e-06  2.03e+02    93s
[2025-08-06 16:13:08] DEBUG    43   1.37383598e+15  1.37383520e+15  8.96e-05 2.32e-06  1.35e+02    95s
[2025-08-06 16:13:10] DEBUG    44   1.37383583e+15  1.37383529e+15  6.02e-05 2.71e-06  9.32e+01    97s
[2025-08-06 16:13:12] DEBUG    45   1.37383574e+15  1.37383536e+15  4.46e-05 2.74e-06  6.60e+01    99s
[2025-08-06 16:13:14] DEBUG    46   1.37383566e+15  1.37383540e+15  3.98e-05 2.54e-06  4.53e+01   101s
[2025-08-06 16:13:16] DEBUG    47   1.37383561e+15  1.37383542e+15  2.84e-05 2.20e-06  3.30e+01   102s
[2025-08-06 16:13:18] DEBUG    48   1.37383558e+15  1.37383544e+15  2.14e-05 2.02e-05  2.43e+01   104s
[2025-08-06 16:13:19] DEBUG    49   1.37383557e+15  1.37383546e+15  1.57e-05 2.21e-05  1.95e+01   106s
[2025-08-06 16:13:21] DEBUG    50   1.37383555e+15  1.37383547e+15  1.46e-05 4.48e-05  1.51e+01   108s
[2025-08-06 16:13:23] DEBUG    51   1.37383555e+15  1.37383547e+15  1.35e-05 3.51e-05  1.35e+01   110s
[2025-08-06 16:13:25] DEBUG    52   1.37383554e+15  1.37383548e+15  9.66e-06 1.66e-06  1.03e+01   112s
[2025-08-06 16:13:27] DEBUG    53   1.37383553e+15  1.37383548e+15  8.45e-06 4.65e-06  8.58e+00   114s
[2025-08-06 16:13:29] DEBUG    54   1.37383553e+15  1.37383549e+15  7.16e-06 1.38e-06  6.91e+00   116s
[2025-08-06 16:13:31] DEBUG    55   1.37383553e+15  1.37383549e+15  6.80e-06 1.37e-06  6.66e+00   118s
[2025-08-06 16:13:33] DEBUG    56   1.37383552e+15  1.37383549e+15  5.87e-06 1.29e-06  5.31e+00   120s
[2025-08-06 16:13:35] DEBUG    57   1.37383552e+15  1.37383549e+15  4.66e-06 2.39e-06  4.40e+00   122s
[2025-08-06 16:13:37] DEBUG    58   1.37383551e+15  1.37383549e+15  3.68e-06 5.35e-06  3.65e+00   124s
[2025-08-06 16:13:39] DEBUG    59   1.37383551e+15  1.37383549e+15  3.16e-06 5.70e-06  3.11e+00   126s
[2025-08-06 16:13:41] DEBUG    60   1.37383551e+15  1.37383549e+15  2.87e-06 4.43e-06  2.86e+00   127s
[2025-08-06 16:13:43] DEBUG    61   1.37383551e+15  1.37383550e+15  2.72e-06 1.10e-06  2.56e+00   129s
[2025-08-06 16:13:45] DEBUG    62   1.37383551e+15  1.37383550e+15  2.41e-06 3.67e-06  2.27e+00   131s
[2025-08-06 16:13:45] DEBUG    Barrier solved model in 62 iterations and 131.22 seconds (120.69 work units)
Optimal objective 1.37383551e+15
[2025-08-06 16:13:45] DEBUG    Crossover log...
[2025-08-06 16:13:45] DEBUG    808475 DPushes remaining with DInf 0.0000000e+00               132s
[2025-08-06 16:13:49] DEBUG    562163 DPushes remaining with DInf 0.0000000e+00               135s
[2025-08-06 16:13:53] DEBUG    529216 DPushes remaining with DInf 0.0000000e+00               140s
[2025-08-06 16:13:58] DEBUG    507366 DPushes remaining with DInf 0.0000000e+00               145s
[2025-08-06 16:14:03] DEBUG    Solved with dual simplex
[2025-08-06 16:14:10] DEBUG    Iteration    Objective       Primal Inf.    Dual Inf.      Time
[2025-08-06 16:14:10] DEBUG    470068    1.3738355e+15   0.000000e+00   0.000000e+00    157s

Solved in 470068 iterations and 156.86 seconds (198.77 work units)
[2025-08-06 16:14:10] DEBUG    Optimal objective  1.373835501e+15
❌ Errore nel run di autarky_VRES_2030_nostorage: 'Model' object has no attribute 'backend_model'

🚀 Lancio scenario: autarky_CG+VRES_2030_BESS
[2025-08-06 16:26:07] INFO     Loading sets
[2025-08-06 16:26:07] INFO     Loading parameters
[2025-08-06 16:26:42] INFO     constraints are loaded in the following order: ['energy_balance', 'dispatch', 'costs', 'capacity', 'network', 'policy', 'conversion', 'group', 'conversion_plus', 'milp', 'export']
[2025-08-06 16:26:42] INFO     creating energy_balance constraints
[2025-08-06 16:29:39] INFO     creating dispatch constraints
[2025-08-06 16:31:34] INFO     creating costs constraints
[2025-08-06 16:44:41] INFO     creating capacity constraints
[2025-08-06 16:44:41] INFO     creating network constraints
[2025-08-06 16:44:41] INFO     creating policy constraints
[2025-08-06 16:44:41] INFO     creating conversion constraints
[2025-08-06 16:44:41] INFO     creating group constraints
[2025-08-06 16:44:41] INFO     creating conversion_plus constraints
[2025-08-06 16:44:41] INFO     creating milp constraints
[2025-08-06 16:44:41] INFO     creating export constraints
[2025-08-06 16:57:01] DEBUG    Set parameter WLSAccessID
Set parameter WLSSecret
Set parameter LicenseID to value 2680226
[2025-08-06 16:57:01] DEBUG    Academic license 2680226 - for non-commercial use only - registered to an___@mail.polimi.it
[2025-08-06 16:57:35] DEBUG    Read LP format model from file /tmp/tmpqa1bjnp9.pyomo.lp
[2025-08-06 16:57:35] DEBUG    Reading time = 33.95 seconds
x16831007: 22656429 rows, 16831007 columns, 54928398 nonzeros
[2025-08-06 16:57:35] DEBUG    Set parameter NumericFocus to value 1
[2025-08-06 16:57:35] DEBUG    Gurobi Optimizer version 12.0.2 build v12.0.2rc0 (linux64 - "Debian GNU/Linux 11 (bullseye)")

CPU model: Intel(R) Xeon(R) Silver 4314 CPU @ 2.40GHz, instruction set [SSE2|AVX|AVX2|AVX512]
Thread count: 32 physical cores, 64 logical processors, using up to 32 threads
[2025-08-06 16:57:35] DEBUG    Non-default parameters:
NumericFocus  1
[2025-08-06 16:57:35] DEBUG    Academic license 2680226 - for non-commercial use only - registered to an___@mail.polimi.it
[2025-08-06 16:57:35] DEBUG    Optimize a model with 22656429 rows, 16831007 columns and 54928398 nonzeros
[2025-08-06 16:57:36] DEBUG    Model fingerprint: 0xb702ed61
[2025-08-06 16:57:36] DEBUG    Coefficient statistics:
  Matrix range     [1e-07, 3e+02]
[2025-08-06 16:57:36] DEBUG    Objective range  [1e+00, 1e+06]
  Bounds range     [0e+00, 0e+00]
  RHS range        [1e+00, 2e+08]
[2025-08-06 16:57:42] DEBUG    Presolve removed 18178374 rows and 10215068 columns (presolve time = 6s)...
[2025-08-06 16:57:46] DEBUG    Presolve removed 18972555 rows and 12800000 columns (presolve time = 10s)...
[2025-08-06 16:57:51] DEBUG    Presolve removed 19758680 rows and 13535346 columns (presolve time = 15s)...
[2025-08-06 16:57:56] DEBUG    Presolve removed 19759256 rows and 13552866 columns (presolve time = 20s)...
[2025-08-06 16:57:57] DEBUG    Presolve removed 19908159 rows and 13552866 columns
[2025-08-06 16:58:24] DEBUG    Presolve time: 49.15s
Presolved: 2748270 rows, 3427044 columns, 10862817 nonzeros
[2025-08-06 16:58:24] DEBUG    Concurrent LP optimizer: primal simplex, dual simplex, and barrier
Showing barrier log only...
[2025-08-06 16:58:27] DEBUG    Ordering time: 1.41s
[2025-08-06 16:58:29] DEBUG    Barrier statistics:
 Dense cols : 144
 AA' NZ     : 1.091e+07
 Factor NZ  : 4.086e+07 (roughly 3.0 GB of memory)
 Factor Ops : 1.015e+09 (less than 1 second per iteration)
[2025-08-06 16:58:29] DEBUG    Threads    : 30
[2025-08-06 16:58:35] DEBUG    Objective                Residual
[2025-08-06 16:58:35] DEBUG    Iter       Primal          Dual         Primal    Dual     Compl     Time
[2025-08-06 16:58:35] DEBUG    0   6.43411977e+18 -4.14887750e+17  2.16e+08 8.49e-12  4.45e+12    60s
[2025-08-06 16:58:41] DEBUG    1   5.13466456e+18 -3.72140665e+17  1.69e+08 4.18e+04  2.93e+12    66s
[2025-08-06 16:58:51] DEBUG    2   4.57356175e+18 -3.43950991e+17  1.52e+08 1.54e+04  2.39e+12    76s
[2025-08-06 16:59:01] DEBUG    3   3.13115054e+18 -3.24541652e+17  1.10e+08 4.94e+03  1.64e+12    86s
[2025-08-06 16:59:09] DEBUG    4   2.36111132e+18 -3.08492281e+17  8.55e+07 2.69e+03  1.25e+12    93s
[2025-08-06 16:59:14] DEBUG    5   2.01182831e+18 -2.95715358e+17  7.30e+07 1.96e+03  1.06e+12    99s
[2025-08-06 16:59:20] DEBUG    6   1.47501473e+18 -2.81811996e+17  5.38e+07 1.49e+03  7.85e+11   105s
[2025-08-06 16:59:25] DEBUG    7   9.78381686e+17 -2.59949917e+17  3.61e+07 1.09e+03  5.30e+11   110s
[2025-08-06 16:59:33] DEBUG    8   7.28419015e+17 -2.30804667e+17  2.80e+07 7.14e+02  4.02e+11   118s
[2025-08-06 16:59:42] DEBUG    9   1.39586599e+17 -1.67062291e+17  5.27e+06 1.86e+02  9.42e+10   126s
[2025-08-06 16:59:54] DEBUG    10   1.83570827e+16 -4.66601789e+16  6.85e+05 7.84e+00  1.31e+10   139s
[2025-08-06 17:00:04] DEBUG    11   1.32136828e+14 -7.29202240e+15  3.98e+03 2.37e-01  1.01e+09   149s
[2025-08-06 17:00:11] DEBUG    12   2.01909617e+12 -1.46354472e+14  6.69e-04 4.22e-03  1.99e+07   156s
[2025-08-06 17:00:17] DEBUG    13   1.34764471e+12 -6.32480187e+13  1.09e-04 1.52e-03  8.64e+06   162s
[2025-08-06 17:00:23] DEBUG    14   1.37595350e+12 -5.05468547e+13  7.53e-05 1.10e-03  6.94e+06   167s
[2025-08-06 17:00:28] DEBUG    15   1.10029828e+12 -3.50505742e+13  5.87e-05 6.10e-04  4.82e+06   173s
[2025-08-06 17:00:33] DEBUG    16   1.28801179e+12 -2.62367227e+13  4.43e-05 3.45e-04  3.68e+06   178s
[2025-08-06 17:00:38] DEBUG    17   7.46272969e+11 -1.59317272e+13  2.08e-05 6.12e-06  2.22e+06   183s
[2025-08-06 17:00:45] DEBUG    18   5.56005911e+11 -1.12618415e+13  1.10e-05 1.25e-08  1.57e+06   189s
[2025-08-06 17:00:50] DEBUG    19   4.06826841e+11 -7.35663888e+12  1.43e-05 7.95e-09  1.03e+06   195s
[2025-08-06 17:00:56] DEBUG    20   2.91504716e+11 -4.61130220e+12  6.71e-06 4.98e-09  6.51e+05   201s
[2025-08-06 17:01:02] DEBUG    21   2.46579472e+11 -2.26038169e+12  7.62e-06 2.37e-09  3.33e+05   206s
[2025-08-06 17:01:07] DEBUG    22   1.71106296e+11 -1.12105085e+12  3.34e-06 1.18e-09  1.71e+05   212s
[2025-08-06 17:01:13] DEBUG    23   1.58202666e+11 -8.72067106e+11  2.81e-06 9.16e-10  1.37e+05   217s
[2025-08-06 17:01:18] DEBUG    24   1.22444412e+11 -5.73652761e+11  1.80e-06 6.00e-10  9.23e+04   223s
[2025-08-06 17:01:24] DEBUG    25   1.04809251e+11 -4.08437301e+11  1.41e-06 4.29e-10  6.81e+04   228s
[2025-08-06 17:01:32] DEBUG    26   9.19666908e+10 -2.74307296e+11  1.15e-06 2.98e-10  4.86e+04   237s
[2025-08-06 17:01:40] DEBUG    27   7.83908222e+10 -2.28975322e+11  8.91e-07 2.52e-10  4.08e+04   245s
[2025-08-06 17:01:53] DEBUG    28   7.24048168e+10 -1.79723039e+11  1.44e-06 3.49e-10  3.34e+04   258s
[2025-08-06 17:02:06] DEBUG    29   5.84074931e+10 -1.11783191e+11  6.36e-06 2.33e-10  2.26e+04   271s
[2025-08-06 17:02:18] DEBUG    30   4.60228457e+10 -6.56145821e+10  9.35e-06 2.33e-10  1.48e+04   283s
[2025-08-06 17:02:31] DEBUG    31   4.28108708e+10 -4.57629298e+10  8.71e-06 2.33e-10  1.17e+04   295s
[2025-08-06 17:02:45] DEBUG    32   4.06301667e+10 -3.78268248e+10  7.38e-06 3.49e-10  1.04e+04   310s
[2025-08-06 17:02:57] DEBUG    33   3.27736164e+10 -1.61411379e+10  1.09e-05 2.33e-10  6.48e+03   322s
[2025-08-06 17:03:10] DEBUG    34   2.79020944e+10 -2.41393332e+09  9.86e-06 3.49e-10  4.02e+03   335s
[2025-08-06 17:03:21] DEBUG    35   2.38049997e+10  2.97546805e+09  8.72e-06 3.49e-10  2.76e+03   345s
[2025-08-06 17:03:35] DEBUG    36   2.19984685e+10  5.37947525e+09  1.10e-05 3.49e-10  2.20e+03   360s
[2025-08-06 17:03:51] DEBUG    37   2.00513910e+10  8.29528506e+09  7.82e-06 2.33e-10  1.56e+03   376s
[2025-08-06 17:04:09] DEBUG    38   1.91535334e+10  1.03046189e+10  6.52e-06 2.33e-10  1.17e+03   393s
[2025-08-06 17:04:20] DEBUG    39   1.84936824e+10  1.16649505e+10  5.22e-06 3.94e-09  9.05e+02   405s
[2025-08-06 17:04:36] DEBUG    40   1.68581647e+10  1.25463004e+10  2.93e-06 2.11e-09  5.72e+02   421s
[2025-08-06 17:04:53] DEBUG    41   1.60049769e+10  1.32083954e+10  1.74e-06 7.47e-10  3.71e+02   438s
[2025-08-06 17:05:04] DEBUG    42   1.59039100e+10  1.34127604e+10  1.61e-06 2.33e-10  3.30e+02   449s
[2025-08-06 17:05:16] DEBUG    43   1.56178855e+10  1.37241232e+10  1.25e-06 2.33e-10  2.51e+02   461s
[2025-08-06 17:05:28] DEBUG    44   1.54692283e+10  1.38739256e+10  1.04e-06 2.33e-10  2.11e+02   473s
[2025-08-06 17:05:40] DEBUG    45   1.53845999e+10  1.40534793e+10  9.63e-07 3.47e-10  1.76e+02   484s
[2025-08-06 17:05:51] DEBUG    46   1.51713951e+10  1.41705805e+10  7.97e-07 8.05e-09  1.33e+02   496s
[2025-08-06 17:06:07] DEBUG    47   1.50828875e+10  1.42035959e+10  6.44e-07 1.50e-08  1.17e+02   511s
[2025-08-06 17:06:19] DEBUG    48   1.50157413e+10  1.42972659e+10  6.31e-07 4.32e-08  9.52e+01   523s
[2025-08-06 17:06:33] DEBUG    49   1.49400540e+10  1.43543865e+10  5.41e-07 9.56e-08  7.76e+01   538s
[2025-08-06 17:06:46] DEBUG    50   1.48260566e+10  1.44043662e+10  3.80e-07 1.10e-07  5.59e+01   551s
[2025-08-06 17:06:59] DEBUG    51   1.47799445e+10  1.44428156e+10  3.19e-07 1.42e-07  4.47e+01   564s
[2025-08-06 17:07:12] DEBUG    52   1.47564991e+10  1.44568667e+10  2.83e-07 1.69e-07  3.97e+01   577s
[2025-08-06 17:07:29] DEBUG    53   1.47364285e+10  1.44668740e+10  2.58e-07 1.72e-07  3.57e+01   594s
[2025-08-06 17:07:45] DEBUG    54   1.47195343e+10  1.44878528e+10  2.35e-07 1.82e-07  3.07e+01   610s
[2025-08-06 17:08:02] DEBUG    55   1.46793829e+10  1.45026091e+10  1.80e-07 1.75e-07  2.34e+01   627s
[2025-08-06 17:08:20] DEBUG    56   1.46599642e+10  1.45065477e+10  1.50e-07 1.72e-07  2.03e+01   645s
[2025-08-06 17:08:39] DEBUG    57   1.46392335e+10  1.45199918e+10  1.17e-07 1.48e-07  1.58e+01   663s
[2025-08-06 17:08:58] DEBUG    58   1.46310816e+10  1.45208883e+10  1.10e-07 1.46e-07  1.46e+01   683s
[2025-08-06 17:09:17] DEBUG    59   1.46213063e+10  1.45228432e+10  9.87e-08 1.39e-07  1.31e+01   702s
[2025-08-06 17:09:37] DEBUG    60   1.46054539e+10  1.45245183e+10  7.82e-08 1.31e-07  1.07e+01   722s
[2025-08-06 17:09:55] DEBUG    61   1.45962699e+10  1.45259586e+10  7.08e-08 1.23e-07  9.32e+00   739s
[2025-08-06 17:10:13] DEBUG    62   1.45929596e+10  1.45270188e+10  6.52e-08 1.19e-07  8.74e+00   758s
[2025-08-06 17:10:29] DEBUG    63   1.45861926e+10  1.45302066e+10  5.59e-08 1.05e-07  7.42e+00   773s
[2025-08-06 17:10:49] DEBUG    64   1.45782850e+10  1.45310581e+10  4.56e-08 1.00e-07  6.26e+00   794s
[2025-08-06 17:11:10] DEBUG    65   1.45749972e+10  1.45317150e+10  4.47e-08 9.54e-08  5.74e+00   814s
[2025-08-06 17:11:29] DEBUG    66   1.45728712e+10  1.45324625e+10  4.84e-08 8.93e-08  5.36e+00   834s
[2025-08-06 17:11:50] DEBUG    67   1.45696250e+10  1.45332868e+10  3.91e-08 8.23e-08  4.82e+00   855s
[2025-08-06 17:12:06] DEBUG    68   1.45679991e+10  1.45338116e+10  3.73e-08 7.97e-08  4.53e+00   870s
[2025-08-06 17:12:25] DEBUG    69   1.45652370e+10  1.45353488e+10  3.45e-08 7.09e-08  3.96e+00   889s
[2025-08-06 17:12:43] DEBUG    70   1.45621462e+10  1.45367914e+10  5.22e-08 6.06e-08  3.36e+00   908s
[2025-08-06 17:13:01] DEBUG    71   1.45589948e+10  1.45372486e+10  3.35e-08 5.65e-08  2.88e+00   926s
[2025-08-06 17:13:19] DEBUG    72   1.45578761e+10  1.45374878e+10  3.35e-08 5.40e-08  2.70e+00   943s
[2025-08-06 17:13:36] DEBUG    73   1.45563185e+10  1.45377039e+10  3.35e-08 5.15e-08  2.47e+00   961s
[2025-08-06 17:13:53] DEBUG    74   1.45552858e+10  1.45380273e+10  3.73e-08 4.76e-08  2.29e+00   977s
[2025-08-06 17:14:07] DEBUG    75   1.45541926e+10  1.45381463e+10  4.10e-08 4.61e-08  2.13e+00   991s
[2025-08-06 17:14:24] DEBUG    76   1.45536519e+10  1.45383827e+10  4.84e-08 4.30e-08  2.02e+00  1009s
[2025-08-06 17:14:41] DEBUG    77   1.45521540e+10  1.45386532e+10  4.84e-08 3.94e-08  1.79e+00  1026s
[2025-08-06 17:14:59] DEBUG    78   1.45505449e+10  1.45387964e+10  4.47e-08 3.74e-08  1.56e+00  1044s
[2025-08-06 17:15:16] DEBUG    79   1.45495486e+10  1.45391922e+10  4.84e-08 3.17e-08  1.37e+00  1061s
[2025-08-06 17:15:34] DEBUG    80   1.45487076e+10  1.45393511e+10  4.10e-08 2.94e-08  1.24e+00  1079s
[2025-08-06 17:15:52] DEBUG    81   1.45483447e+10  1.45394708e+10  4.47e-08 2.76e-08  1.18e+00  1096s
[2025-08-06 17:16:10] DEBUG    82   1.45478294e+10  1.45395447e+10  2.98e-08 2.65e-08  1.10e+00  1114s
[2025-08-06 17:16:27] DEBUG    83   1.45471343e+10  1.45396265e+10  2.98e-08 2.52e-08  9.95e-01  1131s
[2025-08-06 17:16:44] DEBUG    84   1.45468827e+10  1.45397704e+10  3.73e-08 2.30e-08  9.43e-01  1149s
[2025-08-06 17:17:01] DEBUG    85   1.45464662e+10  1.45398396e+10  5.59e-08 2.20e-08  8.78e-01  1166s
[2025-08-06 17:17:20] DEBUG    86   1.45460360e+10  1.45400776e+10  4.10e-08 1.83e-08  7.90e-01  1184s
[2025-08-06 17:17:37] DEBUG    87   1.45457026e+10  1.45401508e+10  4.47e-08 1.71e-08  7.36e-01  1202s
[2025-08-06 17:17:51] DEBUG    88   1.45454301e+10  1.45401892e+10  4.10e-08 1.65e-08  6.95e-01  1216s
[2025-08-06 17:18:06] DEBUG    89   1.45450851e+10  1.45403243e+10  4.10e-08 1.44e-08  6.31e-01  1230s
[2025-08-06 17:18:23] DEBUG    90   1.45446443e+10  1.45403995e+10  2.98e-08 1.33e-08  5.63e-01  1247s
[2025-08-06 17:18:41] DEBUG    91   1.45441695e+10  1.45405053e+10  3.35e-08 1.16e-08  4.86e-01  1266s
[2025-08-06 17:18:57] DEBUG    92   1.45438514e+10  1.45405927e+10  4.47e-08 1.06e-08  4.32e-01  1282s
[2025-08-06 17:19:14] DEBUG    93   1.45435029e+10  1.45406380e+10  3.35e-08 1.01e-08  3.80e-01  1299s
[2025-08-06 17:19:30] DEBUG    94   1.45433820e+10  1.45406630e+10  3.35e-08 1.00e-08  3.60e-01  1315s
[2025-08-06 17:19:47] DEBUG    95   1.45431645e+10  1.45406843e+10  4.84e-08 9.96e-09  3.29e-01  1331s
[2025-08-06 17:20:02] DEBUG    96   1.45429758e+10  1.45407352e+10  3.73e-08 9.65e-09  2.97e-01  1347s
[2025-08-06 17:20:18] DEBUG    97   1.45428958e+10  1.45407504e+10  4.47e-08 9.52e-09  2.84e-01  1363s
[2025-08-06 17:20:34] DEBUG    98   1.45427902e+10  1.45407642e+10  3.35e-08 9.40e-09  2.69e-01  1379s
[2025-08-06 17:20:51] DEBUG    99   1.45427077e+10  1.45408119e+10  4.47e-08 8.90e-09  2.51e-01  1395s
[2025-08-06 17:21:07] DEBUG    100   1.45425773e+10  1.45408415e+10  3.35e-08 8.56e-09  2.30e-01  1411s
[2025-08-06 17:21:23] DEBUG    101   1.45424067e+10  1.45408683e+10  4.10e-08 8.18e-09  2.04e-01  1427s
[2025-08-06 17:21:35] DEBUG    102   1.45423444e+10  1.45408752e+10  4.10e-08 8.07e-09  1.95e-01  1440s
[2025-08-06 17:21:47] DEBUG    103   1.45423131e+10  1.45408784e+10  4.10e-08 8.02e-09  1.90e-01  1452s
[2025-08-06 17:22:02] DEBUG    104   1.45422312e+10  1.45409003e+10  3.73e-08 7.65e-09  1.76e-01  1467s
[2025-08-06 17:22:18] DEBUG    105   1.45421537e+10  1.45409253e+10  3.73e-08 7.23e-09  1.63e-01  1482s
[2025-08-06 17:22:33] DEBUG    106   1.45420527e+10  1.45409461e+10  4.10e-08 6.87e-09  1.47e-01  1498s
[2025-08-06 17:22:50] DEBUG    107   1.45419794e+10  1.45409993e+10  4.47e-08 5.86e-09  1.30e-01  1514s
[2025-08-06 17:23:05] DEBUG    108   1.45419057e+10  1.45410182e+10  4.10e-08 5.49e-09  1.18e-01  1530s
[2025-08-06 17:23:21] DEBUG    109   1.45418124e+10  1.45410356e+10  4.10e-08 5.13e-09  1.03e-01  1546s
[2025-08-06 17:23:38] DEBUG    110   1.45417951e+10  1.45410429e+10  3.73e-08 4.97e-09  9.97e-02  1563s
[2025-08-06 17:23:50] DEBUG    111   1.45417542e+10  1.45410632e+10  3.35e-08 4.48e-09  9.16e-02  1575s
[2025-08-06 17:24:06] DEBUG    112   1.45417043e+10  1.45410731e+10  4.47e-08 4.25e-09  8.37e-02  1591s
[2025-08-06 17:24:24] DEBUG    113   1.45416634e+10  1.45410843e+10  2.98e-08 4.00e-09  7.68e-02  1608s
[2025-08-06 17:24:36] DEBUG    114   1.45416466e+10  1.45410872e+10  4.10e-08 3.93e-09  7.42e-02  1621s
[2025-08-06 17:24:48] DEBUG    115   1.45415909e+10  1.45410919e+10  3.73e-08 3.82e-09  6.61e-02  1632s
[2025-08-06 17:25:03] DEBUG    116   1.45415486e+10  1.45411029e+10  3.35e-08 3.55e-09  5.91e-02  1648s
[2025-08-06 17:25:20] DEBUG    117   1.45415416e+10  1.45411129e+10  4.10e-08 3.30e-09  5.68e-02  1664s
[2025-08-06 17:25:35] DEBUG    118   1.45414838e+10  1.45411281e+10  4.47e-08 2.93e-09  4.72e-02  1680s
[2025-08-06 17:25:51] DEBUG    119   1.45414669e+10  1.45411345e+10  4.10e-08 2.76e-09  4.41e-02  1696s
[2025-08-06 17:26:06] DEBUG    120   1.45414471e+10  1.45411410e+10  3.73e-08 2.59e-09  4.06e-02  1711s
[2025-08-06 17:26:22] DEBUG    121   1.45414220e+10  1.45411453e+10  3.73e-08 2.48e-09  3.67e-02  1727s
[2025-08-06 17:26:38] DEBUG    122   1.45413746e+10  1.45411499e+10  4.84e-08 2.36e-09  2.98e-02  1743s
[2025-08-06 17:26:55] DEBUG    123   1.45413637e+10  1.45411561e+10  3.35e-08 2.20e-09  2.75e-02  1760s
[2025-08-06 17:27:11] DEBUG    124   1.45413581e+10  1.45411594e+10  4.47e-08 2.11e-09  2.63e-02  1775s
[2025-08-06 17:27:27] DEBUG    125   1.45413443e+10  1.45411615e+10  3.73e-08 2.05e-09  2.42e-02  1792s
[2025-08-06 17:27:43] DEBUG    126   1.45413263e+10  1.45411688e+10  3.35e-08 1.86e-09  2.09e-02  1807s
[2025-08-06 17:27:59] DEBUG    127   1.45413197e+10  1.45411721e+10  3.35e-08 1.77e-09  1.96e-02  1824s
[2025-08-06 17:28:15] DEBUG    128   1.45413040e+10  1.45411764e+10  4.10e-08 1.66e-09  1.69e-02  1840s
[2025-08-06 17:28:31] DEBUG    129   1.45412970e+10  1.45411858e+10  4.84e-08 1.42e-09  1.47e-02  1856s
[2025-08-06 17:28:47] DEBUG    130   1.45412870e+10  1.45411907e+10  3.35e-08 1.28e-09  1.28e-02  1872s
[2025-08-06 17:29:03] DEBUG    131   1.45412854e+10  1.45411935e+10  2.98e-08 1.21e-09  1.22e-02  1888s
[2025-08-06 17:29:19] DEBUG    132   1.45412694e+10  1.45411978e+10  4.10e-08 1.09e-09  9.49e-03  1904s
[2025-08-06 17:29:36] DEBUG    133   1.45412682e+10  1.45412094e+10  5.22e-08 7.88e-10  7.79e-03  1921s
[2025-08-06 17:29:52] DEBUG    134   1.45412614e+10  1.45412097e+10  4.84e-08 7.81e-10  6.86e-03  1937s
[2025-08-06 17:30:07] DEBUG    135   1.45412531e+10  1.45412251e+10  3.73e-08 3.55e-10  3.72e-03  1952s
[2025-08-06 17:30:20] DEBUG    136   1.45412481e+10  1.45412354e+10  4.10e-08 3.49e-10  1.68e-03  1965s
[2025-08-06 17:30:32] DEBUG    137   1.45412384e+10  1.45412370e+10  4.84e-08 3.49e-10  1.88e-04  1977s
[2025-08-06 17:30:41] DEBUG    138   1.45412372e+10  1.45412372e+10  4.47e-08 2.39e-09  4.88e-06  1985s
[2025-08-06 17:30:46] DEBUG    139   1.45412372e+10  1.45412372e+10  4.84e-08 4.66e-10  4.24e-08  1991s
[2025-08-06 17:30:51] DEBUG    140   1.45412372e+10  1.45412372e+10  4.47e-08 3.49e-10  5.72e-14  1996s
[2025-08-06 17:30:52] DEBUG    Barrier solved model in 140 iterations and 1996.11 seconds (358.13 work units)
Optimal objective 1.45412372e+10
[2025-08-06 17:30:53] DEBUG    Crossover log...
[2025-08-06 17:30:54] DEBUG    626854 DPushes remaining with DInf 1.4568257e-02              1998s
[2025-08-06 17:30:56] DEBUG    141181 DPushes remaining with DInf 3.2656250e-04              2001s
[2025-08-06 17:31:01] DEBUG    10787 DPushes remaining with DInf 3.2656250e-04              2005s
[2025-08-06 17:31:03] DEBUG    0 DPushes remaining with DInf 3.2656250e-04              2007s
[2025-08-06 17:31:03] DEBUG    71569 PPushes remaining with PInf 0.0000000e+00              2008s
[2025-08-06 17:31:05] DEBUG    0 PPushes remaining with PInf 0.0000000e+00              2010s
[2025-08-06 17:31:05] DEBUG    Push phase complete: Pinf 0.0000000e+00, Dinf 2.4240757e-03   2010s
[2025-08-06 17:31:06] DEBUG    Iteration    Objective       Primal Inf.    Dual Inf.      Time
  482368    1.4541237e+10   0.000000e+00   2.424076e-03   2011s
[2025-08-06 17:31:07] DEBUG    Solved with barrier
[2025-08-06 17:31:19] DEBUG    482476    1.4541237e+10   0.000000e+00   0.000000e+00   2024s
[2025-08-06 17:31:19] DEBUG    Solved in 482476 iterations and 2023.79 seconds (377.91 work units)
[2025-08-06 17:31:19] DEBUG    Optimal objective  1.454123716e+10
❌ Errore nel run di autarky_CG+VRES_2030_BESS: 'Model' object has no attribute 'backend_model'

🚀 Lancio scenario: autarky_CG+VRES_2030_nostorage
[2025-08-06 17:41:58] INFO     Loading sets
[2025-08-06 17:41:58] INFO     Loading parameters
[2025-08-06 17:42:31] INFO     constraints are loaded in the following order: ['energy_balance', 'dispatch', 'costs', 'capacity', 'network', 'policy', 'conversion', 'group', 'conversion_plus', 'milp', 'export']
[2025-08-06 17:42:31] INFO     creating energy_balance constraints
[2025-08-06 17:45:16] INFO     creating dispatch constraints
[2025-08-06 17:47:01] INFO     creating costs constraints
[2025-08-06 18:01:18] INFO     creating capacity constraints
[2025-08-06 18:01:18] INFO     creating network constraints
[2025-08-06 18:01:18] INFO     creating policy constraints
[2025-08-06 18:01:18] INFO     creating conversion constraints
[2025-08-06 18:01:18] INFO     creating group constraints
[2025-08-06 18:01:18] INFO     creating conversion_plus constraints
[2025-08-06 18:01:18] INFO     creating milp constraints
[2025-08-06 18:01:18] INFO     creating export constraints
[2025-08-06 18:12:45] DEBUG    Set parameter WLSAccessID
Set parameter WLSSecret
Set parameter LicenseID to value 2680226
[2025-08-06 18:12:45] DEBUG    Academic license 2680226 - for non-commercial use only - registered to an___@mail.polimi.it
[2025-08-06 18:13:16] DEBUG    Read LP format model from file /tmp/tmpirr88pcx.pyomo.lp
[2025-08-06 18:13:16] DEBUG    Reading time = 31.00 seconds
x15560633: 20877975 rows, 15560633 columns, 50355359 nonzeros
[2025-08-06 18:13:16] DEBUG    Set parameter NumericFocus to value 1
[2025-08-06 18:13:16] DEBUG    Gurobi Optimizer version 12.0.2 build v12.0.2rc0 (linux64 - "Debian GNU/Linux 11 (bullseye)")

CPU model: Intel(R) Xeon(R) Silver 4314 CPU @ 2.40GHz, instruction set [SSE2|AVX|AVX2|AVX512]
Thread count: 32 physical cores, 64 logical processors, using up to 32 threads
[2025-08-06 18:13:16] DEBUG    Non-default parameters:
NumericFocus  1
[2025-08-06 18:13:16] DEBUG    Academic license 2680226 - for non-commercial use only - registered to an___@mail.polimi.it
[2025-08-06 18:13:16] DEBUG    Optimize a model with 20877975 rows, 15560633 columns and 50355359 nonzeros
[2025-08-06 18:13:17] DEBUG    Model fingerprint: 0xd80bdbb3
[2025-08-06 18:13:17] DEBUG    Coefficient statistics:
  Matrix range     [1e-07, 3e+02]
[2025-08-06 18:13:17] DEBUG    Objective range  [1e+00, 1e+06]
  Bounds range     [0e+00, 0e+00]
  RHS range        [1e+00, 2e+08]
[2025-08-06 18:13:22] DEBUG    Presolve removed 17670178 rows and 9706872 columns (presolve time = 5s)...
[2025-08-06 18:13:27] DEBUG    Presolve removed 18996761 rows and 12824206 columns (presolve time = 10s)...
[2025-08-06 18:13:32] DEBUG    Presolve removed 18997279 rows and 12842418 columns (presolve time = 15s)...
[2025-08-06 18:13:33] DEBUG    Presolve removed 19146182 rows and 12842418 columns
[2025-08-06 18:13:56] DEBUG    Presolve time: 40.38s
Presolved: 1731793 rows, 2867118 columns, 6593735 nonzeros
[2025-08-06 18:13:56] DEBUG    Concurrent LP optimizer: primal simplex, dual simplex, and barrier
Showing barrier log only...
[2025-08-06 18:13:58] DEBUG    Ordering time: 0.51s
[2025-08-06 18:13:59] DEBUG    Barrier statistics:
 Dense cols : 115
[2025-08-06 18:13:59] DEBUG    AA' NZ     : 3.949e+06
 Factor NZ  : 2.293e+07 (roughly 2.0 GB of memory)
 Factor Ops : 4.134e+08 (less than 1 second per iteration)
 Threads    : 30
[2025-08-06 18:14:02] DEBUG    Objective                Residual
[2025-08-06 18:14:02] DEBUG    Iter       Primal          Dual         Primal    Dual     Compl     Time
[2025-08-06 18:14:03] DEBUG    0   7.53878729e+18 -4.64895581e+17  2.43e+08 2.78e-11  5.82e+12    47s
[2025-08-06 18:14:08] DEBUG    1   6.09701585e+18 -4.19742560e+17  1.92e+08 3.78e+04  4.12e+12    52s
[2025-08-06 18:14:14] DEBUG    2   4.97380128e+18 -3.91192921e+17  1.61e+08 6.43e+03  3.36e+12    58s
[2025-08-06 18:14:23] DEBUG    3   2.87608681e+18 -3.82518188e+17  1.00e+08 1.38e+03  2.09e+12    67s
[2025-08-06 18:14:29] DEBUG    4   2.01313016e+18 -3.44770517e+17  7.18e+07 4.20e+02  1.48e+12    73s
[2025-08-06 18:14:33] DEBUG    5   1.55600754e+18 -3.13807011e+17  5.55e+07 2.27e+02  1.13e+12    77s
[2025-08-06 18:14:38] DEBUG    6   1.29860947e+18 -2.77749218e+17  4.63e+07 1.05e+02  9.34e+11    82s
[2025-08-06 18:14:42] DEBUG    7   7.42984362e+17 -2.15557815e+17  2.66e+07 3.20e+01  5.25e+11    86s
[2025-08-06 18:14:47] DEBUG    8   5.86456113e+16 -1.39021605e+17  2.22e+06 3.98e+00  6.07e+10    91s
[2025-08-06 18:14:52] DEBUG    9   1.63704224e+16 -5.68264023e+16  6.11e+05 6.03e-01  1.78e+10    96s
[2025-08-06 18:14:57] DEBUG    10   2.45071896e+15 -2.19765661e+16  1.00e+05 1.13e-01  4.65e+09   101s
[2025-08-06 18:15:03] DEBUG    11   1.44318414e+14 -9.25030346e+14  5.75e+03 2.03e-05  1.85e+08   107s
[2025-08-06 18:15:10] DEBUG    12   4.17653761e+12 -1.32560797e+14  1.30e+02 2.82e-06  2.28e+07   114s
[2025-08-06 18:15:16] DEBUG    13   1.20892311e+12 -8.40903982e+13  8.42e+00 1.71e-06  1.42e+07   120s
[2025-08-06 18:15:21] DEBUG    14   6.97609104e+11 -3.60340696e+13  2.52e+00 6.34e-07  6.10e+06   125s
[2025-08-06 18:15:24] DEBUG    15   6.02014931e+11 -2.20215186e+13  1.37e+00 3.71e-07  3.76e+06   128s
[2025-08-06 18:15:31] DEBUG    16   4.84838497e+11 -1.31412787e+13  7.52e-01 2.16e-07  2.26e+06   136s
[2025-08-06 18:15:36] DEBUG    17   3.87729714e+11 -7.70633446e+12  3.83e-01 1.18e-07  1.34e+06   140s
[2025-08-06 18:15:41] DEBUG    18   2.79876483e+11 -4.47132161e+12  1.17e-01 6.63e-08  7.89e+05   145s
[2025-08-06 18:15:46] DEBUG    19   2.01717532e+11 -2.69621966e+12  5.47e-02 3.84e-08  4.82e+05   150s
[2025-08-06 18:15:52] DEBUG    20   1.59181669e+11 -1.24780176e+12  3.41e-02 1.72e-08  2.34e+05   157s
[2025-08-06 18:16:00] DEBUG    21   1.07674036e+11 -6.46446831e+11  1.71e-02 8.45e-09  1.25e+05   164s
[2025-08-06 18:16:06] DEBUG    22   9.71426904e+10 -3.51498924e+11  1.45e-02 5.04e-09  7.45e+04   170s
[2025-08-06 18:16:11] DEBUG    23   9.25590342e+10 -3.12251669e+11  1.35e-02 4.50e-09  6.73e+04   175s
[2025-08-06 18:16:15] DEBUG    24   8.27658234e+10 -2.68215460e+11  1.13e-02 3.95e-09  5.83e+04   180s
[2025-08-06 18:16:19] DEBUG    25   7.79471109e+10 -1.98389575e+11  1.03e-02 2.97e-09  4.59e+04   184s
[2025-08-06 18:16:26] DEBUG    26   7.54846185e+10 -1.67197340e+11  9.78e-03 2.59e-09  4.03e+04   190s
[2025-08-06 18:16:34] DEBUG    27   6.36943777e+10 -9.49325652e+10  7.44e-03 1.62e-09  2.64e+04   198s
[2025-08-06 18:16:45] DEBUG    28   5.51483960e+10 -4.67433891e+10  5.86e-03 9.37e-10  1.69e+04   209s
[2025-08-06 18:16:56] DEBUG    29   4.55162664e+10 -3.03985346e+10  4.33e-03 7.03e-10  1.26e+04   220s
[2025-08-06 18:17:04] DEBUG    30   4.16058159e+10 -2.12172265e+10  3.69e-03 5.81e-10  1.04e+04   228s
[2025-08-06 18:17:12] DEBUG    31   3.58035681e+10 -8.51309168e+09  2.79e-03 3.80e-10  7.36e+03   236s
[2025-08-06 18:17:23] DEBUG    32   3.49183126e+10 -2.99744559e+09  2.67e-03 3.00e-10  6.30e+03   248s
[2025-08-06 18:17:34] DEBUG    33   2.84210880e+10 -1.68586054e+09  1.73e-03 3.49e-10  5.00e+03   258s
[2025-08-06 18:17:44] DEBUG    34   2.26237071e+10  6.14102457e+09  9.47e-04 2.33e-10  2.74e+03   268s
[2025-08-06 18:17:55] DEBUG    35   2.23537137e+10  6.97008955e+09  9.13e-04 3.49e-10  2.56e+03   279s
[2025-08-06 18:18:04] DEBUG    36   1.88037525e+10  8.73448845e+09  4.54e-04 3.49e-10  1.67e+03   288s
[2025-08-06 18:18:15] DEBUG    37   1.70724943e+10  1.12498375e+10  2.39e-04 2.33e-10  9.68e+02   299s
[2025-08-06 18:18:23] DEBUG    38   1.63053886e+10  1.20414790e+10  1.84e-04 2.33e-10  7.09e+02   307s
[2025-08-06 18:18:29] DEBUG    39   1.60116389e+10  1.28694318e+10  1.76e-04 2.33e-10  5.22e+02   314s
[2025-08-06 18:18:34] DEBUG    40   1.56492179e+10  1.31396855e+10  1.28e-04 2.33e-10  4.17e+02   318s
[2025-08-06 18:18:39] DEBUG    41   1.55200172e+10  1.34525577e+10  1.41e-04 1.68e-09  3.44e+02   323s
[2025-08-06 18:18:44] DEBUG    42   1.54163544e+10  1.36560590e+10  1.59e-04 3.46e-09  2.92e+02   328s
[2025-08-06 18:18:48] DEBUG    43   1.53915414e+10  1.38313679e+10  1.52e-04 1.78e-08  2.59e+02   333s
[2025-08-06 18:18:53] DEBUG    44   1.53711644e+10  1.38812982e+10  1.51e-04 2.57e-08  2.48e+02   337s
[2025-08-06 18:18:58] DEBUG    45   1.53076863e+10  1.39568816e+10  1.73e-04 4.51e-08  2.24e+02   342s
[2025-08-06 18:19:03] DEBUG    46   1.51307962e+10  1.40620201e+10  9.85e-05 8.13e-08  1.78e+02   347s
[2025-08-06 18:19:07] DEBUG    47   1.49482080e+10  1.41485306e+10  5.25e-05 1.16e-07  1.33e+02   351s
[2025-08-06 18:19:11] DEBUG    48   1.49012612e+10  1.42087399e+10  5.33e-05 1.82e-07  1.15e+02   355s
[2025-08-06 18:19:17] DEBUG    49   1.47994996e+10  1.43303635e+10  3.16e-05 3.96e-07  7.80e+01   361s
[2025-08-06 18:19:24] DEBUG    50   1.47062909e+10  1.43703448e+10  2.72e-05 5.93e-07  5.58e+01   368s
[2025-08-06 18:19:34] DEBUG    51   1.46704555e+10  1.44210554e+10  1.67e-05 8.05e-07  4.14e+01   378s
[2025-08-06 18:19:43] DEBUG    52   1.46448880e+10  1.44497186e+10  1.23e-05 9.84e-07  3.24e+01   387s
[2025-08-06 18:19:52] DEBUG    53   1.46242255e+10  1.44605005e+10  1.04e-05 1.07e-06  2.72e+01   396s
[2025-08-06 18:20:01] DEBUG    54   1.46112603e+10  1.44686064e+10  8.53e-06 1.12e-06  2.37e+01   405s
[2025-08-06 18:20:10] DEBUG    55   1.45973181e+10  1.44765125e+10  7.04e-06 1.18e-06  2.01e+01   414s
[2025-08-06 18:20:19] DEBUG    56   1.45885015e+10  1.44950041e+10  5.43e-06 1.30e-06  1.55e+01   423s
[2025-08-06 18:20:27] DEBUG    57   1.45827818e+10  1.44977420e+10  4.70e-06 1.32e-06  1.41e+01   431s
[2025-08-06 18:20:35] DEBUG    58   1.45774926e+10  1.45068710e+10  4.25e-06 1.39e-06  1.17e+01   439s
[2025-08-06 18:20:44] DEBUG    59   1.45715941e+10  1.45143991e+10  3.59e-06 1.46e-06  9.50e+00   448s
[2025-08-06 18:20:54] DEBUG    60   1.45673088e+10  1.45168443e+10  2.99e-06 1.48e-06  8.39e+00   458s
[2025-08-06 18:21:02] DEBUG    61   1.45652396e+10  1.45190775e+10  2.75e-06 1.50e-06  7.67e+00   466s
[2025-08-06 18:21:11] DEBUG    62   1.45629455e+10  1.45218102e+10  2.48e-06 1.52e-06  6.84e+00   475s
[2025-08-06 18:21:18] DEBUG    63   1.45602780e+10  1.45238966e+10  2.18e-06 1.53e-06  6.05e+00   482s
[2025-08-06 18:21:24] DEBUG    64   1.45585443e+10  1.45248477e+10  1.97e-06 1.54e-06  5.60e+00   489s
[2025-08-06 18:21:32] DEBUG    65   1.45573361e+10  1.45265083e+10  1.84e-06 1.54e-06  5.12e+00   496s
[2025-08-06 18:21:38] DEBUG    66   1.45561280e+10  1.45271105e+10  1.71e-06 1.55e-06  4.82e+00   502s
[2025-08-06 18:21:46] DEBUG    67   1.45552026e+10  1.45285252e+10  1.60e-06 1.55e-06  4.43e+00   510s
[2025-08-06 18:21:53] DEBUG    68   1.45541450e+10  1.45294956e+10  1.49e-06 1.55e-06  4.10e+00   517s
[2025-08-06 18:22:01] DEBUG    69   1.45528226e+10  1.45301737e+10  1.33e-06 1.55e-06  3.76e+00   526s
[2025-08-06 18:22:09] DEBUG    70   1.45520052e+10  1.45309448e+10  1.24e-06 1.55e-06  3.50e+00   533s
[2025-08-06 18:22:17] DEBUG    71   1.45512824e+10  1.45321343e+10  1.17e-06 1.54e-06  3.18e+00   541s
[2025-08-06 18:22:24] DEBUG    72   1.45501971e+10  1.45328043e+10  2.14e-06 1.54e-06  2.89e+00   548s
[2025-08-06 18:22:32] DEBUG    73   1.45492337e+10  1.45334666e+10  1.90e-06 1.53e-06  2.62e+00   556s
[2025-08-06 18:22:39] DEBUG    74   1.45485330e+10  1.45341893e+10  1.25e-06 1.51e-06  2.38e+00   563s
[2025-08-06 18:22:47] DEBUG    75   1.45475609e+10  1.45353100e+10  8.88e-07 1.48e-06  2.04e+00   571s
[2025-08-06 18:22:55] DEBUG    76   1.45471454e+10  1.45356157e+10  7.07e-07 1.47e-06  1.92e+00   579s
[2025-08-06 18:23:03] DEBUG    77   1.45467263e+10  1.45361744e+10  9.91e-07 1.44e-06  1.75e+00   587s
[2025-08-06 18:23:11] DEBUG    78   1.45461874e+10  1.45369294e+10  1.28e-06 1.40e-06  1.54e+00   595s
[2025-08-06 18:23:18] DEBUG    79   1.45450968e+10  1.45371799e+10  1.45e-06 1.38e-06  1.32e+00   602s
[2025-08-06 18:23:28] DEBUG    80   1.45447949e+10  1.45377086e+10  1.56e-06 1.31e-06  1.18e+00   612s
[2025-08-06 18:23:35] DEBUG    81   1.45445435e+10  1.45378059e+10  1.34e-06 1.30e-06  1.12e+00   619s
[2025-08-06 18:23:42] DEBUG    82   1.45440377e+10  1.45381748e+10  1.11e-06 1.23e-06  9.74e-01   626s
[2025-08-06 18:23:51] DEBUG    83   1.45437727e+10  1.45384842e+10  9.96e-07 1.12e-06  8.79e-01   635s
[2025-08-06 18:24:01] DEBUG    84   1.45434299e+10  1.45386805e+10  8.59e-07 1.05e-06  7.89e-01   645s
[2025-08-06 18:24:10] DEBUG    85   1.45432324e+10  1.45387655e+10  7.84e-07 1.01e-06  7.42e-01   654s
[2025-08-06 18:24:17] DEBUG    86   1.45430878e+10  1.45389070e+10  7.27e-07 9.50e-07  6.95e-01   661s
[2025-08-06 18:24:26] DEBUG    87   1.45429231e+10  1.45391050e+10  6.46e-07 8.73e-07  6.35e-01   670s
[2025-08-06 18:24:34] DEBUG    88   1.45428209e+10  1.45393237e+10  6.05e-07 7.86e-07  5.81e-01   678s
[2025-08-06 18:24:34] DEBUG    Barrier performed 88 iterations in 678.36 seconds (146.52 work units)
Barrier solve interrupted - model solved by another algorithm
[2025-08-06 18:24:34] DEBUG    Solved with dual simplex
[2025-08-06 18:24:42] DEBUG    Iteration    Objective       Primal Inf.    Dual Inf.      Time
[2025-08-06 18:24:42] DEBUG    569779    1.4541237e+10   0.000000e+00   0.000000e+00    686s

Solved in 569779 iterations and 685.99 seconds (263.69 work units)
[2025-08-06 18:24:42] DEBUG    Optimal objective  1.454123716e+10
❌ Errore nel run di autarky_CG+VRES_2030_nostorage: 'Model' object has no attribute 'backend_model'

🚀 Lancio scenario: autarky_GT+VRES_2030_PHES
[2025-08-06 18:36:26] INFO     Loading sets
[2025-08-06 18:36:26] INFO     Loading parameters
[2025-08-06 18:37:01] INFO     constraints are loaded in the following order: ['energy_balance', 'dispatch', 'costs', 'capacity', 'network', 'policy', 'conversion', 'group', 'conversion_plus', 'milp', 'export']
[2025-08-06 18:37:01] INFO     creating energy_balance constraints
[2025-08-06 18:39:59] INFO     creating dispatch constraints
[2025-08-06 18:41:54] INFO     creating costs constraints
[2025-08-06 18:50:41] INFO     creating capacity constraints
[2025-08-06 18:50:41] INFO     creating network constraints
[2025-08-06 18:50:41] INFO     creating policy constraints
[2025-08-06 18:50:41] INFO     creating conversion constraints
[2025-08-06 18:50:41] INFO     creating group constraints
[2025-08-06 18:50:41] INFO     creating conversion_plus constraints
[2025-08-06 18:50:41] INFO     creating milp constraints
[2025-08-06 18:50:41] INFO     creating export constraints
[2025-08-06 19:03:03] DEBUG    Set parameter WLSAccessID
Set parameter WLSSecret
[2025-08-06 19:03:03] DEBUG    Set parameter LicenseID to value 2680226
[2025-08-06 19:03:03] DEBUG    Academic license 2680226 - for non-commercial use only - registered to an___@mail.polimi.it
[2025-08-06 19:03:38] DEBUG    Read LP format model from file /tmp/tmplipgplya.pyomo.lp
[2025-08-06 19:03:38] DEBUG    Reading time = 34.11 seconds
x16831007: 22656487 rows, 16831007 columns, 55182496 nonzeros
[2025-08-06 19:03:38] DEBUG    Set parameter NumericFocus to value 1
[2025-08-06 19:03:38] DEBUG    Gurobi Optimizer version 12.0.2 build v12.0.2rc0 (linux64 - "Debian GNU/Linux 11 (bullseye)")

CPU model: Intel(R) Xeon(R) Silver 4314 CPU @ 2.40GHz, instruction set [SSE2|AVX|AVX2|AVX512]
Thread count: 32 physical cores, 64 logical processors, using up to 32 threads
[2025-08-06 19:03:38] DEBUG    Non-default parameters:
NumericFocus  1
[2025-08-06 19:03:38] DEBUG    Academic license 2680226 - for non-commercial use only - registered to an___@mail.polimi.it
[2025-08-06 19:03:38] DEBUG    Optimize a model with 22656487 rows, 16831007 columns and 55182496 nonzeros
[2025-08-06 19:03:38] DEBUG    Model fingerprint: 0x584d4496
[2025-08-06 19:03:38] DEBUG    Coefficient statistics:
  Matrix range     [1e-07, 3e+02]
[2025-08-06 19:03:38] DEBUG    Objective range  [1e+00, 1e+06]
  Bounds range     [0e+00, 0e+00]
  RHS range        [1e+00, 6e+09]
Warning: Model contains large rhs
[2025-08-06 19:03:44] DEBUG    Presolve removed 18309838 rows and 10293914 columns (presolve time = 6s)...
[2025-08-06 19:03:48] DEBUG    Presolve removed 19345199 rows and 13120000 columns (presolve time = 10s)...
[2025-08-06 19:03:54] DEBUG    Presolve removed 19863939 rows and 13593162 columns (presolve time = 15s)...
[2025-08-06 19:03:59] DEBUG    Presolve removed 20013412 rows and 13610682 columns
[2025-08-06 19:04:26] DEBUG    Presolve time: 48.46s
[2025-08-06 19:04:26] DEBUG    Presolved: 2643075 rows, 3369228 columns, 10420967 nonzeros

Concurrent LP optimizer: primal simplex, dual simplex, and barrier
Showing barrier log only...
[2025-08-06 19:04:29] DEBUG    Ordering time: 1.29s
[2025-08-06 19:04:30] DEBUG    Barrier statistics:
 Dense cols : 141
 AA' NZ     : 1.019e+07
 Factor NZ  : 3.907e+07 (roughly 3.0 GB of memory)
[2025-08-06 19:04:30] DEBUG    Factor Ops : 1.018e+09 (less than 1 second per iteration)
 Threads    : 30
[2025-08-06 19:04:36] DEBUG    Objective                Residual
[2025-08-06 19:04:36] DEBUG    Iter       Primal          Dual         Primal    Dual     Compl     Time
[2025-08-06 19:04:36] DEBUG    0   5.44061287e+18 -4.14449743e+17  1.68e+08 1.43e-11  3.68e+12    58s
[2025-08-06 19:04:42] DEBUG    1   4.37946468e+18 -3.63123843e+17  1.33e+08 4.51e+04  2.45e+12    64s
[2025-08-06 19:04:50] DEBUG    2   3.83419006e+18 -3.24234509e+17  1.18e+08 1.55e+04  1.96e+12    73s
[2025-08-06 19:05:01] DEBUG    3   2.60750627e+18 -2.98275796e+17  8.56e+07 4.52e+03  1.35e+12    83s
[2025-08-06 19:05:07] DEBUG    4   2.04404439e+18 -2.81679499e+17  6.89e+07 2.62e+03  1.07e+12    90s
[2025-08-06 19:05:13] DEBUG    5   1.73625358e+18 -2.68927783e+17  5.86e+07 1.85e+03  9.03e+11    95s
[2025-08-06 19:05:18] DEBUG    6   1.45675845e+18 -2.58574287e+17  4.95e+07 1.53e+03  7.61e+11   100s
[2025-08-06 19:05:22] DEBUG    7   1.24907476e+18 -2.45640818e+17  4.27e+07 1.19e+03  6.49e+11   105s
[2025-08-06 19:05:29] DEBUG    8   9.34966606e+17 -2.24288525e+17  3.32e+07 7.44e+02  4.95e+11   111s
[2025-08-06 19:05:38] DEBUG    9   6.81165780e+17 -1.86882119e+17  2.54e+07 2.25e+02  3.54e+11   120s
[2025-08-06 19:05:50] DEBUG    10   5.26310783e+17 -1.42299221e+17  2.02e+07 4.24e+01  2.64e+11   133s
[2025-08-06 19:06:00] DEBUG    11   1.34603014e+17 -8.26433716e+16  5.15e+06 4.27e+00  6.88e+10   143s
[2025-08-06 19:06:08] DEBUG    12   9.96934331e+16 -5.48928857e+16  3.82e+06 1.95e+00  4.63e+10   150s
[2025-08-06 19:06:13] DEBUG    13   6.84413639e+16 -3.84981104e+16  2.62e+06 9.41e-01  3.00e+10   155s
[2025-08-06 19:06:18] DEBUG    14   5.63288052e+16 -3.07743312e+16  2.16e+06 6.34e-01  2.35e+10   160s
[2025-08-06 19:06:22] DEBUG    15   3.89895499e+16 -2.08665061e+16  1.50e+06 3.12e-01  1.51e+10   165s
[2025-08-06 19:06:27] DEBUG    16   1.29771654e+16 -1.24397557e+16  4.98e+05 1.21e-01  5.34e+09   170s
[2025-08-06 19:06:33] DEBUG    17   1.11310248e+16 -8.49463168e+15  4.27e+05 6.94e-02  3.98e+09   176s
[2025-08-06 19:06:39] DEBUG    18   6.23213036e+15 -4.87278708e+15  2.39e+05 2.98e-02  2.06e+09   181s
[2025-08-06 19:06:43] DEBUG    19   1.38522315e+14 -1.08465992e+15  5.15e+03 5.86e-04  1.72e+08   186s
[2025-08-06 19:06:49] DEBUG    20   2.78540788e+12 -4.90428518e+13  6.33e-01 2.06e-03  7.02e+06   191s
[2025-08-06 19:06:54] DEBUG    21   2.07405200e+12 -2.06845645e+13  2.40e-01 2.47e-04  3.08e+06   196s
[2025-08-06 19:06:59] DEBUG    22   1.88303943e+12 -1.49919021e+13  1.66e-01 1.91e-04  2.28e+06   202s
[2025-08-06 19:07:04] DEBUG    23   1.70825303e+12 -1.03208494e+13  1.06e-01 4.17e-04  1.63e+06   206s
[2025-08-06 19:07:09] DEBUG    24   1.54368466e+12 -9.20623740e+12  7.23e-02 9.51e-04  1.46e+06   211s
[2025-08-06 19:07:14] DEBUG    25   1.28368565e+12 -6.31285709e+12  3.66e-02 1.08e-03  1.03e+06   217s
[2025-08-06 19:07:22] DEBUG    26   1.02279915e+12 -4.36961037e+12  2.05e-02 9.68e-04  7.30e+05   224s
[2025-08-06 19:07:27] DEBUG    27   8.43953672e+11 -3.34309581e+12  1.59e-02 8.46e-04  5.67e+05   229s
[2025-08-06 19:07:34] DEBUG    28   3.88307589e+11 -2.13321099e+12  3.96e-03 6.40e-04  3.41e+05   237s
[2025-08-06 19:07:44] DEBUG    29   1.95221639e+11 -9.59488766e+11  1.01e-03 2.74e-04  1.56e+05   246s
[2025-08-06 19:07:51] DEBUG    30   1.20424179e+11 -5.23155721e+11  4.16e-04 1.42e-04  8.71e+04   254s
[2025-08-06 19:07:56] DEBUG    31   1.01365469e+11 -3.62441578e+11  3.07e-04 9.84e-05  6.28e+04   259s
[2025-08-06 19:08:01] DEBUG    32   9.13197648e+10 -3.27285595e+11  2.61e-04 8.84e-05  5.67e+04   264s
[2025-08-06 19:08:07] DEBUG    33   8.41327189e+10 -2.89183701e+11  2.28e-04 7.86e-05  5.05e+04   269s
[2025-08-06 19:08:12] DEBUG    34   8.07080250e+10 -2.29734146e+11  2.12e-04 6.34e-05  4.20e+04   275s
[2025-08-06 19:08:19] DEBUG    35   7.76571180e+10 -1.59287324e+11  1.98e-04 4.67e-05  3.21e+04   282s
[2025-08-06 19:08:29] DEBUG    36   6.83803634e+10 -1.18902217e+11  1.62e-04 3.70e-05  2.54e+04   291s
[2025-08-06 19:08:40] DEBUG    37   5.75458053e+10 -1.07724893e+11  1.23e-04 3.41e-05  2.24e+04   302s
[2025-08-06 19:08:52] DEBUG    38   4.95482104e+10 -7.85371267e+10  9.56e-05 2.74e-05  1.73e+04   314s
[2025-08-06 19:09:03] DEBUG    39   4.52625487e+10 -5.26670133e+10  8.16e-05 2.01e-05  1.33e+04   325s
[2025-08-06 19:09:14] DEBUG    40   4.38475841e+10 -5.10634480e+10  7.73e-05 1.97e-05  1.29e+04   336s
[2025-08-06 19:09:25] DEBUG    41   4.21976896e+10 -3.63616984e+10  7.19e-05 1.54e-05  1.06e+04   347s
[2025-08-06 19:09:35] DEBUG    42   3.84837194e+10 -2.77613309e+10  6.08e-05 1.31e-05  8.97e+03   357s
[2025-08-06 19:09:47] DEBUG    43   2.79210049e+10 -7.51765721e+09  3.05e-05 6.92e-06  4.80e+03   369s
[2025-08-06 19:09:59] DEBUG    44   2.54601418e+10  3.91381882e+09  2.42e-05 3.40e-06  2.92e+03   381s
[2025-08-06 19:10:12] DEBUG    45   2.30932461e+10  6.79822131e+09  1.85e-05 2.52e-06  2.21e+03   394s
[2025-08-06 19:10:21] DEBUG    46   2.07652765e+10  9.46298343e+09  1.32e-05 1.67e-06  1.53e+03   403s
[2025-08-06 19:10:28] DEBUG    47   1.91275006e+10  1.10864173e+10  1.67e-05 1.14e-06  1.09e+03   410s
[2025-08-06 19:10:39] DEBUG    48   1.74714009e+10  1.21206834e+10  1.77e-05 8.03e-07  7.24e+02   422s
[2025-08-06 19:10:48] DEBUG    49   1.65908667e+10  1.25642249e+10  1.91e-05 6.65e-07  5.45e+02   430s
[2025-08-06 19:10:56] DEBUG    50   1.61047310e+10  1.31435271e+10  1.42e-05 4.79e-07  4.01e+02   438s
[2025-08-06 19:11:06] DEBUG    51   1.59152972e+10  1.36338506e+10  1.38e-05 3.20e-07  3.09e+02   448s
[2025-08-06 19:11:15] DEBUG    52   1.56317867e+10  1.40597078e+10  1.04e-05 1.73e-07  2.13e+02   457s
[2025-08-06 19:11:32] DEBUG    53   1.51896756e+10  1.41656468e+10  5.99e-06 1.37e-07  1.39e+02   474s
[2025-08-06 19:11:50] DEBUG    54   1.51650464e+10  1.42957464e+10  5.76e-06 9.13e-08  1.18e+02   492s
[2025-08-06 19:12:05] DEBUG    55   1.49372641e+10  1.43692697e+10  3.57e-06 6.44e-08  7.69e+01   507s
[2025-08-06 19:12:18] DEBUG    56   1.47946451e+10  1.43935281e+10  2.27e-06 5.53e-08  5.43e+01   521s
[2025-08-06 19:12:33] DEBUG    57   1.47416636e+10  1.44372840e+10  1.78e-06 9.81e-08  4.12e+01   536s
[2025-08-06 19:12:48] DEBUG    58   1.46860983e+10  1.44644216e+10  1.33e-06 1.75e-07  3.00e+01   550s
[2025-08-06 19:13:02] DEBUG    59   1.46538225e+10  1.44874805e+10  9.89e-07 2.74e-07  2.25e+01   564s
[2025-08-06 19:13:15] DEBUG    60   1.46286852e+10  1.44964318e+10  7.99e-07 3.42e-07  1.79e+01   578s
[2025-08-06 19:13:31] DEBUG    61   1.46157640e+10  1.45078038e+10  6.65e-07 4.13e-07  1.46e+01   594s
[2025-08-06 19:13:46] DEBUG    62   1.45977413e+10  1.45147473e+10  4.66e-07 4.72e-07  1.12e+01   608s
[2025-08-06 19:14:00] DEBUG    63   1.45859623e+10  1.45215387e+10  4.34e-07 4.99e-07  8.72e+00   622s
[2025-08-06 19:14:12] DEBUG    64   1.45771773e+10  1.45245296e+10  3.71e-07 4.92e-07  7.13e+00   635s
[2025-08-06 19:14:29] DEBUG    65   1.45743498e+10  1.45290986e+10  3.46e-07 4.54e-07  6.13e+00   651s
[2025-08-06 19:14:43] DEBUG    66   1.45675195e+10  1.45318930e+10  3.09e-07 4.21e-07  4.82e+00   665s
[2025-08-06 19:14:57] DEBUG    67   1.45639989e+10  1.45341966e+10  2.91e-07 3.68e-07  4.03e+00   679s
[2025-08-06 19:15:15] DEBUG    68   1.45613515e+10  1.45349397e+10  2.58e-07 3.45e-07  3.58e+00   698s
[2025-08-06 19:15:30] DEBUG    69   1.45588617e+10  1.45352684e+10  2.25e-07 3.33e-07  3.19e+00   713s
[2025-08-06 19:15:48] DEBUG    70   1.45573020e+10  1.45359463e+10  2.06e-07 3.14e-07  2.89e+00   731s
[2025-08-06 19:16:03] DEBUG    71   1.45557818e+10  1.45366610e+10  1.87e-07 2.91e-07  2.59e+00   745s
[2025-08-06 19:16:21] DEBUG    72   1.45543703e+10  1.45370126e+10  1.69e-07 2.78e-07  2.35e+00   764s
[2025-08-06 19:16:40] DEBUG    73   1.45527864e+10  1.45375714e+10  1.48e-07 2.55e-07  2.06e+00   783s
[2025-08-06 19:16:59] DEBUG    74   1.45516590e+10  1.45380311e+10  1.34e-07 2.33e-07  1.85e+00   802s
[2025-08-06 19:17:18] DEBUG    75   1.45502953e+10  1.45383669e+10  1.17e-07 2.15e-07  1.62e+00   821s
[2025-08-06 19:17:36] DEBUG    76   1.45492989e+10  1.45386365e+10  1.05e-07 2.01e-07  1.44e+00   838s
[2025-08-06 19:17:47] DEBUG    77   1.45488742e+10  1.45387156e+10  9.90e-08 1.97e-07  1.38e+00   850s
[2025-08-06 19:18:05] DEBUG    78   1.45477154e+10  1.45392428e+10  8.75e-08 1.66e-07  1.15e+00   868s
[2025-08-06 19:18:25] DEBUG    79   1.45470459e+10  1.45393833e+10  8.01e-08 1.57e-07  1.04e+00   888s
[2025-08-06 19:18:42] DEBUG    80   1.45463198e+10  1.45395439e+10  7.26e-08 1.46e-07  9.17e-01   905s
[2025-08-06 19:19:00] DEBUG    81   1.45458232e+10  1.45397103e+10  7.26e-08 1.34e-07  8.28e-01   923s
[2025-08-06 19:19:18] DEBUG    82   1.45452858e+10  1.45398699e+10  6.15e-08 1.21e-07  7.33e-01   940s
[2025-08-06 19:19:33] DEBUG    83   1.45445431e+10  1.45400554e+10  4.24e-08 1.07e-07  6.08e-01   955s
[2025-08-06 19:19:49] DEBUG    84   1.45440922e+10  1.45402100e+10  3.73e-08 9.41e-08  5.26e-01   972s
[2025-08-06 19:20:05] DEBUG    85   1.45436188e+10  1.45402483e+10  3.73e-08 9.08e-08  4.56e-01   988s
[2025-08-06 19:20:24] DEBUG    86   1.45434723e+10  1.45403323e+10  4.10e-08 8.36e-08  4.25e-01  1006s
[2025-08-06 19:20:41] DEBUG    87   1.45432387e+10  1.45403719e+10  4.10e-08 8.00e-08  3.88e-01  1023s
[2025-08-06 19:21:00] DEBUG    88   1.45430242e+10  1.45404804e+10  2.98e-08 7.04e-08  3.44e-01  1042s
[2025-08-06 19:21:19] DEBUG    89   1.45428506e+10  1.45405511e+10  4.10e-08 6.41e-08  3.11e-01  1061s
[2025-08-06 19:21:33] DEBUG    90   1.45427855e+10  1.45405881e+10  2.61e-08 6.08e-08  2.98e-01  1076s
[2025-08-06 19:21:49] DEBUG    91   1.45425324e+10  1.45406447e+10  3.73e-08 5.57e-08  2.56e-01  1091s
[2025-08-06 19:22:05] DEBUG    92   1.45424000e+10  1.45407112e+10  3.73e-08 4.96e-08  2.29e-01  1108s
[2025-08-06 19:22:23] DEBUG    93   1.45422157e+10  1.45407282e+10  2.98e-08 4.81e-08  2.01e-01  1125s
[2025-08-06 19:22:41] DEBUG    94   1.45421139e+10  1.45407968e+10  2.98e-08 4.17e-08  1.78e-01  1144s
[2025-08-06 19:23:00] DEBUG    95   1.45419697e+10  1.45408376e+10  3.35e-08 3.80e-08  1.53e-01  1162s
[2025-08-06 19:23:15] DEBUG    96   1.45418876e+10  1.45408507e+10  3.35e-08 3.68e-08  1.40e-01  1177s
[2025-08-06 19:23:33] DEBUG    97   1.45418386e+10  1.45408733e+10  3.35e-08 3.46e-08  1.31e-01  1195s
[2025-08-06 19:23:46] DEBUG    98   1.45418057e+10  1.45409229e+10  2.98e-08 3.00e-08  1.20e-01  1209s
[2025-08-06 19:23:57] DEBUG    99   1.45417607e+10  1.45409299e+10  3.35e-08 2.93e-08  1.12e-01  1219s
[2025-08-06 19:24:15] DEBUG    100   1.45416942e+10  1.45409428e+10  3.35e-08 2.81e-08  1.02e-01  1237s
[2025-08-06 19:24:33] DEBUG    101   1.45416596e+10  1.45409579e+10  4.47e-08 2.67e-08  9.50e-02  1255s
[2025-08-06 19:24:44] DEBUG    102   1.45416316e+10  1.45409662e+10  2.98e-08 2.59e-08  9.01e-02  1267s
[2025-08-06 19:25:02] DEBUG    103   1.45415889e+10  1.45409933e+10  4.10e-08 2.34e-08  8.06e-02  1284s
[2025-08-06 19:25:21] DEBUG    104   1.45415512e+10  1.45410147e+10  3.35e-08 2.13e-08  7.26e-02  1303s
[2025-08-06 19:25:39] DEBUG    105   1.45415290e+10  1.45410246e+10  3.73e-08 2.04e-08  6.83e-02  1321s
[2025-08-06 19:25:52] DEBUG    106   1.45415119e+10  1.45410421e+10  4.47e-08 1.88e-08  6.36e-02  1335s
[2025-08-06 19:26:06] DEBUG    107   1.45414626e+10  1.45410547e+10  3.73e-08 1.76e-08  5.52e-02  1349s
[2025-08-06 19:26:25] DEBUG    108   1.45414491e+10  1.45410689e+10  3.35e-08 1.62e-08  5.15e-02  1368s
[2025-08-06 19:26:43] DEBUG    109   1.45414211e+10  1.45410844e+10  3.35e-08 1.48e-08  4.56e-02  1385s
[2025-08-06 19:26:57] DEBUG    110   1.45414115e+10  1.45410903e+10  3.35e-08 1.42e-08  4.35e-02  1400s
[2025-08-06 19:27:08] DEBUG    111   1.45413845e+10  1.45411042e+10  3.73e-08 1.29e-08  3.79e-02  1411s
[2025-08-06 19:27:27] DEBUG    112   1.45413685e+10  1.45411202e+10  3.73e-08 1.14e-08  3.36e-02  1429s
[2025-08-06 19:27:44] DEBUG    113   1.45413476e+10  1.45411240e+10  3.35e-08 1.10e-08  3.03e-02  1447s
[2025-08-06 19:28:06] DEBUG    114   1.45413312e+10  1.45411397e+10  2.98e-08 9.52e-09  2.59e-02  1468s
[2025-08-06 19:28:21] DEBUG    115   1.45413002e+10  1.45411438e+10  3.73e-08 9.12e-09  2.12e-02  1484s
[2025-08-06 19:28:43] DEBUG    116   1.45412917e+10  1.45411580e+10  3.73e-08 7.79e-09  1.81e-02  1505s
[2025-08-06 19:28:58] DEBUG    117   1.45412802e+10  1.45411640e+10  2.98e-08 7.18e-09  1.57e-02  1521s
[2025-08-06 19:29:20] DEBUG    118   1.45412775e+10  1.45411710e+10  2.61e-08 6.53e-09  1.44e-02  1542s
[2025-08-06 19:29:33] DEBUG    119   1.45412612e+10  1.45411744e+10  2.61e-08 6.20e-09  1.18e-02  1555s
[2025-08-06 19:29:45] DEBUG    120   1.45412604e+10  1.45411796e+10  2.98e-08 5.67e-09  1.09e-02  1568s
[2025-08-06 19:30:02] DEBUG    121   1.45412447e+10  1.45411845e+10  4.10e-08 5.18e-09  8.16e-03  1585s
[2025-08-06 19:30:16] DEBUG    122   1.45412442e+10  1.45411927e+10  3.73e-08 4.35e-09  6.97e-03  1599s
[2025-08-06 19:30:35] DEBUG    123   1.45412436e+10  1.45411948e+10  3.73e-08 4.19e-09  6.61e-03  1617s
[2025-08-06 19:30:47] DEBUG    124   1.45412435e+10  1.45411978e+10  4.10e-08 3.90e-09  6.19e-03  1629s
[2025-08-06 19:31:04] DEBUG    125   1.45412430e+10  1.45411991e+10  2.98e-08 3.77e-09  5.94e-03  1647s
[2025-08-06 19:31:13] DEBUG    126   1.45412424e+10  1.45412031e+10  3.35e-08 3.38e-09  5.32e-03  1655s
[2025-08-06 19:31:26] DEBUG    127   1.45412417e+10  1.45412225e+10  3.35e-08 1.45e-09  2.60e-03  1669s
[2025-08-06 19:31:40] DEBUG    128   1.45412373e+10  1.45412368e+10  4.47e-08 4.66e-10  6.72e-05  1682s
[2025-08-06 19:31:49] DEBUG    129   1.45412372e+10  1.45412372e+10  3.35e-08 4.66e-10  2.74e-07  1691s
[2025-08-06 19:31:56] DEBUG    130   1.45412372e+10  1.45412372e+10  4.10e-08 4.66e-10  2.74e-10  1699s
[2025-08-06 19:31:56] DEBUG    Barrier solved model in 130 iterations and 1698.69 seconds (345.64 work units)
Optimal objective 1.45412372e+10
[2025-08-06 19:31:57] DEBUG    Crossover log...
[2025-08-06 19:31:58] DEBUG    537423 DPushes remaining with DInf 1.7918904e-01              1700s
[2025-08-06 19:32:03] DEBUG    13837 DPushes remaining with DInf 8.6723952e-02              1705s
[2025-08-06 19:32:04] DEBUG    0 DPushes remaining with DInf 8.6723952e-02              1707s
[2025-08-06 19:32:04] DEBUG    91084 PPushes remaining with PInf 0.0000000e+00              1707s
[2025-08-06 19:32:06] DEBUG    0 PPushes remaining with PInf 0.0000000e+00              1708s
[2025-08-06 19:32:06] DEBUG    Push phase complete: Pinf 0.0000000e+00, Dinf 2.8146679e-01   1709s
[2025-08-06 19:32:07] DEBUG    Iteration    Objective       Primal Inf.    Dual Inf.      Time
[2025-08-06 19:32:07] DEBUG    440445    1.4541237e+10   0.000000e+00   2.814668e-01   1709s
[2025-08-06 19:32:08] DEBUG    442312    1.4541237e+10   0.000000e+00   0.000000e+00   1710s
[2025-08-06 19:32:08] DEBUG    Solved with barrier
[2025-08-06 19:32:22] DEBUG    442312    1.4541237e+10   0.000000e+00   0.000000e+00   1724s
[2025-08-06 19:32:22] DEBUG    Solved in 442312 iterations and 1724.19 seconds (367.81 work units)
[2025-08-06 19:32:22] DEBUG    Optimal objective  1.454123716e+10
❌ Errore nel run di autarky_GT+VRES_2030_PHES: 'Model' object has no attribute 'backend_model'
🏁 Tutti gli scenari sono stati processati.
