
🚀 Lancio scenario: autarky_VRES_2030_BESS
[2025-09-13 14:53:02] INFO     Loading sets
[2025-09-13 14:53:02] INFO     Loading parameters
[2025-09-13 14:53:45] INFO     constraints are loaded in the following order: ['energy_balance', 'dispatch', 'costs', 'capacity', 'network', 'policy', 'conversion', 'group', 'conversion_plus', 'milp', 'export']
[2025-09-13 14:53:45] INFO     creating energy_balance constraints
[2025-09-13 14:57:30] INFO     creating dispatch constraints
[2025-09-13 15:00:13] INFO     creating costs constraints
[2025-09-13 15:09:51] INFO     creating capacity constraints
[2025-09-13 15:09:51] INFO     creating network constraints
[2025-09-13 15:09:51] INFO     creating policy constraints
[2025-09-13 15:09:51] INFO     creating conversion constraints
[2025-09-13 15:09:51] INFO     creating group constraints
[2025-09-13 15:09:51] INFO     creating conversion_plus constraints
[2025-09-13 15:09:51] INFO     creating milp constraints
[2025-09-13 15:09:51] INFO     creating export constraints
[2025-09-13 15:21:17] DEBUG    Set parameter WLSAccessID
Set parameter WLSSecret
Set parameter LicenseID to value 2680226
[2025-09-13 15:21:17] DEBUG    Academic license 2680226 - for non-commercial use only - registered to an___@mail.polimi.it
[2025-09-13 15:21:50] DEBUG    Read LP format model from file /tmp/tmpnluicuyi.pyomo.lp
Reading time = 32.12 seconds
x15814637: 21526210 rows, 15814637 columns, 51761125 nonzeros
[2025-09-13 15:21:50] DEBUG    Set parameter NumericFocus to value 1
Gurobi Optimizer version 12.0.2 build v12.0.2rc0 (linux64 - "Debian GNU/Linux 11 (bullseye)")

CPU model: Intel(R) Xeon(R) Silver 4314 CPU @ 2.40GHz, instruction set [SSE2|AVX|AVX2|AVX512]
Thread count: 32 physical cores, 64 logical processors, using up to 32 threads

Non-default parameters:
NumericFocus  1
[2025-09-13 15:21:50] DEBUG    Academic license 2680226 - for non-commercial use only - registered to an___@mail.polimi.it
Optimize a model with 21526210 rows, 15814637 columns and 51761125 nonzeros
[2025-09-13 15:21:50] DEBUG    Model fingerprint: 0xd550712c
[2025-09-13 15:21:50] DEBUG    Coefficient statistics:
  Matrix range     [1e-07, 3e+02]
  Objective range  [1e+00, 1e+06]
  Bounds range     [0e+00, 0e+00]
  RHS range        [1e+00, 2e+08]
[2025-09-13 15:21:56] DEBUG    Presolve removed 17319713 rows and 9299699 columns (presolve time = 5s)...
[2025-09-13 15:22:00] DEBUG    Presolve removed 19332715 rows and 13020000 columns (presolve time = 10s)...
[2025-09-13 15:22:06] DEBUG    Presolve removed 19975751 rows and 13074362 columns (presolve time = 16s)...
[2025-09-13 15:22:09] DEBUG    Presolve removed 20115895 rows and 13091882 columns
[2025-09-13 15:22:09] DEBUG    Presolve time: 19.01s
Presolved: 1410315 rows, 2862899 columns, 8160628 nonzeros

Concurrent LP optimizer: primal simplex, dual simplex, and barrier
Showing barrier log only...
[2025-09-13 15:22:11] DEBUG    Ordering time: 0.91s
[2025-09-13 15:22:12] DEBUG    Barrier statistics:
 Dense cols : 115
 AA' NZ     : 8.225e+06
 Factor NZ  : 2.674e+07 (roughly 2.0 GB of memory)
 Factor Ops : 7.381e+08 (less than 1 second per iteration)
 Threads    : 30
[2025-09-13 15:22:15] DEBUG    Objective                Residual
Iter       Primal          Dual         Primal    Dual     Compl     Time
[2025-09-13 15:22:16] DEBUG    0   4.68904331e+21 -1.07608686e+19  6.49e+10 2.79e-01  6.28e+15    26s
[2025-09-13 15:22:20] DEBUG    1   1.71274794e+21 -1.07999330e+19  2.06e+10 3.46e+05  2.44e+15    30s
[2025-09-13 15:22:25] DEBUG    2   1.02945921e+21 -8.13647590e+18  1.17e+10 5.97e+04  1.04e+15    35s
[2025-09-13 15:22:32] DEBUG    3   6.28648159e+20 -7.27422956e+18  6.97e+09 1.63e+04  5.74e+14    43s
[2025-09-13 15:22:37] DEBUG    4   4.44107878e+20 -6.94630079e+18  4.92e+09 9.83e+03  4.01e+14    48s
[2025-09-13 15:22:42] DEBUG    5   3.81938283e+20 -6.58552969e+18  4.21e+09 3.39e+03  3.35e+14    52s
[2025-09-13 15:22:46] DEBUG    6   2.06390174e+20 -6.31983616e+18  2.24e+09 1.35e+03  1.80e+14    57s
[2025-09-13 15:22:50] DEBUG    7   1.86673316e+20 -6.06799662e+18  2.01e+09 5.69e+02  1.62e+14    61s
[2025-09-13 15:22:54] DEBUG    8   1.44269562e+20 -5.76323621e+18  1.55e+09 3.02e+02  1.25e+14    64s
[2025-09-13 15:22:59] DEBUG    9   1.03065536e+20 -5.30501545e+18  1.11e+09 1.07e+02  8.87e+13    69s
[2025-09-13 15:23:03] DEBUG    10   9.16617578e+19 -5.07700489e+18  9.85e+08 7.45e+01  7.87e+13    73s
[2025-09-13 15:23:08] DEBUG    11   4.65414204e+19 -4.56980817e+18  5.06e+08 2.57e+01  4.05e+13    79s
[2025-09-13 15:23:12] DEBUG    12   2.64463718e+19 -3.91091231e+18  2.88e+08 1.28e+01  2.30e+13    83s
[2025-09-13 15:23:18] DEBUG    13   7.60751861e+18 -3.15061855e+18  8.30e+07 5.23e+00  6.90e+12    88s
[2025-09-13 15:23:25] DEBUG    14   1.71488951e+18 -1.80097793e+18  1.81e+07 1.38e+00  1.64e+12    95s
[2025-09-13 15:23:30] DEBUG    15   2.71552992e+17 -9.56360022e+17  2.70e+06 6.08e-01  3.54e+11   100s
[2025-09-13 15:23:34] DEBUG    16   3.34192465e+16 -4.88006765e+17  2.96e+05 2.79e-01  1.06e+11   104s
[2025-09-13 15:23:38] DEBUG    17   3.95654889e+15 -4.39779840e+16  3.37e+04 1.27e-02  9.10e+09   108s
[2025-09-13 15:23:41] DEBUG    18   1.35716487e+14 -1.99424885e+15  7.76e+01 2.68e-02  3.64e+08   112s
[2025-09-13 15:23:45] DEBUG    19   1.21294442e+14 -5.15374042e+14  2.06e+00 2.59e-02  9.57e+07   115s
[2025-09-13 15:23:51] DEBUG    20   1.09199324e+14 -2.35063197e+14  1.67e-03 2.69e-02  4.36e+07   121s
[2025-09-13 15:24:03] DEBUG    21   1.08114476e+14 -2.20156216e+14  1.56e-03 2.69e-02  4.09e+07   134s
[2025-09-13 15:24:16] DEBUG    22   1.02349192e+14 -1.18168865e+14  1.08e-03 2.76e-02  2.22e+07   146s
[2025-09-13 15:24:28] DEBUG    23   9.84032357e+13 -4.01360614e+13  8.62e-04 2.84e-02  7.77e+06   159s
[2025-09-13 15:24:44] DEBUG    24   9.59453843e+13 -3.47813253e+13  7.32e-04 2.76e-02  6.72e+06   175s
[2025-09-13 15:24:58] DEBUG    25   8.98458626e+13 -2.65921863e+13  1.05e-03 2.64e-02  5.07e+06   189s
[2025-09-13 15:25:10] DEBUG    26   8.87455366e+13 -1.63775811e+13  9.23e-04 2.67e-02  3.15e+06   200s
[2025-09-13 15:25:22] DEBUG    27   8.73953173e+13 -1.45449336e+13  7.86e-04 2.68e-02  2.79e+06   213s
[2025-09-13 15:25:32] DEBUG    28   8.59885921e+13 -1.15509575e+13  6.79e-04 2.71e-02  2.20e+06   223s
[2025-09-13 15:25:47] DEBUG    29   8.30266895e+13 -8.47180398e+12  4.65e-04 2.72e-02  1.58e+06   237s
[2025-09-13 15:26:02] DEBUG    30   7.97509274e+13 -7.39888860e+12  3.81e-04 2.71e-02  1.34e+06   252s
[2025-09-13 15:26:14] DEBUG    31   7.80128789e+13 -4.29301451e+12  6.03e-04 2.67e-02  7.39e+05   265s
[2025-09-13 15:26:26] DEBUG    32   7.66003066e+13 -3.21998443e+12  7.32e-04 2.66e-02  5.21e+05   276s
[2025-09-13 15:26:36] DEBUG    33   7.57039501e+13 -3.04130986e+12  9.08e-04 2.66e-02  4.77e+05   286s
[2025-09-13 15:26:48] DEBUG    34   7.50704046e+13 -2.56408850e+12  7.86e-04 2.66e-02  3.84e+05   298s
[2025-09-13 15:26:57] DEBUG    35   7.42608078e+13 -2.26130939e+12  7.67e-04 2.65e-02  3.22e+05   308s
[2025-09-13 15:27:09] DEBUG    36   7.28431335e+13 -1.78898583e+12  9.35e-04 2.65e-02  2.26e+05   320s
[2025-09-13 15:27:20] DEBUG    37   7.16401195e+13 -1.53209722e+12  9.38e-04 2.64e-02  1.75e+05   331s
[2025-09-13 15:27:30] DEBUG    38   7.08776496e+13 -1.31688488e+12  8.28e-04 2.64e-02  1.36e+05   341s
[2025-09-13 15:27:40] DEBUG    39   6.97802380e+13 -9.53152336e+11  1.21e-03 2.65e-02  7.38e+04   351s
[2025-09-13 15:27:51] DEBUG    40   6.91648566e+13 -8.61935079e+11  1.02e-03 2.65e-02  5.69e+04   361s
[2025-09-13 15:28:01] DEBUG    41   6.89209588e+13 -8.12015017e+11  9.46e-04 2.65e-02  4.82e+04   371s
[2025-09-13 15:28:10] DEBUG    42   6.84288988e+13 -7.83217862e+11  8.16e-04 2.65e-02  4.15e+04   380s
[2025-09-13 15:28:20] DEBUG    43   6.80581684e+13 -7.45965832e+11  7.59e-04 2.65e-02  3.43e+04   390s
[2025-09-13 15:28:29] DEBUG    44   6.77407502e+13 -7.24183927e+11  7.71e-04 2.64e-02  2.97e+04   400s
[2025-09-13 15:28:40] DEBUG    45   6.73901750e+13 -7.08307323e+11  6.94e-04 2.64e-02  2.60e+04   410s
[2025-09-13 15:28:49] DEBUG    46   6.71365156e+13 -6.91882949e+11  6.33e-04 2.64e-02  2.23e+04   419s
[2025-09-13 15:28:59] DEBUG    47   6.69893940e+13 -6.79128093e+11  6.22e-04 2.64e-02  1.95e+04   429s
[2025-09-13 15:29:07] DEBUG    48   6.68476538e+13 -6.70171561e+11  6.18e-04 2.63e-02  1.74e+04   437s
[2025-09-13 15:29:18] DEBUG    49   6.66883789e+13 -6.64636939e+11  5.80e-04 2.63e-02  1.60e+04   448s
[2025-09-13 15:29:25] DEBUG    50   6.65249887e+13 -6.61555250e+11  5.38e-04 2.63e-02  1.51e+04   456s
[2025-09-13 15:29:35] DEBUG    51   6.63682220e+13 -6.56095181e+11  5.04e-04 2.63e-02  1.39e+04   465s
[2025-09-13 15:29:45] DEBUG    52   6.61269594e+13 -6.52832867e+11  4.50e-04 2.63e-02  1.30e+04   475s
[2025-09-13 15:29:54] DEBUG    53   6.58930299e+13 -6.49072669e+11  4.12e-04 2.63e-02  1.19e+04   485s
[2025-09-13 15:30:04] DEBUG    54   6.57052969e+13 -6.43159355e+11  3.89e-04 2.63e-02  1.04e+04   494s
[2025-09-13 15:30:15] DEBUG    55   6.54901186e+13 -6.37645533e+11  3.81e-04 2.62e-02  9.02e+03   506s
[2025-09-13 15:30:26] DEBUG    56   6.52352639e+13 -6.34834653e+11  3.40e-04 2.62e-02  8.18e+03   516s
[2025-09-13 15:30:35] DEBUG    57   6.50236327e+13 -6.32014532e+11  3.13e-04 2.62e-02  7.47e+03   525s
[2025-09-13 15:30:41] DEBUG    58   6.49352529e+13 -6.31116635e+11  3.05e-04 2.62e-02  7.21e+03   532s
[2025-09-13 15:30:52] DEBUG    59   6.47869534e+13 -6.28329187e+11  2.86e-04 2.62e-02  6.48e+03   543s
[2025-09-13 15:31:01] DEBUG    60   6.45953815e+13 -6.26517297e+11  2.71e-04 2.62e-02  6.03e+03   552s
[2025-09-13 15:31:11] DEBUG    61   6.43816417e+13 -6.24963244e+11  2.40e-04 2.62e-02  5.62e+03   562s
[2025-09-13 15:31:17] DEBUG    62   6.43422203e+13 -6.23286138e+11  2.37e-04 2.62e-02  5.43e+03   568s
[2025-09-13 15:31:24] DEBUG    63   6.42596429e+13 -6.22654563e+11  2.29e-04 2.62e-02  5.27e+03   574s
[2025-09-13 15:31:33] DEBUG    64   6.40742518e+13 -6.19960620e+11  2.10e-04 2.62e-02  4.88e+03   583s
[2025-09-13 15:31:41] DEBUG    65   6.39962577e+13 -6.18152782e+11  2.02e-04 2.62e-02  4.67e+03   592s
[2025-09-13 15:31:51] DEBUG    66   6.39210110e+13 -6.16593878e+11  1.95e-04 2.62e-02  4.47e+03   601s
[2025-09-13 15:32:01] DEBUG    67   6.38086461e+13 -6.15410336e+11  1.91e-04 2.62e-02  4.26e+03   612s
[2025-09-13 15:32:07] DEBUG    68   6.37445411e+13 -6.15300848e+11  1.83e-04 2.62e-02  4.16e+03   618s
[2025-09-13 15:32:14] DEBUG    69   6.36958817e+13 -6.14541796e+11  1.79e-04 2.62e-02  4.04e+03   625s
[2025-09-13 15:32:23] DEBUG    70   6.35275481e+13 -6.13485665e+11  1.68e-04 2.62e-02  3.82e+03   634s
[2025-09-13 15:32:33] DEBUG    71   6.34502977e+13 -6.11765075e+11  1.68e-04 2.62e-02  3.65e+03   643s
[2025-09-13 15:32:43] DEBUG    72   6.33847038e+13 -6.11205837e+11  1.68e-04 2.62e-02  3.56e+03   654s
[2025-09-13 15:32:52] DEBUG    73   6.33176083e+13 -6.10650558e+11  1.64e-04 2.62e-02  3.46e+03   663s
[2025-09-13 15:33:00] DEBUG    74   6.32645541e+13 -6.10109979e+11  1.64e-04 2.62e-02  3.38e+03   671s
[2025-09-13 15:33:10] DEBUG    75   6.31626590e+13 -6.09331035e+11  1.56e-04 2.62e-02  3.24e+03   680s
[2025-09-13 15:33:20] DEBUG    76   6.30682876e+13 -6.08088533e+11  1.53e-04 2.62e-02  3.08e+03   690s
[2025-09-13 15:33:30] DEBUG    77   6.30053105e+13 -6.07292964e+11  1.53e-04 2.62e-02  2.97e+03   700s
[2025-09-13 15:33:38] DEBUG    78   6.29294179e+13 -6.06673750e+11  1.83e-04 2.62e-02  2.85e+03   708s
[2025-09-13 15:33:48] DEBUG    79   6.28732280e+13 -6.06327457e+11  1.53e-04 2.62e-02  2.79e+03   719s
[2025-09-13 15:33:58] DEBUG    80   6.28388078e+13 -6.05899936e+11  1.53e-04 2.62e-02  2.73e+03   728s
[2025-09-13 15:34:07] DEBUG    81   6.27023172e+13 -6.05002912e+11  1.41e-04 2.62e-02  2.57e+03   737s
[2025-09-13 15:34:13] DEBUG    82   6.26468325e+13 -6.04517323e+11  1.53e-04 2.62e-02  2.52e+03   744s
[2025-09-13 15:34:23] DEBUG    83   6.26090549e+13 -6.03784808e+11  1.53e-04 2.62e-02  2.44e+03   754s
[2025-09-13 15:34:32] DEBUG    84   6.25741177e+13 -6.03434621e+11  1.53e-04 2.62e-02  2.39e+03   762s
[2025-09-13 15:34:40] DEBUG    85   6.25203702e+13 -6.03058957e+11  1.53e-04 2.62e-02  2.32e+03   771s
[2025-09-13 15:34:49] DEBUG    86   6.24724495e+13 -6.02549172e+11  1.53e-04 2.62e-02  2.27e+03   779s
[2025-09-13 15:34:57] DEBUG    87   6.24284893e+13 -6.02262348e+11  1.53e-04 2.62e-02  2.22e+03   787s
[2025-09-13 15:35:06] DEBUG    88   6.23747583e+13 -6.01947331e+11  1.83e-04 2.62e-02  2.16e+03   796s
[2025-09-13 15:35:14] DEBUG    89   6.23334409e+13 -6.01447003e+11  1.53e-04 2.62e-02  2.11e+03   805s
[2025-09-13 15:35:24] DEBUG    90   6.22863429e+13 -6.00674844e+11  1.83e-04 2.62e-02  2.06e+03   815s
[2025-09-13 15:35:34] DEBUG    91   6.22229117e+13 -6.00291186e+11  1.83e-04 2.62e-02  2.01e+03   824s
[2025-09-13 15:35:43] DEBUG    92   6.20996844e+13 -5.99260332e+11  1.83e-04 2.62e-02  1.91e+03   834s
[2025-09-13 15:35:52] DEBUG    93   6.20596049e+13 -5.98433087e+11  1.83e-04 2.62e-02  1.85e+03   843s
[2025-09-13 15:36:02] DEBUG    94   6.20158010e+13 -5.97834770e+11  1.83e-04 2.61e-02  1.82e+03   853s
[2025-09-13 15:36:11] DEBUG    95   6.19663141e+13 -5.97713192e+11  1.83e-04 2.61e-02  1.79e+03   861s
[2025-09-13 15:36:21] DEBUG    96   6.19167448e+13 -5.97214923e+11  1.83e-04 2.61e-02  1.74e+03   871s
[2025-09-13 15:36:30] DEBUG    97   6.18327987e+13 -5.96275332e+11  1.83e-04 2.61e-02  1.67e+03   880s
[2025-09-13 15:36:39] DEBUG    98   6.17936980e+13 -5.95476712e+11  1.83e-04 2.61e-02  1.63e+03   889s
[2025-09-13 15:36:47] DEBUG    99   6.17617954e+13 -5.95111324e+11  1.83e-04 2.61e-02  1.60e+03   897s
[2025-09-13 15:36:52] DEBUG    100   6.17238264e+13 -5.94813479e+11  1.83e-04 2.61e-02  1.58e+03   902s
[2025-09-13 15:36:59] DEBUG    101   6.16804917e+13 -5.94662551e+11  1.83e-04 2.61e-02  1.55e+03   909s
[2025-09-13 15:37:08] DEBUG    102   6.16252085e+13 -5.94350303e+11  2.14e-04 2.61e-02  1.52e+03   918s
[2025-09-13 15:37:16] DEBUG    103   6.15627253e+13 -5.93895935e+11  1.83e-04 2.61e-02  1.47e+03   926s
[2025-09-13 15:37:24] DEBUG    104   6.15375795e+13 -5.93708281e+11  1.83e-04 2.61e-02  1.46e+03   934s
[2025-09-13 15:37:33] DEBUG    105   6.14913039e+13 -5.93244817e+11  1.83e-04 2.61e-02  1.42e+03   944s
[2025-09-13 15:37:45] DEBUG    106   6.14143414e+13 -5.92795170e+11  2.14e-04 2.61e-02  1.38e+03   955s
[2025-09-13 15:37:53] DEBUG    107   6.13683560e+13 -5.92238504e+11  1.83e-04 2.61e-02  1.35e+03   964s
[2025-09-13 15:38:03] DEBUG    108   6.13291828e+13 -5.91854416e+11  1.83e-04 2.61e-02  1.32e+03   974s
[2025-09-13 15:38:12] DEBUG    109   6.12670217e+13 -5.91239150e+11  1.83e-04 2.61e-02  1.29e+03   983s
[2025-09-13 15:38:22] DEBUG    110   6.12418023e+13 -5.90671307e+11  2.14e-04 2.61e-02  1.27e+03   992s
[2025-09-13 15:38:28] DEBUG    111   6.12149605e+13 -5.90432100e+11  2.14e-04 2.61e-02  1.26e+03   999s
[2025-09-13 15:38:37] DEBUG    112   6.12074626e+13 -5.90080715e+11  2.14e-04 2.61e-02  1.24e+03  1008s
[2025-09-13 15:38:45] DEBUG    113   6.12038837e+13 -5.90021492e+11  1.83e-04 2.61e-02  1.24e+03  1015s
[2025-09-13 15:38:53] DEBUG    114   6.11813932e+13 -5.89788928e+11  1.83e-04 2.61e-02  1.37e+03  1024s
[2025-09-13 15:38:53] DEBUG    Barrier performed 114 iterations in 1023.75 seconds (199.53 work units)
[2025-09-13 15:38:53] DEBUG    Numerical trouble encountered

Model may be infeasible or unbounded.  Consider using the
homogeneous algorithm (through parameter 'BarHomogeneous')
[2025-09-13 15:39:58] DEBUG    Waiting for other threads to finish...        1088s
[2025-09-13 15:41:02] DEBUG    Waiting for other threads to finish...        1153s
[2025-09-13 15:41:14] DEBUG    Solved with dual simplex
[2025-09-13 15:41:25] DEBUG    Iteration    Objective       Primal Inf.    Dual Inf.      Time
[2025-09-13 15:41:25] DEBUG    826322    1.2800988e+10   0.000000e+00   0.000000e+00   1175s

Solved in 826322 iterations and 1175.47 seconds (377.47 work units)
[2025-09-13 15:41:25] DEBUG    Optimal objective  1.280098805e+10
❌ Errore nel run di autarky_VRES_2030_BESS: 'Model' object has no attribute 'backend_model'

🚀 Lancio scenario: autarky_VRES_2030_PHES
[2025-09-13 15:48:11] INFO     Loading sets
[2025-09-13 15:48:11] INFO     Loading parameters
[2025-09-13 15:48:45] INFO     constraints are loaded in the following order: ['energy_balance', 'dispatch', 'costs', 'capacity', 'network', 'policy', 'conversion', 'group', 'conversion_plus', 'milp', 'export']
[2025-09-13 15:48:45] INFO     creating energy_balance constraints
[2025-09-13 15:53:08] INFO     creating dispatch constraints
[2025-09-13 15:56:40] INFO     creating costs constraints
[2025-09-13 16:06:34] INFO     creating capacity constraints
[2025-09-13 16:06:34] INFO     creating network constraints
[2025-09-13 16:06:34] INFO     creating policy constraints
[2025-09-13 16:06:34] INFO     creating conversion constraints
[2025-09-13 16:06:34] INFO     creating group constraints
[2025-09-13 16:06:34] INFO     creating conversion_plus constraints
[2025-09-13 16:06:34] INFO     creating milp constraints
[2025-09-13 16:06:34] INFO     creating export constraints
[2025-09-13 16:17:58] DEBUG    Set parameter WLSAccessID
Set parameter WLSSecret
Set parameter LicenseID to value 2680226
[2025-09-13 16:17:58] DEBUG    Academic license 2680226 - for non-commercial use only - registered to an___@mail.polimi.it
[2025-09-13 16:18:30] DEBUG    Read LP format model from file /tmp/tmpnafmxb_h.pyomo.lp
[2025-09-13 16:18:30] DEBUG    Reading time = 31.87 seconds
x15814637: 21526268 rows, 15814637 columns, 52015223 nonzeros
[2025-09-13 16:18:30] DEBUG    Set parameter NumericFocus to value 1
[2025-09-13 16:18:30] DEBUG    Gurobi Optimizer version 12.0.2 build v12.0.2rc0 (linux64 - "Debian GNU/Linux 11 (bullseye)")

CPU model: Intel(R) Xeon(R) Silver 4314 CPU @ 2.40GHz, instruction set [SSE2|AVX|AVX2|AVX512]
Thread count: 32 physical cores, 64 logical processors, using up to 32 threads
[2025-09-13 16:18:30] DEBUG    Non-default parameters:
[2025-09-13 16:18:30] DEBUG    NumericFocus  1
[2025-09-13 16:18:30] DEBUG    Academic license 2680226 - for non-commercial use only - registered to an___@mail.polimi.it
[2025-09-13 16:18:30] DEBUG    Optimize a model with 21526268 rows, 15814637 columns and 52015223 nonzeros
[2025-09-13 16:18:31] DEBUG    Model fingerprint: 0x57a31889
[2025-09-13 16:18:31] DEBUG    Coefficient statistics:
  Matrix range     [1e-07, 3e+02]
[2025-09-13 16:18:31] DEBUG    Objective range  [1e+00, 1e+06]
  Bounds range     [0e+00, 0e+00]
  RHS range        [1e+00, 6e+09]
Warning: Model contains large rhs
[2025-09-13 16:18:36] DEBUG    Presolve removed 17451177 rows and 9378545 columns (presolve time = 5s)...
[2025-09-13 16:18:41] DEBUG    Presolve removed 19543115 rows and 13132178 columns (presolve time = 10s)...
[2025-09-13 16:18:46] DEBUG    Presolve removed 20081004 rows and 13132178 columns (presolve time = 15s)...
[2025-09-13 16:18:49] DEBUG    Presolve removed 20221148 rows and 13149698 columns
[2025-09-13 16:18:49] DEBUG    Presolve time: 18.74s
Presolved: 1305120 rows, 2805083 columns, 7718778 nonzeros
[2025-09-13 16:18:49] DEBUG    Concurrent LP optimizer: primal simplex, dual simplex, and barrier
Showing barrier log only...
[2025-09-13 16:18:51] DEBUG    Ordering time: 1.00s
[2025-09-13 16:18:52] DEBUG    Barrier statistics:
 Dense cols : 112
 AA' NZ     : 7.504e+06
 Factor NZ  : 2.536e+07 (roughly 2.0 GB of memory)
 Factor Ops : 7.861e+08 (less than 1 second per iteration)
 Threads    : 30
[2025-09-13 16:18:56] DEBUG    Objective                Residual
[2025-09-13 16:18:56] DEBUG    Iter       Primal          Dual         Primal    Dual     Compl     Time
[2025-09-13 16:18:56] DEBUG    0   5.22361614e+21 -1.11448219e+19  6.49e+10 3.52e-01  6.77e+15    26s
[2025-09-13 16:19:00] DEBUG    1   4.80061241e+21 -1.15385759e+19  5.92e+10 3.34e+05  5.76e+15    30s
[2025-09-13 16:19:06] DEBUG    2   4.52039300e+21 -4.72641676e+19  5.60e+10 2.59e+05  5.49e+15    36s
[2025-09-13 16:19:13] DEBUG    3   3.67734443e+21 -1.96848249e+20  4.58e+10 5.64e+04  4.53e+15    43s
[2025-09-13 16:19:18] DEBUG    4   7.03453782e+20 -1.81465635e+20  8.16e+09 1.59e+04  8.39e+14    48s
[2025-09-13 16:19:25] DEBUG    5   1.71929390e+20 -1.22583114e+20  1.94e+09 2.51e+03  2.11e+14    55s
[2025-09-13 16:19:30] DEBUG    6   8.92052340e+19 -5.32006203e+19  9.82e+08 2.06e+02  1.02e+14    60s
[2025-09-13 16:19:34] DEBUG    7   3.84832947e+19 -2.56181391e+19  4.08e+08 4.80e+01  4.24e+13    64s
[2025-09-13 16:19:38] DEBUG    8   2.67895834e+19 -1.51221775e+19  2.79e+08 1.47e+01  2.82e+13    68s
[2025-09-13 16:19:42] DEBUG    9   1.49209975e+19 -1.06113302e+19  1.53e+08 2.86e+00  1.57e+13    72s
[2025-09-13 16:19:46] DEBUG    10   1.06151491e+19 -6.61364406e+18  1.08e+08 3.13e+00  1.08e+13    76s
[2025-09-13 16:19:49] DEBUG    11   8.53838603e+18 -4.08077038e+18  8.67e+07 1.53e-04  8.23e+12    79s
[2025-09-13 16:19:53] DEBUG    12   7.34021313e+18 -2.45122086e+18  7.41e+07 3.86e-06  6.68e+12    83s
[2025-09-13 16:19:57] DEBUG    13   4.23578689e+18 -1.44181787e+18  4.27e+07 3.56e-03  3.71e+12    87s
[2025-09-13 16:20:01] DEBUG    14   3.13846277e+18 -1.17476292e+18  3.12e+07 2.23e-02  2.70e+12    91s
[2025-09-13 16:20:06] DEBUG    15   1.13905487e+18 -8.13838464e+17  1.06e+07 1.02e-04  9.76e+11    96s
[2025-09-13 16:20:09] DEBUG    16   3.29281330e+17 -4.51486568e+17  2.92e+06 3.16e-03  2.93e+11    99s
[2025-09-13 16:20:14] DEBUG    17   6.45835049e+16 -1.91263753e+17  5.33e+05 3.86e-05  6.82e+10   104s
[2025-09-13 16:20:18] DEBUG    18   2.38603715e+16 -4.98258187e+16  1.92e+05 1.08e-04  1.78e+10   108s
[2025-09-13 16:20:23] DEBUG    19   1.43614813e+15 -9.79430244e+15  9.25e+03 9.26e-06  2.16e+09   112s
[2025-09-13 16:20:28] DEBUG    20   7.27126502e+12 -7.85619328e+14  2.55e+00 5.93e-05  1.45e+08   118s
[2025-09-13 16:20:36] DEBUG    21   5.08059318e+12 -5.63193491e+14  1.45e-01 5.93e-03  1.04e+08   126s
[2025-09-13 16:20:43] DEBUG    22   4.34567223e+12 -2.34372332e+14  6.29e-05 4.33e-03  4.36e+07   133s
[2025-09-13 16:20:58] DEBUG    23   3.72654060e+12 -1.90496011e+14  6.48e-05 4.94e-03  3.55e+07   148s
[2025-09-13 16:21:22] DEBUG    24   3.27247264e+12 -8.15291626e+13  5.27e-05 6.01e-03  1.55e+07   172s
[2025-09-13 16:21:38] DEBUG    25   3.06823444e+12 -5.89337502e+13  5.53e-05 5.49e-03  1.13e+07   188s
[2025-09-13 16:21:51] DEBUG    26   3.01643462e+12 -4.33170237e+13  1.47e-04 1.85e-02  8.45e+06   201s
[2025-09-13 16:22:03] DEBUG    27   2.86661445e+12 -3.55854323e+13  8.90e-05 1.89e-02  7.01e+06   213s
[2025-09-13 16:22:15] DEBUG    28   2.82744834e+12 -3.31696171e+13  7.59e-05 1.88e-02  6.56e+06   225s
[2025-09-13 16:22:29] DEBUG    29   2.55097436e+12 -2.80386468e+13  8.76e-05 1.77e-02  5.57e+06   239s
[2025-09-13 16:22:53] DEBUG    30   2.33209431e+12 -1.68787932e+13  7.45e-05 1.66e-02  3.49e+06   263s
[2025-09-13 16:23:18] DEBUG    31   2.09998900e+12 -1.15651716e+13  5.72e-05 1.80e-02  2.47e+06   288s
[2025-09-13 16:23:40] DEBUG    32   1.88513130e+12 -8.36381807e+12  5.77e-05 1.87e-02  1.84e+06   310s
[2025-09-13 16:23:55] DEBUG    33   1.86925544e+12 -7.30391724e+12  6.10e-05 1.89e-02  1.65e+06   325s
[2025-09-13 16:24:19] DEBUG    34   1.55982057e+12 -4.46415200e+12  7.44e-05 1.97e-02  1.07e+06   349s
[2025-09-13 16:24:39] DEBUG    35   1.38889270e+12 -2.37220049e+12  9.97e-05 2.02e-02  6.51e+05   369s
[2025-09-13 16:25:11] DEBUG    36   1.28164681e+12 -1.83805998e+12  9.49e-05 2.03e-02  5.33e+05   401s
[2025-09-13 16:25:31] DEBUG    37   1.14373511e+12 -1.43533381e+12  5.63e-05 2.05e-02  4.36e+05   420s
[2025-09-13 16:25:45] DEBUG    38   1.07535065e+12 -8.45219116e+11  5.77e-05 2.05e-02  3.14e+05   435s
[2025-09-13 16:26:04] DEBUG    39   9.45641346e+11 -2.46292398e+11  7.58e-05 2.05e-02  1.81e+05   453s
[2025-09-13 16:26:19] DEBUG    40   8.68776354e+11 -1.15432278e+11  5.53e-05 2.05e-02  1.47e+05   469s
[2025-09-13 16:26:35] DEBUG    41   8.08354716e+11  9.08236288e+10  5.25e-05 2.04e-02  1.00e+05   485s
[2025-09-13 16:26:49] DEBUG    42   7.73963504e+11  1.86471272e+11  4.77e-05 2.01e-02  7.81e+04   499s
[2025-09-13 16:26:59] DEBUG    43   7.40772575e+11  2.23306795e+11  6.10e-05 1.99e-02  6.76e+04   509s
[2025-09-13 16:27:16] DEBUG    44   7.03845369e+11  2.66636051e+11  6.01e-05 1.95e-02  5.56e+04   526s
[2025-09-13 16:27:32] DEBUG    45   6.81479684e+11  2.88540170e+11  9.35e-05 1.89e-02  4.93e+04   542s
[2025-09-13 16:27:52] DEBUG    46   6.64424616e+11  3.18614075e+11  1.06e-04 1.65e-02  4.21e+04   562s
[2025-09-13 16:28:11] DEBUG    47   6.42264864e+11  3.56975021e+11  5.63e-05 1.24e-02  3.25e+04   581s
[2025-09-13 16:28:29] DEBUG    48   6.14780067e+11  4.17440457e+11  7.25e-05 5.95e-03  1.79e+04   599s
[2025-09-13 16:28:48] DEBUG    49   6.08976384e+11  4.37749061e+11  5.34e-05 5.24e-03  1.34e+04   618s
[2025-09-13 16:29:05] DEBUG    50   5.89480634e+11  4.53119591e+11  4.58e-05 5.26e-03  7.78e+03   635s
[2025-09-13 16:29:27] DEBUG    51   5.74602079e+11  4.55911581e+11  5.72e-05 5.26e-03  5.21e+03   657s
[2025-09-13 16:29:42] DEBUG    52   5.70060207e+11  4.59066516e+11  5.25e-05 5.21e-03  4.07e+03   672s
[2025-09-13 16:29:53] DEBUG    53   5.63916099e+11  4.60646474e+11  4.43e-05 5.08e-03  3.08e+03   683s
[2025-09-13 16:30:06] DEBUG    54   5.63678832e+11  4.60796443e+11  6.01e-05 5.05e-03  3.03e+03   696s
[2025-09-13 16:30:17] DEBUG    55   5.62325079e+11  4.61342912e+11  4.86e-05 4.85e-03  2.80e+03   707s
[2025-09-13 16:30:30] DEBUG    56   5.56310512e+11  4.62236910e+11  5.34e-05 4.50e-03  1.99e+03   720s
[2025-09-13 16:30:45] DEBUG    57   5.53179484e+11  4.62803270e+11  5.25e-05 3.13e-03  1.60e+03   735s
[2025-09-13 16:31:02] DEBUG    58   5.49294287e+11  4.63104917e+11  8.30e-05 2.44e-03  1.16e+03   752s
[2025-09-13 16:31:16] DEBUG    59   5.47658760e+11  4.63136342e+11  5.29e-05 2.44e-03  9.76e+02   766s
[2025-09-13 16:31:26] DEBUG    60   5.46473469e+11  4.63306547e+11  5.82e-05 2.43e-03  8.10e+02   776s
[2025-09-13 16:31:38] DEBUG    61   5.44741715e+11  4.63391776e+11  7.49e-05 2.43e-03  6.12e+02   788s
[2025-09-13 16:31:50] DEBUG    62   5.44182530e+11  4.63458207e+11  7.53e-05 2.43e-03  5.35e+02   800s
[2025-09-13 16:32:01] DEBUG    63   5.43229387e+11  4.63482527e+11  6.96e-05 2.42e-03  4.28e+02   811s
[2025-09-13 16:32:11] DEBUG    64   5.42455143e+11  4.63520927e+11  6.77e-05 2.42e-03  3.44e+02   821s
[2025-09-13 16:32:22] DEBUG    65   5.41707495e+11  4.63547120e+11  5.91e-05 2.42e-03  2.74e+02   832s
[2025-09-13 16:32:31] DEBUG    66   5.41416976e+11  4.63567150e+11  6.77e-05 2.42e-03  2.39e+02   841s
[2025-09-13 16:32:41] DEBUG    67   5.41169899e+11  4.63585602e+11  5.67e-05 2.43e-03  2.11e+02   851s
[2025-09-13 16:32:50] DEBUG    68   5.40942980e+11  4.63602169e+11  8.11e-05 2.43e-03  1.86e+02   860s
[2025-09-13 16:32:59] DEBUG    69   5.40779363e+11  4.63609858e+11  5.25e-05 2.43e-03  1.69e+02   869s
[2025-09-13 16:33:07] DEBUG    70   5.40631464e+11  4.63615406e+11  7.63e-05 2.43e-03  1.55e+02   877s
[2025-09-13 16:33:17] DEBUG    71   5.40366557e+11  4.63624141e+11  5.67e-05 2.43e-03  1.31e+02   887s
[2025-09-13 16:33:27] DEBUG    72   5.40138940e+11  4.63632836e+11  6.39e-05 2.43e-03  1.12e+02   897s
[2025-09-13 16:33:36] DEBUG    73   5.39952594e+11  4.63641843e+11  5.72e-05 2.43e-03  9.71e+01   906s
[2025-09-13 16:33:45] DEBUG    74   5.39724092e+11  4.63648162e+11  6.29e-05 2.43e-03  8.12e+01   915s
[2025-09-13 16:33:54] DEBUG    75   5.39622111e+11  4.63654445e+11  6.39e-05 2.43e-03  7.46e+01   924s
[2025-09-13 16:34:04] DEBUG    76   5.39475821e+11  4.63657886e+11  5.20e-05 2.43e-03  6.62e+01   934s
[2025-09-13 16:34:14] DEBUG    77   5.39306466e+11  4.63661430e+11  6.44e-05 2.42e-03  5.74e+01   944s
[2025-09-13 16:34:23] DEBUG    78   5.39262503e+11  4.63663221e+11  9.01e-05 2.42e-03  5.50e+01   953s
[2025-09-13 16:34:31] DEBUG    79   5.39112179e+11  4.63665496e+11  8.82e-05 2.42e-03  4.83e+01   961s
[2025-09-13 16:34:40] DEBUG    80   5.38969759e+11  4.63667568e+11  7.92e-05 2.42e-03  4.23e+01   970s
[2025-09-13 16:34:50] DEBUG    81   5.38946498e+11  4.63668038e+11  7.25e-05 2.42e-03  4.13e+01   980s
[2025-09-13 16:34:59] DEBUG    82   5.38767482e+11  4.63670041e+11  6.34e-05 2.42e-03  3.49e+01   989s
[2025-09-13 16:35:08] DEBUG    83   5.38690280e+11  4.63673491e+11  9.44e-05 2.42e-03  3.19e+01   998s
[2025-09-13 16:35:17] DEBUG    84   5.38487205e+11  4.63674621e+11  6.68e-05 2.42e-03  2.60e+01  1007s
[2025-09-13 16:35:27] DEBUG    85   5.38429430e+11  4.63676224e+11  5.72e-05 2.42e-03  2.45e+01  1016s
[2025-09-13 16:35:36] DEBUG    86   5.38339554e+11  4.63678082e+11  6.72e-05 2.41e-03  2.22e+01  1026s
[2025-09-13 16:35:44] DEBUG    87   5.38279454e+11  4.63678752e+11  1.09e-04 2.41e-03  2.10e+01  1033s
[2025-09-13 16:35:55] DEBUG    88   5.38183838e+11  4.63679588e+11  7.44e-05 2.41e-03  1.89e+01  1045s
[2025-09-13 16:36:05] DEBUG    89   5.38073881e+11  4.63680255e+11  6.63e-05 2.41e-03  1.69e+01  1054s
[2025-09-13 16:36:12] DEBUG    90   5.38032556e+11  4.63680865e+11  1.03e-04 2.41e-03  1.62e+01  1062s
[2025-09-13 16:36:21] DEBUG    91   5.37877292e+11  4.63681731e+11  6.96e-05 2.41e-03  1.36e+01  1071s
[2025-09-13 16:36:31] DEBUG    92   5.37811431e+11  4.63683001e+11  1.15e-04 2.41e-03  1.26e+01  1081s
[2025-09-13 16:36:39] DEBUG    93   5.37787218e+11  4.63683339e+11  9.54e-05 2.41e-03  1.23e+01  1089s
[2025-09-13 16:36:48] DEBUG    94   5.37750037e+11  4.63683465e+11  7.01e-05 2.41e-03  1.18e+01  1098s
[2025-09-13 16:36:58] DEBUG    95   5.37663348e+11  4.63684134e+11  5.87e-05 2.41e-03  1.07e+01  1108s
[2025-09-13 16:37:08] DEBUG    96   5.37601949e+11  4.63684420e+11  6.20e-05 2.41e-03  9.99e+00  1118s
[2025-09-13 16:37:17] DEBUG    97   5.37516842e+11  4.63684672e+11  7.49e-05 2.41e-03  9.14e+00  1127s
[2025-09-13 16:37:26] DEBUG    98   5.37454989e+11  4.63685152e+11  6.34e-05 2.41e-03  8.52e+00  1136s
[2025-09-13 16:37:36] DEBUG    99   5.37373061e+11  4.63685526e+11  9.20e-05 2.41e-03  7.78e+00  1146s
[2025-09-13 16:37:44] DEBUG    100   5.37268026e+11  4.63685722e+11  7.53e-05 2.41e-03  7.01e+00  1154s
[2025-09-13 16:37:54] DEBUG    101   5.37191073e+11  4.63686139e+11  1.02e-04 2.41e-03  6.43e+00  1163s
[2025-09-13 16:38:04] DEBUG    102   5.37101637e+11  4.63686383e+11  9.01e-05 2.41e-03  5.81e+00  1174s
[2025-09-13 16:38:15] DEBUG    103   5.37028939e+11  4.63686687e+11  7.30e-05 2.41e-03  5.37e+00  1185s
[2025-09-13 16:38:26] DEBUG    104   5.36937801e+11  4.63687013e+11  8.58e-05 2.41e-03  4.83e+00  1195s
[2025-09-13 16:38:35] DEBUG    105   5.36887290e+11  4.63687319e+11  5.91e-05 2.40e-03  4.55e+00  1205s
[2025-09-13 16:38:44] DEBUG    106   5.36830664e+11  4.63687745e+11  6.53e-05 2.40e-03  4.25e+00  1214s
[2025-09-13 16:38:55] DEBUG    107   5.36789873e+11  4.63687999e+11  5.58e-05 2.40e-03  4.06e+00  1225s
[2025-09-13 16:39:03] DEBUG    108   5.36732574e+11  4.63688251e+11  6.87e-05 2.40e-03  3.81e+00  1233s
[2025-09-13 16:39:12] DEBUG    109   5.36707258e+11  4.63688370e+11  6.39e-05 2.40e-03  3.71e+00  1241s
[2025-09-13 16:39:19] DEBUG    110   5.36674274e+11  4.63688632e+11  6.77e-05 2.40e-03  3.58e+00  1249s
[2025-09-13 16:39:30] DEBUG    111   5.36613443e+11  4.63689097e+11  6.48e-05 2.40e-03  3.31e+00  1260s
[2025-09-13 16:39:39] DEBUG    112   5.36541996e+11  4.63689350e+11  9.49e-05 2.40e-03  3.04e+00  1269s
[2025-09-13 16:39:49] DEBUG    113   5.36444589e+11  4.63689746e+11  6.39e-05 2.40e-03  2.69e+00  1279s
[2025-09-13 16:39:59] DEBUG    114   5.36403094e+11  4.63690144e+11  6.58e-05 2.40e-03  2.56e+00  1289s
[2025-09-13 16:40:07] DEBUG    115   5.36383538e+11  4.63690368e+11  7.82e-05 2.40e-03  2.50e+00  1297s
[2025-09-13 16:40:17] DEBUG    116   5.36338638e+11  4.63690722e+11  9.25e-05 2.40e-03  2.36e+00  1307s
[2025-09-13 16:40:30] DEBUG    117   5.36249760e+11  4.63690950e+11  9.97e-05 2.40e-03  2.13e+00  1320s
[2025-09-13 16:40:40] DEBUG    118   5.36218243e+11  4.63691258e+11  1.13e-04 2.40e-03  2.05e+00  1329s
[2025-09-13 16:40:46] DEBUG    119   5.36192715e+11  4.63691334e+11  1.35e-04 2.40e-03  2.00e+00  1336s
[2025-09-13 16:40:55] DEBUG    120   5.36109129e+11  4.63691566e+11  1.20e-04 2.39e-03  1.81e+00  1345s
[2025-09-13 16:40:55] DEBUG    Barrier performed 120 iterations in 1345.12 seconds (236.50 work units)
[2025-09-13 16:40:55] DEBUG    Barrier solve interrupted - model solved by another algorithm
[2025-09-13 16:40:55] DEBUG    Solved with dual simplex
[2025-09-13 16:41:04] DEBUG    Iteration    Objective       Primal Inf.    Dual Inf.      Time
[2025-09-13 16:41:04] DEBUG    684707    4.6601432e+11   0.000000e+00   0.000000e+00   1354s

Solved in 684707 iterations and 1353.68 seconds (299.89 work units)
[2025-09-13 16:41:04] DEBUG    Optimal objective  4.660143207e+11
❌ Errore nel run di autarky_VRES_2030_PHES: 'Model' object has no attribute 'backend_model'

🚀 Lancio scenario: autarky_VRES_2030_nostorage
[2025-09-13 16:50:31] INFO     Loading sets
[2025-09-13 16:50:31] INFO     Loading parameters
[2025-09-13 16:51:03] INFO     constraints are loaded in the following order: ['energy_balance', 'dispatch', 'costs', 'capacity', 'network', 'policy', 'conversion', 'group', 'conversion_plus', 'milp', 'export']
[2025-09-13 16:51:03] INFO     creating energy_balance constraints
[2025-09-13 16:53:43] INFO     creating dispatch constraints
[2025-09-13 16:58:22] INFO     creating costs constraints
[2025-09-13 17:05:57] INFO     creating capacity constraints
[2025-09-13 17:05:57] INFO     creating network constraints
[2025-09-13 17:05:57] INFO     creating policy constraints
[2025-09-13 17:05:57] INFO     creating conversion constraints
[2025-09-13 17:05:57] INFO     creating group constraints
[2025-09-13 17:05:57] INFO     creating conversion_plus constraints
[2025-09-13 17:05:57] INFO     creating milp constraints
[2025-09-13 17:05:57] INFO     creating export constraints
[2025-09-13 17:16:28] DEBUG    Set parameter WLSAccessID
Set parameter WLSSecret
Set parameter LicenseID to value 2680226
[2025-09-13 17:16:29] DEBUG    Academic license 2680226 - for non-commercial use only - registered to an___@mail.polimi.it
[2025-09-13 17:16:58] DEBUG    Read LP format model from file /tmp/tmpkz14g2je.pyomo.lp
[2025-09-13 17:16:58] DEBUG    Reading time = 28.96 seconds
x14544263: 19747756 rows, 14544263 columns, 47188086 nonzeros
Set parameter NumericFocus to value 1
Gurobi Optimizer version 12.0.2 build v12.0.2rc0 (linux64 - "Debian GNU/Linux 11 (bullseye)")

CPU model: Intel(R) Xeon(R) Silver 4314 CPU @ 2.40GHz, instruction set [SSE2|AVX|AVX2|AVX512]
Thread count: 32 physical cores, 64 logical processors, using up to 32 threads
[2025-09-13 17:16:58] DEBUG    Non-default parameters:
NumericFocus  1
[2025-09-13 17:16:58] DEBUG    Academic license 2680226 - for non-commercial use only - registered to an___@mail.polimi.it
Optimize a model with 19747756 rows, 14544263 columns and 47188086 nonzeros
[2025-09-13 17:16:58] DEBUG    Model fingerprint: 0x947baef4
[2025-09-13 17:16:58] DEBUG    Coefficient statistics:
  Matrix range     [1e-07, 3e+02]
  Objective range  [1e+00, 1e+06]
  Bounds range     [0e+00, 0e+00]
  RHS range        [1e+00, 2e+08]
[2025-09-13 17:17:04] DEBUG    Presolve removed 16811863 rows and 8796001 columns (presolve time = 6s)...
[2025-09-13 17:17:08] DEBUG    Presolve removed 17421677 rows and 11110000 columns (presolve time = 10s)...
[2025-09-13 17:17:14] DEBUG    Presolve removed 18678688 rows and 12367011 columns (presolve time = 15s)...
[2025-09-13 17:17:17] DEBUG    Presolve removed 19356669 rows and 12392784 columns
[2025-09-13 17:17:18] DEBUG    Presolve time: 20.00s
Presolved: 391087 rows, 2291623 columns, 3875096 nonzeros

Concurrent LP optimizer: primal simplex, dual simplex, and barrier
Showing barrier log only...
[2025-09-13 17:17:18] DEBUG    Ordering time: 0.13s
[2025-09-13 17:17:19] DEBUG    Barrier statistics:
 Dense cols : 86
 AA' NZ     : 1.259e+06
 Factor NZ  : 6.510e+06 (roughly 1.1 GB of memory)
 Factor Ops : 1.351e+08 (less than 1 second per iteration)
 Threads    : 1
[2025-09-13 17:17:19] DEBUG    Objective                Residual
Iter       Primal          Dual         Primal    Dual     Compl     Time
[2025-09-13 17:17:19] DEBUG    0   5.02391288e+21 -6.07240150e+19  6.49e+10 6.50e+04  3.06e+16    22s
[2025-09-13 17:17:20] DEBUG    1   3.20206141e+21 -6.38738055e+19  2.88e+10 1.15e+06  1.37e+16    22s
[2025-09-13 17:17:21] DEBUG    2   1.46630227e+21 -4.57184597e+19  8.89e+09 8.04e+04  4.18e+15    23s
[2025-09-13 17:17:22] DEBUG    3   5.53266561e+19 -3.21960892e+19  1.47e+08 1.26e+03  8.40e+13    24s
[2025-09-13 17:17:22] DEBUG    4   2.52021559e+19 -1.26514943e+19  6.48e+07 2.13e-07  3.51e+13    25s
[2025-09-13 17:17:23] DEBUG    5   1.52865377e+19 -6.59612563e+18  3.81e+07 4.68e-06  1.98e+13    25s
[2025-09-13 17:17:23] DEBUG    6   3.75193646e+18 -3.50281501e+18  8.47e+06 1.99e-03  4.74e+12    26s
[2025-09-13 17:17:24] DEBUG    7   2.51753323e+18 -2.23160423e+18  5.66e+06 5.53e-04  2.95e+12    26s
[2025-09-13 17:17:24] DEBUG    8   7.47322759e+17 -1.00124798e+18  1.50e+06 3.55e-03  8.25e+11    27s
[2025-09-13 17:17:25] DEBUG    9   1.18895851e+17 -4.45918784e+17  2.06e+05 1.17e-03  1.81e+11    27s
[2025-09-13 17:17:26] DEBUG    10   8.76511967e+16 -3.14917168e+17  1.49e+05 7.22e-04  1.23e+11    28s
[2025-09-13 17:17:26] DEBUG    11   2.35699656e+16 -2.02381938e+17  3.18e+04 4.14e-04  5.94e+10    29s
[2025-09-13 17:17:27] DEBUG    12   1.01423628e+16 -1.27126235e+17  1.04e+04 2.54e-04  3.46e+10    29s
[2025-09-13 17:17:27] DEBUG    13   5.12951134e+15 -1.11418694e+17  2.62e+03 2.21e-04  2.88e+10    30s
[2025-09-13 17:17:28] DEBUG    14   3.66812903e+15 -2.16926089e+16  5.87e+02 4.08e-05  6.23e+09    30s
[2025-09-13 17:17:28] DEBUG    15   3.06027086e+15 -4.38120670e+15  2.20e+02 1.15e-05  1.83e+09    31s
[2025-09-13 17:17:29] DEBUG    16   2.79668384e+15 -9.27600979e+13  5.19e+01 4.36e-06  7.08e+08    31s
[2025-09-13 17:17:30] DEBUG    17   2.74756038e+15  1.31266237e+15  2.40e+01 2.12e-06  3.52e+08    32s
[2025-09-13 17:17:30] DEBUG    18   2.73254936e+15  1.93119860e+15  1.67e+01 1.17e-06  1.96e+08    33s
[2025-09-13 17:17:31] DEBUG    19   2.72280789e+15  2.21296100e+15  1.20e+01 7.40e-07  1.25e+08    33s
[2025-09-13 17:17:32] DEBUG    20   2.71726504e+15  2.27505675e+15  9.58e+00 6.44e-07  1.08e+08    34s
[2025-09-13 17:17:32] DEBUG    21   2.71096297e+15  2.35907353e+15  6.91e+00 5.15e-07  8.62e+07    35s
[2025-09-13 17:17:33] DEBUG    22   2.70642479e+15  2.49672207e+15  5.05e+00 3.04e-07  5.14e+07    35s
[2025-09-13 17:17:34] DEBUG    23   2.70240455e+15  2.58287023e+15  3.47e+00 1.71e-07  2.93e+07    36s
[2025-09-13 17:17:35] DEBUG    24   2.69872941e+15  2.59841311e+15  2.08e+00 1.46e-07  2.46e+07    37s
[2025-09-13 17:17:35] DEBUG    25   2.69824689e+15  2.62704685e+15  1.89e+00 1.02e-07  1.74e+07    38s
[2025-09-13 17:17:36] DEBUG    26   2.69775376e+15  2.63556585e+15  1.71e+00 8.89e-08  1.52e+07    38s
[2025-09-13 17:17:37] DEBUG    27   2.69562069e+15  2.64415099e+15  9.13e-01 7.56e-08  1.26e+07    39s
[2025-09-13 17:17:38] DEBUG    28   2.69368651e+15  2.66749293e+15  1.95e-01 3.89e-08  6.42e+06    40s
[2025-09-13 17:17:39] DEBUG    29   2.69316397e+15  2.67742673e+15  1.72e-02 2.34e-08  3.86e+06    41s
[2025-09-13 17:17:40] DEBUG    30   2.69305922e+15  2.68003489e+15  4.95e-03 1.92e-08  3.19e+06    42s
[2025-09-13 17:17:40] DEBUG    31   2.69303349e+15  2.68071349e+15  3.60e-03 1.82e-08  3.02e+06    43s
[2025-09-13 17:17:41] DEBUG    32   2.69302141e+15  2.68121244e+15  2.99e-03 1.75e-08  2.89e+06    43s
[2025-09-13 17:17:41] DEBUG    33   2.69302150e+15  2.68187681e+15  2.70e-03 1.65e-08  2.73e+06    44s
[2025-09-13 17:17:42] DEBUG    34   2.69297394e+15  2.68280111e+15  4.86e-04 1.51e-08  2.49e+06    44s
[2025-09-13 17:17:43] DEBUG    35   2.69297673e+15  2.69241220e+15  4.30e-04 7.50e-05  1.38e+05    45s
[2025-09-13 17:17:43] DEBUG    36   2.69296851e+15  2.69262031e+15  2.65e-04 9.62e-05  8.53e+04    46s
[2025-09-13 17:17:45] DEBUG    37   2.69296557e+15  2.69285896e+15  2.19e-04 1.55e-04  2.61e+04    47s
[2025-09-13 17:17:45] DEBUG    38   2.69296182e+15  2.69287706e+15  1.71e-04 1.74e-04  2.08e+04    48s
[2025-09-13 17:17:46] DEBUG    39   2.69295940e+15  2.69288666e+15  1.41e-04 1.92e-04  1.78e+04    48s
[2025-09-13 17:17:47] DEBUG    40   2.69295693e+15  2.69289154e+15  1.10e-04 1.93e-04  1.60e+04    49s
[2025-09-13 17:17:48] DEBUG    41   2.69295616e+15  2.69292320e+15  1.02e-04 2.05e-04  8.08e+03    50s
[2025-09-13 17:17:49] DEBUG    42   2.69295302e+15  2.69293309e+15  7.57e-05 2.00e-04  4.89e+03    51s
[2025-09-13 17:17:50] DEBUG    43   2.69295182e+15  2.69293656e+15  6.53e-05 1.96e-04  3.75e+03    52s
[2025-09-13 17:17:51] DEBUG    44   2.69295053e+15  2.69293809e+15  5.28e-05 1.80e-04  3.05e+03    53s
[2025-09-13 17:17:52] DEBUG    45   2.69294929e+15  2.69294117e+15  4.37e-05 7.41e-05  1.99e+03    54s
[2025-09-13 17:17:53] DEBUG    46   2.69294711e+15  2.69294235e+15  2.58e-05 5.69e-05  1.17e+03    56s
[2025-09-13 17:17:55] DEBUG    47   2.69294633e+15  2.69294295e+15  1.98e-05 6.48e-05  8.34e+02    57s
[2025-09-13 17:17:56] DEBUG    48   2.69294584e+15  2.69294328e+15  1.62e-05 4.91e-05  6.30e+02    58s
[2025-09-13 17:17:57] DEBUG    49   2.69294545e+15  2.69294340e+15  1.33e-05 4.94e-05  5.05e+02    59s
[2025-09-13 17:17:57] DEBUG    50   2.69294518e+15  2.69294350e+15  1.10e-05 4.93e-05  4.13e+02    60s
[2025-09-13 17:17:58] DEBUG    51   2.69294500e+15  2.69294359e+15  9.60e-06 4.96e-05  3.48e+02    61s
[2025-09-13 17:17:59] DEBUG    52   2.69294472e+15  2.69294364e+15  7.33e-06 4.97e-05  2.68e+02    61s
[2025-09-13 17:18:00] DEBUG    53   2.69294468e+15  2.69294364e+15  7.02e-06 4.97e-05  2.56e+02    62s
[2025-09-13 17:18:01] DEBUG    54   2.69294429e+15  2.69294367e+15  3.96e-06 4.91e-05  1.54e+02    63s
[2025-09-13 17:18:02] DEBUG    55   2.69294415e+15  2.69294371e+15  2.95e-06 4.80e-05  1.09e+02    65s
[2025-09-13 17:18:04] DEBUG    56   2.69294403e+15  2.69294375e+15  2.86e-06 4.58e-05  7.01e+01    66s
[2025-09-13 17:18:06] DEBUG    57   2.69294396e+15  2.69294377e+15  2.38e-06 4.55e-05  5.01e+01    68s
[2025-09-13 17:18:06] DEBUG    Barrier performed 57 iterations in 67.98 seconds (60.28 work units)
Barrier solve interrupted - model solved by another algorithm
[2025-09-13 17:18:06] DEBUG    Solved with dual simplex
[2025-09-13 17:18:15] DEBUG    Iteration    Objective       Primal Inf.    Dual Inf.      Time
[2025-09-13 17:18:15] DEBUG    283808    2.6929438e+15   0.000000e+00   0.000000e+00     78s

Solved in 283808 iterations and 77.72 seconds (77.60 work units)
[2025-09-13 17:18:15] DEBUG    Optimal objective  2.692943783e+15
❌ Errore nel run di autarky_VRES_2030_nostorage: 'Model' object has no attribute 'backend_model'

🚀 Lancio scenario: autarky_CG+VRES_2030_BESS
[2025-09-13 17:30:13] INFO     Loading sets
[2025-09-13 17:30:13] INFO     Loading parameters
[2025-09-13 17:30:47] INFO     constraints are loaded in the following order: ['energy_balance', 'dispatch', 'costs', 'capacity', 'network', 'policy', 'conversion', 'group', 'conversion_plus', 'milp', 'export']
[2025-09-13 17:30:47] INFO     creating energy_balance constraints
[2025-09-13 17:33:40] INFO     creating dispatch constraints
[2025-09-13 17:35:33] INFO     creating costs constraints
[2025-09-13 17:48:47] INFO     creating capacity constraints
[2025-09-13 17:48:47] INFO     creating network constraints
[2025-09-13 17:48:47] INFO     creating policy constraints
[2025-09-13 17:48:47] INFO     creating conversion constraints
[2025-09-13 17:48:47] INFO     creating group constraints
[2025-09-13 17:48:47] INFO     creating conversion_plus constraints
[2025-09-13 17:48:47] INFO     creating milp constraints
[2025-09-13 17:48:47] INFO     creating export constraints
[2025-09-13 18:00:55] DEBUG    Set parameter WLSAccessID
Set parameter WLSSecret
Set parameter LicenseID to value 2680226
[2025-09-13 18:00:55] DEBUG    Academic license 2680226 - for non-commercial use only - registered to an___@mail.polimi.it
[2025-09-13 18:01:29] DEBUG    Read LP format model from file /tmp/tmp4il83i90.pyomo.lp
[2025-09-13 18:01:29] DEBUG    Reading time = 33.86 seconds
x16576902: 22288446 rows, 16576902 columns, 54047688 nonzeros
Set parameter NumericFocus to value 1
Gurobi Optimizer version 12.0.2 build v12.0.2rc0 (linux64 - "Debian GNU/Linux 11 (bullseye)")

CPU model: Intel(R) Xeon(R) Silver 4314 CPU @ 2.40GHz, instruction set [SSE2|AVX|AVX2|AVX512]
Thread count: 32 physical cores, 64 logical processors, using up to 32 threads

Non-default parameters:
NumericFocus  1
[2025-09-13 18:01:29] DEBUG    Academic license 2680226 - for non-commercial use only - registered to an___@mail.polimi.it
Optimize a model with 22288446 rows, 16576902 columns and 54047688 nonzeros
[2025-09-13 18:01:30] DEBUG    Model fingerprint: 0xba24214d
[2025-09-13 18:01:30] DEBUG    Coefficient statistics:
  Matrix range     [1e-07, 3e+02]
  Objective range  [1e+00, 1e+06]
  Bounds range     [0e+00, 0e+00]
  RHS range        [1e+00, 2e+08]
[2025-09-13 18:01:36] DEBUG    Presolve removed 17827909 rows and 10061935 columns (presolve time = 6s)...
[2025-09-13 18:01:40] DEBUG    Presolve removed 18898675 rows and 12840000 columns (presolve time = 10s)...
[2025-09-13 18:01:45] DEBUG    Presolve removed 19946052 rows and 13836598 columns (presolve time = 15s)...
[2025-09-13 18:01:49] DEBUG    Presolve removed 20624091 rows and 13854118 columns
[2025-09-13 18:01:49] DEBUG    Presolve time: 20.05s
Presolved: 1664355 rows, 2862928 columns, 8668708 nonzeros

Concurrent LP optimizer: primal simplex, dual simplex, and barrier
Showing barrier log only...
[2025-09-13 18:01:51] DEBUG    Ordering time: 1.00s
[2025-09-13 18:01:53] DEBUG    Barrier statistics:
 Dense cols : 144
[2025-09-13 18:01:53] DEBUG    AA' NZ     : 8.733e+06
 Factor NZ  : 3.094e+07 (roughly 2.0 GB of memory)
 Factor Ops : 8.611e+08 (less than 1 second per iteration)
 Threads    : 30
[2025-09-13 18:01:57] DEBUG    Objective                Residual
[2025-09-13 18:01:57] DEBUG    Iter       Primal          Dual         Primal    Dual     Compl     Time
[2025-09-13 18:01:57] DEBUG    0   2.34528364e+21 -7.69028434e+18  6.49e+10 2.89e-11  4.39e+15    28s
[2025-09-13 18:02:02] DEBUG    1   1.95979345e+21 -7.72063842e+18  5.36e+10 2.40e+05  3.35e+15    33s
[2025-09-13 18:02:08] DEBUG    2   1.59747313e+21 -7.19498271e+18  4.40e+10 1.07e+05  2.49e+15    39s
[2025-09-13 18:02:15] DEBUG    3   1.13708665e+21 -6.33559286e+18  3.13e+10 3.60e+04  1.63e+15    47s
[2025-09-13 18:02:21] DEBUG    4   7.89033884e+20 -5.86227532e+18  2.14e+10 1.69e+04  1.09e+15    52s
[2025-09-13 18:02:25] DEBUG    5   6.54214653e+20 -5.55712961e+18  1.76e+10 7.92e+03  8.88e+14    56s
[2025-09-13 18:02:29] DEBUG    6   4.47057556e+20 -5.30632355e+18  1.20e+10 3.61e+03  6.03e+14    60s
[2025-09-13 18:02:34] DEBUG    7   3.04724504e+20 -5.13597507e+18  8.16e+09 1.92e+03  4.16e+14    65s
[2025-09-13 18:02:38] DEBUG    8   1.18988926e+20 -4.90041104e+18  3.32e+09 1.11e+03  1.74e+14    69s
[2025-09-13 18:02:45] DEBUG    9   5.46609151e+19 -4.41327712e+18  1.57e+09 3.13e+02  8.14e+13    76s
[2025-09-13 18:02:49] DEBUG    10   3.83406277e+19 -3.95944608e+18  1.10e+09 1.36e+02  5.71e+13    80s
[2025-09-13 18:02:55] DEBUG    11   2.40435346e+19 -3.42514098e+18  6.89e+08 2.75e+01  3.51e+13    86s
[2025-09-13 18:03:01] DEBUG    12   1.03949028e+19 -2.77004735e+18  2.94e+08 2.57e+00  1.50e+13    92s
[2025-09-13 18:03:08] DEBUG    13   3.29728001e+18 -2.19935634e+18  9.23e+07 1.40e+00  4.86e+12    99s
[2025-09-13 18:03:13] DEBUG    14   3.91473330e+17 -1.41629498e+18  1.07e+07 6.84e-01  7.41e+11   104s
[2025-09-13 18:03:17] DEBUG    15   1.58326074e+15 -2.54395268e+17  1.17e+04 2.12e-02  4.40e+10   108s
[2025-09-13 18:03:23] DEBUG    16   9.80352036e+14 -4.52146932e+16  6.51e+02 1.53e-02  7.80e+09   114s
[2025-09-13 18:03:27] DEBUG    17   9.03420123e+14 -6.17334191e+15  2.54e+01 2.16e-02  1.09e+09   118s
[2025-09-13 18:03:33] DEBUG    18   8.81990703e+14 -1.78484357e+15  8.40e+00 2.29e-02  3.28e+08   125s
[2025-09-13 18:03:38] DEBUG    19   8.77787431e+14 -1.05082278e+15  7.30e+00 3.29e-02  1.97e+08   129s
[2025-09-13 18:03:44] DEBUG    20   8.72813111e+14 -4.61451932e+14  6.12e+00 2.43e-02  9.04e+07   135s
[2025-09-13 18:03:49] DEBUG    21   8.69858864e+14 -1.98633297e+14  5.48e+00 2.48e-02  4.08e+07   140s
[2025-09-13 18:03:55] DEBUG    22   8.49646313e+14 -4.51154131e+13  1.60e+00 2.53e-02  9.80e+06   146s
[2025-09-13 18:04:02] DEBUG    23   8.34089002e+14 -2.07309538e+12  5.53e-01 2.55e-02  6.80e+05   153s
[2025-09-13 18:04:08] DEBUG    24   8.27057015e+14 -5.14042016e+11  3.81e-01 2.54e-02  2.23e+05   159s
[2025-09-13 18:04:13] DEBUG    25   8.20308516e+14 -3.90905183e+11  2.65e-01 2.54e-02  1.61e+05   164s
[2025-09-13 18:04:17] DEBUG    26   8.16578861e+14 -2.27923699e+11  2.20e-01 2.54e-02  1.07e+05   168s
[2025-09-13 18:04:21] DEBUG    27   8.13997912e+14 -1.88193339e+11  1.95e-01 2.54e-02  8.96e+04   172s
[2025-09-13 18:04:25] DEBUG    28   8.12578385e+14 -1.58888053e+11  1.82e-01 2.54e-02  7.79e+04   177s
[2025-09-13 18:04:31] DEBUG    29   8.11613297e+14 -1.39547646e+11  1.74e-01 2.54e-02  6.99e+04   182s
[2025-09-13 18:04:41] DEBUG    30   8.03670010e+14 -1.04391281e+11  1.11e-01 2.53e-02  4.10e+04   192s
[2025-09-13 18:04:52] DEBUG    31   7.98023006e+14 -9.39743058e+10  8.23e-02 2.52e-02  2.89e+04   203s
[2025-09-13 18:05:05] DEBUG    32   7.93860736e+14 -8.88615454e+10  6.66e-02 2.51e-02  2.24e+04   216s
[2025-09-13 18:05:14] DEBUG    33   7.92827791e+14 -8.75675998e+10  6.34e-02 2.50e-02  2.10e+04   225s
[2025-09-13 18:05:21] DEBUG    34   7.92605284e+14 -8.68502853e+10  6.28e-02 2.50e-02  2.04e+04   232s
[2025-09-13 18:05:30] DEBUG    35   7.91069016e+14 -8.79316186e+10  5.83e-02 2.49e-02  1.80e+04   241s
[2025-09-13 18:05:39] DEBUG    36   7.87953222e+14 -8.83887379e+10  4.99e-02 2.49e-02  1.54e+04   250s
[2025-09-13 18:05:48] DEBUG    37   7.85829348e+14 -8.88457528e+10  4.50e-02 2.49e-02  1.40e+04   259s
[2025-09-13 18:05:58] DEBUG    38   7.83682019e+14 -8.99443562e+10  4.06e-02 2.49e-02  1.24e+04   269s
[2025-09-13 18:06:09] DEBUG    39   7.80945927e+14 -9.17579425e+10  3.55e-02 2.48e-02  1.08e+04   280s
[2025-09-13 18:06:20] DEBUG    40   7.79118724e+14 -9.28505927e+10  3.25e-02 2.48e-02  9.88e+03   291s
[2025-09-13 18:06:30] DEBUG    41   7.77765255e+14 -9.38043896e+10  3.04e-02 2.48e-02  9.23e+03   302s
[2025-09-13 18:06:41] DEBUG    42   7.77032694e+14 -9.52029497e+10  2.94e-02 2.48e-02  8.82e+03   312s
[2025-09-13 18:06:51] DEBUG    43   7.75028896e+14 -9.58993828e+10  2.67e-02 2.48e-02  8.04e+03   322s
[2025-09-13 18:07:02] DEBUG    44   7.74114274e+14 -9.73049676e+10  2.56e-02 2.48e-02  7.62e+03   333s
[2025-09-13 18:07:12] DEBUG    45   7.72584499e+14 -9.79770264e+10  2.38e-02 2.48e-02  7.08e+03   343s
[2025-09-13 18:07:22] DEBUG    46   7.71544894e+14 -9.87348700e+10  2.26e-02 2.48e-02  6.71e+03   354s
[2025-09-13 18:07:33] DEBUG    47   7.70368260e+14 -9.99497933e+10  2.14e-02 2.48e-02  6.28e+03   364s
[2025-09-13 18:07:40] DEBUG    48   7.69687895e+14 -1.00293674e+11  2.07e-02 2.48e-02  6.08e+03   371s
[2025-09-13 18:07:52] DEBUG    49   7.68429275e+14 -1.00793895e+11  1.95e-02 2.48e-02  5.72e+03   383s
[2025-09-13 18:08:02] DEBUG    50   7.67538468e+14 -1.01399501e+11  1.87e-02 2.48e-02  5.46e+03   394s
[2025-09-13 18:08:09] DEBUG    51   7.67192145e+14 -1.01791030e+11  1.84e-02 2.49e-02  5.36e+03   400s
[2025-09-13 18:08:20] DEBUG    52   7.64807134e+14 -1.02335184e+11  1.64e-02 2.49e-02  4.78e+03   411s
[2025-09-13 18:08:31] DEBUG    53   7.64436387e+14 -1.02645882e+11  1.61e-02 2.49e-02  4.68e+03   422s
[2025-09-13 18:08:41] DEBUG    54   7.62953799e+14 -1.03486544e+11  1.50e-02 2.50e-02  4.33e+03   432s
[2025-09-13 18:08:51] DEBUG    55   7.61918978e+14 -1.03965274e+11  1.43e-02 2.50e-02  4.11e+03   442s
[2025-09-13 18:08:59] DEBUG    56   7.61368658e+14 -1.04288061e+11  1.39e-02 2.50e-02  3.99e+03   450s
[2025-09-13 18:09:06] DEBUG    57   7.60664681e+14 -1.04462427e+11  1.34e-02 2.50e-02  3.87e+03   457s
[2025-09-13 18:09:15] DEBUG    58   7.59569463e+14 -1.04756341e+11  1.27e-02 2.50e-02  3.66e+03   466s
[2025-09-13 18:09:24] DEBUG    59   7.58832105e+14 -1.04992050e+11  1.23e-02 2.50e-02  3.53e+03   475s
[2025-09-13 18:09:34] DEBUG    60   7.58093456e+14 -1.05245060e+11  1.19e-02 2.51e-02  3.40e+03   485s
[2025-09-13 18:09:45] DEBUG    61   7.57160569e+14 -1.05538555e+11  1.14e-02 2.51e-02  3.24e+03   496s
[2025-09-13 18:09:52] DEBUG    62   7.56625267e+14 -1.05651428e+11  1.11e-02 2.51e-02  3.16e+03   503s
[2025-09-13 18:10:01] DEBUG    63   7.56025024e+14 -1.05770602e+11  1.08e-02 2.51e-02  3.08e+03   513s
[2025-09-13 18:10:09] DEBUG    64   7.55733549e+14 -1.05931772e+11  1.06e-02 2.51e-02  3.03e+03   520s
[2025-09-13 18:10:19] DEBUG    65   7.54809429e+14 -1.06126887e+11  1.02e-02 2.51e-02  2.90e+03   530s
[2025-09-13 18:10:29] DEBUG    66   7.53946724e+14 -1.06371064e+11  9.79e-03 2.51e-02  2.77e+03   541s
[2025-09-13 18:10:38] DEBUG    67   7.53575080e+14 -1.06510838e+11  9.62e-03 2.51e-02  2.72e+03   549s
[2025-09-13 18:10:49] DEBUG    68   7.52923733e+14 -1.06669010e+11  9.33e-03 2.51e-02  2.63e+03   561s
[2025-09-13 18:10:59] DEBUG    69   7.52207427e+14 -1.06755376e+11  9.03e-03 2.52e-02  2.55e+03   570s
[2025-09-13 18:11:08] DEBUG    70   7.51627677e+14 -1.06875023e+11  8.79e-03 2.52e-02  2.48e+03   579s
[2025-09-13 18:11:19] DEBUG    71   7.50860954e+14 -1.07000007e+11  8.46e-03 2.52e-02  2.39e+03   590s
[2025-09-13 18:11:29] DEBUG    72   7.50086699e+14 -1.07179016e+11  8.16e-03 2.52e-02  2.29e+03   600s
[2025-09-13 18:11:39] DEBUG    73   7.49352769e+14 -1.07269698e+11  7.88e-03 2.51e-02  2.21e+03   610s
[2025-09-13 18:11:49] DEBUG    74   7.48657297e+14 -1.07361601e+11  7.66e-03 2.51e-02  2.14e+03   620s
[2025-09-13 18:12:00] DEBUG    75   7.47748704e+14 -1.07458504e+11  7.32e-03 2.51e-02  2.05e+03   631s
[2025-09-13 18:12:11] DEBUG    76   7.46901841e+14 -1.07540870e+11  7.04e-03 2.50e-02  1.97e+03   642s
[2025-09-13 18:12:22] DEBUG    77   7.46237234e+14 -1.07650141e+11  6.81e-03 2.50e-02  1.90e+03   654s
[2025-09-13 18:12:32] DEBUG    78   7.45796760e+14 -1.07700952e+11  6.70e-03 2.50e-02  1.86e+03   664s
[2025-09-13 18:12:39] DEBUG    79   7.45489018e+14 -1.07742291e+11  6.60e-03 2.50e-02  1.84e+03   670s
[2025-09-13 18:12:48] DEBUG    80   7.45084718e+14 -1.07775078e+11  6.48e-03 2.50e-02  1.80e+03   679s
[2025-09-13 18:12:58] DEBUG    81   7.44437038e+14 -1.07845186e+11  6.29e-03 2.49e-02  1.74e+03   689s
[2025-09-13 18:13:10] DEBUG    82   7.43668410e+14 -1.07924694e+11  6.05e-03 2.49e-02  1.68e+03   701s
[2025-09-13 18:13:20] DEBUG    83   7.43098224e+14 -1.07977264e+11  5.90e-03 2.49e-02  1.63e+03   712s
[2025-09-13 18:13:31] DEBUG    84   7.42437779e+14 -1.08030337e+11  5.72e-03 2.49e-02  1.58e+03   722s
[2025-09-13 18:13:39] DEBUG    85   7.42303066e+14 -1.08065824e+11  5.69e-03 2.49e-02  1.57e+03   730s
[2025-09-13 18:13:50] DEBUG    86   7.41544252e+14 -1.08108734e+11  5.48e-03 2.48e-02  1.51e+03   741s
[2025-09-13 18:14:01] DEBUG    87   7.40933686e+14 -1.08162776e+11  5.33e-03 2.48e-02  1.89e+03   752s
[2025-09-13 18:14:01] DEBUG    Barrier performed 87 iterations in 752.10 seconds (153.72 work units)
[2025-09-13 18:14:01] DEBUG    Numerical trouble encountered

Model may be infeasible or unbounded.  Consider using the
homogeneous algorithm (through parameter 'BarHomogeneous')
[2025-09-13 18:15:06] DEBUG    Waiting for other threads to finish...         817s
[2025-09-13 18:16:10] DEBUG    Waiting for other threads to finish...         881s
[2025-09-13 18:16:59] DEBUG    Solved with dual simplex
[2025-09-13 18:17:08] DEBUG    Iteration    Objective       Primal Inf.    Dual Inf.      Time
[2025-09-13 18:17:08] DEBUG    829654    1.1312710e+10   0.000000e+00   0.000000e+00    940s

Solved in 829654 iterations and 939.63 seconds (362.00 work units)
[2025-09-13 18:17:08] DEBUG    Optimal objective  1.131271037e+10
❌ Errore nel run di autarky_CG+VRES_2030_BESS: 'Model' object has no attribute 'backend_model'

🚀 Lancio scenario: autarky_CG+VRES_2030_nostorage
[2025-09-13 18:28:45] INFO     Loading sets
[2025-09-13 18:28:45] INFO     Loading parameters
[2025-09-13 18:29:18] INFO     constraints are loaded in the following order: ['energy_balance', 'dispatch', 'costs', 'capacity', 'network', 'policy', 'conversion', 'group', 'conversion_plus', 'milp', 'export']
[2025-09-13 18:29:18] INFO     creating energy_balance constraints
[2025-09-13 18:32:01] INFO     creating dispatch constraints
[2025-09-13 18:33:45] INFO     creating costs constraints
[2025-09-13 18:48:02] INFO     creating capacity constraints
[2025-09-13 18:48:02] INFO     creating network constraints
[2025-09-13 18:48:02] INFO     creating policy constraints
[2025-09-13 18:48:02] INFO     creating conversion constraints
[2025-09-13 18:48:02] INFO     creating group constraints
[2025-09-13 18:48:02] INFO     creating conversion_plus constraints
[2025-09-13 18:48:02] INFO     creating milp constraints
[2025-09-13 18:48:02] INFO     creating export constraints
[2025-09-13 18:59:09] DEBUG    Set parameter WLSAccessID
Set parameter WLSSecret
[2025-09-13 18:59:09] DEBUG    Set parameter LicenseID to value 2680226
[2025-09-13 18:59:09] DEBUG    Academic license 2680226 - for non-commercial use only - registered to an___@mail.polimi.it
[2025-09-13 18:59:40] DEBUG    Read LP format model from file /tmp/tmpb1gyfr5_.pyomo.lp
[2025-09-13 18:59:40] DEBUG    Reading time = 30.44 seconds
x15306528: 20509992 rows, 15306528 columns, 49474649 nonzeros
[2025-09-13 18:59:40] DEBUG    Set parameter NumericFocus to value 1
[2025-09-13 18:59:40] DEBUG    Gurobi Optimizer version 12.0.2 build v12.0.2rc0 (linux64 - "Debian GNU/Linux 11 (bullseye)")

CPU model: Intel(R) Xeon(R) Silver 4314 CPU @ 2.40GHz, instruction set [SSE2|AVX|AVX2|AVX512]
Thread count: 32 physical cores, 64 logical processors, using up to 32 threads
[2025-09-13 18:59:40] DEBUG    Non-default parameters:
NumericFocus  1
[2025-09-13 18:59:40] DEBUG    Academic license 2680226 - for non-commercial use only - registered to an___@mail.polimi.it
[2025-09-13 18:59:40] DEBUG    Optimize a model with 20509992 rows, 15306528 columns and 49474649 nonzeros
[2025-09-13 18:59:40] DEBUG    Model fingerprint: 0x2b8319ff
[2025-09-13 18:59:40] DEBUG    Coefficient statistics:
  Matrix range     [1e-07, 3e+02]
  Objective range  [1e+00, 1e+06]
  Bounds range     [0e+00, 0e+00]
  RHS range        [1e+00, 2e+08]
[2025-09-13 18:59:46] DEBUG    Presolve removed 17319713 rows and 9553739 columns (presolve time = 5s)...
[2025-09-13 18:59:51] DEBUG    Presolve removed 19186884 rows and 13125458 columns (presolve time = 10s)...
[2025-09-13 18:59:56] DEBUG    Presolve removed 19724721 rows and 13149172 columns (presolve time = 15s)...
[2025-09-13 18:59:56] DEBUG    Presolve removed 19864865 rows and 13149172 columns
[2025-09-13 18:59:56] DEBUG    Presolve time: 16.24s
Presolved: 645127 rows, 2297500 columns, 4391373 nonzeros

Concurrent LP optimizer: primal simplex, dual simplex, and barrier
Showing barrier log only...
[2025-09-13 18:59:57] DEBUG    Ordering time: 0.20s
[2025-09-13 18:59:57] DEBUG    Barrier statistics:
 Dense cols : 115
 AA' NZ     : 1.770e+06
 Factor NZ  : 1.029e+07 (roughly 1.3 GB of memory)
 Factor Ops : 2.210e+08 (less than 1 second per iteration)
 Threads    : 1
[2025-09-13 18:59:58] DEBUG    Objective                Residual
Iter       Primal          Dual         Primal    Dual     Compl     Time
[2025-09-13 18:59:58] DEBUG    0   2.46398551e+21 -9.12065826e+18  6.49e+10 3.27e-03  5.24e+15    18s
[2025-09-13 18:59:59] DEBUG    1   2.03805435e+21 -9.15246156e+18  5.29e+10 3.83e+05  4.28e+15    19s
[2025-09-13 18:59:59] DEBUG    2   1.66615518e+21 -8.72305499e+18  4.29e+10 2.79e+05  3.46e+15    20s
[2025-09-13 19:00:00] DEBUG    3   1.42699658e+21 -8.07846700e+18  3.65e+10 1.92e+05  2.91e+15    21s
[2025-09-13 19:00:01] DEBUG    4   1.20234911e+21 -7.77557691e+18  3.06e+10 1.43e+05  2.44e+15    22s
[2025-09-13 19:00:02] DEBUG    5   9.08496797e+20 -6.99346620e+18  2.22e+10 4.39e+04  1.73e+15    23s
[2025-09-13 19:00:03] DEBUG    6   4.74719660e+20 -6.67889550e+18  1.08e+10 2.01e+04  8.63e+14    24s
[2025-09-13 19:00:04] DEBUG    7   4.01190800e+20 -6.11451375e+18  9.07e+09 4.85e+03  7.13e+14    25s
[2025-09-13 19:00:05] DEBUG    8   1.18865730e+20 -5.66544067e+18  2.50e+09 8.02e+02  1.99e+14    26s
[2025-09-13 19:00:06] DEBUG    9   6.49277096e+18 -4.55098194e+18  1.26e+08 7.99e+01  1.11e+13    27s
[2025-09-13 19:00:07] DEBUG    10   1.02377275e+18 -2.07886857e+18  1.91e+07 1.15e+01  1.91e+12    27s
[2025-09-13 19:00:07] DEBUG    11   4.02106362e+17 -8.43714283e+17  7.56e+06 2.39e+00  6.86e+11    28s
[2025-09-13 19:00:08] DEBUG    12   1.64180101e+17 -3.46710531e+17  3.13e+06 1.08e+00  2.54e+11    29s
[2025-09-13 19:00:09] DEBUG    13   4.46522810e+16 -1.35369760e+17  8.53e+05 7.39e-01  7.07e+10    29s
[2025-09-13 19:00:09] DEBUG    14   1.22933517e+16 -3.95387454e+16  2.40e+05 3.04e-01  1.71e+10    30s
[2025-09-13 19:00:10] DEBUG    15   2.88735704e+15 -1.00304740e+16  5.58e+04 6.23e-02  3.63e+09    30s
[2025-09-13 19:00:11] DEBUG    16   4.15661001e+14 -1.50590786e+15  6.83e+03 2.38e-03  4.61e+08    31s
[2025-09-13 19:00:11] DEBUG    17   6.23923335e+13 -4.49274494e+13  3.14e+01 2.91e-03  1.10e+07    32s
[2025-09-13 19:00:12] DEBUG    18   4.54269557e+13 -8.65923277e+11  3.28e-01 2.93e-03  2.44e+05    32s
[2025-09-13 19:00:13] DEBUG    19   4.10540073e+13 -1.67871343e+11  1.55e-01 2.94e-03  1.71e+06    33s
[2025-09-13 19:00:14] DEBUG    20   3.33380748e+13 -5.32265609e+11  1.25e-01 7.61e-02  1.89e+06    34s
[2025-09-13 19:00:15] DEBUG    21   4.76900311e+13 -2.35718738e+11  8.73e-02 7.46e-02  1.76e+07    35s
[2025-09-13 19:00:16] DEBUG    22   3.43977316e+13 -4.56507381e+11  4.53e-02 3.49e-03  3.09e+06    36s
[2025-09-13 19:00:17] DEBUG    23   2.12442003e+13 -1.13855435e+11  2.43e-02 2.94e-03  1.66e+06    37s
[2025-09-13 19:00:19] DEBUG    24   9.70317019e+12 -3.76676829e+11  1.12e-02 3.69e-03  1.18e+06    39s
[2025-09-13 19:00:20] DEBUG    25   6.89035106e+12 -1.56914767e+11  6.27e-03 2.94e-03  1.08e+06    40s
[2025-09-13 19:00:22] DEBUG    26   1.06374802e+12 -3.24037824e+11  7.53e-04 2.94e-03  1.87e+05    42s
[2025-09-13 19:00:24] DEBUG    27   1.00372715e+12 -4.74712253e+10  7.61e-04 2.94e-03  1.87e+05    44s
[2025-09-13 19:00:25] DEBUG    28   7.80787591e+11 -4.08360945e+10  7.11e-04 2.94e-03  1.03e+05    46s
[2025-09-13 19:00:27] DEBUG    29   6.17687105e+11 -2.70989108e+09  7.53e-04 2.95e-03  4.51e+04    47s
[2025-09-13 19:00:28] DEBUG    30   4.90723860e+11  2.33660136e+09  7.11e-04 2.95e-03  1.98e+04    48s
[2025-09-13 19:00:29] DEBUG    31   4.19669702e+11  8.74294272e+09  1.20e-03 2.95e-03  3.04e+03    50s
[2025-09-13 19:00:30] DEBUG    32   4.17842938e+11  9.36897481e+09  1.69e-03 2.95e-03  2.52e+03    51s
[2025-09-13 19:00:31] DEBUG    33   4.15755225e+11  9.94802636e+09  7.53e-04 2.95e-03  1.97e+03    52s
[2025-09-13 19:00:32] DEBUG    34   4.14788539e+11  1.00601160e+10  7.11e-04 2.95e-03  1.76e+03    52s
[2025-09-13 19:00:33] DEBUG    35   4.14076057e+11  1.00810810e+10  7.53e-04 2.95e-03  1.62e+03    53s
[2025-09-13 19:00:34] DEBUG    36   4.13228667e+11  1.02252172e+10  1.41e-03 2.95e-03  1.43e+03    54s
[2025-09-13 19:00:35] DEBUG    37   4.12236979e+11  1.04181539e+10  7.11e-04 2.95e-03  1.20e+03    56s
[2025-09-13 19:00:37] DEBUG    38   4.11272634e+11  1.05316655e+10  7.53e-04 2.95e-03  9.83e+02    57s
[2025-09-13 19:00:38] DEBUG    39   4.10458740e+11  1.06329623e+10  7.11e-04 2.95e-03  8.03e+02    58s
[2025-09-13 19:00:39] DEBUG    40   4.09862037e+11  1.07735037e+10  1.20e-03 2.95e-03  6.59e+02    60s
[2025-09-13 19:00:40] DEBUG    41   4.09291010e+11  1.08439031e+10  4.32e-04 2.95e-03  5.41e+02    61s
[2025-09-13 19:00:42] DEBUG    42   4.08629499e+11  1.08989141e+10  1.24e-03 2.95e-03  4.15e+02    62s
[2025-09-13 19:00:43] DEBUG    43   4.08259360e+11  1.09395896e+10  7.53e-04 2.95e-03  3.48e+02    63s
[2025-09-13 19:00:44] DEBUG    44   4.08138073e+11  1.09697195e+10  7.53e-04 2.95e-03  3.24e+02    65s
[2025-09-13 19:00:45] DEBUG    45   4.07992468e+11  1.09809432e+10  1.20e-03 2.95e-03  3.00e+02    66s
[2025-09-13 19:00:46] DEBUG    46   4.07797086e+11  1.10222916e+10  1.24e-03 2.95e-03  2.64e+02    67s
[2025-09-13 19:00:48] DEBUG    47   4.07606289e+11  1.10551294e+10  1.20e-03 2.95e-03  2.31e+02    68s
[2025-09-13 19:00:49] DEBUG    48   4.07430569e+11  1.10988209e+10  9.20e-04 2.95e-03  1.99e+02    69s
[2025-09-13 19:00:50] DEBUG    49   4.07172497e+11  1.11164401e+10  5.16e-04 2.95e-03  1.65e+02    71s
[2025-09-13 19:00:51] DEBUG    50   4.07005752e+11  1.11247954e+10  7.11e-04 2.95e-03  1.46e+02    72s
[2025-09-13 19:00:53] DEBUG    51   4.06848187e+11  1.11590309e+10  7.53e-04 2.95e-03  1.23e+02    73s
[2025-09-13 19:00:54] DEBUG    52   4.06603235e+11  1.11763033e+10  1.20e-03 2.95e-03  9.74e+01    74s
[2025-09-13 19:00:55] DEBUG    53   4.06458922e+11  1.11937810e+10  7.11e-04 2.95e-03  8.26e+01    76s
[2025-09-13 19:00:56] DEBUG    54   4.06367234e+11  1.11970007e+10  7.11e-04 2.95e-03  7.57e+01    77s
[2025-09-13 19:00:58] DEBUG    55   4.06207728e+11  1.12081158e+10  7.11e-04 2.95e-03  6.33e+01    78s
[2025-09-13 19:00:58] DEBUG    Barrier performed 55 iterations in 78.01 seconds (72.45 work units)
[2025-09-13 19:00:58] DEBUG    Barrier solve interrupted - model solved by another algorithm
[2025-09-13 19:00:58] DEBUG    Solved with dual simplex
[2025-09-13 19:01:05] DEBUG    Iteration    Objective       Primal Inf.    Dual Inf.      Time
[2025-09-13 19:01:05] DEBUG    294546    1.1312710e+10   0.000000e+00   0.000000e+00     86s

Solved in 294546 iterations and 85.59 seconds (95.05 work units)
Optimal objective  1.131271037e+10
❌ Errore nel run di autarky_CG+VRES_2030_nostorage: 'Model' object has no attribute 'backend_model'

🚀 Lancio scenario: autarky_GT+VRES_2030_PHES
[2025-09-13 19:12:47] INFO     Loading sets
[2025-09-13 19:12:47] INFO     Loading parameters
[2025-09-13 19:13:22] INFO     constraints are loaded in the following order: ['energy_balance', 'dispatch', 'costs', 'capacity', 'network', 'policy', 'conversion', 'group', 'conversion_plus', 'milp', 'export']
[2025-09-13 19:13:22] INFO     creating energy_balance constraints
[2025-09-13 19:16:17] INFO     creating dispatch constraints
[2025-09-13 19:18:12] INFO     creating costs constraints
[2025-09-13 19:26:55] INFO     creating capacity constraints
[2025-09-13 19:26:55] INFO     creating network constraints
[2025-09-13 19:26:55] INFO     creating policy constraints
[2025-09-13 19:26:55] INFO     creating conversion constraints
[2025-09-13 19:26:55] INFO     creating group constraints
[2025-09-13 19:26:55] INFO     creating conversion_plus constraints
[2025-09-13 19:26:55] INFO     creating milp constraints
[2025-09-13 19:26:55] INFO     creating export constraints
[2025-09-13 19:38:56] DEBUG    Set parameter WLSAccessID
Set parameter WLSSecret
Set parameter LicenseID to value 2680226
[2025-09-13 19:38:56] DEBUG    Academic license 2680226 - for non-commercial use only - registered to an___@mail.polimi.it
[2025-09-13 19:39:30] DEBUG    Read LP format model from file /tmp/tmpubaqw_hr.pyomo.lp
Reading time = 33.65 seconds
x16576902: 22288504 rows, 16576902 columns, 54301786 nonzeros
[2025-09-13 19:39:30] DEBUG    Set parameter NumericFocus to value 1
Gurobi Optimizer version 12.0.2 build v12.0.2rc0 (linux64 - "Debian GNU/Linux 11 (bullseye)")

CPU model: Intel(R) Xeon(R) Silver 4314 CPU @ 2.40GHz, instruction set [SSE2|AVX|AVX2|AVX512]
Thread count: 32 physical cores, 64 logical processors, using up to 32 threads

Non-default parameters:
NumericFocus  1
[2025-09-13 19:39:30] DEBUG    Academic license 2680226 - for non-commercial use only - registered to an___@mail.polimi.it
Optimize a model with 22288504 rows, 16576902 columns and 54301786 nonzeros
[2025-09-13 19:39:30] DEBUG    Model fingerprint: 0xd6894079
[2025-09-13 19:39:31] DEBUG    Coefficient statistics:
  Matrix range     [1e-07, 3e+02]
  Objective range  [1e+00, 1e+06]
  Bounds range     [0e+00, 0e+00]
  RHS range        [1e+00, 6e+09]
Warning: Model contains large rhs
[2025-09-13 19:39:37] DEBUG    Presolve removed 17959373 rows and 10140781 columns (presolve time = 6s)...
[2025-09-13 19:39:41] DEBUG    Presolve removed 18431319 rows and 12320000 columns (presolve time = 10s)...
[2025-09-13 19:39:46] DEBUG    Presolve removed 20051311 rows and 13894414 columns (presolve time = 15s)...
[2025-09-13 19:39:52] DEBUG    Presolve removed 20589200 rows and 13911934 columns (presolve time = 21s)...
[2025-09-13 19:39:53] DEBUG    Presolve removed 20729344 rows and 13911934 columns
[2025-09-13 19:39:53] DEBUG    Presolve time: 23.74s
Presolved: 1559160 rows, 2805112 columns, 8226858 nonzeros

Concurrent LP optimizer: primal simplex, dual simplex, and barrier
Showing barrier log only...
[2025-09-13 19:39:56] DEBUG    Ordering time: 0.89s
[2025-09-13 19:39:57] DEBUG    Barrier statistics:
 Dense cols : 141
[2025-09-13 19:39:57] DEBUG    AA' NZ     : 8.012e+06
 Factor NZ  : 2.881e+07 (roughly 2.0 GB of memory)
 Factor Ops : 8.000e+08 (less than 1 second per iteration)
 Threads    : 30
[2025-09-13 19:40:00] DEBUG    Objective                Residual
[2025-09-13 19:40:00] DEBUG    Iter       Primal          Dual         Primal    Dual     Compl     Time
[2025-09-13 19:40:00] DEBUG    0   2.61167674e+21 -7.93154201e+18  6.49e+10 2.89e-11  4.70e+15    30s
[2025-09-13 19:40:04] DEBUG    1   2.39390744e+21 -8.18346808e+18  5.92e+10 2.41e+05  3.93e+15    34s
[2025-09-13 19:40:10] DEBUG    2   2.27353703e+21 -3.61750486e+19  5.63e+10 1.81e+05  3.73e+15    40s
[2025-09-13 19:40:18] DEBUG    3   2.00721640e+21 -9.22226586e+19  4.99e+10 7.96e+04  3.25e+15    48s
[2025-09-13 19:40:24] DEBUG    4   1.49981792e+21 -1.17183872e+20  3.66e+10 2.45e+04  2.37e+15    54s
[2025-09-13 19:40:31] DEBUG    5   9.23212116e+20 -1.16159772e+20  2.22e+10 5.48e+03  1.45e+15    61s
[2025-09-13 19:40:38] DEBUG    6   5.37404599e+20 -1.03026838e+20  1.27e+10 1.55e+03  8.30e+14    68s
[2025-09-13 19:40:44] DEBUG    7   1.17304932e+20 -9.23609366e+19  2.43e+09 7.45e+02  1.77e+14    74s
[2025-09-13 19:40:48] DEBUG    8   3.35967058e+19 -4.75165994e+19  6.72e+08 1.10e+02  5.10e+13    78s
[2025-09-13 19:40:52] DEBUG    9   1.09569257e+19 -2.13239883e+19  2.13e+08 2.61e+01  1.66e+13    83s
[2025-09-13 19:40:57] DEBUG    10   6.14913467e+18 -1.04476110e+19  1.18e+08 9.62e+00  8.68e+12    87s
[2025-09-13 19:41:01] DEBUG    11   3.45014486e+18 -4.85754041e+18  6.57e+07 2.73e+00  4.49e+12    91s
[2025-09-13 19:41:05] DEBUG    12   1.77458028e+18 -2.79114913e+18  3.34e+07 1.16e+00  2.27e+12    95s
[2025-09-13 19:41:09] DEBUG    13   5.70982845e+17 -1.37285147e+18  1.06e+07 3.75e-01  7.70e+11    99s
[2025-09-13 19:41:14] DEBUG    14   1.10226355e+17 -4.55832448e+17  2.04e+06 9.09e-02  1.68e+11   104s
[2025-09-13 19:41:18] DEBUG    15   9.42615465e+15 -8.26796804e+16  1.59e+05 1.20e-02  1.96e+10   108s
[2025-09-13 19:41:23] DEBUG    16   4.06981495e+14 -4.39607970e+15  9.79e+01 1.28e-04  7.74e+08   113s
[2025-09-13 19:41:27] DEBUG    17   3.80184176e+14 -7.06356355e+14  3.39e+00 2.06e-03  1.26e+08   117s
[2025-09-13 19:41:31] DEBUG    18   3.63405956e+14 -5.01347325e+14  2.77e-04 1.56e-03  8.97e+07   121s
[2025-09-13 19:41:37] DEBUG    19   3.46654342e+14 -8.92646456e+13  1.66e-04 4.80e-03  1.67e+07   128s
[2025-09-13 19:41:51] DEBUG    20   3.36070443e+14 -5.05924299e+13  1.30e-04 7.64e-02  9.20e+06   141s
[2025-09-13 19:41:58] DEBUG    21   3.29551340e+14 -2.45128843e+13  7.06e-05 3.93e-02  4.67e+06   148s
[2025-09-13 19:42:03] DEBUG    22   3.25660712e+14 -1.88204389e+13  5.72e-05 3.14e-02  3.65e+06   153s
[2025-09-13 19:42:08] DEBUG    23   3.21724531e+14 -1.03874842e+13  5.29e-05 2.14e-02  2.15e+06   159s
[2025-09-13 19:42:15] DEBUG    24   3.18743322e+14 -6.46693598e+12  7.20e-05 3.23e-02  1.43e+06   166s
[2025-09-13 19:42:20] DEBUG    25   3.16381783e+14 -4.32950240e+12  5.39e-05 4.80e-02  1.01e+06   171s
[2025-09-13 19:42:27] DEBUG    26   3.12541535e+14 -2.55537229e+12  5.29e-05 6.10e-02  6.37e+05   177s
[2025-09-13 19:42:35] DEBUG    27   3.08230715e+14 -1.46251782e+12  6.06e-05 6.21e-02  4.01e+05   185s
[2025-09-13 19:42:48] DEBUG    28   3.06877899e+14 -1.18925683e+12  5.48e-05 5.99e-02  3.41e+05   198s
[2025-09-13 19:42:55] DEBUG    29   3.03805235e+14 -7.84153227e+11  5.05e-05 6.01e-02  2.46e+05   205s
[2025-09-13 19:43:08] DEBUG    30   3.00231533e+14 -4.88843369e+11  4.58e-05 6.00e-02  1.69e+05   218s
[2025-09-13 19:43:18] DEBUG    31   2.97457618e+14 -3.71970684e+11  4.05e-05 5.82e-02  1.35e+05   229s
[2025-09-13 19:43:29] DEBUG    32   2.95510426e+14 -2.70435657e+11  6.29e-05 5.46e-02  1.07e+05   239s
[2025-09-13 19:43:39] DEBUG    33   2.90190592e+14 -1.64114109e+11  7.58e-05 5.42e-02  7.01e+04   250s
[2025-09-13 19:43:50] DEBUG    34   2.85050238e+14 -7.25567123e+10  3.31e-05 4.73e-02  4.10e+04   261s
[2025-09-13 19:44:00] DEBUG    35   2.82007506e+14 -4.70963673e+10  5.82e-05 4.22e-02  3.13e+04   270s
[2025-09-13 19:44:08] DEBUG    36   2.79671475e+14 -3.48794522e+10  7.20e-05 3.87e-02  2.61e+04   278s
[2025-09-13 19:44:14] DEBUG    37   2.77679380e+14 -3.35112047e+10  6.34e-05 3.79e-02  2.36e+04   284s
[2025-09-13 19:44:20] DEBUG    38   2.76927554e+14 -3.02222491e+10  7.20e-05 3.62e-02  2.22e+04   290s
[2025-09-13 19:44:27] DEBUG    39   2.76439489e+14 -2.84060484e+10  7.82e-05 3.51e-02  2.14e+04   297s
[2025-09-13 19:44:37] DEBUG    40   2.74143518e+14 -1.77091738e+10  5.39e-05 2.85e-02  1.72e+04   308s
[2025-09-13 19:44:48] DEBUG    41   2.72222428e+14 -1.29955264e+10  5.77e-05 2.59e-02  1.47e+04   318s
[2025-09-13 19:44:55] DEBUG    42   2.71782490e+14 -1.18911324e+10  6.08e-05 2.49e-02  1.42e+04   325s
[2025-09-13 19:45:05] DEBUG    43   2.69660212e+14 -1.07673531e+10  5.77e-05 2.40e-02  1.25e+04   336s
[2025-09-13 19:45:15] DEBUG    44   2.68630291e+14 -9.88640922e+09  5.05e-05 2.32e-02  1.18e+04   345s
[2025-09-13 19:45:25] DEBUG    45   2.67110691e+14 -8.58695271e+09  7.58e-05 2.31e-02  1.07e+04   356s
[2025-09-13 19:45:36] DEBUG    46   2.65540396e+14 -7.53213700e+09  9.20e-05 2.31e-02  9.78e+03   366s
[2025-09-13 19:45:46] DEBUG    47   2.64341064e+14 -6.63962260e+09  9.49e-05 2.30e-02  9.08e+03   377s
[2025-09-13 19:45:53] DEBUG    48   2.63802034e+14 -5.97850140e+09  9.35e-05 2.30e-02  8.76e+03   383s
[2025-09-13 19:46:00] DEBUG    49   2.63176405e+14 -5.40644451e+09  8.44e-05 2.30e-02  8.43e+03   391s
[2025-09-13 19:46:07] DEBUG    50   2.62490763e+14 -4.81117721e+09  7.49e-05 2.29e-02  8.08e+03   398s
[2025-09-13 19:46:14] DEBUG    51   2.61870914e+14 -4.21299018e+09  7.58e-05 2.29e-02  7.76e+03   405s
[2025-09-13 19:46:21] DEBUG    52   2.61090526e+14 -3.58863214e+09  7.06e-05 2.28e-02  7.39e+03   412s
[2025-09-13 19:46:30] DEBUG    53   2.60467264e+14 -2.92664827e+09  1.08e-04 2.27e-02  7.08e+03   420s
[2025-09-13 19:46:40] DEBUG    54   2.58849416e+14 -1.73426877e+09  8.87e-05 2.25e-02  6.32e+03   430s
[2025-09-13 19:46:51] DEBUG    55   2.56994225e+14 -8.11469931e+08  8.11e-05 2.22e-02  5.62e+03   441s
[2025-09-13 19:47:01] DEBUG    56   2.55712624e+14  1.30795195e+08  7.49e-05 2.18e-02  5.12e+03   452s
[2025-09-13 19:47:09] DEBUG    57   2.55169161e+14  8.95500284e+08  8.49e-05 2.14e-02  4.87e+03   459s
[2025-09-13 19:47:16] DEBUG    58   2.54265120e+14  1.56747648e+09  8.11e-05 2.09e-02  4.56e+03   466s
[2025-09-13 19:47:24] DEBUG    59   2.53403150e+14  2.10800957e+09  8.92e-05 2.04e-02  4.30e+03   474s
[2025-09-13 19:47:31] DEBUG    60   2.52660427e+14  2.55943573e+09  9.87e-05 1.97e-02  4.09e+03   481s
[2025-09-13 19:47:39] DEBUG    61   2.51465540e+14  3.01448303e+09  9.54e-05 1.91e-02  3.79e+03   489s
[2025-09-13 19:47:45] DEBUG    62   2.50594829e+14  3.44373689e+09  8.01e-05 1.84e-02  3.58e+03   496s
[2025-09-13 19:47:54] DEBUG    63   2.50116769e+14  3.81864383e+09  1.13e-04 1.77e-02  3.44e+03   505s
[2025-09-13 19:48:01] DEBUG    64   2.49084647e+14  3.98512322e+09  1.01e-04 1.73e-02  3.25e+03   511s
[2025-09-13 19:48:11] DEBUG    65   2.47373919e+14  4.11447947e+09  1.04e-04 1.70e-02  2.92e+03   522s
[2025-09-13 19:48:24] DEBUG    66   2.45974198e+14  4.48624153e+09  8.68e-05 1.62e-02  2.66e+03   534s
[2025-09-13 19:48:34] DEBUG    67   2.44643052e+14  5.24031304e+09  8.58e-05 1.41e-02  2.37e+03   545s
[2025-09-13 19:48:45] DEBUG    68   2.42213231e+14  5.57864624e+09  9.39e-05 1.30e-02  2.02e+03   556s
[2025-09-13 19:48:56] DEBUG    69   2.40516644e+14  5.98606634e+09  6.43e-05 1.17e-02  1.78e+03   566s
[2025-09-13 19:49:04] DEBUG    70   2.40281577e+14  6.24760999e+09  9.16e-05 1.16e-02  1.72e+03   574s
[2025-09-13 19:49:12] DEBUG    71   2.39219389e+14  6.40459371e+09  8.96e-05 1.15e-02  1.61e+03   583s
[2025-09-13 19:49:23] DEBUG    72   2.38338226e+14  6.57137525e+09  6.25e-05 1.15e-02  1.52e+03   593s
[2025-09-13 19:49:34] DEBUG    73   2.37437173e+14  6.72161815e+09  5.65e-05 1.15e-02  1.43e+03   604s
[2025-09-13 19:49:46] DEBUG    74   2.36353619e+14  6.84698107e+09  6.20e-05 1.15e-02  1.34e+03   616s
[2025-09-13 19:49:56] DEBUG    75   2.34487316e+14  7.07239780e+09  6.72e-05 1.15e-02  1.18e+03   626s
[2025-09-13 19:50:08] DEBUG    76   2.32638256e+14  7.22081235e+09  4.91e-05 1.15e-02  1.04e+03   638s
[2025-09-13 19:50:19] DEBUG    77   2.31369955e+14  7.41550372e+09  6.48e-05 1.15e-02  9.39e+02   649s
[2025-09-13 19:50:29] DEBUG    78   2.30346840e+14  7.68479897e+09  7.01e-05 1.15e-02  8.39e+02   660s
[2025-09-13 19:50:41] DEBUG    79   2.29471140e+14  7.85151314e+09  5.96e-05 1.15e-02  7.75e+02   671s
[2025-09-13 19:50:52] DEBUG    80   2.28127155e+14  7.90292014e+09  5.55e-05 1.15e-02  7.09e+02   683s
[2025-09-13 19:51:04] DEBUG    81   2.27320573e+14  8.07244884e+09  6.58e-05 1.15e-02  6.63e+02   694s
[2025-09-13 19:51:14] DEBUG    82   2.25380667e+14  8.20577292e+09  5.34e-05 1.15e-02  5.84e+02   704s
[2025-09-13 19:51:24] DEBUG    83   2.24904749e+14  8.30432486e+09  7.72e-05 1.15e-02  5.57e+02   714s
[2025-09-13 19:51:33] DEBUG    84   2.23275729e+14  8.39063696e+09  5.53e-05 1.15e-02  4.94e+02   724s
[2025-09-13 19:51:44] DEBUG    85   2.22293825e+14  8.55931709e+09  6.56e-05 1.15e-02  4.53e+02   734s
[2025-09-13 19:51:55] DEBUG    86   2.20252801e+14  8.71269605e+09  5.29e-05 1.14e-02  3.92e+02   745s
[2025-09-13 19:52:06] DEBUG    87   2.19543047e+14  8.77984339e+09  6.58e-05 1.14e-02  3.69e+02   756s
[2025-09-13 19:52:16] DEBUG    88   2.18879731e+14  8.81767574e+09  7.01e-05 1.14e-02  3.52e+02   766s
[2025-09-13 19:52:25] DEBUG    89   2.18587149e+14  8.83221003e+09  8.73e-05 1.14e-02  3.46e+02   775s
[2025-09-13 19:52:36] DEBUG    90   2.17618686e+14  8.85879073e+09  6.58e-05 1.14e-02  3.22e+02   786s
[2025-09-13 19:52:47] DEBUG    91   2.16761476e+14  8.90795885e+09  7.63e-05 1.14e-02  2.99e+02   798s
[2025-09-13 19:52:59] DEBUG    92   2.15742857e+14  8.95317929e+09  6.63e-05 1.14e-02  2.76e+02   809s
[2025-09-13 19:53:10] DEBUG    93   2.14345524e+14  8.98277660e+09  7.39e-05 1.14e-02  2.47e+02   820s
[2025-09-13 19:53:23] DEBUG    94   2.13832032e+14  9.00676511e+09  7.53e-05 1.14e-02  2.36e+02   833s
[2025-09-13 19:53:33] DEBUG    95   2.11932971e+14  9.01526054e+09  9.16e-05 1.14e-02  2.08e+02   843s
[2025-09-13 19:53:45] DEBUG    96   2.11098178e+14  9.02252630e+09  7.58e-05 1.14e-02  1.96e+02   855s
[2025-09-13 19:53:55] DEBUG    97   2.10660598e+14  9.02534782e+09  6.72e-05 1.14e-02  1.91e+02   865s
[2025-09-13 19:54:06] DEBUG    98   2.09860068e+14  9.03229384e+09  7.65e-05 1.14e-02  1.80e+02   876s
[2025-09-13 19:54:16] DEBUG    99   2.09050656e+14  9.03683225e+09  7.92e-05 1.14e-02  1.71e+02   886s
[2025-09-13 19:54:28] DEBUG    100   2.07999889e+14  9.04021520e+09  7.91e-05 1.14e-02  1.60e+02   899s
[2025-09-13 19:54:39] DEBUG    101   2.07541838e+14  9.04256535e+09  7.96e-05 1.14e-02  1.54e+02   909s
[2025-09-13 19:54:49] DEBUG    102   2.06625675e+14  9.04605887e+09  9.73e-05 1.14e-02  1.45e+02   919s
[2025-09-13 19:54:57] DEBUG    103   2.06303995e+14  9.05175052e+09  8.25e-05 1.14e-02  1.41e+02   927s
[2025-09-13 19:55:08] DEBUG    104   2.04865884e+14  9.05426146e+09  7.58e-05 1.14e-02  1.29e+02   938s
[2025-09-13 19:55:20] DEBUG    105   2.03972161e+14  9.05809648e+09  1.03e-04 1.14e-02  1.21e+02   950s
[2025-09-13 19:55:31] DEBUG    106   2.03058550e+14  9.06138193e+09  7.17e-05 1.14e-02  1.14e+02   961s
[2025-09-13 19:55:38] DEBUG    107   2.02624151e+14  9.06318787e+09  8.15e-05 1.14e-02  1.11e+02   968s
[2025-09-13 19:55:45] DEBUG    108   2.02039673e+14  9.06445147e+09  1.27e-04 1.14e-02  1.07e+02   975s
[2025-09-13 19:55:53] DEBUG    109   2.01507962e+14  9.06839607e+09  8.73e-05 1.14e-02  1.03e+02   983s
[2025-09-13 19:56:03] DEBUG    110   2.00713005e+14  9.07133951e+09  7.72e-05 1.14e-02  9.76e+01   993s
[2025-09-13 19:56:14] DEBUG    111   1.99791337e+14  9.07447911e+09  8.25e-05 1.14e-02  9.14e+01  1004s
[2025-09-13 19:56:24] DEBUG    112   1.98916134e+14  9.07883005e+09  8.82e-05 1.14e-02  8.61e+01  1014s
[2025-09-13 19:56:35] DEBUG    113   1.97862449e+14  9.08338227e+09  7.77e-05 1.14e-02  7.99e+01  1025s
[2025-09-13 19:56:45] DEBUG    114   1.97194326e+14  9.08482949e+09  7.20e-05 1.14e-02  7.65e+01  1036s
[2025-09-13 19:56:54] DEBUG    115   1.96121606e+14  9.08785829e+09  7.30e-05 1.14e-02  7.10e+01  1044s
[2025-09-13 19:57:04] DEBUG    116   1.95684348e+14  9.08990011e+09  8.49e-05 1.14e-02  6.90e+01  1054s
[2025-09-13 19:57:19] DEBUG    117   1.94862771e+14  9.09137276e+09  1.20e-04 1.14e-02  6.58e+01  1069s
[2025-09-13 19:57:29] DEBUG    118   1.94092189e+14  9.09311178e+09  7.63e-05 1.14e-02  6.26e+01  1080s
[2025-09-13 19:57:37] DEBUG    119   1.93827395e+14  9.09370122e+09  7.52e-05 1.14e-02  6.16e+01  1087s
[2025-09-13 19:57:48] DEBUG    120   1.93461041e+14  9.09513063e+09  1.16e-04 1.14e-02  6.02e+01  1098s
[2025-09-13 19:58:00] DEBUG    121   1.92893737e+14  9.09619821e+09  1.05e-04 1.14e-02  5.80e+01  1110s
[2025-09-13 19:58:10] DEBUG    122   1.92470623e+14  9.09692370e+09  8.63e-05 1.14e-02  5.65e+01  1120s
[2025-09-13 19:58:21] DEBUG    123   1.92001765e+14  9.10000225e+09  8.11e-05 1.14e-02  5.47e+01  1131s
[2025-09-13 19:58:29] DEBUG    124   1.91357959e+14  9.10093133e+09  1.09e-04 1.14e-02  5.25e+01  1140s
[2025-09-13 19:58:37] DEBUG    125   1.91094469e+14  9.10114783e+09  9.44e-05 1.14e-02  5.16e+01  1147s
[2025-09-13 19:58:47] DEBUG    126   1.90641451e+14  9.10231851e+09  8.30e-05 1.14e-02  5.01e+01  1158s
[2025-09-13 19:58:58] DEBUG    127   1.90293425e+14  9.10473661e+09  7.25e-05 1.14e-02  4.90e+01  1169s
[2025-09-13 19:59:10] DEBUG    128   1.89639924e+14  9.10425615e+09  6.96e-05 1.14e-02  4.76e+01  1180s
[2025-09-13 19:59:20] DEBUG    129   1.88576738e+14  9.10700183e+09  6.47e-05 1.14e-02  4.45e+01  1190s
[2025-09-13 19:59:28] DEBUG    130   1.88041784e+14  9.10884470e+09  9.35e-05 1.14e-02  4.30e+01  1198s
[2025-09-13 19:59:28] DEBUG    Barrier performed 130 iterations in 1198.16 seconds (225.31 work units)
[2025-09-13 19:59:28] DEBUG    Barrier solve interrupted - model solved by another algorithm
[2025-09-13 19:59:28] DEBUG    Solved with dual simplex
[2025-09-13 19:59:39] DEBUG    Iteration    Objective       Primal Inf.    Dual Inf.      Time
[2025-09-13 19:59:39] DEBUG    683826    1.1312710e+10   0.000000e+00   0.000000e+00   1209s

Solved in 683826 iterations and 1208.93 seconds (280.67 work units)
[2025-09-13 19:59:39] DEBUG    Optimal objective  1.131271037e+10
❌ Errore nel run di autarky_GT+VRES_2030_PHES: 'Model' object has no attribute 'backend_model'
🏁 Tutti gli scenari sono stati processati.
