
🚀 Lancio scenario: autarky_VRES_2030_BESS
[2025-08-20 22:08:43] INFO     Loading sets
[2025-08-20 22:08:43] INFO     Loading parameters
[2025-08-20 22:09:28] INFO     constraints are loaded in the following order: ['energy_balance', 'dispatch', 'costs', 'capacity', 'network', 'policy', 'conversion', 'group', 'conversion_plus', 'milp', 'export']
[2025-08-20 22:09:28] INFO     creating energy_balance constraints
[2025-08-20 22:13:10] INFO     creating dispatch constraints
[2025-08-20 22:16:09] INFO     creating costs constraints
[2025-08-20 22:25:14] INFO     creating capacity constraints
[2025-08-20 22:25:14] INFO     creating network constraints
[2025-08-20 22:25:14] INFO     creating policy constraints
[2025-08-20 22:25:14] INFO     creating conversion constraints
[2025-08-20 22:25:14] INFO     creating group constraints
[2025-08-20 22:25:14] INFO     creating conversion_plus constraints
[2025-08-20 22:25:14] INFO     creating milp constraints
[2025-08-20 22:25:14] INFO     creating export constraints
[2025-08-20 22:36:45] DEBUG    Set parameter WLSAccessID
Set parameter WLSSecret
Set parameter LicenseID to value 2680226
[2025-08-20 22:36:45] DEBUG    Academic license 2680226 - for non-commercial use only - registered to an___@mail.polimi.it
[2025-08-20 22:37:18] DEBUG    Read LP format model from file /tmp/tmpky46sv29.pyomo.lp
Reading time = 32.84 seconds
x16068742: 21894193 rows, 16068742 columns, 52641835 nonzeros
[2025-08-20 22:37:18] DEBUG    Set parameter NumericFocus to value 1
Gurobi Optimizer version 12.0.2 build v12.0.2rc0 (linux64 - "Debian GNU/Linux 11 (bullseye)")

CPU model: Intel(R) Xeon(R) Silver 4314 CPU @ 2.40GHz, instruction set [SSE2|AVX|AVX2|AVX512]
Thread count: 32 physical cores, 64 logical processors, using up to 32 threads

Non-default parameters:
NumericFocus  1
[2025-08-20 22:37:18] DEBUG    Academic license 2680226 - for non-commercial use only - registered to an___@mail.polimi.it
Optimize a model with 21894193 rows, 16068742 columns and 52641835 nonzeros
[2025-08-20 22:37:19] DEBUG    Model fingerprint: 0xc8eb1078
[2025-08-20 22:37:19] DEBUG    Coefficient statistics:
  Matrix range     [1e-07, 3e+02]
  Objective range  [1e+00, 1e+06]
  Bounds range     [0e+00, 0e+00]
  RHS range        [1e+00, 2e+08]
[2025-08-20 22:37:24] DEBUG    Presolve removed 17670178 rows and 9452832 columns (presolve time = 6s)...
[2025-08-20 22:37:29] DEBUG    Presolve removed 18996595 rows and 12570000 columns (presolve time = 10s)...
[2025-08-20 22:37:34] DEBUG    Presolve removed 19788321 rows and 13310947 columns (presolve time = 15s)...
[2025-08-20 22:37:38] DEBUG    Presolve removed 20475119 rows and 13328467 columns
[2025-08-20 22:37:38] DEBUG    Presolve time: 19.68s
Presolved: 1419074 rows, 2889178 columns, 8204425 nonzeros

Concurrent LP optimizer: primal simplex, dual simplex, and barrier
Showing barrier log only...
[2025-08-20 22:37:40] DEBUG    Ordering time: 0.90s
[2025-08-20 22:37:41] DEBUG    Barrier statistics:
 Dense cols : 115
[2025-08-20 22:37:41] DEBUG    AA' NZ     : 8.251e+06
 Factor NZ  : 2.663e+07 (roughly 2.0 GB of memory)
 Factor Ops : 7.079e+08 (less than 1 second per iteration)
 Threads    : 30
[2025-08-20 22:37:44] DEBUG    Objective                Residual
[2025-08-20 22:37:44] DEBUG    Iter       Primal          Dual         Primal    Dual     Compl     Time
[2025-08-20 22:37:45] DEBUG    0   4.68904331e+21 -1.12120795e+19  6.49e+10 3.55e-01  6.24e+15    27s
[2025-08-20 22:37:49] DEBUG    1   1.71069041e+21 -1.12429798e+19  2.06e+10 3.45e+05  2.43e+15    31s
[2025-08-20 22:37:55] DEBUG    2   1.02748500e+21 -8.55080178e+18  1.17e+10 5.94e+04  1.03e+15    37s
[2025-08-20 22:38:02] DEBUG    3   6.24074716e+20 -7.66550676e+18  6.93e+09 1.62e+04  5.70e+14    44s
[2025-08-20 22:38:06] DEBUG    4   4.42053015e+20 -7.31982603e+18  4.91e+09 9.78e+03  3.99e+14    48s
[2025-08-20 22:38:09] DEBUG    5   3.79517771e+20 -6.93496348e+18  4.19e+09 3.38e+03  3.33e+14    51s
[2025-08-20 22:38:13] DEBUG    6   2.05696305e+20 -6.64692030e+18  2.23e+09 1.35e+03  1.79e+14    55s
[2025-08-20 22:38:17] DEBUG    7   1.85254651e+20 -6.37076364e+18  2.00e+09 5.68e+02  1.61e+14    59s
[2025-08-20 22:38:20] DEBUG    8   1.44619760e+20 -6.04248237e+18  1.56e+09 3.01e+02  1.25e+14    62s
[2025-08-20 22:38:25] DEBUG    9   1.03355159e+20 -5.56034077e+18  1.11e+09 1.08e+02  8.89e+13    67s
[2025-08-20 22:38:29] DEBUG    10   9.17690091e+19 -5.31861345e+18  9.87e+08 7.46e+01  7.88e+13    71s
[2025-08-20 22:38:34] DEBUG    11   4.63337518e+19 -4.78384056e+18  5.05e+08 2.56e+01  4.03e+13    76s
[2025-08-20 22:38:38] DEBUG    12   2.64836009e+19 -4.09036474e+18  2.89e+08 1.28e+01  2.31e+13    80s
[2025-08-20 22:38:44] DEBUG    13   7.59261477e+18 -3.29244706e+18  8.31e+07 5.21e+00  6.90e+12    86s
[2025-08-20 22:38:51] DEBUG    14   2.18630347e+18 -1.87272047e+18  2.34e+07 1.37e+00  2.01e+12    93s
[2025-08-20 22:38:56] DEBUG    15   3.12292174e+17 -1.02918025e+18  3.15e+06 5.65e-01  3.94e+11    98s
[2025-08-20 22:38:59] DEBUG    16   4.75404718e+16 -6.65453030e+17  4.41e+05 3.36e-01  1.47e+11   101s
[2025-08-20 22:39:03] DEBUG    17   3.28639276e+15 -4.51044669e+16  2.63e+04 2.05e-02  9.01e+09   105s
[2025-08-20 22:39:07] DEBUG    18   1.32838803e+14 -2.31766229e+15  3.33e+01 2.67e-02  4.15e+08   109s
[2025-08-20 22:39:10] DEBUG    19   1.30369896e+14 -4.89052365e+14  4.52e-01 2.59e-02  9.03e+07   113s
[2025-08-20 22:39:17] DEBUG    20   1.17229626e+14 -2.42030227e+14  1.28e-03 2.69e-02  4.44e+07   119s
[2025-08-20 22:39:28] DEBUG    21   1.12758058e+14 -1.55876545e+14  9.84e-04 2.74e-02  2.88e+07   130s
[2025-08-20 22:39:44] DEBUG    22   1.10153356e+14 -9.72009869e+13  8.58e-04 2.80e-02  1.81e+07   146s
[2025-08-20 22:39:59] DEBUG    23   1.04394754e+14 -5.00051800e+13  6.79e-04 2.82e-02  9.43e+06   161s
[2025-08-20 22:40:14] DEBUG    24   1.02199537e+14 -3.45063832e+13  5.95e-04 2.63e-02  6.55e+06   177s
[2025-08-20 22:40:31] DEBUG    25   1.00660264e+14 -3.05618587e+13  5.11e-04 2.60e-02  5.79e+06   193s
[2025-08-20 22:40:44] DEBUG    26   9.94325409e+13 -1.77198912e+13  4.50e-04 2.67e-02  3.41e+06   206s
[2025-08-20 22:40:56] DEBUG    27   9.53052124e+13 -1.18744648e+13  5.80e-04 2.71e-02  2.23e+06   218s
[2025-08-20 22:41:16] DEBUG    28   9.45482079e+13 -9.44988597e+12  6.10e-04 2.72e-02  1.76e+06   238s
[2025-08-20 22:41:29] DEBUG    29   9.26169133e+13 -6.73024969e+12  5.04e-04 2.71e-02  1.24e+06   251s
[2025-08-20 22:41:41] DEBUG    30   9.13319315e+13 -5.36737065e+12  5.34e-04 2.69e-02  9.69e+05   263s
[2025-08-20 22:41:56] DEBUG    31   8.82668755e+13 -4.51376862e+12  6.64e-04 2.68e-02  7.69e+05   278s
[2025-08-20 22:42:09] DEBUG    32   8.65640216e+13 -3.56025419e+12  5.57e-04 2.67e-02  5.75e+05   291s
[2025-08-20 22:42:19] DEBUG    33   8.60664947e+13 -2.67883868e+12  5.19e-04 2.66e-02  4.09e+05   301s
[2025-08-20 22:42:27] DEBUG    34   8.47088998e+13 -2.27860378e+12  6.56e-04 2.66e-02  3.19e+05   309s
[2025-08-20 22:42:39] DEBUG    35   8.35217158e+13 -1.64079243e+12  6.10e-04 2.66e-02  1.97e+05   321s
[2025-08-20 22:42:50] DEBUG    36   8.21469701e+13 -1.42689146e+12  7.10e-04 2.65e-02  1.51e+05   332s
[2025-08-20 22:43:05] DEBUG    37   8.20726194e+13 -1.31205131e+12  7.02e-04 2.65e-02  1.31e+05   348s
[2025-08-20 22:43:16] DEBUG    38   8.05046291e+13 -1.24765711e+12  9.16e-04 2.64e-02  1.11e+05   358s
[2025-08-20 22:43:26] DEBUG    39   7.98096922e+13 -9.62844547e+11  8.09e-04 2.65e-02  6.49e+04   368s
[2025-08-20 22:43:37] DEBUG    40   7.93930287e+13 -8.69672911e+11  8.24e-04 2.65e-02  5.03e+04   379s
[2025-08-20 22:43:46] DEBUG    41   7.87872796e+13 -8.14114404e+11  8.32e-04 2.65e-02  4.01e+04   388s
[2025-08-20 22:43:56] DEBUG    42   7.85207712e+13 -7.70878723e+11  7.55e-04 2.65e-02  3.37e+04   398s
[2025-08-20 22:44:04] DEBUG    43   7.81451247e+13 -7.50341246e+11  6.26e-04 2.65e-02  2.94e+04   406s
[2025-08-20 22:44:13] DEBUG    44   7.79203058e+13 -7.29985596e+11  5.99e-04 2.64e-02  2.57e+04   415s
[2025-08-20 22:44:21] DEBUG    45   7.78318057e+13 -7.19894129e+11  5.80e-04 2.64e-02  2.39e+04   423s
[2025-08-20 22:44:30] DEBUG    46   7.75839395e+13 -7.00548167e+11  5.46e-04 2.64e-02  2.07e+04   432s
[2025-08-20 22:44:39] DEBUG    47   7.71423493e+13 -6.88988588e+11  4.27e-04 2.64e-02  1.76e+04   442s
[2025-08-20 22:44:49] DEBUG    48   7.69480317e+13 -6.84731956e+11  4.08e-04 2.64e-02  1.65e+04   451s
[2025-08-20 22:44:59] DEBUG    49   7.67676275e+13 -6.78104892e+11  3.81e-04 2.64e-02  1.50e+04   461s
[2025-08-20 22:45:09] DEBUG    50   7.65946686e+13 -6.73387512e+11  3.55e-04 2.64e-02  1.39e+04   471s
[2025-08-20 22:45:19] DEBUG    51   7.64528861e+13 -6.69998886e+11  3.20e-04 2.64e-02  1.31e+04   481s
[2025-08-20 22:45:28] DEBUG    52   7.63534697e+13 -6.67010205e+11  3.09e-04 2.63e-02  1.24e+04   491s
[2025-08-20 22:45:37] DEBUG    53   7.62297963e+13 -6.63504163e+11  3.05e-04 2.63e-02  1.16e+04   499s
[2025-08-20 22:45:47] DEBUG    54   7.60806282e+13 -6.61118612e+11  2.94e-04 2.63e-02  1.09e+04   509s
[2025-08-20 22:45:56] DEBUG    55   7.59598982e+13 -6.57504278e+11  2.86e-04 2.63e-02  1.02e+04   518s
[2025-08-20 22:46:04] DEBUG    56   7.58927332e+13 -6.57084552e+11  2.82e-04 2.63e-02  9.97e+03   526s
[2025-08-20 22:46:14] DEBUG    57   7.57422086e+13 -6.54602536e+11  2.59e-04 2.63e-02  9.38e+03   536s
[2025-08-20 22:46:24] DEBUG    58   7.55591409e+13 -6.52739164e+11  2.56e-04 2.63e-02  8.79e+03   546s
[2025-08-20 22:46:34] DEBUG    59   7.53385819e+13 -6.51487956e+11  2.29e-04 2.63e-02  8.21e+03   556s
[2025-08-20 22:46:45] DEBUG    60   7.51859129e+13 -6.49248576e+11  2.10e-04 2.63e-02  7.61e+03   567s
[2025-08-20 22:46:54] DEBUG    61   7.50493086e+13 -6.47908141e+11  1.98e-04 2.63e-02  7.18e+03   576s
[2025-08-20 22:47:04] DEBUG    62   7.49317815e+13 -6.47175564e+11  1.98e-04 2.63e-02  6.88e+03   586s
[2025-08-20 22:47:12] DEBUG    63   7.47088654e+13 -6.46949617e+11  2.29e-04 2.63e-02  6.59e+03   595s
[2025-08-20 22:47:22] DEBUG    64   7.45996090e+13 -6.45438683e+11  2.10e-04 2.62e-02  6.18e+03   604s
[2025-08-20 22:47:33] DEBUG    65   7.45085279e+13 -6.44409658e+11  2.29e-04 2.62e-02  5.85e+03   615s
[2025-08-20 22:47:44] DEBUG    66   7.44053517e+13 -6.43711708e+11  2.25e-04 2.62e-02  5.58e+03   626s
[2025-08-20 22:47:53] DEBUG    67   7.42701794e+13 -6.43374750e+11  2.33e-04 2.62e-02  5.35e+03   635s
[2025-08-20 22:48:04] DEBUG    68   7.41582116e+13 -6.42658122e+11  2.37e-04 2.62e-02  5.05e+03   646s
[2025-08-20 22:48:13] DEBUG    69   7.40515850e+13 -6.42149071e+11  2.44e-04 2.62e-02  4.82e+03   656s
[2025-08-20 22:48:23] DEBUG    70   7.39519541e+13 -6.41510562e+11  2.37e-04 2.62e-02  4.66e+03   666s
[2025-08-20 22:48:33] DEBUG    71   7.38558373e+13 -6.40914894e+11  2.33e-04 2.62e-02  4.45e+03   675s
[2025-08-20 22:48:43] DEBUG    72   7.37489551e+13 -6.40335475e+11  2.25e-04 2.62e-02  4.26e+03   685s
[2025-08-20 22:48:52] DEBUG    73   7.36609914e+13 -6.40012587e+11  2.02e-04 2.62e-02  4.10e+03   694s
[2025-08-20 22:49:02] DEBUG    74   7.35901649e+13 -6.39349984e+11  2.06e-04 2.62e-02  3.98e+03   704s
[2025-08-20 22:49:11] DEBUG    75   7.35053553e+13 -6.39071809e+11  1.95e-04 2.62e-02  3.84e+03   713s
[2025-08-20 22:49:19] DEBUG    76   7.34318281e+13 -6.38635535e+11  1.87e-04 2.62e-02  3.70e+03   721s
[2025-08-20 22:49:27] DEBUG    77   7.33653347e+13 -6.38350270e+11  1.87e-04 2.62e-02  3.59e+03   729s
[2025-08-20 22:49:35] DEBUG    78   7.32977435e+13 -6.38143485e+11  1.83e-04 2.62e-02  3.48e+03   738s
[2025-08-20 22:49:43] DEBUG    79   7.32297178e+13 -6.37691214e+11  1.83e-04 2.62e-02  3.38e+03   746s
[2025-08-20 22:49:53] DEBUG    80   7.31572859e+13 -6.37279133e+11  1.87e-04 2.62e-02  3.28e+03   755s
[2025-08-20 22:50:03] DEBUG    81   7.31019616e+13 -6.36842715e+11  1.83e-04 2.62e-02  3.19e+03   765s
[2025-08-20 22:50:14] DEBUG    82   7.30207409e+13 -6.36511805e+11  1.83e-04 2.62e-02  3.09e+03   776s
[2025-08-20 22:50:23] DEBUG    83   7.29548252e+13 -6.36252591e+11  1.83e-04 2.62e-02  3.00e+03   785s
[2025-08-20 22:50:33] DEBUG    84   7.28694759e+13 -6.35785708e+11  1.83e-04 2.62e-02  2.89e+03   795s
[2025-08-20 22:50:43] DEBUG    85   7.27884036e+13 -6.35491498e+11  2.14e-04 2.62e-02  2.80e+03   805s
[2025-08-20 22:50:54] DEBUG    86   7.27072728e+13 -6.35040780e+11  1.83e-04 2.62e-02  2.70e+03   816s
[2025-08-20 22:51:04] DEBUG    87   7.26308885e+13 -6.34475233e+11  1.56e-04 2.62e-02  2.62e+03   826s
[2025-08-20 22:51:15] DEBUG    88   7.25553472e+13 -6.34267258e+11  1.83e-04 2.62e-02  2.53e+03   837s
[2025-08-20 22:51:25] DEBUG    89   7.24869183e+13 -6.34044742e+11  1.53e-04 2.62e-02  2.46e+03   847s
[2025-08-20 22:51:33] DEBUG    90   7.24329005e+13 -6.33684259e+11  1.53e-04 2.62e-02  2.40e+03   855s
[2025-08-20 22:51:42] DEBUG    91   7.23859670e+13 -6.33427672e+11  1.83e-04 2.62e-02  2.35e+03   864s
[2025-08-20 22:51:53] DEBUG    92   7.23378820e+13 -6.33241748e+11  1.83e-04 2.62e-02  2.29e+03   875s
[2025-08-20 22:52:03] DEBUG    93   7.22681783e+13 -6.33037514e+11  1.83e-04 2.62e-02  2.24e+03   885s
[2025-08-20 22:52:13] DEBUG    94   7.22147465e+13 -6.32512861e+11  1.83e-04 2.62e-02  2.18e+03   895s
[2025-08-20 22:52:23] DEBUG    95   7.21549630e+13 -6.32124691e+11  1.83e-04 2.62e-02  2.12e+03   905s
[2025-08-20 22:52:32] DEBUG    96   7.21028207e+13 -6.32005965e+11  1.83e-04 2.62e-02  2.07e+03   914s
[2025-08-20 22:52:40] DEBUG    97   7.20532662e+13 -6.31900077e+11  1.83e-04 2.62e-02  2.03e+03   922s
[2025-08-20 22:52:49] DEBUG    98   7.20045866e+13 -6.31793365e+11  1.83e-04 2.62e-02  1.99e+03   932s
[2025-08-20 22:52:58] DEBUG    99   7.19542618e+13 -6.31558180e+11  1.83e-04 2.62e-02  1.95e+03   940s
[2025-08-20 22:53:08] DEBUG    100   7.18995273e+13 -6.31533548e+11  1.83e-04 2.62e-02  1.89e+03   950s
[2025-08-20 22:53:18] DEBUG    101   7.18276681e+13 -6.31203577e+11  1.83e-04 2.62e-02  1.83e+03   960s
[2025-08-20 22:53:29] DEBUG    102   7.17805824e+13 -6.30891259e+11  1.83e-04 2.62e-02  1.79e+03   971s
[2025-08-20 22:53:37] DEBUG    103   7.17489257e+13 -6.30725032e+11  1.83e-04 2.62e-02  1.77e+03   979s
[2025-08-20 22:53:46] DEBUG    104   7.17023837e+13 -6.30425472e+11  1.53e-04 2.62e-02  1.73e+03   988s
[2025-08-20 22:53:52] DEBUG    105   7.16584558e+13 -6.30173234e+11  1.53e-04 2.62e-02  1.70e+03   994s
[2025-08-20 22:54:02] DEBUG    106   7.16243289e+13 -6.29897915e+11  1.83e-04 2.62e-02  1.67e+03  1004s
[2025-08-20 22:54:12] DEBUG    107   7.15914472e+13 -6.29673251e+11  1.83e-04 2.62e-02  1.65e+03  1014s
[2025-08-20 22:54:22] DEBUG    108   7.15359629e+13 -6.29322732e+11  1.83e-04 2.61e-02  1.61e+03  1024s
[2025-08-20 22:54:28] DEBUG    109   7.15004226e+13 -6.29159548e+11  1.83e-04 2.61e-02  1.59e+03  1030s
[2025-08-20 22:54:36] DEBUG    110   7.14587147e+13 -6.29092261e+11  1.83e-04 2.61e-02  1.57e+03  1038s
[2025-08-20 22:54:46] DEBUG    111   7.14256142e+13 -6.28979187e+11  2.14e-04 2.61e-02  1.54e+03  1048s
[2025-08-20 22:54:53] DEBUG    112   7.13674610e+13 -6.28774999e+11  2.14e-04 2.61e-02  1.51e+03  1055s
[2025-08-20 22:55:01] DEBUG    113   7.13325970e+13 -6.28487673e+11  2.14e-04 2.61e-02  1.49e+03  1063s
[2025-08-20 22:55:07] DEBUG    114   7.13190265e+13 -6.28381247e+11  2.14e-04 2.61e-02  1.48e+03  1070s
[2025-08-20 22:55:16] DEBUG    115   7.12936955e+13 -6.28197241e+11  2.14e-04 2.61e-02  1.45e+03  1078s
[2025-08-20 22:55:28] DEBUG    116   7.12457997e+13 -6.27964865e+11  2.14e-04 2.61e-02  1.58e+03  1090s
[2025-08-20 22:55:38] DEBUG    117   7.12126964e+13 -6.27781316e+11  2.14e-04 2.61e-02  1.55e+03  1100s
[2025-08-20 22:55:45] DEBUG    118   7.11712858e+13 -6.27511922e+11  1.83e-04 2.61e-02  1.54e+03  1108s
[2025-08-20 22:55:55] DEBUG    119   7.11327090e+13 -6.27347098e+11  1.83e-04 2.61e-02  1.52e+03  1117s
[2025-08-20 22:56:02] DEBUG    120   7.11004934e+13 -6.27125752e+11  1.83e-04 2.61e-02  1.51e+03  1124s
[2025-08-20 22:56:09] DEBUG    121   7.10682156e+13 -6.26988845e+11  1.83e-04 2.61e-02  1.49e+03  1131s
[2025-08-20 22:56:17] DEBUG    122   7.10415184e+13 -6.26940079e+11  1.83e-04 2.61e-02  1.48e+03  1139s
[2025-08-20 22:56:24] DEBUG    123   7.10065871e+13 -6.26835414e+11  1.83e-04 2.61e-02  1.46e+03  1146s
[2025-08-20 22:56:24] DEBUG    Barrier performed 123 iterations in 1145.86 seconds (222.81 work units)
[2025-08-20 22:56:24] DEBUG    Numerical trouble encountered

Model may be infeasible or unbounded.  Consider using the
homogeneous algorithm (through parameter 'BarHomogeneous')
[2025-08-20 22:57:28] DEBUG    Waiting for other threads to finish...        1210s
[2025-08-20 22:58:04] DEBUG    Solved with dual simplex
[2025-08-20 22:58:13] DEBUG    Iteration    Objective       Primal Inf.    Dual Inf.      Time
[2025-08-20 22:58:13] DEBUG    723862    1.7819949e+10   0.000000e+00   0.000000e+00   1255s

Solved in 723862 iterations and 1254.76 seconds (461.02 work units)
[2025-08-20 22:58:13] DEBUG    Optimal objective  1.781994950e+10
❌ Errore nel run di autarky_VRES_2030_BESS: 'Model' object has no attribute 'backend_model'

🚀 Lancio scenario: autarky_VRES_2030_PHES
[2025-08-20 23:05:08] INFO     Loading sets
[2025-08-20 23:05:08] INFO     Loading parameters
[2025-08-20 23:05:41] INFO     constraints are loaded in the following order: ['energy_balance', 'dispatch', 'costs', 'capacity', 'network', 'policy', 'conversion', 'group', 'conversion_plus', 'milp', 'export']
[2025-08-20 23:05:41] INFO     creating energy_balance constraints
[2025-08-20 23:10:08] INFO     creating dispatch constraints
[2025-08-20 23:13:40] INFO     creating costs constraints
[2025-08-20 23:23:35] INFO     creating capacity constraints
[2025-08-20 23:23:35] INFO     creating network constraints
[2025-08-20 23:23:35] INFO     creating policy constraints
[2025-08-20 23:23:35] INFO     creating conversion constraints
[2025-08-20 23:23:35] INFO     creating group constraints
[2025-08-20 23:23:35] INFO     creating conversion_plus constraints
[2025-08-20 23:23:35] INFO     creating milp constraints
[2025-08-20 23:23:35] INFO     creating export constraints
[2025-08-20 23:35:00] DEBUG    Set parameter WLSAccessID
Set parameter WLSSecret
Set parameter LicenseID to value 2680226
[2025-08-20 23:35:00] DEBUG    Academic license 2680226 - for non-commercial use only - registered to an___@mail.polimi.it
[2025-08-20 23:35:33] DEBUG    Read LP format model from file /tmp/tmprvj3nbz8.pyomo.lp
[2025-08-20 23:35:33] DEBUG    Reading time = 32.27 seconds
x16068742: 21894251 rows, 16068742 columns, 52895933 nonzeros
Set parameter NumericFocus to value 1
Gurobi Optimizer version 12.0.2 build v12.0.2rc0 (linux64 - "Debian GNU/Linux 11 (bullseye)")

CPU model: Intel(R) Xeon(R) Silver 4314 CPU @ 2.40GHz, instruction set [SSE2|AVX|AVX2|AVX512]
Thread count: 32 physical cores, 64 logical processors, using up to 32 threads

Non-default parameters:
NumericFocus  1
[2025-08-20 23:35:33] DEBUG    Academic license 2680226 - for non-commercial use only - registered to an___@mail.polimi.it
Optimize a model with 21894251 rows, 16068742 columns and 52895933 nonzeros
[2025-08-20 23:35:33] DEBUG    Model fingerprint: 0xeae0c2d8
[2025-08-20 23:35:33] DEBUG    Coefficient statistics:
  Matrix range     [1e-07, 3e+02]
  Objective range  [1e+00, 1e+06]
  Bounds range     [0e+00, 0e+00]
  RHS range        [1e+00, 6e+09]
Warning: Model contains large rhs
[2025-08-20 23:35:39] DEBUG    Presolve removed 17801642 rows and 9531678 columns (presolve time = 6s)...
[2025-08-20 23:35:43] DEBUG    Presolve removed 19749239 rows and 13270000 columns (presolve time = 10s)...
[2025-08-20 23:35:49] DEBUG    Presolve removed 20431469 rows and 13368763 columns (presolve time = 16s)...
[2025-08-20 23:35:52] DEBUG    Presolve removed 20580372 rows and 13386283 columns
[2025-08-20 23:35:52] DEBUG    Presolve time: 19.11s
Presolved: 1313879 rows, 2831362 columns, 7762575 nonzeros

Concurrent LP optimizer: primal simplex, dual simplex, and barrier
Showing barrier log only...
[2025-08-20 23:35:54] DEBUG    Ordering time: 0.80s
[2025-08-20 23:35:55] DEBUG    Barrier statistics:
 Dense cols : 112
[2025-08-20 23:35:55] DEBUG    AA' NZ     : 7.530e+06
 Factor NZ  : 2.537e+07 (roughly 2.0 GB of memory)
 Factor Ops : 7.707e+08 (less than 1 second per iteration)
 Threads    : 30
[2025-08-20 23:35:58] DEBUG    Objective                Residual
[2025-08-20 23:35:58] DEBUG    Iter       Primal          Dual         Primal    Dual     Compl     Time
[2025-08-20 23:35:59] DEBUG    0   5.22361614e+21 -1.16101325e+19  6.49e+10 4.44e-01  6.73e+15    26s
[2025-08-20 23:36:03] DEBUG    1   4.80034442e+21 -1.19977246e+19  5.92e+10 3.32e+05  5.73e+15    30s
[2025-08-20 23:36:08] DEBUG    2   4.52005860e+21 -4.75603225e+19  5.60e+10 2.57e+05  5.47e+15    35s
[2025-08-20 23:36:16] DEBUG    3   3.67643589e+21 -1.96402374e+20  4.58e+10 5.61e+04  4.52e+15    43s
[2025-08-20 23:36:21] DEBUG    4   7.02164511e+20 -1.81054651e+20  8.15e+09 1.59e+04  8.34e+14    49s
[2025-08-20 23:36:28] DEBUG    5   1.72236249e+20 -1.22425693e+20  1.94e+09 2.50e+03  2.11e+14    55s
[2025-08-20 23:36:33] DEBUG    6   8.93278346e+19 -5.28212299e+19  9.84e+08 1.89e+02  1.02e+14    60s
[2025-08-20 23:36:37] DEBUG    7   3.80325424e+19 -2.56977084e+19  4.03e+08 5.31e+01  4.18e+13    64s
[2025-08-20 23:36:40] DEBUG    8   2.60257201e+19 -1.48950595e+19  2.71e+08 1.85e+01  2.73e+13    68s
[2025-08-20 23:36:44] DEBUG    9   1.46676793e+19 -1.05268737e+19  1.50e+08 3.21e+00  1.54e+13    72s
[2025-08-20 23:36:49] DEBUG    10   9.44092759e+18 -6.46725727e+18  9.56e+07 2.18e+00  9.58e+12    76s
[2025-08-20 23:36:53] DEBUG    11   7.94034398e+18 -3.84109163e+18  8.01e+07 5.31e-05  7.54e+12    80s
[2025-08-20 23:36:57] DEBUG    12   5.36074655e+18 -2.75833680e+18  5.35e+07 1.10e-04  5.00e+12    85s
[2025-08-20 23:37:02] DEBUG    13   4.22167845e+18 -1.55639342e+18  4.18e+07 1.39e-04  3.66e+12    89s
[2025-08-20 23:37:06] DEBUG    14   1.40577431e+18 -1.09495371e+18  1.31e+07 2.35e-04  1.24e+12    93s
[2025-08-20 23:37:11] DEBUG    15   2.77364087e+17 -5.05428239e+17  2.37e+06 1.40e-04  2.70e+11    98s
[2025-08-20 23:37:15] DEBUG    16   1.01245652e+17 -2.47390165e+17  8.41e+05 2.49e-04  9.86e+10   102s
[2025-08-20 23:37:20] DEBUG    17   1.12027757e+16 -5.72153193e+16  8.42e+04 2.42e-05  1.45e+10   108s
[2025-08-20 23:37:24] DEBUG    18   4.73853541e+15 -1.67886329e+16  3.47e+04 7.93e-06  4.30e+09   111s
[2025-08-20 23:37:29] DEBUG    19   1.49993785e+14 -2.25134334e+15  8.47e+02 5.85e-05  4.38e+08   117s
[2025-08-20 23:37:36] DEBUG    20   7.34906815e+13 -3.37129881e+14  3.95e+02 1.72e-04  7.47e+07   123s
[2025-08-20 23:37:41] DEBUG    21   5.89719859e+13 -1.32345406e+14  3.15e+02 6.09e-03  3.47e+07   129s
[2025-08-20 23:37:45] DEBUG    22   3.89144269e+13 -1.16810881e+14  2.00e+02 6.52e-03  2.82e+07   133s
[2025-08-20 23:37:49] DEBUG    23   3.40511302e+13 -1.02433130e+14  1.73e+02 1.74e-02  2.46e+07   137s
[2025-08-20 23:37:53] DEBUG    24   2.31799840e+13 -7.19345472e+13  1.11e+02 1.42e-02  1.71e+07   141s
[2025-08-20 23:37:59] DEBUG    25   2.13522490e+13 -6.37435315e+13  1.00e+02 1.34e-02  1.53e+07   147s
[2025-08-20 23:38:06] DEBUG    26   1.38297370e+13 -2.31249997e+13  5.77e+01 1.21e-02  6.53e+06   153s
[2025-08-20 23:38:15] DEBUG    27   9.20756190e+12 -2.04025078e+13  3.49e+01 1.22e-02  5.21e+06   162s
[2025-08-20 23:38:22] DEBUG    28   6.92946619e+12 -1.56450705e+13  2.31e+01 1.26e-02  3.95e+06   169s
[2025-08-20 23:38:27] DEBUG    29   6.13151597e+12 -1.19840743e+13  1.91e+01 1.45e-02  3.14e+06   174s
[2025-08-20 23:38:31] DEBUG    30   5.63981913e+12 -1.08223397e+13  1.67e+01 1.54e-02  2.85e+06   178s
[2025-08-20 23:38:35] DEBUG    31   5.52927978e+12 -9.96907052e+12  1.62e+01 1.60e-02  2.67e+06   183s
[2025-08-20 23:38:43] DEBUG    32   5.12676063e+12 -9.46555808e+12  1.43e+01 1.63e-02  2.51e+06   190s
[2025-08-20 23:38:51] DEBUG    33   4.73828589e+12 -8.46572974e+12  1.26e+01 1.69e-02  2.27e+06   199s
[2025-08-20 23:39:00] DEBUG    34   4.19565875e+12 -5.95934854e+12  1.02e+01 1.99e-02  1.72e+06   207s
[2025-08-20 23:39:09] DEBUG    35   3.96648549e+12 -4.45601610e+12  9.24e+00 2.38e-02  1.41e+06   216s
[2025-08-20 23:39:18] DEBUG    36   3.29342474e+12 -3.31242846e+12  6.69e+00 3.36e-02  1.08e+06   226s
[2025-08-20 23:39:27] DEBUG    37   3.02667714e+12 -2.04141499e+12  5.75e+00 4.38e-02  8.05e+05   234s
[2025-08-20 23:39:35] DEBUG    38   2.67312408e+12 -1.07006530e+12  4.49e+00 4.37e-02  5.68e+05   243s
[2025-08-20 23:39:44] DEBUG    39   2.46252408e+12 -5.98947284e+11  3.75e+00 4.35e-02  4.46e+05   251s
[2025-08-20 23:39:53] DEBUG    40   2.41079013e+12 -2.63263038e+11  3.54e+00 4.30e-02  3.74e+05   260s
[2025-08-20 23:40:02] DEBUG    41   2.28274496e+12  2.06978479e+11  3.06e+00 4.09e-02  2.65e+05   270s
[2025-08-20 23:40:11] DEBUG    42   2.19548858e+12  3.11647135e+11  2.76e+00 3.95e-02  2.31e+05   279s
[2025-08-20 23:40:21] DEBUG    43   2.15022541e+12  5.03589645e+11  2.61e+00 4.42e-02  1.86e+05   288s
[2025-08-20 23:40:28] DEBUG    44   1.93655229e+12  5.91232508e+11  1.79e+00 5.19e-02  1.37e+05   296s
[2025-08-20 23:40:38] DEBUG    45   1.89576723e+12  6.97234894e+11  1.65e+00 6.05e-02  1.10e+05   306s
[2025-08-20 23:40:47] DEBUG    46   1.81621187e+12  7.83646621e+11  1.40e+00 6.62e-02  8.18e+04   315s
[2025-08-20 23:40:56] DEBUG    47   1.73955531e+12  8.02528193e+11  1.16e+00 6.65e-02  6.75e+04   324s
[2025-08-20 23:41:06] DEBUG    48   1.68549514e+12  8.18043017e+11  1.00e+00 6.55e-02  5.72e+04   333s
[2025-08-20 23:41:16] DEBUG    49   1.64313299e+12  8.39212243e+11  8.72e-01 6.38e-02  4.75e+04   343s
[2025-08-20 23:41:25] DEBUG    50   1.63028150e+12  8.65908400e+11  8.34e-01 5.98e-02  4.07e+04   352s
[2025-08-20 23:41:34] DEBUG    51   1.57417271e+12  8.76739304e+11  6.70e-01 5.76e-02  3.17e+04   362s
[2025-08-20 23:41:44] DEBUG    52   1.53791355e+12  8.92254858e+11  5.62e-01 5.44e-02  2.47e+04   371s
[2025-08-20 23:41:53] DEBUG    53   1.50544800e+12  8.95915624e+11  4.66e-01 5.34e-02  2.09e+04   381s
[2025-08-20 23:42:02] DEBUG    54   1.47577243e+12  9.00733913e+11  3.92e-01 5.20e-02  1.70e+04   389s
[2025-08-20 23:42:11] DEBUG    55   1.46866139e+12  9.04389305e+11  3.75e-01 5.09e-02  1.58e+04   398s
[2025-08-20 23:42:20] DEBUG    56   1.45601001e+12  9.08017671e+11  3.44e-01 4.98e-02  1.40e+04   407s
[2025-08-20 23:42:27] DEBUG    57   1.44792211e+12  9.09457021e+11  3.24e-01 4.93e-02  1.32e+04   414s
[2025-08-20 23:42:36] DEBUG    58   1.43631874e+12  9.11709895e+11  2.97e-01 4.84e-02  1.18e+04   424s
[2025-08-20 23:42:47] DEBUG    59   1.42939712e+12  9.13848213e+11  2.83e-01 4.74e-02  1.09e+04   434s
[2025-08-20 23:42:55] DEBUG    60   1.42014324e+12  9.15481761e+11  2.63e-01 4.65e-02  9.95e+03   442s
[2025-08-20 23:43:04] DEBUG    61   1.41204008e+12  9.16685928e+11  2.45e-01 4.59e-02  9.23e+03   451s
[2025-08-20 23:43:13] DEBUG    62   1.39937053e+12  9.17469553e+11  2.18e-01 4.53e-02  8.28e+03   460s
[2025-08-20 23:43:21] DEBUG    63   1.39219434e+12  9.19318656e+11  2.05e-01 4.42e-02  7.50e+03   468s
[2025-08-20 23:43:30] DEBUG    64   1.38060597e+12  9.19913324e+11  1.84e-01 4.38e-02  6.71e+03   478s
[2025-08-20 23:43:38] DEBUG    65   1.37929954e+12  9.21099642e+11  1.81e-01 4.30e-02  6.43e+03   485s
[2025-08-20 23:43:48] DEBUG    66   1.37173806e+12  9.21590331e+11  1.68e-01 4.24e-02  5.96e+03   495s
[2025-08-20 23:43:57] DEBUG    67   1.36698556e+12  9.22270262e+11  1.59e-01 4.19e-02  5.62e+03   504s
[2025-08-20 23:44:06] DEBUG    68   1.36062729e+12  9.22632746e+11  1.48e-01 4.15e-02  5.27e+03   514s
[2025-08-20 23:44:15] DEBUG    69   1.35312934e+12  9.23294007e+11  1.37e-01 4.09e-02  4.79e+03   523s
[2025-08-20 23:44:24] DEBUG    70   1.34836613e+12  9.23791515e+11  1.29e-01 4.04e-02  4.51e+03   531s
[2025-08-20 23:44:33] DEBUG    71   1.34742194e+12  9.24318131e+11  1.28e-01 3.99e-02  4.38e+03   540s
[2025-08-20 23:44:43] DEBUG    72   1.34293797e+12  9.25430913e+11  1.20e-01 3.87e-02  3.95e+03   550s
[2025-08-20 23:44:52] DEBUG    73   1.33796168e+12  9.25781364e+11  1.11e-01 3.82e-02  3.64e+03   559s
[2025-08-20 23:45:01] DEBUG    74   1.33415165e+12  9.26081379e+11  1.04e-01 3.78e-02  3.41e+03   568s
[2025-08-20 23:45:12] DEBUG    75   1.33149056e+12  9.26228822e+11  9.92e-02 3.76e-02  3.26e+03   579s
[2025-08-20 23:45:19] DEBUG    76   1.32889399e+12  9.26464670e+11  9.48e-02 3.73e-02  3.11e+03   586s
[2025-08-20 23:45:26] DEBUG    77   1.32603512e+12  9.27050239e+11  9.01e-02 3.64e-02  2.89e+03   594s
[2025-08-20 23:45:36] DEBUG    78   1.32385466e+12  9.27100930e+11  8.64e-02 3.64e-02  2.79e+03   603s
[2025-08-20 23:45:45] DEBUG    79   1.32272398e+12  9.27557788e+11  8.47e-02 3.57e-02  2.67e+03   613s
[2025-08-20 23:45:55] DEBUG    80   1.31713077e+12  9.27907130e+11  7.60e-02 3.50e-02  2.36e+03   623s
[2025-08-20 23:46:04] DEBUG    81   1.31340495e+12  9.28298843e+11  7.07e-02 3.44e-02  2.14e+03   631s
[2025-08-20 23:46:12] DEBUG    82   1.31028670e+12  9.28607387e+11  6.64e-02 3.39e-02  1.96e+03   640s
[2025-08-20 23:46:22] DEBUG    83   1.30813106e+12  9.28762820e+11  6.35e-02 3.42e-02  1.87e+03   649s
[2025-08-20 23:46:31] DEBUG    84   1.30579463e+12  9.28870441e+11  6.04e-02 3.46e-02  1.77e+03   658s
[2025-08-20 23:46:41] DEBUG    85   1.30293152e+12  9.29195877e+11  5.68e-02 3.56e-02  1.61e+03   668s
[2025-08-20 23:46:51] DEBUG    86   1.29920558e+12  9.29251055e+11  5.21e-02 3.57e-02  1.49e+03   678s
[2025-08-20 23:46:59] DEBUG    87   1.29713067e+12  9.29343889e+11  4.96e-02 3.58e-02  1.41e+03   687s
[2025-08-20 23:47:08] DEBUG    88   1.29599961e+12  9.29399547e+11  4.83e-02 3.58e-02  1.37e+03   696s
[2025-08-20 23:47:17] DEBUG    89   1.29414804e+12  9.29561024e+11  4.62e-02 3.60e-02  1.29e+03   705s
[2025-08-20 23:47:26] DEBUG    90   1.29399336e+12  9.29594189e+11  4.60e-02 3.60e-02  1.28e+03   713s
[2025-08-20 23:47:35] DEBUG    91   1.29186072e+12  9.29716845e+11  4.33e-02 3.60e-02  1.19e+03   722s
[2025-08-20 23:47:44] DEBUG    92   1.28915317e+12  9.29861742e+11  4.04e-02 3.61e-02  1.12e+03   732s
[2025-08-20 23:47:53] DEBUG    93   1.28712256e+12  9.29909334e+11  3.84e-02 3.61e-02  1.06e+03   741s
[2025-08-20 23:48:00] DEBUG    94   1.28638704e+12  9.29937150e+11  3.77e-02 3.61e-02  1.04e+03   748s
[2025-08-20 23:48:09] DEBUG    95   1.28558686e+12  9.29964873e+11  3.69e-02 3.60e-02  1.02e+03   757s
[2025-08-20 23:48:19] DEBUG    96   1.28415603e+12  9.30016479e+11  3.55e-02 3.60e-02  9.75e+02   766s
[2025-08-20 23:48:27] DEBUG    97   1.28307034e+12  9.30031015e+11  3.45e-02 3.59e-02  9.50e+02   774s
[2025-08-20 23:48:35] DEBUG    98   1.28261175e+12  9.30068438e+11  3.41e-02 3.58e-02  9.34e+02   782s
[2025-08-20 23:48:43] DEBUG    99   1.28092773e+12  9.30160870e+11  3.26e-02 3.54e-02  8.76e+02   791s
[2025-08-20 23:48:53] DEBUG    100   1.27940369e+12  9.30226791e+11  3.11e-02 3.46e-02  8.25e+02   801s
[2025-08-20 23:49:02] DEBUG    101   1.27782100e+12  9.30281972e+11  2.96e-02 3.35e-02  7.80e+02   809s
[2025-08-20 23:49:11] DEBUG    102   1.27636345e+12  9.30306164e+11  2.82e-02 3.29e-02  7.44e+02   818s
[2025-08-20 23:49:18] DEBUG    103   1.27561356e+12  9.30332194e+11  2.75e-02 3.22e-02  7.23e+02   826s
[2025-08-20 23:49:25] DEBUG    104   1.27437409e+12  9.30361576e+11  2.64e-02 3.14e-02  6.93e+02   833s
[2025-08-20 23:49:34] DEBUG    105   1.27342252e+12  9.30389401e+11  2.55e-02 3.05e-02  6.68e+02   841s
[2025-08-20 23:49:43] DEBUG    106   1.27191095e+12  9.30425011e+11  2.42e-02 2.95e-02  6.32e+02   850s
[2025-08-20 23:49:50] DEBUG    107   1.27083450e+12  9.30455120e+11  2.33e-02 2.86e-02  6.07e+02   857s
[2025-08-20 23:49:59] DEBUG    108   1.26984434e+12  9.30476486e+11  2.24e-02 2.84e-02  5.85e+02   866s
[2025-08-20 23:50:09] DEBUG    109   1.26940513e+12  9.30508763e+11  2.21e-02 2.83e-02  5.70e+02   876s
[2025-08-20 23:50:18] DEBUG    110   1.26800532e+12  9.30541566e+11  2.09e-02 2.81e-02  5.39e+02   886s
[2025-08-20 23:50:25] DEBUG    111   1.26732322e+12  9.30565256e+11  2.04e-02 2.79e-02  5.23e+02   893s
[2025-08-20 23:50:34] DEBUG    112   1.26664538e+12  9.30583075e+11  1.99e-02 2.78e-02  5.09e+02   902s
[2025-08-20 23:50:42] DEBUG    113   1.26594004e+12  9.30596840e+11  1.94e-02 2.77e-02  4.96e+02   909s
[2025-08-20 23:50:47] DEBUG    114   1.26572768e+12  9.30600316e+11  1.92e-02 2.77e-02  4.92e+02   915s
[2025-08-20 23:50:55] DEBUG    115   1.26539343e+12  9.30605425e+11  1.90e-02 2.77e-02  4.86e+02   922s
[2025-08-20 23:51:04] DEBUG    116   1.26509399e+12  9.30609860e+11  1.88e-02 2.77e-02  4.83e+02   931s
[2025-08-20 23:51:12] DEBUG    117   1.26456386e+12  9.30637753e+11  1.84e-02 2.75e-02  4.69e+02   940s
[2025-08-20 23:51:20] DEBUG    118   1.26431271e+12  9.30643856e+11  1.82e-02 2.74e-02  4.65e+02   947s
[2025-08-20 23:51:29] DEBUG    119   1.26336633e+12  9.30659709e+11  1.75e-02 2.74e-02  4.49e+02   957s
[2025-08-20 23:51:38] DEBUG    120   1.26241691e+12  9.30712469e+11  1.69e-02 2.72e-02  4.30e+02   965s
[2025-08-20 23:51:47] DEBUG    121   1.26138754e+12  9.30759433e+11  1.62e-02 2.71e-02  4.12e+02   974s
[2025-08-20 23:51:55] DEBUG    122   1.26054244e+12  9.30798818e+11  1.57e-02 2.70e-02  3.97e+02   983s
[2025-08-20 23:52:04] DEBUG    123   1.25974061e+12  9.30842249e+11  1.52e-02 2.68e-02  3.82e+02   992s
[2025-08-20 23:52:13] DEBUG    124   1.25881703e+12  9.30883622e+11  1.46e-02 2.67e-02  3.67e+02  1001s
[2025-08-20 23:52:23] DEBUG    125   1.25782193e+12  9.30915835e+11  1.40e-02 2.66e-02  3.52e+02  1011s
[2025-08-20 23:52:32] DEBUG    126   1.25696207e+12  9.30952155e+11  1.36e-02 2.65e-02  3.38e+02  1020s
[2025-08-20 23:52:42] DEBUG    127   1.25610611e+12  9.30992980e+11  1.31e-02 2.64e-02  3.25e+02  1029s
[2025-08-20 23:52:52] DEBUG    128   1.25549518e+12  9.31027720e+11  1.28e-02 2.63e-02  3.15e+02  1040s
[2025-08-20 23:52:58] DEBUG    129   1.25500891e+12  9.31044612e+11  1.25e-02 2.62e-02  3.09e+02  1046s
[2025-08-20 23:53:07] DEBUG    130   1.25428403e+12  9.31069719e+11  1.21e-02 2.62e-02  2.99e+02  1055s
[2025-08-20 23:53:23] DEBUG    131   1.25416442e+12  9.31092919e+11  1.21e-02 2.61e-02  2.96e+02  1070s
[2025-08-20 23:53:31] DEBUG    132   1.25378276e+12  9.31101033e+11  1.19e-02 2.60e-02  2.91e+02  1078s
[2025-08-20 23:53:42] DEBUG    133   1.25373182e+12  9.31104534e+11  1.19e-02 2.60e-02  2.91e+02  1089s
[2025-08-20 23:53:50] DEBUG    134   1.25347632e+12  9.31107789e+11  1.17e-02 2.60e-02  2.88e+02  1097s
[2025-08-20 23:53:58] DEBUG    135   1.25297139e+12  9.31128847e+11  1.15e-02 2.59e-02  2.82e+02  1106s
[2025-08-20 23:54:09] DEBUG    136   1.25275247e+12  9.31141410e+11  1.14e-02 2.59e-02  2.79e+02  1117s
[2025-08-20 23:54:22] DEBUG    137   1.25239055e+12  9.31158757e+11  1.12e-02 2.58e-02  2.74e+02  1129s
[2025-08-20 23:54:32] DEBUG    138   1.25201159e+12  9.31175094e+11  1.10e-02 2.57e-02  2.69e+02  1139s
[2025-08-20 23:54:46] DEBUG    139   1.25151664e+12  9.31196138e+11  1.08e-02 2.56e-02  2.63e+02  1153s
[2025-08-20 23:54:57] DEBUG    140   1.25103715e+12  9.31214995e+11  1.06e-02 2.56e-02  2.57e+02  1165s
[2025-08-20 23:55:05] DEBUG    141   1.25062126e+12  9.31225041e+11  1.04e-02 2.55e-02  2.52e+02  1172s
[2025-08-20 23:55:12] DEBUG    142   1.25041691e+12  9.31239280e+11  1.03e-02 2.54e-02  2.50e+02  1179s
[2025-08-20 23:55:20] DEBUG    143   1.25013246e+12  9.31247352e+11  1.01e-02 2.54e-02  2.47e+02  1187s
[2025-08-20 23:55:28] DEBUG    144   1.24996827e+12  9.31253847e+11  1.01e-02 2.54e-02  2.45e+02  1195s
[2025-08-20 23:55:34] DEBUG    145   1.24985659e+12  9.31258972e+11  1.00e-02 2.54e-02  2.44e+02  1201s
[2025-08-20 23:55:39] DEBUG    146   1.24975771e+12  9.31267028e+11  9.98e-03 2.53e-02  2.42e+02  1207s
[2025-08-20 23:55:52] DEBUG    147   1.24950000e+12  9.31276065e+11  9.87e-03 2.53e-02  2.40e+02  1219s
[2025-08-20 23:56:07] DEBUG    148   1.24876715e+12  9.31293820e+11  9.55e-03 2.52e-02  2.32e+02  1234s
[2025-08-20 23:56:14] DEBUG    149   1.24867589e+12  9.31294569e+11  9.51e-03 2.52e-02  2.31e+02  1241s
[2025-08-20 23:56:23] DEBUG    150   1.24831190e+12  9.31310374e+11  9.36e-03 2.52e-02  2.28e+02  1251s
[2025-08-20 23:56:31] DEBUG    151   1.24816555e+12  9.31319614e+11  9.30e-03 2.51e-02  2.26e+02  1259s
[2025-08-20 23:56:43] DEBUG    152   1.24769274e+12  9.31328670e+11  9.11e-03 2.51e-02  2.21e+02  1271s
[2025-08-20 23:56:51] DEBUG    153   1.24745900e+12  9.31364960e+11  9.01e-03 2.49e-02  2.17e+02  1278s
[2025-08-20 23:57:00] DEBUG    154   1.24676518e+12  9.31384022e+11  8.74e-03 2.49e-02  2.10e+02  1288s
[2025-08-20 23:57:09] DEBUG    155   1.24634518e+12  9.31400884e+11  8.57e-03 2.48e-02  2.06e+02  1296s
[2025-08-20 23:57:17] DEBUG    156   1.24554341e+12  9.31418412e+11  8.27e-03 2.47e-02  1.99e+02  1305s
[2025-08-20 23:57:25] DEBUG    157   1.24498231e+12  9.31442406e+11  8.06e-03 2.46e-02  1.93e+02  1312s
[2025-08-20 23:57:34] DEBUG    158   1.24436779e+12  9.31463044e+11  7.84e-03 2.45e-02  1.87e+02  1321s
[2025-08-20 23:57:41] DEBUG    159   1.24393371e+12  9.31474615e+11  7.69e-03 2.45e-02  1.84e+02  1328s
[2025-08-20 23:57:49] DEBUG    160   1.24364474e+12  9.31489229e+11  7.59e-03 2.44e-02  1.81e+02  1337s
[2025-08-20 23:57:57] DEBUG    161   1.24291182e+12  9.31507793e+11  7.34e-03 2.43e-02  1.75e+02  1344s
[2025-08-20 23:58:04] DEBUG    162   1.24244096e+12  9.31522847e+11  7.19e-03 2.42e-02  1.70e+02  1352s
[2025-08-20 23:58:13] DEBUG    163   1.24182419e+12  9.31541539e+11  6.99e-03 2.42e-02  1.65e+02  1361s
[2025-08-20 23:58:22] DEBUG    164   1.24092204e+12  9.31560006e+11  6.70e-03 2.41e-02  1.59e+02  1370s
[2025-08-20 23:58:31] DEBUG    165   1.24040620e+12  9.31575718e+11  6.55e-03 2.40e-02  1.54e+02  1378s
[2025-08-20 23:58:40] DEBUG    166   1.23960875e+12  9.31596858e+11  6.31e-03 2.39e-02  1.48e+02  1387s
[2025-08-20 23:58:47] DEBUG    167   1.23909576e+12  9.31609925e+11  6.16e-03 2.39e-02  1.45e+02  1395s
[2025-08-20 23:58:56] DEBUG    168   1.23866298e+12  9.31618137e+11  6.04e-03 2.38e-02  1.42e+02  1404s
[2025-08-20 23:59:02] DEBUG    169   1.23844894e+12  9.31622174e+11  5.98e-03 2.38e-02  1.40e+02  1409s
[2025-08-20 23:59:11] DEBUG    170   1.23801448e+12  9.31646156e+11  5.86e-03 2.37e-02  1.36e+02  1418s
[2025-08-20 23:59:21] DEBUG    171   1.23732924e+12  9.31656884e+11  5.67e-03 2.36e-02  1.32e+02  1429s
[2025-08-20 23:59:32] DEBUG    172   1.23695505e+12  9.31670743e+11  5.57e-03 2.36e-02  1.30e+02  1440s
[2025-08-20 23:59:42] DEBUG    173   1.23639544e+12  9.31685546e+11  5.43e-03 2.35e-02  1.26e+02  1449s
[2025-08-20 23:59:53] DEBUG    174   1.23605236e+12  9.31697084e+11  5.34e-03 2.35e-02  1.24e+02  1460s
[2025-08-20 23:59:59] DEBUG    175   1.23569999e+12  9.31703554e+11  5.25e-03 2.34e-02  1.22e+02  1467s
[2025-08-21 00:00:06] DEBUG    176   1.23559561e+12  9.31706701e+11  5.23e-03 2.34e-02  1.21e+02  1473s
[2025-08-21 00:00:12] DEBUG    177   1.23529808e+12  9.31708945e+11  5.16e-03 2.34e-02  1.19e+02  1479s
[2025-08-21 00:00:24] DEBUG    178   1.23500182e+12  9.31718606e+11  5.08e-03 2.34e-02  1.18e+02  1491s
[2025-08-21 00:00:34] DEBUG    179   1.23444203e+12  9.31733570e+11  4.95e-03 2.33e-02  1.14e+02  1502s
[2025-08-21 00:00:43] DEBUG    180   1.23422735e+12  9.31738331e+11  4.90e-03 2.33e-02  1.13e+02  1510s
[2025-08-21 00:00:52] DEBUG    181   1.23349898e+12  9.31748175e+11  4.74e-03 2.32e-02  1.09e+02  1520s
[2025-08-21 00:00:53] DEBUG    Barrier performed 181 iterations in 1519.92 seconds (288.53 work units)
[2025-08-21 00:00:53] DEBUG    Barrier solve interrupted - model solved by another algorithm
[2025-08-21 00:00:53] DEBUG    Solved with dual simplex
[2025-08-21 00:01:01] DEBUG    Iteration    Objective       Primal Inf.    Dual Inf.      Time
[2025-08-21 00:01:01] DEBUG    653191    9.3642965e+11   0.000000e+00   0.000000e+00   1528s

Solved in 653191 iterations and 1528.46 seconds (385.44 work units)
[2025-08-21 00:01:01] DEBUG    Optimal objective  9.364296455e+11
❌ Errore nel run di autarky_VRES_2030_PHES: 'Model' object has no attribute 'backend_model'

🚀 Lancio scenario: autarky_VRES_2030_nostorage
[2025-08-21 00:10:35] INFO     Loading sets
[2025-08-21 00:10:35] INFO     Loading parameters
[2025-08-21 00:11:08] INFO     constraints are loaded in the following order: ['energy_balance', 'dispatch', 'costs', 'capacity', 'network', 'policy', 'conversion', 'group', 'conversion_plus', 'milp', 'export']
[2025-08-21 00:11:08] INFO     creating energy_balance constraints
[2025-08-21 00:13:55] INFO     creating dispatch constraints
[2025-08-21 00:18:38] INFO     creating costs constraints
[2025-08-21 00:26:17] INFO     creating capacity constraints
[2025-08-21 00:26:17] INFO     creating network constraints
[2025-08-21 00:26:17] INFO     creating policy constraints
[2025-08-21 00:26:17] INFO     creating conversion constraints
[2025-08-21 00:26:17] INFO     creating group constraints
[2025-08-21 00:26:17] INFO     creating conversion_plus constraints
[2025-08-21 00:26:17] INFO     creating milp constraints
[2025-08-21 00:26:17] INFO     creating export constraints
[2025-08-21 00:36:54] DEBUG    Set parameter WLSAccessID
Set parameter WLSSecret
Set parameter LicenseID to value 2680226
[2025-08-21 00:36:54] DEBUG    Academic license 2680226 - for non-commercial use only - registered to an___@mail.polimi.it
[2025-08-21 00:37:24] DEBUG    Read LP format model from file /tmp/tmpqncxnle9.pyomo.lp
[2025-08-21 00:37:24] DEBUG    Reading time = 29.90 seconds
x14798368: 20115739 rows, 14798368 columns, 48068796 nonzeros
[2025-08-21 00:37:24] DEBUG    Set parameter NumericFocus to value 1
[2025-08-21 00:37:24] DEBUG    Gurobi Optimizer version 12.0.2 build v12.0.2rc0 (linux64 - "Debian GNU/Linux 11 (bullseye)")

CPU model: Intel(R) Xeon(R) Silver 4314 CPU @ 2.40GHz, instruction set [SSE2|AVX|AVX2|AVX512]
Thread count: 32 physical cores, 64 logical processors, using up to 32 threads
[2025-08-21 00:37:24] DEBUG    Non-default parameters:
NumericFocus  1
[2025-08-21 00:37:24] DEBUG    Academic license 2680226 - for non-commercial use only - registered to an___@mail.polimi.it
[2025-08-21 00:37:24] DEBUG    Optimize a model with 20115739 rows, 14798368 columns and 48068796 nonzeros
[2025-08-21 00:37:24] DEBUG    Model fingerprint: 0xdbba3d4b
[2025-08-21 00:37:24] DEBUG    Coefficient statistics:
  Matrix range     [1e-07, 3e+02]
[2025-08-21 00:37:24] DEBUG    Objective range  [1e+00, 1e+06]
  Bounds range     [0e+00, 0e+00]
  RHS range        [1e+00, 2e+08]
[2025-08-21 00:37:30] DEBUG    Presolve removed 17162328 rows and 8949134 columns (presolve time = 5s)...
[2025-08-21 00:37:34] DEBUG    Presolve removed 19029153 rows and 12603596 columns (presolve time = 10s)...
[2025-08-21 00:37:39] DEBUG    Presolve removed 19715893 rows and 12629369 columns
[2025-08-21 00:37:39] DEBUG    Presolve time: 15.40s
Presolved: 399846 rows, 2317902 columns, 3918893 nonzeros
[2025-08-21 00:37:39] DEBUG    Concurrent LP optimizer: primal simplex, dual simplex, and barrier
Showing barrier log only...
[2025-08-21 00:37:40] DEBUG    Ordering time: 0.13s
[2025-08-21 00:37:40] DEBUG    Barrier statistics:
 Dense cols : 86
[2025-08-21 00:37:40] DEBUG    AA' NZ     : 1.285e+06
 Factor NZ  : 6.821e+06 (roughly 1.1 GB of memory)
 Factor Ops : 1.440e+08 (less than 1 second per iteration)
 Threads    : 1
[2025-08-21 00:37:41] DEBUG    Objective                Residual
Iter       Primal          Dual         Primal    Dual     Compl     Time
[2025-08-21 00:37:41] DEBUG    0   5.02391288e+21 -6.33612170e+19  6.49e+10 6.50e+04  3.06e+16    17s
[2025-08-21 00:37:41] DEBUG    1   3.20144110e+21 -6.64411937e+19  2.88e+10 1.15e+06  1.37e+16    18s
[2025-08-21 00:37:42] DEBUG    2   1.46559847e+21 -4.81969769e+19  8.89e+09 8.84e+04  4.18e+15    18s
[2025-08-21 00:37:43] DEBUG    3   5.74499438e+19 -3.42708382e+19  1.38e+08 1.47e+03  8.09e+13    19s
[2025-08-21 00:37:44] DEBUG    4   2.53130333e+19 -1.27281999e+19  5.91e+07 9.51e-07  3.24e+13    20s
[2025-08-21 00:37:44] DEBUG    5   9.21849338e+18 -5.97866279e+18  2.06e+07 7.64e-06  1.13e+13    20s
[2025-08-21 00:37:45] DEBUG    6   3.15705358e+18 -2.85365947e+18  6.49e+06 5.32e-06  3.61e+12    21s
[2025-08-21 00:37:45] DEBUG    7   1.28127812e+18 -1.49811380e+18  2.52e+06 6.01e-04  1.39e+12    21s
[2025-08-21 00:37:46] DEBUG    8   4.38123454e+17 -7.79918097e+17  8.20e+05 1.02e-06  4.86e+11    22s
[2025-08-21 00:37:46] DEBUG    9   1.72077719e+17 -4.02405457e+17  3.03e+05 1.82e-07  1.91e+11    23s
[2025-08-21 00:37:47] DEBUG    10   9.62803460e+16 -1.43860453e+17  1.63e+05 2.21e-06  7.63e+10    23s
[2025-08-21 00:37:48] DEBUG    11   3.86524005e+16 -9.47121986e+16  6.01e+04 2.42e-05  3.75e+10    24s
[2025-08-21 00:37:48] DEBUG    12   3.05145850e+16 -8.72766191e+16  4.65e+04 1.50e-05  3.24e+10    25s
[2025-08-21 00:37:49] DEBUG    13   2.35516599e+16 -5.50867145e+16  3.47e+04 1.26e-05  2.12e+10    25s
[2025-08-21 00:37:49] DEBUG    14   1.30653965e+16 -4.97676952e+16  1.69e+04 1.69e-05  1.62e+10    26s
[2025-08-21 00:37:50] DEBUG    15   1.18274823e+16 -4.34823577e+16  1.48e+04 1.25e-05  1.42e+10    26s
[2025-08-21 00:37:50] DEBUG    16   1.11128480e+16 -3.61129414e+16  1.36e+04 1.27e-05  1.21e+10    27s
[2025-08-21 00:37:51] DEBUG    17   7.79138336e+15 -2.14201617e+16  8.16e+03 6.91e-06  7.34e+09    28s
[2025-08-21 00:37:52] DEBUG    18   6.68650366e+15 -1.60442106e+16  6.41e+03 3.22e-06  5.68e+09    29s
[2025-08-21 00:37:53] DEBUG    19   6.51812616e+15 -1.46761402e+16  6.13e+03 5.85e-06  5.29e+09    29s
[2025-08-21 00:37:54] DEBUG    20   5.73817324e+15 -1.14347710e+16  4.85e+03 3.49e-06  4.26e+09    30s
[2025-08-21 00:37:55] DEBUG    21   5.28186744e+15 -7.83017006e+15  4.09e+03 2.31e-06  3.25e+09    31s
[2025-08-21 00:37:56] DEBUG    22   4.51159855e+15 -3.78527876e+15  3.03e+03 1.84e-06  2.05e+09    32s
[2025-08-21 00:37:57] DEBUG    23   4.25991849e+15 -2.59916051e+15  2.62e+03 1.57e-06  1.69e+09    33s
[2025-08-21 00:37:58] DEBUG    24   3.96766975e+15 -4.80506565e+14  2.14e+03 9.64e-07  1.09e+09    34s
[2025-08-21 00:37:59] DEBUG    25   3.65579933e+15 -8.68089930e+13  1.61e+03 4.60e-07  9.17e+08    35s
[2025-08-21 00:38:00] DEBUG    26   3.39047524e+15  5.85625778e+14  1.16e+03 3.84e-07  6.85e+08    36s
[2025-08-21 00:38:01] DEBUG    27   3.33022841e+15  8.95552013e+14  1.06e+03 6.33e-07  5.95e+08    37s
[2025-08-21 00:38:02] DEBUG    28   3.20315579e+15  1.47868953e+15  8.38e+02 3.19e-07  4.21e+08    38s
[2025-08-21 00:38:03] DEBUG    29   3.11931306e+15  2.08472710e+15  7.12e+02 2.66e-07  2.52e+08    39s
[2025-08-21 00:38:04] DEBUG    30   3.02080590e+15  2.30746411e+15  5.30e+02 1.99e-07  1.74e+08    40s
[2025-08-21 00:38:05] DEBUG    31   2.95865251e+15  2.44089503e+15  4.27e+02 6.58e-08  1.26e+08    41s
[2025-08-21 00:38:06] DEBUG    32   2.93302243e+15  2.59098812e+15  3.86e+02 6.11e-08  8.32e+07    42s
[2025-08-21 00:38:06] DEBUG    33   2.90746244e+15  2.60259113e+15  3.41e+02 4.82e-08  7.41e+07    43s
[2025-08-21 00:38:07] DEBUG    34   2.85090330e+15  2.60939172e+15  2.53e+02 3.10e-08  5.87e+07    44s
[2025-08-21 00:38:08] DEBUG    35   2.83012282e+15  2.63229407e+15  2.16e+02 4.31e-08  4.81e+07    45s
[2025-08-21 00:38:09] DEBUG    36   2.82515092e+15  2.65255336e+15  2.09e+02 3.92e-08  4.19e+07    46s
[2025-08-21 00:38:10] DEBUG    37   2.79960560e+15  2.68120549e+15  1.51e+02 2.04e-08  2.87e+07    47s
[2025-08-21 00:38:11] DEBUG    38   2.76846731e+15  2.70913476e+15  8.99e+01 3.35e-08  1.44e+07    48s
[2025-08-21 00:38:12] DEBUG    39   2.76043302e+15  2.72483392e+15  7.38e+01 2.12e-08  8.63e+06    49s
[2025-08-21 00:38:13] DEBUG    Barrier performed 39 iterations in 48.94 seconds (49.78 work units)
[2025-08-21 00:38:13] DEBUG    Barrier solve interrupted - model solved by another algorithm
[2025-08-21 00:38:13] DEBUG    Solved with dual simplex
[2025-08-21 00:38:19] DEBUG    Iteration    Objective       Primal Inf.    Dual Inf.      Time
[2025-08-21 00:38:19] DEBUG    241370    2.7340452e+15   0.000000e+00   1.213475e-05     55s
[2025-08-21 00:38:22] DEBUG    Extra simplex iterations after uncrush: 1
[2025-08-21 00:38:22] DEBUG    241371    2.7340452e+15   0.000000e+00   0.000000e+00     59s

Solved in 241371 iterations and 58.89 seconds (71.65 work units)
Optimal objective  2.734045204e+15
❌ Errore nel run di autarky_VRES_2030_nostorage: 'Model' object has no attribute 'backend_model'

🚀 Lancio scenario: autarky_CG+VRES_2030_BESS
[2025-08-21 00:50:24] INFO     Loading sets
[2025-08-21 00:50:24] INFO     Loading parameters
[2025-08-21 00:50:59] INFO     constraints are loaded in the following order: ['energy_balance', 'dispatch', 'costs', 'capacity', 'network', 'policy', 'conversion', 'group', 'conversion_plus', 'milp', 'export']
[2025-08-21 00:50:59] INFO     creating energy_balance constraints
[2025-08-21 00:53:57] INFO     creating dispatch constraints
[2025-08-21 00:55:51] INFO     creating costs constraints
[2025-08-21 01:08:58] INFO     creating capacity constraints
[2025-08-21 01:08:58] INFO     creating network constraints
[2025-08-21 01:08:58] INFO     creating policy constraints
[2025-08-21 01:08:58] INFO     creating conversion constraints
[2025-08-21 01:08:58] INFO     creating group constraints
[2025-08-21 01:08:58] INFO     creating conversion_plus constraints
[2025-08-21 01:08:58] INFO     creating milp constraints
[2025-08-21 01:08:58] INFO     creating export constraints
[2025-08-21 01:21:02] DEBUG    Set parameter WLSAccessID
Set parameter WLSSecret
Set parameter LicenseID to value 2680226
[2025-08-21 01:21:02] DEBUG    Academic license 2680226 - for non-commercial use only - registered to an___@mail.polimi.it
[2025-08-21 01:21:36] DEBUG    Read LP format model from file /tmp/tmp0nwrq7sq.pyomo.lp
Reading time = 34.41 seconds
x16831007: 22656429 rows, 16831007 columns, 54928398 nonzeros
[2025-08-21 01:21:36] DEBUG    Set parameter NumericFocus to value 1
Gurobi Optimizer version 12.0.2 build v12.0.2rc0 (linux64 - "Debian GNU/Linux 11 (bullseye)")

CPU model: Intel(R) Xeon(R) Silver 4314 CPU @ 2.40GHz, instruction set [SSE2|AVX|AVX2|AVX512]
Thread count: 32 physical cores, 64 logical processors, using up to 32 threads

Non-default parameters:
NumericFocus  1
[2025-08-21 01:21:36] DEBUG    Academic license 2680226 - for non-commercial use only - registered to an___@mail.polimi.it
Optimize a model with 22656429 rows, 16831007 columns and 54928398 nonzeros
[2025-08-21 01:21:37] DEBUG    Model fingerprint: 0xb4b81631
[2025-08-21 01:21:37] DEBUG    Coefficient statistics:
  Matrix range     [1e-07, 3e+02]
  Objective range  [1e+00, 1e+06]
  Bounds range     [0e+00, 0e+00]
  RHS range        [1e+00, 2e+08]
[2025-08-21 01:21:43] DEBUG    Presolve removed 18178374 rows and 10215068 columns (presolve time = 6s)...
[2025-08-21 01:21:47] DEBUG    Presolve removed 18612555 rows and 12440000 columns (presolve time = 10s)...
[2025-08-21 01:21:53] DEBUG    Presolve removed 20296517 rows and 14073183 columns (presolve time = 16s)...
[2025-08-21 01:21:57] DEBUG    Presolve removed 20983315 rows and 14090703 columns
[2025-08-21 01:21:57] DEBUG    Presolve time: 20.51s
Presolved: 1673114 rows, 2889207 columns, 8712505 nonzeros

Concurrent LP optimizer: primal simplex, dual simplex, and barrier
Showing barrier log only...
[2025-08-21 01:21:59] DEBUG    Ordering time: 0.97s
[2025-08-21 01:22:01] DEBUG    Barrier statistics:
 Dense cols : 144
[2025-08-21 01:22:01] DEBUG    AA' NZ     : 8.759e+06
 Factor NZ  : 3.114e+07 (roughly 2.0 GB of memory)
 Factor Ops : 8.670e+08 (less than 1 second per iteration)
 Threads    : 30
[2025-08-21 01:22:05] DEBUG    Objective                Residual
[2025-08-21 01:22:05] DEBUG    Iter       Primal          Dual         Primal    Dual     Compl     Time
[2025-08-21 01:22:05] DEBUG    0   2.34528364e+21 -8.03545715e+18  6.49e+10 2.90e-11  4.38e+15    29s
[2025-08-21 01:22:11] DEBUG    1   1.95864272e+21 -8.05844367e+18  5.36e+10 2.39e+05  3.35e+15    35s
[2025-08-21 01:22:17] DEBUG    2   1.59653702e+21 -7.52231141e+18  4.39e+10 1.07e+05  2.49e+15    41s
[2025-08-21 01:22:26] DEBUG    3   1.13664124e+21 -6.63786704e+18  3.13e+10 3.53e+04  1.63e+15    50s
[2025-08-21 01:22:32] DEBUG    4   7.88720758e+20 -6.14590349e+18  2.14e+10 1.60e+04  1.09e+15    56s
[2025-08-21 01:22:37] DEBUG    5   6.54804791e+20 -5.84375702e+18  1.76e+10 7.56e+03  8.89e+14    60s
[2025-08-21 01:22:41] DEBUG    6   4.49317575e+20 -5.58841899e+18  1.20e+10 3.48e+03  6.08e+14    65s
[2025-08-21 01:22:46] DEBUG    7   3.04870205e+20 -5.41513128e+18  8.18e+09 1.85e+03  4.17e+14    70s
[2025-08-21 01:22:51] DEBUG    8   1.21444088e+20 -5.17697208e+18  3.39e+09 1.08e+03  1.78e+14    74s
[2025-08-21 01:22:57] DEBUG    9   5.60651958e+19 -4.66798433e+18  1.61e+09 3.02e+02  8.33e+13    81s
[2025-08-21 01:23:02] DEBUG    10   3.97267986e+19 -4.18778752e+18  1.14e+09 1.29e+02  5.90e+13    85s
[2025-08-21 01:23:08] DEBUG    11   2.58926994e+19 -3.64210624e+18  7.52e+08 2.86e+01  3.83e+13    92s
[2025-08-21 01:23:16] DEBUG    12   1.05682004e+19 -2.93736899e+18  3.06e+08 1.56e+00  1.55e+13    99s
[2025-08-21 01:23:22] DEBUG    13   1.07229190e+18 -2.28821392e+18  2.91e+07 1.28e+00  1.82e+12   105s
[2025-08-21 01:23:26] DEBUG    14   2.57809227e+16 -8.97222959e+17  5.60e+05 3.53e-01  1.81e+11   109s
[2025-08-21 01:23:30] DEBUG    15   1.43520921e+15 -4.44476083e+16  1.34e+03 1.68e-02  7.73e+09   114s
[2025-08-21 01:23:35] DEBUG    16   1.34245303e+15 -6.18223094e+15  6.46e+01 2.30e-02  1.09e+09   118s
[2025-08-21 01:23:39] DEBUG    17   1.31429370e+15 -1.78210276e+15  1.25e+01 2.33e-02  3.32e+08   123s
[2025-08-21 01:23:45] DEBUG    18   1.30932459e+15 -7.60518032e+14  1.02e+01 2.42e-02  1.47e+08   129s
[2025-08-21 01:23:50] DEBUG    19   1.29662970e+15 -4.78692154e+14  4.87e+00 2.46e-02  9.35e+07   134s
[2025-08-21 01:23:56] DEBUG    20   1.28051216e+15 -1.29654924e+14  1.68e+00 2.52e-02  2.62e+07   140s
[2025-08-21 01:24:00] DEBUG    21   1.27451744e+15 -5.50187963e+13  1.23e+00 2.54e-02  1.13e+07   144s
[2025-08-21 01:24:07] DEBUG    22   1.26362235e+15 -1.10869960e+13  6.33e-01 2.55e-02  2.45e+06   150s
[2025-08-21 01:24:15] DEBUG    23   1.25972527e+15 -2.44024594e+12  5.22e-01 2.55e-02  5.90e+05   159s
[2025-08-21 01:24:21] DEBUG    24   1.24522964e+15 -5.35008420e+11  1.80e-01 2.55e-02  1.28e+05   165s
[2025-08-21 01:24:25] DEBUG    25   1.24322802e+15 -2.83052244e+11  1.63e-01 2.54e-02  6.92e+04   169s
[2025-08-21 01:24:30] DEBUG    26   1.23893818e+15 -1.92646293e+11  1.31e-01 2.54e-02  4.07e+04   174s
[2025-08-21 01:24:36] DEBUG    27   1.23243165e+15 -1.64986673e+11  9.22e-02 2.54e-02  2.49e+04   180s
[2025-08-21 01:24:41] DEBUG    28   1.22746917e+15 -1.57460865e+11  7.13e-02 2.54e-02  1.87e+04   185s
[2025-08-21 01:24:49] DEBUG    29   1.22619611e+15 -1.51155562e+11  6.71e-02 2.54e-02  1.57e+04   193s
[2025-08-21 01:24:57] DEBUG    30   1.22245025e+15 -1.48117794e+11  5.56e-02 2.54e-02  1.24e+04   201s
[2025-08-21 01:25:08] DEBUG    31   1.22109434e+15 -1.46820894e+11  5.21e-02 2.54e-02  1.12e+04   212s
[2025-08-21 01:25:19] DEBUG    32   1.21919678e+15 -1.45624385e+11  4.76e-02 2.54e-02  9.91e+03   223s
[2025-08-21 01:25:30] DEBUG    33   1.21679800e+15 -1.44923625e+11  4.23e-02 2.54e-02  8.62e+03   234s
[2025-08-21 01:25:38] DEBUG    34   1.21595815e+15 -1.44854919e+11  4.07e-02 2.54e-02  8.29e+03   242s
[2025-08-21 01:25:50] DEBUG    35   1.21476502e+15 -1.44634200e+11  3.85e-02 2.54e-02  7.77e+03   254s
[2025-08-21 01:26:01] DEBUG    36   1.21208781e+15 -1.44578490e+11  3.37e-02 2.54e-02  6.86e+03   264s
[2025-08-21 01:26:12] DEBUG    37   1.21031817e+15 -1.44343663e+11  3.10e-02 2.54e-02  6.21e+03   276s
[2025-08-21 01:26:24] DEBUG    38   1.20921857e+15 -1.44199522e+11  2.94e-02 2.54e-02  5.82e+03   287s
[2025-08-21 01:26:31] DEBUG    39   1.20865284e+15 -1.44181776e+11  2.87e-02 2.54e-02  5.65e+03   295s
[2025-08-21 01:26:39] DEBUG    40   1.20770747e+15 -1.44158992e+11  2.75e-02 2.54e-02  5.39e+03   303s
[2025-08-21 01:26:47] DEBUG    41   1.20742647e+15 -1.44150520e+11  2.71e-02 2.54e-02  5.29e+03   311s
[2025-08-21 01:26:55] DEBUG    42   1.20675787e+15 -1.44145631e+11  2.62e-02 2.54e-02  5.12e+03   319s
[2025-08-21 01:27:05] DEBUG    43   1.20625775e+15 -1.44143473e+11  2.56e-02 2.54e-02  4.98e+03   329s
[2025-08-21 01:27:14] DEBUG    44   1.20495703e+15 -1.44120455e+11  2.41e-02 2.54e-02  4.67e+03   338s
[2025-08-21 01:27:21] DEBUG    45   1.20450916e+15 -1.44123542e+11  2.36e-02 2.54e-02  4.58e+03   345s
[2025-08-21 01:27:33] DEBUG    46   1.20343297e+15 -1.44097317e+11  2.24e-02 2.54e-02  4.32e+03   357s
[2025-08-21 01:27:40] DEBUG    47   1.20299454e+15 -1.44108518e+11  2.19e-02 2.54e-02  4.23e+03   364s
[2025-08-21 01:27:49] DEBUG    48   1.20250945e+15 -1.44115639e+11  2.14e-02 2.54e-02  4.13e+03   372s
[2025-08-21 01:28:00] DEBUG    49   1.20121276e+15 -1.44109895e+11  2.02e-02 2.54e-02  3.88e+03   384s
[2025-08-21 01:28:08] DEBUG    50   1.20076859e+15 -1.44123708e+11  1.98e-02 2.54e-02  3.80e+03   392s
[2025-08-21 01:28:16] DEBUG    51   1.20047646e+15 -1.44138168e+11  1.95e-02 2.54e-02  3.75e+03   399s
[2025-08-21 01:28:24] DEBUG    52   1.19946077e+15 -1.44153145e+11  1.86e-02 2.54e-02  3.57e+03   407s
[2025-08-21 01:28:35] DEBUG    53   1.19881692e+15 -1.44156010e+11  1.80e-02 2.54e-02  3.44e+03   418s
[2025-08-21 01:28:44] DEBUG    54   1.19819709e+15 -1.44166700e+11  1.75e-02 2.54e-02  3.35e+03   428s
[2025-08-21 01:28:55] DEBUG    55   1.19648386e+15 -1.44188411e+11  1.62e-02 2.54e-02  3.08e+03   439s
[2025-08-21 01:29:06] DEBUG    56   1.19610307e+15 -1.44196266e+11  1.59e-02 2.54e-02  3.02e+03   450s
[2025-08-21 01:29:17] DEBUG    57   1.19548738e+15 -1.44201431e+11  1.54e-02 2.54e-02  2.93e+03   461s
[2025-08-21 01:29:28] DEBUG    58   1.19486217e+15 -1.44208384e+11  1.49e-02 2.54e-02  2.84e+03   472s
[2025-08-21 01:29:39] DEBUG    59   1.19441218e+15 -1.44219217e+11  1.46e-02 2.54e-02  2.77e+03   483s
[2025-08-21 01:29:47] DEBUG    60   1.19402561e+15 -1.44228136e+11  1.44e-02 2.54e-02  2.72e+03   490s
[2025-08-21 01:29:56] DEBUG    61   1.19336211e+15 -1.44236486e+11  1.40e-02 2.54e-02  2.64e+03   500s
[2025-08-21 01:30:05] DEBUG    62   1.19290696e+15 -1.44244304e+11  1.37e-02 2.54e-02  2.58e+03   509s
[2025-08-21 01:30:15] DEBUG    63   1.19250190e+15 -1.44252664e+11  1.34e-02 2.54e-02  2.53e+03   519s
[2025-08-21 01:30:23] DEBUG    64   1.19217019e+15 -1.44268238e+11  1.32e-02 2.54e-02  2.49e+03   526s
[2025-08-21 01:30:32] DEBUG    65   1.19206263e+15 -1.44274410e+11  1.31e-02 2.54e-02  2.47e+03   536s
[2025-08-21 01:30:43] DEBUG    66   1.19188615e+15 -1.44287788e+11  1.30e-02 2.54e-02  2.45e+03   547s
[2025-08-21 01:30:54] DEBUG    67   1.19165472e+15 -1.44326558e+11  1.29e-02 2.54e-02  3.11e+03   558s
[2025-08-21 01:30:54] DEBUG    Barrier performed 67 iterations in 558.08 seconds (114.89 work units)
Numerical trouble encountered

Model may be infeasible or unbounded.  Consider using the
homogeneous algorithm (through parameter 'BarHomogeneous')
[2025-08-21 01:31:59] DEBUG    Waiting for other threads to finish...         623s
[2025-08-21 01:32:46] DEBUG    Solved with dual simplex
[2025-08-21 01:32:55] DEBUG    Iteration    Objective       Primal Inf.    Dual Inf.      Time
[2025-08-21 01:32:55] DEBUG    705816    1.4541672e+10   0.000000e+00   0.000000e+00    678s

Solved in 705816 iterations and 678.31 seconds (284.08 work units)
[2025-08-21 01:32:55] DEBUG    Optimal objective  1.454167157e+10
❌ Errore nel run di autarky_CG+VRES_2030_BESS: 'Model' object has no attribute 'backend_model'

🚀 Lancio scenario: autarky_CG+VRES_2030_nostorage
[2025-08-21 01:43:35] INFO     Loading sets
[2025-08-21 01:43:35] INFO     Loading parameters
[2025-08-21 01:44:08] INFO     constraints are loaded in the following order: ['energy_balance', 'dispatch', 'costs', 'capacity', 'network', 'policy', 'conversion', 'group', 'conversion_plus', 'milp', 'export']
[2025-08-21 01:44:08] INFO     creating energy_balance constraints
[2025-08-21 01:46:56] INFO     creating dispatch constraints
[2025-08-21 01:48:40] INFO     creating costs constraints
[2025-08-21 02:02:57] INFO     creating capacity constraints
[2025-08-21 02:02:57] INFO     creating network constraints
[2025-08-21 02:02:57] INFO     creating policy constraints
[2025-08-21 02:02:57] INFO     creating conversion constraints
[2025-08-21 02:02:57] INFO     creating group constraints
[2025-08-21 02:02:57] INFO     creating conversion_plus constraints
[2025-08-21 02:02:57] INFO     creating milp constraints
[2025-08-21 02:02:57] INFO     creating export constraints
[2025-08-21 02:14:08] DEBUG    Set parameter WLSAccessID
Set parameter WLSSecret
Set parameter LicenseID to value 2680226
[2025-08-21 02:14:08] DEBUG    Academic license 2680226 - for non-commercial use only - registered to an___@mail.polimi.it
[2025-08-21 02:14:39] DEBUG    Read LP format model from file /tmp/tmpra4z959t.pyomo.lp
[2025-08-21 02:14:39] DEBUG    Reading time = 30.79 seconds
x15560633: 20877975 rows, 15560633 columns, 50355359 nonzeros
[2025-08-21 02:14:39] DEBUG    Set parameter NumericFocus to value 1
[2025-08-21 02:14:39] DEBUG    Gurobi Optimizer version 12.0.2 build v12.0.2rc0 (linux64 - "Debian GNU/Linux 11 (bullseye)")

CPU model: Intel(R) Xeon(R) Silver 4314 CPU @ 2.40GHz, instruction set [SSE2|AVX|AVX2|AVX512]
Thread count: 32 physical cores, 64 logical processors, using up to 32 threads
[2025-08-21 02:14:39] DEBUG    Non-default parameters:
NumericFocus  1
[2025-08-21 02:14:39] DEBUG    Academic license 2680226 - for non-commercial use only - registered to an___@mail.polimi.it
[2025-08-21 02:14:39] DEBUG    Optimize a model with 20877975 rows, 15560633 columns and 50355359 nonzeros
[2025-08-21 02:14:40] DEBUG    Model fingerprint: 0x7f82f707
[2025-08-21 02:14:40] DEBUG    Coefficient statistics:
  Matrix range     [1e-07, 3e+02]
  Objective range  [1e+00, 1e+06]
[2025-08-21 02:14:40] DEBUG    Bounds range     [0e+00, 0e+00]
  RHS range        [1e+00, 2e+08]
[2025-08-21 02:14:45] DEBUG    Presolve removed 17670178 rows and 9706872 columns (presolve time = 5s)...
[2025-08-21 02:14:50] DEBUG    Presolve removed 19537349 rows and 13362043 columns (presolve time = 11s)...
[2025-08-21 02:14:55] DEBUG    Presolve removed 20075186 rows and 13385757 columns (presolve time = 15s)...
[2025-08-21 02:14:56] DEBUG    Presolve removed 20224089 rows and 13385757 columns
[2025-08-21 02:14:56] DEBUG    Presolve time: 16.64s
Presolved: 653886 rows, 2323779 columns, 4435170 nonzeros
[2025-08-21 02:14:56] DEBUG    Concurrent LP optimizer: primal simplex, dual simplex, and barrier
Showing barrier log only...
[2025-08-21 02:14:57] DEBUG    Ordering time: 0.20s
[2025-08-21 02:14:57] DEBUG    Barrier statistics:
 Dense cols : 115
[2025-08-21 02:14:57] DEBUG    AA' NZ     : 1.796e+06
 Factor NZ  : 1.069e+07 (roughly 1.3 GB of memory)
 Factor Ops : 2.338e+08 (less than 1 second per iteration)
 Threads    : 1
[2025-08-21 02:14:58] DEBUG    Objective                Residual
Iter       Primal          Dual         Primal    Dual     Compl     Time
[2025-08-21 02:14:58] DEBUG    0   2.46398552e+21 -9.50807155e+18  6.49e+10 3.27e-03  5.22e+15    19s
[2025-08-21 02:14:58] DEBUG    1   2.03780022e+21 -9.53515043e+18  5.29e+10 3.81e+05  4.26e+15    19s
[2025-08-21 02:14:59] DEBUG    2   1.66451267e+21 -9.09970401e+18  4.29e+10 2.77e+05  3.44e+15    20s
[2025-08-21 02:15:00] DEBUG    3   1.42709158e+21 -8.44894159e+18  3.65e+10 1.91e+05  2.90e+15    21s
[2025-08-21 02:15:01] DEBUG    4   1.20384375e+21 -8.13649624e+18  3.06e+10 1.42e+05  2.44e+15    22s
[2025-08-21 02:15:02] DEBUG    5   9.10002782e+20 -7.32212566e+18  2.24e+10 4.21e+04  1.74e+15    23s
[2025-08-21 02:15:03] DEBUG    6   4.36479105e+20 -6.99090499e+18  9.87e+09 1.72e+04  7.91e+14    24s
[2025-08-21 02:15:04] DEBUG    7   3.63705637e+20 -6.37893166e+18  8.22e+09 2.90e+03  6.56e+14    25s
[2025-08-21 02:15:05] DEBUG    8   4.05139338e+19 -5.87504716e+18  7.33e+08 3.05e+02  6.32e+13    26s
[2025-08-21 02:15:06] DEBUG    9   1.47616824e+18 -3.68787051e+18  2.50e+07 1.10e+01  2.91e+12    27s
[2025-08-21 02:15:07] DEBUG    10   5.44848922e+17 -1.36846825e+18  9.00e+06 2.57e+00  9.60e+11    28s
[2025-08-21 02:15:07] DEBUG    11   2.31108915e+17 -5.67008421e+17  3.93e+06 1.37e+00  3.71e+11    28s
[2025-08-21 02:15:08] DEBUG    12   1.05515549e+17 -2.11004125e+17  1.86e+06 8.48e-01  1.43e+11    29s
[2025-08-21 02:15:09] DEBUG    13   4.12359121e+16 -9.71242761e+16  7.28e+05 5.34e-01  5.35e+10    30s
[2025-08-21 02:15:09] DEBUG    14   1.22960053e+16 -2.59032839e+16  2.23e+05 1.77e-01  1.28e+10    30s
[2025-08-21 02:15:10] DEBUG    15   3.69229710e+15 -6.44144827e+15  6.63e+04 3.43e-02  2.97e+09    31s
[2025-08-21 02:15:11] DEBUG    16   5.24086664e+14 -1.32828385e+15  7.81e+03 1.39e-03  4.39e+08    32s
[2025-08-21 02:15:11] DEBUG    17   9.68185882e+13 -5.32615908e+13  8.40e+01 2.91e-03  1.34e+07    32s
[2025-08-21 02:15:12] DEBUG    18   7.67760748e+13 -6.85890817e+11  1.24e-03 2.93e-03  1.87e+05    33s
[2025-08-21 02:15:13] DEBUG    19   6.47622620e+13 -1.37205431e+11  1.20e-03 2.94e-03  4.30e+04    34s
[2025-08-21 02:15:13] DEBUG    20   5.84759601e+13 -4.68944793e+10  9.20e-04 2.94e-03  1.89e+04    34s
[2025-08-21 02:15:14] DEBUG    21   5.54180494e+13 -1.17175727e+10  7.11e-04 2.94e-03  9.45e+03    35s
[2025-08-21 02:15:15] DEBUG    22   5.22248252e+13 -4.13373438e+09  1.24e-03 2.94e-03  9.69e+03    36s
[2025-08-21 02:15:15] DEBUG    23   4.80087082e+13  6.39249262e+09  4.60e-04 2.94e-03  1.27e+04    37s
[2025-08-21 02:15:16] DEBUG    24   4.78338359e+13  7.27661866e+09  1.24e-03 2.94e-03  3.45e+04    37s
[2025-08-21 02:15:17] DEBUG    25   4.50471336e+13  6.79713006e+09  1.24e-03 2.94e-03  1.31e+05    38s
[2025-08-21 02:15:19] DEBUG    26   4.47645449e+13  6.52088637e+09  1.24e-03 2.95e-03  2.38e+05    40s
[2025-08-21 02:15:21] DEBUG    27   3.62423069e+13  5.53955420e+09  1.24e-03 2.95e-03  3.09e+05    42s
[2025-08-21 02:15:23] DEBUG    28   3.48005321e+13  1.06190097e+09  1.73e-03 2.95e-03  5.78e+05    44s
[2025-08-21 02:15:26] DEBUG    29   3.05142191e+13 -1.58128002e+09  7.53e-04 2.95e-03  7.98e+05    47s
[2025-08-21 02:15:27] DEBUG    30   2.42334027e+13 -5.51257969e+09  7.53e-04 2.95e-03  8.53e+05    48s
[2025-08-21 02:15:27] DEBUG    Barrier performed 30 iterations in 48.36 seconds (45.53 work units)
[2025-08-21 02:15:27] DEBUG    Barrier solve interrupted - model solved by another algorithm
[2025-08-21 02:15:27] DEBUG    Solved with dual simplex
[2025-08-21 02:15:35] DEBUG    Iteration    Objective       Primal Inf.    Dual Inf.      Time
[2025-08-21 02:15:35] DEBUG    247016    1.4541672e+10   0.000000e+00   0.000000e+00     56s

Solved in 247016 iterations and 55.88 seconds (58.04 work units)
Optimal objective  1.454167157e+10
❌ Errore nel run di autarky_CG+VRES_2030_nostorage: 'Model' object has no attribute 'backend_model'

🚀 Lancio scenario: autarky_GT+VRES_2030_PHES
[2025-08-21 02:27:23] INFO     Loading sets
[2025-08-21 02:27:23] INFO     Loading parameters
[2025-08-21 02:27:58] INFO     constraints are loaded in the following order: ['energy_balance', 'dispatch', 'costs', 'capacity', 'network', 'policy', 'conversion', 'group', 'conversion_plus', 'milp', 'export']
[2025-08-21 02:27:58] INFO     creating energy_balance constraints
[2025-08-21 02:30:57] INFO     creating dispatch constraints
[2025-08-21 02:32:52] INFO     creating costs constraints
[2025-08-21 02:41:37] INFO     creating capacity constraints
[2025-08-21 02:41:37] INFO     creating network constraints
[2025-08-21 02:41:37] INFO     creating policy constraints
[2025-08-21 02:41:37] INFO     creating conversion constraints
[2025-08-21 02:41:37] INFO     creating group constraints
[2025-08-21 02:41:37] INFO     creating conversion_plus constraints
[2025-08-21 02:41:37] INFO     creating milp constraints
[2025-08-21 02:41:37] INFO     creating export constraints
[2025-08-21 02:53:45] DEBUG    Set parameter WLSAccessID
Set parameter WLSSecret
Set parameter LicenseID to value 2680226
[2025-08-21 02:53:45] DEBUG    Academic license 2680226 - for non-commercial use only - registered to an___@mail.polimi.it
[2025-08-21 02:54:19] DEBUG    Read LP format model from file /tmp/tmporcspeh7.pyomo.lp
Reading time = 34.26 seconds
x16831007: 22656487 rows, 16831007 columns, 55182496 nonzeros
[2025-08-21 02:54:19] DEBUG    Set parameter NumericFocus to value 1
Gurobi Optimizer version 12.0.2 build v12.0.2rc0 (linux64 - "Debian GNU/Linux 11 (bullseye)")

CPU model: Intel(R) Xeon(R) Silver 4314 CPU @ 2.40GHz, instruction set [SSE2|AVX|AVX2|AVX512]
Thread count: 32 physical cores, 64 logical processors, using up to 32 threads

Non-default parameters:
NumericFocus  1
[2025-08-21 02:54:20] DEBUG    Academic license 2680226 - for non-commercial use only - registered to an___@mail.polimi.it
Optimize a model with 22656487 rows, 16831007 columns and 55182496 nonzeros
[2025-08-21 02:54:20] DEBUG    Model fingerprint: 0x6f7613a1
[2025-08-21 02:54:20] DEBUG    Coefficient statistics:
  Matrix range     [1e-07, 3e+02]
  Objective range  [1e+00, 1e+06]
  Bounds range     [0e+00, 0e+00]
  RHS range        [1e+00, 6e+09]
Warning: Model contains large rhs
[2025-08-21 02:54:26] DEBUG    Presolve removed 18309838 rows and 10293914 columns (presolve time = 6s)...
[2025-08-21 02:54:30] DEBUG    Presolve removed 18905199 rows and 12680000 columns (presolve time = 10s)...
[2025-08-21 02:54:36] DEBUG    Presolve removed 20401776 rows and 14130999 columns (presolve time = 15s)...
[2025-08-21 02:54:40] DEBUG    Presolve removed 21088568 rows and 14148519 columns
[2025-08-21 02:54:40] DEBUG    Presolve time: 20.35s
Presolved: 1567919 rows, 2831391 columns, 8270655 nonzeros

Concurrent LP optimizer: primal simplex, dual simplex, and barrier
Showing barrier log only...
[2025-08-21 02:54:42] DEBUG    Ordering time: 0.89s
[2025-08-21 02:54:43] DEBUG    Barrier statistics:
 Dense cols : 141
[2025-08-21 02:54:43] DEBUG    AA' NZ     : 8.038e+06
 Factor NZ  : 2.907e+07 (roughly 2.0 GB of memory)
 Factor Ops : 8.165e+08 (less than 1 second per iteration)
 Threads    : 30
[2025-08-21 02:54:47] DEBUG    Objective                Residual
[2025-08-21 02:54:47] DEBUG    Iter       Primal          Dual         Primal    Dual     Compl     Time
[2025-08-21 02:54:47] DEBUG    0   2.61167675e+21 -8.28356164e+18  6.49e+10 2.90e-11  4.69e+15    28s
[2025-08-21 02:54:52] DEBUG    1   2.39383695e+21 -8.52769516e+18  5.92e+10 2.41e+05  3.92e+15    32s
[2025-08-21 02:54:58] DEBUG    2   2.27342121e+21 -3.64657708e+19  5.63e+10 1.81e+05  3.73e+15    38s
[2025-08-21 02:55:06] DEBUG    3   2.00690055e+21 -9.23880226e+19  4.99e+10 7.94e+04  3.24e+15    47s
[2025-08-21 02:55:13] DEBUG    4   1.49992340e+21 -1.17275108e+20  3.67e+10 2.45e+04  2.37e+15    53s
[2025-08-21 02:55:21] DEBUG    5   9.22676605e+20 -1.16253125e+20  2.22e+10 5.48e+03  1.45e+15    61s
[2025-08-21 02:55:29] DEBUG    6   5.37502443e+20 -1.03131193e+20  1.27e+10 1.55e+03  8.30e+14    69s
[2025-08-21 02:55:34] DEBUG    7   1.17500948e+20 -9.24931549e+19  2.43e+09 7.44e+02  1.77e+14    75s
[2025-08-21 02:55:39] DEBUG    8   3.36566986e+19 -4.76955738e+19  6.74e+08 1.10e+02  5.10e+13    79s
[2025-08-21 02:55:42] DEBUG    9   1.09708304e+19 -2.14819480e+19  2.14e+08 2.61e+01  1.66e+13    83s
[2025-08-21 02:55:47] DEBUG    10   6.16068145e+18 -1.05488266e+19  1.18e+08 9.60e+00  8.67e+12    87s
[2025-08-21 02:55:51] DEBUG    11   3.45696293e+18 -4.92306001e+18  6.57e+07 2.72e+00  4.48e+12    92s
[2025-08-21 02:55:55] DEBUG    12   1.77982128e+18 -2.83357030e+18  3.34e+07 1.16e+00  2.27e+12    96s
[2025-08-21 02:56:00] DEBUG    13   5.72421274e+17 -1.34431707e+18  1.06e+07 4.25e-01  7.57e+11   100s
[2025-08-21 02:56:05] DEBUG    14   1.52849402e+17 -4.40877528e+17  2.84e+06 9.20e-02  1.98e+11   105s
[2025-08-21 02:56:09] DEBUG    15   1.36055854e+16 -9.90203400e+16  2.34e+05 2.57e-02  2.50e+10   109s
[2025-08-21 02:56:13] DEBUG    16   4.23004398e+14 -7.66279637e+15  2.44e+02 2.47e-04  1.34e+09   113s
[2025-08-21 02:56:18] DEBUG    17   3.85131540e+14 -1.66427690e+15  2.09e+01 7.37e-04  2.91e+08   118s
[2025-08-21 02:56:23] DEBUG    18   3.64194357e+14 -8.52987538e+14  1.37e-01 1.03e-03  1.50e+08   123s
[2025-08-21 02:56:31] DEBUG    19   3.47488435e+14 -3.58552357e+14  9.93e-04 1.61e-02  6.29e+07   132s
[2025-08-21 02:56:41] DEBUG    20   3.31142340e+14 -1.97712080e+14  1.72e-04 1.11e-02  3.50e+07   141s
[2025-08-21 02:56:48] DEBUG    21   3.18543080e+14 -6.11730175e+13  1.01e-04 1.02e-02  1.13e+07   148s
[2025-08-21 02:56:53] DEBUG    22   3.15357649e+14 -3.24623463e+13  9.30e-05 1.32e-02  6.17e+06   153s
[2025-08-21 02:56:58] DEBUG    23   3.11729554e+14 -1.86318831e+13  6.79e-05 1.82e-02  3.68e+06   159s
[2025-08-21 02:57:03] DEBUG    24   3.08868947e+14 -1.33673402e+13  5.91e-05 1.97e-02  2.71e+06   164s
[2025-08-21 02:57:10] DEBUG    25   3.06406390e+14 -1.18281326e+13  4.96e-05 2.00e-02  2.41e+06   170s
[2025-08-21 02:57:18] DEBUG    26   3.02210120e+14 -6.05723087e+12  5.34e-05 8.84e-02  1.32e+06   178s
[2025-08-21 02:57:31] DEBUG    27   2.99513212e+14 -2.76668737e+12  3.74e-05 8.02e-02  6.99e+05   191s
[2025-08-21 02:57:42] DEBUG    28   2.95809213e+14 -1.79674125e+12  4.63e-05 7.53e-02  4.80e+05   203s
[2025-08-21 02:57:54] DEBUG    29   2.90351486e+14 -6.94811765e+11  5.60e-05 6.25e-02  2.33e+05   215s
[2025-08-21 02:58:06] DEBUG    30   2.85937282e+14 -4.78146136e+11  6.06e-05 6.08e-02  1.68e+05   227s
[2025-08-21 02:58:16] DEBUG    31   2.84755970e+14 -4.15938189e+11  5.25e-05 5.99e-02  1.50e+05   236s
[2025-08-21 02:58:22] DEBUG    32   2.82702165e+14 -3.50040744e+11  5.39e-05 6.05e-02  1.29e+05   243s
[2025-08-21 02:58:31] DEBUG    33   2.80903056e+14 -2.96491866e+11  4.04e-05 6.03e-02  1.12e+05   252s
[2025-08-21 02:58:42] DEBUG    34   2.77718221e+14 -2.24934296e+11  5.34e-05 5.90e-02  8.70e+04   262s
[2025-08-21 02:58:53] DEBUG    35   2.75426272e+14 -1.74972100e+11  5.96e-05 5.44e-02  7.13e+04   273s
[2025-08-21 02:59:05] DEBUG    36   2.73340480e+14 -1.64234409e+11  5.15e-05 5.31e-02  6.47e+04   286s
[2025-08-21 02:59:17] DEBUG    37   2.71948927e+14 -1.47190422e+11  6.25e-05 5.09e-02  5.86e+04   297s
[2025-08-21 02:59:28] DEBUG    38   2.69766405e+14 -7.52701517e+10  4.40e-05 3.94e-02  4.09e+04   308s
[2025-08-21 02:59:37] DEBUG    39   2.67446037e+14 -6.81900760e+10  8.11e-05 3.77e-02  3.58e+04   317s
[2025-08-21 02:59:50] DEBUG    40   2.65128704e+14 -6.22381913e+10  4.46e-05 3.61e-02  3.15e+04   330s
[2025-08-21 03:00:02] DEBUG    41   2.63344840e+14 -5.71756757e+10  4.48e-05 3.45e-02  2.84e+04   342s
[2025-08-21 03:00:13] DEBUG    42   2.61058104e+14 -5.18688255e+10  4.96e-05 3.26e-02  2.50e+04   354s
[2025-08-21 03:00:25] DEBUG    43   2.59667415e+14 -4.26858143e+10  6.01e-05 2.93e-02  2.20e+04   366s
[2025-08-21 03:00:38] DEBUG    44   2.57651013e+14 -3.73323313e+10  5.39e-05 2.70e-02  1.94e+04   378s
[2025-08-21 03:00:51] DEBUG    45   2.55447172e+14 -3.32147064e+10  5.91e-05 2.51e-02  1.71e+04   391s
[2025-08-21 03:01:02] DEBUG    46   2.53633292e+14 -2.77513222e+10  4.92e-05 2.25e-02  1.51e+04   402s
[2025-08-21 03:01:12] DEBUG    47   2.51849231e+14 -2.18231604e+10  5.77e-05 2.18e-02  1.31e+04   413s
[2025-08-21 03:01:23] DEBUG    48   2.50654029e+14 -1.81530507e+10  5.91e-05 2.19e-02  1.18e+04   424s
[2025-08-21 03:01:33] DEBUG    49   2.49460452e+14 -1.52732917e+10  8.30e-05 2.19e-02  1.07e+04   434s
[2025-08-21 03:01:40] DEBUG    50   2.48986266e+14 -1.43749681e+10  6.44e-05 2.19e-02  1.04e+04   441s
[2025-08-21 03:01:51] DEBUG    51   2.47641015e+14 -1.29429310e+10  8.63e-05 2.19e-02  9.61e+03   452s
[2025-08-21 03:02:00] DEBUG    52   2.47162282e+14 -1.17405243e+10  7.87e-05 2.19e-02  9.23e+03   460s
[2025-08-21 03:02:06] DEBUG    53   2.46768105e+14 -1.11603428e+10  8.49e-05 2.19e-02  8.99e+03   467s
[2025-08-21 03:02:13] DEBUG    54   2.46305778e+14 -1.04239531e+10  7.72e-05 2.19e-02  8.71e+03   474s
[2025-08-21 03:02:24] DEBUG    55   2.45200174e+14 -9.12267963e+09  6.91e-05 2.18e-02  8.11e+03   485s
[2025-08-21 03:02:32] DEBUG    56   2.44610034e+14 -8.46381724e+09  8.11e-05 2.18e-02  7.82e+03   492s
[2025-08-21 03:02:39] DEBUG    57   2.44173148e+14 -7.77596135e+09  8.34e-05 2.17e-02  7.57e+03   499s
[2025-08-21 03:02:45] DEBUG    58   2.43702042e+14 -6.95470823e+09  8.20e-05 2.16e-02  7.30e+03   506s
[2025-08-21 03:02:56] DEBUG    59   2.42979320e+14 -5.08719622e+09  8.11e-05 2.14e-02  6.78e+03   517s
[2025-08-21 03:03:03] DEBUG    60   2.42304418e+14 -4.22427318e+09  8.68e-05 2.13e-02  6.45e+03   524s
[2025-08-21 03:03:10] DEBUG    61   2.41492266e+14 -3.44311800e+09  7.77e-05 2.11e-02  6.11e+03   530s
[2025-08-21 03:03:16] DEBUG    62   2.40683030e+14 -2.60521744e+09  8.15e-05 2.09e-02  5.77e+03   537s
[2025-08-21 03:03:23] DEBUG    63   2.39911035e+14 -1.60920664e+09  9.49e-05 2.05e-02  5.42e+03   544s
[2025-08-21 03:03:31] DEBUG    64   2.39046707e+14 -9.40753677e+08  5.98e-05 2.02e-02  5.12e+03   552s
[2025-08-21 03:03:39] DEBUG    65   2.38072499e+14 -1.72070347e+08  9.25e-05 1.98e-02  4.78e+03   559s
[2025-08-21 03:03:45] DEBUG    66   2.37433230e+14  4.68355978e+08  6.63e-05 1.94e-02  4.55e+03   566s
[2025-08-21 03:03:56] DEBUG    67   2.35408813e+14  1.15775280e+09  8.01e-05 1.88e-02  4.00e+03   576s
[2025-08-21 03:04:03] DEBUG    68   2.34772901e+14  1.96847335e+09  6.63e-05 1.79e-02  3.76e+03   584s
[2025-08-21 03:04:10] DEBUG    69   2.34081266e+14  2.40608359e+09  7.06e-05 1.71e-02  3.58e+03   590s
[2025-08-21 03:04:20] DEBUG    70   2.33293525e+14  2.85221254e+09  7.69e-05 1.65e-02  3.39e+03   601s
[2025-08-21 03:04:28] DEBUG    71   2.32378782e+14  3.21194260e+09  7.34e-05 1.58e-02  3.20e+03   609s
[2025-08-21 03:04:35] DEBUG    72   2.31531249e+14  3.60036110e+09  6.62e-05 1.51e-02  3.02e+03   615s
[2025-08-21 03:04:46] DEBUG    73   2.29817649e+14  4.06856481e+09  6.08e-05 1.42e-02  2.69e+03   626s
[2025-08-21 03:04:56] DEBUG    74   2.27911899e+14  4.50112758e+09  6.28e-05 1.33e-02  2.36e+03   637s
[2025-08-21 03:05:04] DEBUG    75   2.27181883e+14  4.84043620e+09  5.76e-05 1.24e-02  2.23e+03   645s
[2025-08-21 03:05:14] DEBUG    76   2.26205599e+14  5.13174545e+09  6.96e-05 1.17e-02  2.09e+03   655s
[2025-08-21 03:05:24] DEBUG    77   2.25264812e+14  5.37077986e+09  7.92e-05 1.17e-02  1.96e+03   665s
[2025-08-21 03:05:35] DEBUG    78   2.24406510e+14  5.58996047e+09  6.48e-05 1.17e-02  1.85e+03   675s
[2025-08-21 03:05:46] DEBUG    79   2.22358640e+14  5.83959978e+09  5.58e-05 1.16e-02  1.62e+03   686s
[2025-08-21 03:05:56] DEBUG    80   2.21664589e+14  6.02582827e+09  5.08e-05 1.16e-02  1.53e+03   696s
[2025-08-21 03:06:04] DEBUG    81   2.20965816e+14  6.16290429e+09  7.68e-05 1.16e-02  1.46e+03   705s
[2025-08-21 03:06:12] DEBUG    82   2.20189169e+14  6.28802150e+09  9.49e-05 1.16e-02  1.39e+03   713s
[2025-08-21 03:06:23] DEBUG    83   2.18080609e+14  6.51086272e+09  5.40e-05 1.16e-02  1.21e+03   723s
[2025-08-21 03:06:23] DEBUG    Barrier performed 83 iterations in 723.24 seconds (142.89 work units)
[2025-08-21 03:06:23] DEBUG    Barrier solve interrupted - model solved by another algorithm
[2025-08-21 03:06:23] DEBUG    Solved with dual simplex
[2025-08-21 03:06:32] DEBUG    Iteration    Objective       Primal Inf.    Dual Inf.      Time
[2025-08-21 03:06:32] DEBUG    570720    1.4541672e+10   0.000000e+00   0.000000e+00    733s

Solved in 570720 iterations and 732.86 seconds (222.63 work units)
[2025-08-21 03:06:32] DEBUG    Optimal objective  1.454167157e+10
❌ Errore nel run di autarky_GT+VRES_2030_PHES: 'Model' object has no attribute 'backend_model'
🏁 Tutti gli scenari sono stati processati.
