
🚀 Lancio scenario: new_trasmission_VRES_2030_BESS
[2025-07-23 09:30:00] INFO     Loading sets
[2025-07-23 09:30:00] INFO     Loading parameters
[2025-07-23 09:30:50] INFO     constraints are loaded in the following order: ['energy_balance', 'dispatch', 'costs', 'capacity', 'network', 'policy', 'conversion', 'group', 'conversion_plus', 'milp', 'export']
[2025-07-23 09:30:50] INFO     creating energy_balance constraints
[2025-07-23 09:35:07] INFO     creating dispatch constraints
[2025-07-23 09:38:44] INFO     creating costs constraints
[2025-07-23 09:49:47] INFO     creating capacity constraints
[2025-07-23 09:49:47] INFO     creating network constraints
[2025-07-23 09:49:47] INFO     creating policy constraints
[2025-07-23 09:49:47] INFO     creating conversion constraints
[2025-07-23 09:49:47] INFO     creating group constraints
[2025-07-23 09:49:47] INFO     creating conversion_plus constraints
[2025-07-23 09:49:47] INFO     creating milp constraints
[2025-07-23 09:49:47] INFO     creating export constraints
[2025-07-23 10:04:04] DEBUG    Set parameter WLSAccessID
Set parameter WLSSecret
Set parameter LicenseID to value 2680226
[2025-07-23 10:04:04] DEBUG    Academic license 2680226 - for non-commercial use only - registered to an___@mail.polimi.it
[2025-07-23 10:04:45] DEBUG    Read LP format model from file /tmp/tmpw6xeja38.pyomo.lp
Reading time = 40.69 seconds
x20186472: 26844133 rows, 20186472 columns, 65432385 nonzeros
[2025-07-23 10:04:45] DEBUG    Set parameter NumericFocus to value 1
Gurobi Optimizer version 12.0.2 build v12.0.2rc0 (linux64 - "Debian GNU/Linux 11 (bullseye)")

CPU model: Intel(R) Xeon(R) Silver 4314 CPU @ 2.40GHz, instruction set [SSE2|AVX|AVX2|AVX512]
Thread count: 32 physical cores, 64 logical processors, using up to 32 threads

Non-default parameters:
NumericFocus  1
[2025-07-23 10:04:45] DEBUG    Academic license 2680226 - for non-commercial use only - registered to an___@mail.polimi.it
Optimize a model with 26844133 rows, 20186472 columns and 65432385 nonzeros
[2025-07-23 10:04:46] DEBUG    Model fingerprint: 0x10cf2b89
[2025-07-23 10:04:46] DEBUG    Coefficient statistics:
  Matrix range     [1e-07, 3e+02]
  Objective range  [1e+00, 1e+06]
  Bounds range     [0e+00, 0e+00]
  RHS range        [1e+00, 2e+08]
[2025-07-23 10:04:51] DEBUG    Presolve removed 19694178 rows and 11007259 columns (presolve time = 5s)...
[2025-07-23 10:04:56] DEBUG    Presolve removed 19694178 rows and 13013533 columns (presolve time = 10s)...
[2025-07-23 10:05:01] DEBUG    Presolve removed 22986261 rows and 16254787 columns (presolve time = 15s)...
[2025-07-23 10:05:07] DEBUG    Presolve removed 22986261 rows and 16254787 columns (presolve time = 21s)...
[2025-07-23 10:05:15] DEBUG    Presolve removed 23524156 rows and 16482547 columns (presolve time = 29s)...
[2025-07-23 10:05:17] DEBUG    Presolve removed 23524156 rows and 16587667 columns (presolve time = 31s)...
[2025-07-23 10:05:20] DEBUG    Presolve removed 23673059 rows and 16587667 columns
[2025-07-23 10:05:56] DEBUG    Presolve time: 70.59s
Presolved: 3171074 rows, 3747708 columns, 13521745 nonzeros

Concurrent LP optimizer: primal simplex, dual simplex, and barrier
Showing barrier log only...
[2025-07-23 10:06:00] DEBUG    Ordering time: 2.65s
[2025-07-23 10:06:03] DEBUG    Barrier statistics:
 Dense cols : 165
 AA' NZ     : 1.425e+07
 Factor NZ  : 5.349e+07 (roughly 3.0 GB of memory)
 Factor Ops : 3.019e+09 (less than 1 second per iteration)
 Threads    : 30
[2025-07-23 10:06:08] DEBUG    Objective                Residual
Iter       Primal          Dual         Primal    Dual     Compl     Time
[2025-07-23 10:06:08] DEBUG    0   3.80211476e+21 -6.14451148e+19  5.63e+10 2.33e-10  3.02e+16    83s
[2025-07-23 10:06:15] DEBUG    1   3.39629984e+21 -5.95115191e+19  4.81e+10 1.75e+06  2.27e+16    90s
[2025-07-23 10:06:24] DEBUG    2   2.90157305e+21 -5.50422833e+19  3.97e+10 7.72e+05  1.60e+16    99s
[2025-07-23 10:06:34] DEBUG    3   1.53408207e+21 -4.89864371e+19  1.71e+10 1.95e+05  6.09e+15   109s
[2025-07-23 10:06:42] DEBUG    4   1.35507042e+21 -4.47450512e+19  1.48e+10 9.32e+04  4.66e+15   117s
[2025-07-23 10:06:48] DEBUG    5   1.22054869e+21 -4.30981768e+19  1.31e+10 5.45e+04  3.95e+15   123s
[2025-07-23 10:06:54] DEBUG    6   1.11124771e+21 -4.27778572e+19  1.17e+10 4.67e+04  3.53e+15   129s
[2025-07-23 10:07:00] DEBUG    7   1.04097886e+21 -4.23627213e+19  1.08e+10 3.67e+04  3.25e+15   135s
[2025-07-23 10:07:08] DEBUG    8   9.40827384e+20 -4.20709087e+19  9.55e+09 3.20e+04  2.87e+15   143s
[2025-07-23 10:07:17] DEBUG    9   8.64593711e+20 -4.16972411e+19  8.61e+09 2.73e+04  2.58e+15   152s
[2025-07-23 10:07:28] DEBUG    10   5.25030601e+20 -4.10784666e+19  4.50e+09 2.03e+04  1.40e+15   163s
[2025-07-23 10:07:40] DEBUG    11   1.90474222e+20 -3.86063772e+19  8.39e+08 3.04e+03  2.70e+14   175s
[2025-07-23 10:07:53] DEBUG    12   2.80130697e+19 -2.83999186e+19  8.60e+07 5.66e+02  3.26e+13   188s
[2025-07-23 10:08:03] DEBUG    13   2.78522295e+18 -1.67406172e+19  8.83e+06 1.16e+02  5.16e+12   198s
[2025-07-23 10:08:11] DEBUG    14   7.18879811e+17 -5.55202671e+18  2.42e+06 1.75e+01  1.31e+12   206s
[2025-07-23 10:08:17] DEBUG    15   6.50044697e+16 -8.25055417e+17  1.64e+05 6.39e-01  1.30e+11   212s
[2025-07-23 10:08:24] DEBUG    16   2.53563906e+15 -1.06765532e+17  6.52e+01 6.17e-02  1.33e+10   219s
[2025-07-23 10:08:30] DEBUG    17   4.09711739e+14 -1.07968924e+16  4.76e-01 8.36e-03  1.36e+09   225s
[2025-07-23 10:08:37] DEBUG    18   4.21195876e+13 -9.68081230e+14  1.09e-03 2.77e-02  1.22e+08   232s
[2025-07-23 10:08:57] DEBUG    19   3.18097955e+13 -6.04723337e+14  5.74e-04 2.49e-02  7.63e+07   252s
[2025-07-23 10:09:17] DEBUG    20   2.97472937e+13 -5.14093577e+14  5.05e-04 2.37e-02  6.50e+07   272s
[2025-07-23 10:09:38] DEBUG    21   2.71527185e+13 -1.68140626e+14  4.34e-04 1.85e-02  2.24e+07   292s
[2025-07-23 10:09:57] DEBUG    22   2.64039644e+13 -1.33531885e+14  4.14e-04 1.77e-02  1.80e+07   312s
[2025-07-23 10:10:16] DEBUG    23   1.76675213e+13 -8.49867771e+13  1.96e-04 1.65e-02  1.14e+07   331s
[2025-07-23 10:10:37] DEBUG    24   1.11418707e+13 -2.57484612e+13  7.08e-05 1.64e-02  3.71e+06   352s
[2025-07-23 10:11:00] DEBUG    25   9.43258162e+12 -1.26402794e+13  4.77e-05 1.53e-02  2.04e+06   375s
[2025-07-23 10:11:30] DEBUG    26   9.03428873e+12 -1.25579366e+13  4.46e-05 1.53e-02  2.00e+06   405s
[2025-07-23 10:11:50] DEBUG    27   8.99371444e+12 -1.08930771e+13  4.39e-05 1.50e-02  1.79e+06   425s
[2025-07-23 10:12:08] DEBUG    28   8.99177433e+12 -1.07845748e+13  4.41e-05 1.50e-02  1.78e+06   443s
[2025-07-23 10:12:30] DEBUG    29   6.87615578e+12 -7.75206351e+12  2.71e-05 1.34e-02  1.34e+06   465s
[2025-07-23 10:13:07] DEBUG    30   6.56250694e+12 -7.18590639e+12  2.52e-05 1.31e-02  1.28e+06   502s
[2025-07-23 10:13:41] DEBUG    31   6.27696664e+12 -6.36889954e+12  2.35e-05 1.25e-02  1.15e+06   536s
[2025-07-23 10:14:14] DEBUG    32   5.91922215e+12 -5.70321249e+12  2.12e-05 1.21e-02  1.04e+06   569s
[2025-07-23 10:14:43] DEBUG    33   5.72190007e+12 -5.52839981e+12  2.00e-05 1.19e-02  1.00e+06   598s
[2025-07-23 10:15:11] DEBUG    34   5.56687105e+12 -5.10824934e+12  1.91e-05 1.14e-02  9.37e+05   626s
[2025-07-23 10:15:40] DEBUG    35   5.38011159e+12 -4.86715370e+12  1.80e-05 1.11e-02  8.93e+05   655s
[2025-07-23 10:16:10] DEBUG    36   5.17192380e+12 -4.00183550e+12  1.91e-05 9.90e-03  7.64e+05   685s
[2025-07-23 10:16:52] DEBUG    37   4.98267728e+12 -3.82884716e+12  1.59e-05 9.60e-03  7.29e+05   726s
[2025-07-23 10:17:30] DEBUG    38   4.90241689e+12 -3.79718217e+12  2.29e-05 9.51e-03  7.20e+05   765s
[2025-07-23 10:17:57] DEBUG    39   4.78277600e+12 -3.45897199e+12  2.29e-05 8.88e-03  6.67e+05   792s
[2025-07-23 10:18:27] DEBUG    40   4.54780022e+12 -3.04806771e+12  2.29e-05 8.06e-03  5.99e+05   822s
[2025-07-23 10:18:58] DEBUG    41   4.51887311e+12 -2.72821654e+12  3.05e-05 7.34e-03  5.54e+05   852s
[2025-07-23 10:19:24] DEBUG    42   4.49419218e+12 -2.61684396e+12  3.05e-05 7.06e-03  5.38e+05   879s
[2025-07-23 10:20:06] DEBUG    43   4.37017898e+12 -2.46954631e+12  2.29e-05 6.56e-03  5.08e+05   921s
[2025-07-23 10:20:39] DEBUG    44   4.34686193e+12 -2.11696018e+12  2.29e-05 5.75e-03  4.60e+05   954s
[2025-07-23 10:21:02] DEBUG    45   4.07196758e+12 -1.88286143e+12  2.29e-05 5.32e-03  4.12e+05   977s
[2025-07-23 10:21:29] DEBUG    46   3.94736381e+12 -1.65613835e+12  2.29e-05 5.31e-03  3.74e+05  1004s
[2025-07-23 10:21:54] DEBUG    47   3.73840911e+12 -1.60242250e+12  1.53e-05 5.32e-03  3.54e+05  1029s
[2025-07-23 10:22:23] DEBUG    48   3.72591324e+12 -1.47467217e+12  2.29e-05 5.33e-03  3.36e+05  1058s
[2025-07-23 10:22:48] DEBUG    49   3.48211699e+12 -1.18892258e+12  1.53e-05 5.36e-03  2.84e+05  1083s
[2025-07-23 10:23:16] DEBUG    50   3.29544796e+12 -1.03128797e+12  1.53e-05 5.37e-03  2.51e+05  1111s
[2025-07-23 10:23:43] DEBUG    51   3.03403923e+12 -6.63251396e+11  2.03e-05 5.62e-03  1.87e+05  1138s
[2025-07-23 10:24:10] DEBUG    52   2.95551020e+12 -5.66018254e+11  1.74e-05 5.74e-03  1.69e+05  1165s
[2025-07-23 10:24:33] DEBUG    53   2.88498122e+12 -5.04028188e+11  1.53e-05 5.80e-03  1.57e+05  1188s
[2025-07-23 10:24:58] DEBUG    54   2.69162825e+12 -4.34796821e+11  2.03e-05 5.95e-03  1.37e+05  1213s
[2025-07-23 10:25:26] DEBUG    55   2.63305316e+12 -3.86918774e+11  1.74e-05 6.20e-03  1.28e+05  1241s
[2025-07-23 10:25:53] DEBUG    56   2.38909418e+12 -2.87120197e+11  1.31e-05 6.58e-03  1.02e+05  1268s
[2025-07-23 10:26:15] DEBUG    57   2.33523143e+12 -2.70636344e+11  1.26e-05 6.62e-03  9.70e+04  1290s
[2025-07-23 10:26:40] DEBUG    58   2.24764354e+12 -2.32370691e+11  1.74e-05 6.69e-03  8.69e+04  1315s
[2025-07-23 10:27:06] DEBUG    59   2.00854498e+12 -1.90850196e+11  1.33e-05 6.57e-03  6.96e+04  1341s
[2025-07-23 10:27:32] DEBUG    60   1.85269846e+12 -1.70101742e+11  1.36e-05 6.31e-03  6.02e+04  1367s
[2025-07-23 10:28:00] DEBUG    61   1.76901951e+12 -1.38087206e+11  1.55e-05 5.83e-03  5.25e+04  1395s
[2025-07-23 10:28:28] DEBUG    62   1.72753867e+12 -1.23847879e+11  1.44e-05 5.77e-03  4.92e+04  1423s
[2025-07-23 10:29:01] DEBUG    63   1.66675778e+12 -1.15280106e+11  1.39e-05 5.73e-03  4.56e+04  1456s
[2025-07-23 10:29:32] DEBUG    64   1.62131422e+12 -1.05713165e+11  1.56e-05 5.66e-03  4.25e+04  1487s
[2025-07-23 10:30:13] DEBUG    65   1.56864659e+12 -9.62263124e+10  1.69e-05 5.44e-03  3.90e+04  1528s
[2025-07-23 10:30:37] DEBUG    66   1.49788798e+12 -7.67765088e+10  1.87e-05 4.74e-03  3.34e+04  1552s
[2025-07-23 10:31:08] DEBUG    67   1.43342390e+12 -6.77088980e+10  9.89e-06 4.27e-03  2.96e+04  1583s
[2025-07-23 10:31:35] DEBUG    68   1.39520479e+12 -5.97528476e+10  1.40e-05 4.12e-03  2.70e+04  1610s
[2025-07-23 10:32:01] DEBUG    69   1.35635171e+12 -5.13739259e+10  1.28e-05 4.03e-03  2.43e+04  1636s
[2025-07-23 10:32:27] DEBUG    70   1.32165610e+12 -3.77542047e+10  1.29e-05 3.87e-03  2.09e+04  1662s
[2025-07-23 10:32:57] DEBUG    71   1.28087017e+12 -3.01870872e+10  1.29e-05 3.75e-03  1.82e+04  1692s
[2025-07-23 10:33:24] DEBUG    72   1.23976971e+12 -1.93390937e+10  1.68e-05 3.61e-03  1.50e+04  1719s
[2025-07-23 10:34:01] DEBUG    73   1.20311934e+12 -1.47361307e+10  1.03e-05 3.52e-03  1.29e+04  1756s
[2025-07-23 10:34:29] DEBUG    74   1.19449532e+12 -6.70820303e+09  1.37e-05 3.40e-03  1.17e+04  1783s
[2025-07-23 10:34:54] DEBUG    75   1.17044567e+12 -1.51495571e+09  1.49e-05 3.30e-03  9.78e+03  1809s
[2025-07-23 10:35:19] DEBUG    76   1.14116989e+12  4.62419798e+08  1.01e-05 3.39e-03  7.92e+03  1834s
[2025-07-23 10:35:44] DEBUG    77   1.12223585e+12  2.71486770e+09  1.23e-05 3.42e-03  6.72e+03  1859s
[2025-07-23 10:36:10] DEBUG    78   1.09811023e+12  4.66175917e+09  1.36e-05 3.26e-03  5.30e+03  1885s
[2025-07-23 10:36:35] DEBUG    79   1.08156190e+12  6.44658356e+09  9.54e-06 3.16e-03  4.37e+03  1910s
[2025-07-23 10:36:54] DEBUG    80   1.06078507e+12  7.32721537e+09  1.36e-05 3.14e-03  3.34e+03  1929s
[2025-07-23 10:37:17] DEBUG    81   1.04827986e+12  8.01153781e+09  1.17e-05 3.10e-03  2.82e+03  1952s
[2025-07-23 10:37:45] DEBUG    82   1.04718683e+12  8.08585371e+09  7.93e-06 3.09e-03  2.78e+03  1980s
[2025-07-23 10:38:24] DEBUG    83   1.04495384e+12  8.30041137e+09  1.12e-05 3.04e-03  2.69e+03  2019s
[2025-07-23 10:39:09] DEBUG    84   1.04243897e+12  8.45771492e+09  1.56e-05 2.97e-03  2.57e+03  2064s
[2025-07-23 10:39:51] DEBUG    85   1.04055589e+12  8.68514543e+09  1.54e-05 2.76e-03  2.43e+03  2105s
[2025-07-23 10:40:30] DEBUG    86   1.03721487e+12  8.92366399e+09  1.22e-05 2.43e-03  2.19e+03  2145s
[2025-07-23 10:40:53] DEBUG    87   1.03399860e+12  9.41848204e+09  1.01e-05 1.87e-03  1.91e+03  2168s
[2025-07-23 10:41:32] DEBUG    88   1.02873344e+12  9.63392167e+09  9.89e-06 1.59e-03  1.54e+03  2207s
[2025-07-23 10:41:54] DEBUG    89   1.02688984e+12  9.77558816e+09  1.01e-05 1.41e-03  1.42e+03  2229s
[2025-07-23 10:42:27] DEBUG    90   1.02559913e+12  9.95405671e+09  1.37e-05 1.28e-03  1.32e+03  2262s
[2025-07-23 10:42:54] DEBUG    91   1.02499782e+12  1.00325502e+10  1.05e-05 1.25e-03  1.27e+03  2289s
[2025-07-23 10:43:19] DEBUG    92   1.02446600e+12  1.01447069e+10  1.10e-05 1.22e-03  1.22e+03  2314s
[2025-07-23 10:43:53] DEBUG    93   1.02430321e+12  1.01950839e+10  1.22e-05 1.20e-03  1.21e+03  2348s
[2025-07-23 10:44:19] DEBUG    94   1.02365054e+12  1.02258284e+10  1.67e-05 1.18e-03  1.17e+03  2374s
[2025-07-23 10:44:43] DEBUG    95   1.02335988e+12  1.02348582e+10  1.13e-05 1.18e-03  1.15e+03  2398s
[2025-07-23 10:45:13] DEBUG    96   1.02284021e+12  1.02555639e+10  1.17e-05 1.18e-03  1.12e+03  2428s
[2025-07-23 10:45:37] DEBUG    97   1.02222864e+12  1.03052204e+10  1.17e-05 1.19e-03  1.08e+03  2452s
[2025-07-23 10:46:06] DEBUG    98   1.02216950e+12  1.03144379e+10  1.78e-05 1.20e-03  1.07e+03  2481s
[2025-07-23 10:46:30] DEBUG    99   1.02132940e+12  1.03406137e+10  1.41e-05 1.23e-03  1.02e+03  2505s
[2025-07-23 10:46:53] DEBUG    100   1.02114980e+12  1.03436109e+10  1.34e-05 1.23e-03  1.21e+03  2528s
[2025-07-23 10:47:26] DEBUG    101   1.02104412e+12  1.03517031e+10  1.53e-05 1.24e-03  1.20e+03  2561s
[2025-07-23 10:47:57] DEBUG    102   1.02096216e+12  1.03830757e+10  1.53e-05 1.27e-03  1.22e+03  2592s
[2025-07-23 10:48:30] DEBUG    103   1.01954553e+12  1.04182087e+10  1.47e-05 1.29e-03  1.14e+03  2625s
[2025-07-23 10:48:30] DEBUG    Barrier performed 103 iterations in 2624.98 seconds (534.10 work units)
Numerical trouble encountered

Model may be infeasible or unbounded.  Consider using the
homogeneous algorithm (through parameter 'BarHomogeneous')
[2025-07-23 10:49:35] DEBUG    Waiting for other threads to finish...        2690s
[2025-07-23 10:49:45] DEBUG    Solved with dual simplex
[2025-07-23 10:49:57] DEBUG    Iteration    Objective       Primal Inf.    Dual Inf.      Time
[2025-07-23 10:49:57] DEBUG    858996    1.3263609e+10   0.000000e+00   0.000000e+00   2712s
[2025-07-23 10:49:57] DEBUG    Solved in 858996 iterations and 2711.61 seconds (1093.92 work units)
[2025-07-23 10:49:57] DEBUG    Optimal objective  1.326360899e+10
✅ Scenario completato: new_trasmission_VRES_2030_BESS

🚀 Lancio scenario: new_trasmission_VRES_2030_PHES
[2025-07-23 10:58:19] INFO     Loading sets
[2025-07-23 10:58:20] INFO     Loading parameters
[2025-07-23 10:58:57] INFO     constraints are loaded in the following order: ['energy_balance', 'dispatch', 'costs', 'capacity', 'network', 'policy', 'conversion', 'group', 'conversion_plus', 'milp', 'export']
[2025-07-23 10:58:57] INFO     creating energy_balance constraints
[2025-07-23 11:04:07] INFO     creating dispatch constraints
[2025-07-23 11:08:21] INFO     creating costs constraints
[2025-07-23 11:20:29] INFO     creating capacity constraints
[2025-07-23 11:20:29] INFO     creating network constraints
[2025-07-23 11:20:29] INFO     creating policy constraints
[2025-07-23 11:20:29] INFO     creating conversion constraints
[2025-07-23 11:20:29] INFO     creating group constraints
[2025-07-23 11:20:29] INFO     creating conversion_plus constraints
[2025-07-23 11:20:29] INFO     creating milp constraints
[2025-07-23 11:20:29] INFO     creating export constraints
[2025-07-23 11:34:44] DEBUG    Set parameter WLSAccessID
Set parameter WLSSecret
Set parameter LicenseID to value 2680226
[2025-07-23 11:34:44] DEBUG    Academic license 2680226 - for non-commercial use only - registered to an___@mail.polimi.it
[2025-07-23 11:35:25] DEBUG    Read LP format model from file /tmp/tmpi19q04du.pyomo.lp
Reading time = 40.93 seconds
x20186472: 26844191 rows, 20186472 columns, 65686483 nonzeros
[2025-07-23 11:35:25] DEBUG    Set parameter NumericFocus to value 1
Gurobi Optimizer version 12.0.2 build v12.0.2rc0 (linux64 - "Debian GNU/Linux 11 (bullseye)")

CPU model: Intel(R) Xeon(R) Silver 4314 CPU @ 2.40GHz, instruction set [SSE2|AVX|AVX2|AVX512]
Thread count: 32 physical cores, 64 logical processors, using up to 32 threads

Non-default parameters:
NumericFocus  1
[2025-07-23 11:35:25] DEBUG    Academic license 2680226 - for non-commercial use only - registered to an___@mail.polimi.it
Optimize a model with 26844191 rows, 20186472 columns and 65686483 nonzeros
[2025-07-23 11:35:26] DEBUG    Model fingerprint: 0xc7e87cab
[2025-07-23 11:35:26] DEBUG    Coefficient statistics:
  Matrix range     [1e-07, 3e+02]
  Objective range  [1e+00, 1e+06]
  Bounds range     [0e+00, 0e+00]
  RHS range        [1e+00, 6e+09]
Warning: Model contains large rhs
[2025-07-23 11:35:31] DEBUG    Presolve removed 19773079 rows and 11007262 columns (presolve time = 5s)...
[2025-07-23 11:35:36] DEBUG    Presolve removed 19825642 rows and 13092379 columns (presolve time = 10s)...
[2025-07-23 11:35:41] DEBUG    Presolve removed 23091520 rows and 16312603 columns (presolve time = 15s)...
[2025-07-23 11:35:47] DEBUG    Presolve removed 23091520 rows and 16312603 columns (presolve time = 21s)...
[2025-07-23 11:35:54] DEBUG    Presolve removed 23629409 rows and 16540363 columns (presolve time = 28s)...
[2025-07-23 11:35:57] DEBUG    Presolve removed 23629409 rows and 16645483 columns (presolve time = 31s)...
[2025-07-23 11:36:00] DEBUG    Presolve removed 23778312 rows and 16645483 columns
[2025-07-23 11:36:36] DEBUG    Presolve time: 70.94s
Presolved: 3065879 rows, 3689892 columns, 13079895 nonzeros
[2025-07-23 11:36:36] DEBUG    Concurrent LP optimizer: primal simplex, dual simplex, and barrier
Showing barrier log only...
[2025-07-23 11:36:40] DEBUG    Ordering time: 2.46s
[2025-07-23 11:36:42] DEBUG    Barrier statistics:
 Dense cols : 162
 AA' NZ     : 1.353e+07
[2025-07-23 11:36:42] DEBUG    Factor NZ  : 4.971e+07 (roughly 3.0 GB of memory)
 Factor Ops : 2.400e+09 (less than 1 second per iteration)
 Threads    : 30
[2025-07-23 11:36:48] DEBUG    Objective                Residual
Iter       Primal          Dual         Primal    Dual     Compl     Time
[2025-07-23 11:36:48] DEBUG    0   3.96681754e+21 -6.01025247e+19  5.63e+10 2.33e-10  3.02e+16    83s
[2025-07-23 11:36:54] DEBUG    1   3.71549754e+21 -6.18868873e+19  5.15e+10 1.59e+06  2.35e+16    90s
[2025-07-23 11:37:01] DEBUG    2   3.57456738e+21 -8.32105173e+19  4.91e+10 1.25e+06  2.14e+16    97s
[2025-07-23 11:37:11] DEBUG    3   3.20556951e+21 -6.30191808e+20  4.30e+10 5.79e+05  1.71e+16   106s
[2025-07-23 11:37:18] DEBUG    4   2.11202139e+21 -7.50782716e+20  2.61e+10 2.71e+05  1.02e+16   113s
[2025-07-23 11:37:29] DEBUG    5   1.58380697e+21 -7.58198083e+20  1.85e+10 6.94e+04  6.68e+15   124s
[2025-07-23 11:37:39] DEBUG    6   1.38212408e+21 -7.08659518e+20  1.59e+10 3.87e+04  5.60e+15   134s
[2025-07-23 11:37:46] DEBUG    7   1.26918558e+21 -6.93994820e+20  1.44e+10 3.56e+04  5.07e+15   142s
[2025-07-23 11:37:52] DEBUG    8   1.15233505e+21 -6.55066654e+20  1.28e+10 2.66e+04  4.50e+15   147s
[2025-07-23 11:37:58] DEBUG    9   1.10971643e+21 -6.44120805e+20  1.23e+10 2.30e+04  4.31e+15   154s
[2025-07-23 11:38:09] DEBUG    10   7.78246913e+20 -5.98208040e+20  7.99e+09 1.68e+04  2.82e+15   164s
[2025-07-23 11:38:16] DEBUG    11   7.55440617e+20 -5.77586174e+20  7.72e+09 1.41e+04  2.72e+15   172s
[2025-07-23 11:38:26] DEBUG    12   4.16239641e+20 -4.74054830e+20  3.78e+09 7.13e+03  1.36e+15   181s
[2025-07-23 11:38:36] DEBUG    13   7.15725545e+19 -2.50178337e+20  2.98e+08 1.16e+03  1.37e+14   191s
[2025-07-23 11:38:43] DEBUG    14   1.81937984e+19 -8.91175397e+19  5.77e+07 2.65e+02  3.12e+13   198s
[2025-07-23 11:38:49] DEBUG    15   3.29653190e+18 -3.48300955e+19  1.21e+07 7.66e+01  8.21e+12   204s
[2025-07-23 11:38:54] DEBUG    16   1.53662490e+18 -2.28035953e+19  6.00e+06 4.33e+01  4.65e+12   209s
[2025-07-23 11:38:59] DEBUG    17   8.45084700e+17 -1.25993746e+19  3.22e+06 2.05e+01  2.45e+12   214s
[2025-07-23 11:39:04] DEBUG    18   4.46727135e+17 -7.74837722e+18  1.78e+06 1.14e+01  1.41e+12   219s
[2025-07-23 11:39:10] DEBUG    19   3.07887224e+17 -6.07665060e+18  1.16e+06 8.31e+00  1.04e+12   225s
[2025-07-23 11:39:16] DEBUG    20   2.80935658e+17 -4.59737708e+18  1.06e+06 6.06e+00  8.08e+11   231s
[2025-07-23 11:39:22] DEBUG    21   1.88305816e+17 -9.49844890e+17  7.05e+05 7.12e-01  2.24e+11   237s
[2025-07-23 11:39:28] DEBUG    22   2.25866314e+16 -2.69187443e+17  6.59e+04 1.37e-01  4.17e+10   243s
[2025-07-23 11:39:34] DEBUG    23   5.30864894e+15 -8.76441100e+16  1.24e+04 3.56e-02  1.21e+10   249s
[2025-07-23 11:39:39] DEBUG    24   8.74548406e+14 -1.09883987e+16  7.25e+02 2.54e-02  1.53e+09   254s
[2025-07-23 11:39:45] DEBUG    25   2.81194427e+13 -1.16258065e+15  4.47e+00 2.74e-03  1.53e+08   260s
[2025-07-23 11:39:48] DEBUG    26   9.71078031e+12 -6.35456668e+14  1.56e-02 1.51e-03  8.32e+07   264s
[2025-07-23 11:40:07] DEBUG    27   7.48659103e+12 -1.75197187e+14  6.57e-03 8.27e-03  2.33e+07   282s
[2025-07-23 11:40:25] DEBUG    28   6.81274637e+12 -1.12967496e+14  3.53e-03 1.48e-02  1.52e+07   300s
[2025-07-23 11:40:39] DEBUG    29   6.21044332e+12 -4.96143223e+13  1.07e-03 6.73e-03  6.89e+06   314s
[2025-07-23 11:40:59] DEBUG    30   5.46943018e+12 -1.49904566e+13  1.55e-04 3.23e-03  2.32e+06   334s
[2025-07-23 11:41:22] DEBUG    31   5.34749677e+12 -1.45245675e+13  1.31e-04 3.18e-03  2.25e+06   357s
[2025-07-23 11:41:47] DEBUG    32   5.07026692e+12 -1.26568936e+13  8.36e-05 2.97e-03  1.97e+06   382s
[2025-07-23 11:42:03] DEBUG    33   5.04426349e+12 -1.22731703e+13  8.08e-05 2.91e-03  1.91e+06   398s
[2025-07-23 11:42:18] DEBUG    34   4.99866173e+12 -1.15785139e+13  7.69e-05 2.79e-03  1.81e+06   414s
[2025-07-23 11:42:42] DEBUG    35   4.87923828e+12 -1.10316605e+13  6.63e-05 2.70e-03  1.73e+06   437s
[2025-07-23 11:43:14] DEBUG    36   4.73391021e+12 -9.98880438e+12  5.82e-05 2.51e-03  1.57e+06   470s
[2025-07-23 11:43:53] DEBUG    37   4.70002565e+12 -8.40973738e+12  5.62e-05 2.20e-03  1.35e+06   508s
[2025-07-23 11:44:30] DEBUG    38   4.65547514e+12 -7.37324317e+12  5.34e-05 2.00e-03  1.21e+06   545s
[2025-07-23 11:45:01] DEBUG    39   4.58814027e+12 -6.08801941e+12  5.02e-05 1.80e-03  1.03e+06   577s
[2025-07-23 11:45:36] DEBUG    40   4.55444141e+12 -5.16641032e+12  4.85e-05 1.59e-03  8.99e+05   611s
[2025-07-23 11:46:17] DEBUG    41   4.53185696e+12 -4.35613057e+12  4.79e-05 1.41e-03  7.85e+05   652s
[2025-07-23 11:46:54] DEBUG    42   4.46480970e+12 -4.05015076e+12  4.51e-05 1.34e-03  7.36e+05   690s
[2025-07-23 11:47:33] DEBUG    43   4.41428175e+12 -3.59468243e+12  4.33e-05 1.25e-03  6.68e+05   728s
[2025-07-23 11:48:12] DEBUG    44   4.33992523e+12 -3.39173228e+12  4.07e-05 1.20e-03  6.32e+05   767s
[2025-07-23 11:48:55] DEBUG    45   4.32913316e+12 -3.18215465e+12  4.02e-05 1.15e-03  6.02e+05   811s
[2025-07-23 11:49:36] DEBUG    46   4.26147451e+12 -2.98682262e+12  3.83e-05 1.09e-03  5.67e+05   851s
[2025-07-23 11:50:00] DEBUG    47   4.22724015e+12 -2.58340904e+12  3.73e-05 9.61e-04  5.07e+05   876s
[2025-07-23 11:50:41] DEBUG    48   4.15443225e+12 -2.13395579e+12  3.58e-05 9.10e-04  4.37e+05   916s
[2025-07-23 11:51:17] DEBUG    49   4.10224732e+12 -1.97665151e+12  3.34e-05 9.29e-04  4.09e+05   952s
[2025-07-23 11:51:41] DEBUG    50   4.09348930e+12 -1.91826139e+12  3.32e-05 9.08e-04  4.00e+05   976s
[2025-07-23 11:52:14] DEBUG    51   4.04059164e+12 -1.83554633e+12  3.14e-05 9.15e-04  3.82e+05  1010s
[2025-07-23 11:52:53] DEBUG    52   3.99987301e+12 -1.51024309e+12  3.02e-05 9.30e-04  3.32e+05  1049s
[2025-07-23 11:53:37] DEBUG    53   3.93880004e+12 -1.47324132e+12  2.83e-05 9.43e-04  3.20e+05  1092s
[2025-07-23 11:54:15] DEBUG    54   3.82937629e+12 -1.22924862e+12  2.49e-05 1.03e-03  2.73e+05  1130s
[2025-07-23 11:54:38] DEBUG    55   3.77867617e+12 -9.23080842e+11  2.49e-05 1.07e-03  2.24e+05  1153s
[2025-07-23 11:55:06] DEBUG    56   3.68615335e+12 -8.29238930e+11  2.26e-05 1.06e-03  2.00e+05  1181s
[2025-07-23 11:55:34] DEBUG    57   3.65002176e+12 -7.32347389e+11  2.64e-05 1.08e-03  1.83e+05  1210s
[2025-07-23 11:56:01] DEBUG    58   3.56279630e+12 -6.11240964e+11  2.38e-05 1.07e-03  1.55e+05  1236s
[2025-07-23 11:56:38] DEBUG    59   3.48470899e+12 -5.62761250e+11  2.47e-05 1.07e-03  1.40e+05  1273s
[2025-07-23 11:56:57] DEBUG    60   3.47551650e+12 -5.25515592e+11  2.19e-05 1.06e-03  1.33e+05  1293s
[2025-07-23 11:57:43] DEBUG    61   3.39498164e+12 -4.67725538e+11  1.70e-05 1.05e-03  1.16e+05  1338s
[2025-07-23 11:58:11] DEBUG    62   3.37888303e+12 -4.53931377e+11  2.35e-05 1.05e-03  1.12e+05  1366s
[2025-07-23 11:58:52] DEBUG    63   3.34210763e+12 -4.39317727e+11  2.36e-05 1.05e-03  1.06e+05  1408s
[2025-07-23 11:59:24] DEBUG    64   3.30944205e+12 -3.73306457e+11  2.29e-05 1.11e-03  9.25e+04  1440s
[2025-07-23 12:00:12] DEBUG    65   3.27764442e+12 -2.93554457e+11  2.40e-05 1.43e-03  7.75e+04  1487s
[2025-07-23 12:00:55] DEBUG    66   3.26522977e+12 -2.07944640e+11  2.18e-05 2.20e-03  6.37e+04  1530s
[2025-07-23 12:01:36] DEBUG    67   3.19843095e+12 -1.66971990e+11  1.98e-05 2.55e-03  5.04e+04  1571s
[2025-07-23 12:02:09] DEBUG    68   3.18066118e+12 -1.50708882e+11  2.25e-05 2.59e-03  4.62e+04  1604s
[2025-07-23 12:02:41] DEBUG    69   3.16369319e+12 -1.34460201e+11  3.11e-05 2.55e-03  4.20e+04  1637s
[2025-07-23 12:03:15] DEBUG    70   3.15371324e+12 -9.09654957e+10  2.09e-05 2.55e-03  3.46e+04  1670s
[2025-07-23 12:03:50] DEBUG    71   3.10882450e+12 -7.68656871e+10  1.51e-05 2.47e-03  2.79e+04  1706s
[2025-07-23 12:04:14] DEBUG    72   3.10000111e+12 -6.43287716e+10  1.94e-05 2.28e-03  2.52e+04  1729s
[2025-07-23 12:04:34] DEBUG    73   3.06523597e+12 -4.96963699e+10  1.98e-05 2.17e-03  1.96e+04  1749s
[2025-07-23 12:05:02] DEBUG    74   3.04667643e+12 -3.56059812e+10  2.77e-05 2.39e-03  1.57e+04  1778s
[2025-07-23 12:05:27] DEBUG    75   3.03430039e+12 -2.82328578e+10  2.69e-05 2.40e-03  1.34e+04  1803s
[2025-07-23 12:05:50] DEBUG    76   3.02319845e+12 -2.38015926e+10  2.78e-05 2.37e-03  1.17e+04  1826s
[2025-07-23 12:06:14] DEBUG    77   3.01993657e+12 -1.99117598e+10  1.97e-05 2.33e-03  1.09e+04  1849s
[2025-07-23 12:06:41] DEBUG    78   3.01269848e+12 -1.33560599e+10  1.66e-05 2.25e-03  9.24e+03  1876s
[2025-07-23 12:07:05] DEBUG    79   3.00599220e+12 -9.70306527e+09  2.21e-05 2.47e-03  8.08e+03  1900s
[2025-07-23 12:07:24] DEBUG    80   2.99656753e+12 -5.85997193e+09  2.12e-05 2.67e-03  6.68e+03  1920s
[2025-07-23 12:07:49] DEBUG    81   2.99358884e+12 -3.78243585e+09  2.34e-05 2.75e-03  6.13e+03  1944s
[2025-07-23 12:08:14] DEBUG    82   2.99203465e+12 -2.10926234e+09  2.94e-05 2.79e-03  5.79e+03  1969s
[2025-07-23 12:08:37] DEBUG    83   2.99078205e+12 -4.62734325e+08  1.88e-05 2.85e-03  5.46e+03  1993s
[2025-07-23 12:09:03] DEBUG    84   2.98320092e+12  8.27965603e+08  2.37e-05 2.92e-03  4.60e+03  2018s
[2025-07-23 12:09:30] DEBUG    85   2.97815961e+12  2.09919098e+09  2.18e-05 2.95e-03  3.99e+03  2045s
[2025-07-23 12:09:58] DEBUG    86   2.97503555e+12  2.75655213e+09  4.61e-05 2.97e-03  3.63e+03  2073s
[2025-07-23 12:10:24] DEBUG    87   2.97472819e+12  3.02340598e+09  3.51e-05 2.98e-03  3.56e+03  2099s
[2025-07-23 12:10:44] DEBUG    88   2.97314271e+12  3.48211587e+09  3.06e-05 2.98e-03  3.37e+03  2119s
[2025-07-23 12:11:20] DEBUG    89   2.97014246e+12  4.04707866e+09  3.90e-05 2.98e-03  3.05e+03  2155s
[2025-07-23 12:11:53] DEBUG    90   2.96850817e+12  4.63482953e+09  3.08e-05 2.98e-03  2.84e+03  2188s
[2025-07-23 12:12:26] DEBUG    91   2.96728276e+12  5.17931658e+09  1.76e-05 2.97e-03  2.66e+03  2221s
[2025-07-23 12:12:57] DEBUG    92   2.96595448e+12  5.59665826e+09  3.50e-05 2.95e-03  2.50e+03  2253s
[2025-07-23 12:13:22] DEBUG    93   2.96578495e+12  5.90248165e+09  2.48e-05 2.93e-03  2.44e+03  2277s
[2025-07-23 12:13:48] DEBUG    94   2.96351528e+12  6.29372539e+09  1.94e-05 2.90e-03  2.21e+03  2303s
[2025-07-23 12:14:26] DEBUG    95   2.96276207e+12  6.63513940e+09  3.61e-05 2.86e-03  2.11e+03  2341s
[2025-07-23 12:15:02] DEBUG    96   2.96159465e+12  6.75493754e+09  3.16e-05 2.82e-03  2.01e+03  2377s
[2025-07-23 12:15:25] DEBUG    97   2.96006682e+12  6.79406957e+09  2.55e-05 2.82e-03  1.90e+03  2400s
[2025-07-23 12:15:54] DEBUG    98   2.95848276e+12  7.04899695e+09  3.55e-05 2.77e-03  1.75e+03  2429s
[2025-07-23 12:16:34] DEBUG    99   2.95844500e+12  7.24225905e+09  3.48e-05 2.73e-03  1.72e+03  2469s
[2025-07-23 12:17:12] DEBUG    100   2.95810841e+12  7.59274698e+09  3.95e-05 2.66e-03  1.66e+03  2507s
[2025-07-23 12:17:38] DEBUG    101   2.95707982e+12  8.40780638e+09  3.83e-05 2.53e-03  1.49e+03  2533s
[2025-07-23 12:18:02] DEBUG    102   2.95638383e+12  9.09958490e+09  3.85e-05 3.95e-03  1.38e+03  2558s
[2025-07-23 12:18:23] DEBUG    103   2.95561208e+12  9.61133787e+09  4.55e-05 4.80e-03  1.28e+03  2578s
[2025-07-23 12:18:47] DEBUG    104   2.95373753e+12  9.98745916e+09  4.48e-05 4.40e-03  1.12e+03  2602s
[2025-07-23 12:19:16] DEBUG    105   2.95127394e+12  1.01795770e+10  2.86e-05 3.83e-03  9.68e+02  2631s
[2025-07-23 12:19:40] DEBUG    106   2.94946161e+12  1.03709282e+10  3.18e-05 3.50e-03  8.46e+02  2655s
[2025-07-23 12:20:00] DEBUG    107   2.94878684e+12  1.05280090e+10  2.93e-05 3.17e-03  7.87e+02  2675s
[2025-07-23 12:20:17] DEBUG    108   2.94794200e+12  1.06140780e+10  2.82e-05 2.87e-03  7.26e+02  2692s
[2025-07-23 12:20:35] DEBUG    109   2.94754800e+12  1.06485015e+10  2.37e-05 2.78e-03  7.00e+02  2710s
[2025-07-23 12:21:05] DEBUG    110   2.94685859e+12  1.07971493e+10  2.41e-05 2.61e-03  6.51e+02  2740s
[2025-07-23 12:21:24] DEBUG    111   2.94645212e+12  1.09658362e+10  3.75e-05 2.40e-03  6.12e+02  2760s
[2025-07-23 12:21:43] DEBUG    112   2.94573543e+12  1.10211847e+10  1.77e-04 2.30e-03  5.65e+02  2778s
[2025-07-23 12:22:04] DEBUG    113   2.94489491e+12  1.11228935e+10  1.39e-04 2.12e-03  5.10e+02  2799s
[2025-07-23 12:22:23] DEBUG    114   2.94415794e+12  1.12170778e+10  1.09e-04 1.97e-03  4.63e+02  2818s
[2025-07-23 12:22:43] DEBUG    115   2.94356783e+12  1.14501895e+10  9.28e-05 1.72e-03  4.06e+02  2839s
[2025-07-23 12:22:58] DEBUG    116   2.94317991e+12  1.16304182e+10  1.30e-04 1.62e-03  3.68e+02  2853s
[2025-07-23 12:23:15] DEBUG    117   2.94308300e+12  1.16928757e+10  1.27e-04 1.65e-03  3.56e+02  2870s
[2025-07-23 12:23:35] DEBUG    118   2.94263028e+12  1.17443953e+10  1.12e-04 1.68e-03  3.27e+02  2891s
[2025-07-23 12:23:49] DEBUG    119   2.94177870e+12  1.19259633e+10  7.21e-05 1.77e-03  2.67e+02  2905s
[2025-07-23 12:24:02] DEBUG    120   2.94143430e+12  1.19466973e+10  6.56e-05 1.78e-03  2.50e+02  2918s
[2025-07-23 12:24:27] DEBUG    121   2.94138534e+12  1.19378580e+10  6.48e-05 1.76e-03  2.48e+02  2942s
[2025-07-23 12:24:43] DEBUG    122   2.94112075e+12  1.20081172e+10  7.16e-05 1.78e-03  2.29e+02  2958s
[2025-07-23 12:25:00] DEBUG    123   2.94087551e+12  1.20740941e+10  6.96e-05 1.79e-03  2.45e+02  2975s
[2025-07-23 12:25:14] DEBUG    124   2.94072944e+12  1.21139916e+10  6.67e-05 1.80e-03  2.32e+02  2989s
[2025-07-23 12:25:34] DEBUG    125   2.94058411e+12  1.21293265e+10  6.38e-05 1.80e-03  2.33e+02  3009s
[2025-07-23 12:25:50] DEBUG    126   2.94034937e+12  1.21639789e+10  6.30e-05 1.81e-03  2.17e+02  3025s
[2025-07-23 12:26:05] DEBUG    127   2.94015696e+12  1.21963102e+10  5.98e-05 1.82e-03  2.05e+02  3040s
[2025-07-23 12:26:19] DEBUG    128   2.93996566e+12  1.22312292e+10  5.81e-05 1.82e-03  1.90e+02  3054s
[2025-07-23 12:26:31] DEBUG    129   2.93963934e+12  1.22562669e+10  5.13e-05 1.83e-03  1.73e+02  3066s
[2025-07-23 12:26:43] DEBUG    130   2.93943107e+12  1.22774500e+10  5.36e-05 1.83e-03  1.57e+02  3078s
[2025-07-23 12:26:54] DEBUG    131   2.93930674e+12  1.23058046e+10  4.56e-05 1.84e-03  1.44e+02  3090s
[2025-07-23 12:27:07] DEBUG    132   2.93907093e+12  1.23154961e+10  7.47e-05 1.84e-03  1.31e+02  3102s
[2025-07-23 12:27:18] DEBUG    133   2.93898142e+12  1.23238447e+10  6.65e-05 1.85e-03  1.25e+02  3114s
[2025-07-23 12:27:29] DEBUG    134   2.93886585e+12  1.23463823e+10  6.19e-05 1.85e-03  1.14e+02  3124s
[2025-07-23 12:27:43] DEBUG    135   2.93883011e+12  1.23592512e+10  6.39e-05 1.86e-03  1.09e+02  3138s
[2025-07-23 12:27:53] DEBUG    136   2.93864124e+12  1.23715286e+10  5.99e-05 1.86e-03  9.87e+01  3148s
[2025-07-23 12:28:05] DEBUG    137   2.93844723e+12  1.23795581e+10  3.61e-05 1.87e-03  8.98e+01  3160s
[2025-07-23 12:28:17] DEBUG    138   2.93836381e+12  1.23917328e+10  3.64e-05 1.87e-03  8.47e+01  3172s
[2025-07-23 12:28:30] DEBUG    139   2.93821032e+12  1.24026646e+10  4.86e-05 1.87e-03  7.75e+01  3185s
[2025-07-23 12:28:42] DEBUG    140   2.93813679e+12  1.24147031e+10  4.78e-05 1.88e-03  7.29e+01  3198s
[2025-07-23 12:28:57] DEBUG    141   2.93803958e+12  1.24245980e+10  9.55e-05 1.88e-03  6.84e+01  3212s
[2025-07-23 12:29:15] DEBUG    142   2.93798365e+12  1.24306770e+10  9.24e-05 1.89e-03  6.56e+01  3230s
[2025-07-23 12:29:34] DEBUG    143   2.93789011e+12  1.24486252e+10  1.20e-04 1.88e-03  6.08e+01  3249s
[2025-07-23 12:29:45] DEBUG    144   2.93769214e+12  1.24650349e+10  1.58e-04 1.88e-03  5.38e+01  3261s
[2025-07-23 12:29:58] DEBUG    145   2.93756646e+12  1.24829171e+10  1.49e-04 1.88e-03  4.90e+01  3273s
[2025-07-23 12:30:11] DEBUG    146   2.93749503e+12  1.24912582e+10  1.89e-04 1.88e-03  4.64e+01  3286s
[2025-07-23 12:30:25] DEBUG    147   2.93731492e+12  1.25086868e+10  1.85e-04 1.88e-03  4.06e+01  3300s
[2025-07-23 12:30:38] DEBUG    148   2.93721229e+12  1.25239179e+10  1.78e-04 1.88e-03  3.74e+01  3314s
[2025-07-23 12:30:51] DEBUG    149   2.93703264e+12  1.25309822e+10  2.29e-04 1.88e-03  3.35e+01  3326s
[2025-07-23 12:31:04] DEBUG    150   2.93695834e+12  1.25379316e+10  2.24e-04 1.88e-03  3.18e+01  3339s
[2025-07-23 12:31:17] DEBUG    151   2.93681211e+12  1.25509216e+10  2.65e-04 1.88e-03  2.86e+01  3353s
[2025-07-23 12:31:31] DEBUG    152   2.93668446e+12  1.25574483e+10  2.44e-04 1.88e-03  2.62e+01  3366s
[2025-07-23 12:31:45] DEBUG    153   2.93656483e+12  1.25638740e+10  2.27e-04 1.88e-03  2.42e+01  3380s
[2025-07-23 12:31:57] DEBUG    154   2.93646261e+12  1.25753166e+10  2.47e-04 1.88e-03  2.20e+01  3392s
[2025-07-23 12:32:06] DEBUG    155   2.93634583e+12  1.25814294e+10  2.39e-04 1.88e-03  2.01e+01  3401s
[2025-07-23 12:32:18] DEBUG    156   2.93626682e+12  1.25864759e+10  2.31e-04 1.88e-03  1.88e+01  3413s
[2025-07-23 12:32:30] DEBUG    157   2.93610270e+12  1.25912431e+10  2.19e-04 1.88e-03  1.68e+01  3426s
[2025-07-23 12:32:44] DEBUG    158   2.93605182e+12  1.25986724e+10  2.19e-04 1.88e-03  1.58e+01  3440s
[2025-07-23 12:32:55] DEBUG    159   2.93594424e+12  1.26034090e+10  2.05e-04 1.88e-03  1.45e+01  3450s
[2025-07-23 12:33:07] DEBUG    160   2.93583958e+12  1.26104167e+10  1.85e-04 1.89e-03  1.32e+01  3462s
[2025-07-23 12:33:20] DEBUG    161   2.93576071e+12  1.26149355e+10  1.85e-04 1.89e-03  1.25e+01  3475s
[2025-07-23 12:33:34] DEBUG    162   2.93570847e+12  1.26166151e+10  1.81e-04 1.89e-03  1.20e+01  3489s
[2025-07-23 12:33:43] DEBUG    163   2.93568450e+12  1.26182449e+10  1.73e-04 1.89e-03  1.18e+01  3498s
[2025-07-23 12:33:55] DEBUG    164   2.93562604e+12  1.26218534e+10  1.67e-04 1.89e-03  1.12e+01  3511s
[2025-07-23 12:34:08] DEBUG    165   2.93552240e+12  1.26251904e+10  1.66e-04 1.89e-03  1.04e+01  3523s
[2025-07-23 12:34:20] DEBUG    166   2.93547827e+12  1.26311748e+10  1.59e-04 1.89e-03  9.85e+00  3535s
[2025-07-23 12:34:32] DEBUG    167   2.93534839e+12  1.26338677e+10  1.54e-04 1.89e-03  9.01e+00  3547s
[2025-07-23 12:34:46] DEBUG    168   2.93527505e+12  1.26377022e+10  1.28e-04 1.89e-03  8.51e+00  3562s
[2025-07-23 12:34:57] DEBUG    169   2.93520624e+12  1.26423448e+10  1.27e-04 1.89e-03  8.08e+00  3573s
[2025-07-23 12:35:10] DEBUG    170   2.93509608e+12  1.26450494e+10  1.16e-04 1.89e-03  7.46e+00  3585s
[2025-07-23 12:35:19] DEBUG    171   2.93507704e+12  1.26469643e+10  1.16e-04 1.89e-03  7.34e+00  3595s
[2025-07-23 12:35:34] DEBUG    172   2.93500965e+12  1.26514806e+10  1.06e-04 1.89e-03  6.90e+00  3609s
[2025-07-23 12:35:51] DEBUG    173   2.93494190e+12  1.26545167e+10  1.07e-04 1.89e-03  6.54e+00  3626s
[2025-07-23 12:36:02] DEBUG    174   2.93489956e+12  1.26577499e+10  1.05e-04 1.89e-03  6.31e+00  3638s
[2025-07-23 12:36:19] DEBUG    175   2.93483953e+12  1.26613995e+10  1.01e-04 1.89e-03  6.01e+00  3654s
[2025-07-23 12:36:35] DEBUG    176   2.93477641e+12  1.26636123e+10  1.05e-04 1.89e-03  5.73e+00  3671s
[2025-07-23 12:36:50] DEBUG    177   2.93471796e+12  1.26667119e+10  1.03e-04 1.89e-03  5.46e+00  3685s
[2025-07-23 12:37:04] DEBUG    178   2.93465764e+12  1.26696182e+10  9.91e-05 1.89e-03  5.18e+00  3700s
[2025-07-23 12:37:18] DEBUG    179   2.93459383e+12  1.26723167e+10  9.62e-05 1.89e-03  4.93e+00  3713s
[2025-07-23 12:37:32] DEBUG    180   2.93452700e+12  1.26742639e+10  9.64e-05 1.89e-03  4.66e+00  3727s
[2025-07-23 12:37:45] DEBUG    181   2.93448578e+12  1.26763957e+10  9.90e-05 1.89e-03  4.49e+00  3740s
[2025-07-23 12:38:01] DEBUG    182   2.93442913e+12  1.26788873e+10  9.98e-05 1.89e-03  4.29e+00  3756s
[2025-07-23 12:38:16] DEBUG    183   2.93438692e+12  1.26811738e+10  1.07e-04 1.89e-03  4.13e+00  3771s
[2025-07-23 12:38:30] DEBUG    184   2.93433933e+12  1.26834003e+10  1.07e-04 1.89e-03  3.96e+00  3785s
[2025-07-23 12:38:43] DEBUG    185   2.93429485e+12  1.26847623e+10  1.07e-04 1.89e-03  3.83e+00  3799s
[2025-07-23 12:38:56] DEBUG    186   2.93426634e+12  1.26860024e+10  1.03e-04 1.89e-03  3.74e+00  3811s
[2025-07-23 12:39:10] DEBUG    187   2.93422157e+12  1.26873151e+10  9.73e-05 1.89e-03  3.61e+00  3826s
[2025-07-23 12:39:25] DEBUG    188   2.93415818e+12  1.26890271e+10  9.57e-05 1.89e-03  3.45e+00  3840s
[2025-07-23 12:39:40] DEBUG    189   2.93412030e+12  1.26905896e+10  9.09e-05 1.89e-03  3.35e+00  3855s
[2025-07-23 12:39:56] DEBUG    190   2.93408464e+12  1.26923960e+10  8.83e-05 1.89e-03  3.23e+00  3871s
[2025-07-23 12:40:08] DEBUG    191   2.93406405e+12  1.26947754e+10  8.68e-05 1.89e-03  3.16e+00  3883s
[2025-07-23 12:40:21] DEBUG    192   2.93401262e+12  1.26959377e+10  8.31e-05 1.89e-03  3.04e+00  3896s
[2025-07-23 12:40:35] DEBUG    193   2.93396761e+12  1.26982877e+10  8.15e-05 1.89e-03  2.93e+00  3910s
[2025-07-23 12:40:47] DEBUG    194   2.93392894e+12  1.26993730e+10  8.18e-05 1.89e-03  2.84e+00  3923s
[2025-07-23 12:41:01] DEBUG    195   2.93388929e+12  1.27012843e+10  7.96e-05 1.89e-03  2.74e+00  3937s
[2025-07-23 12:41:21] DEBUG    196   2.93383985e+12  1.27028621e+10  7.57e-05 1.89e-03  2.64e+00  3956s
[2025-07-23 12:41:40] DEBUG    197   2.93379113e+12  1.27039904e+10  7.58e-05 1.89e-03  2.54e+00  3976s
[2025-07-23 12:41:59] DEBUG    198   2.93373763e+12  1.27053481e+10  7.67e-05 1.89e-03  2.44e+00  3994s
[2025-07-23 12:42:12] DEBUG    199   2.93372228e+12  1.27069916e+10  7.84e-05 1.89e-03  2.40e+00  4008s
[2025-07-23 12:42:29] DEBUG    200   2.93368250e+12  1.27085900e+10  8.40e-05 1.89e-03  2.33e+00  4025s
[2025-07-23 12:42:47] DEBUG    201   2.93364857e+12  1.27107168e+10  8.78e-05 1.89e-03  2.27e+00  4043s
[2025-07-23 12:43:04] DEBUG    202   2.93360270e+12  1.27118346e+10  8.90e-05 1.89e-03  2.20e+00  4059s
[2025-07-23 12:43:18] DEBUG    203   2.93358144e+12  1.27120765e+10  9.01e-05 1.89e-03  2.17e+00  4073s
[2025-07-23 12:43:29] DEBUG    204   2.93356108e+12  1.27137557e+10  8.83e-05 1.89e-03  2.13e+00  4084s
[2025-07-23 12:43:48] DEBUG    205   2.93354606e+12  1.27140273e+10  8.55e-05 1.89e-03  2.11e+00  4103s
[2025-07-23 12:44:01] DEBUG    206   2.93353289e+12  1.27153403e+10  8.50e-05 1.89e-03  2.08e+00  4116s
[2025-07-23 12:44:15] DEBUG    207   2.93349473e+12  1.27172072e+10  8.51e-05 1.89e-03  2.02e+00  4130s
[2025-07-23 12:44:30] DEBUG    208   2.93345788e+12  1.27188362e+10  7.69e-05 1.89e-03  1.96e+00  4145s
[2025-07-23 12:44:45] DEBUG    209   2.93342026e+12  1.27203955e+10  6.92e-05 1.89e-03  1.89e+00  4160s
[2025-07-23 12:45:02] DEBUG    210   2.93337637e+12  1.27221081e+10  7.23e-05 1.89e-03  1.83e+00  4177s
[2025-07-23 12:45:22] DEBUG    211   2.93335045e+12  1.27237251e+10  7.01e-05 1.89e-03  1.79e+00  4197s
[2025-07-23 12:45:39] DEBUG    212   2.93331542e+12  1.27249125e+10  6.72e-05 1.89e-03  1.74e+00  4214s
[2025-07-23 12:45:57] DEBUG    213   2.93329677e+12  1.27260351e+10  6.45e-05 1.89e-03  1.72e+00  4232s
[2025-07-23 12:46:11] DEBUG    214   2.93325893e+12  1.27275412e+10  6.68e-05 1.89e-03  1.67e+00  4246s
[2025-07-23 12:46:25] DEBUG    215   2.93324179e+12  1.27287472e+10  6.51e-05 1.89e-03  1.64e+00  4260s
[2025-07-23 12:46:44] DEBUG    216   2.93322387e+12  1.27291865e+10  6.60e-05 1.89e-03  1.62e+00  4279s
[2025-07-23 12:46:59] DEBUG    217   2.93321025e+12  1.27305045e+10  6.56e-05 1.90e-03  1.60e+00  4294s
[2025-07-23 12:47:10] DEBUG    218   2.93316699e+12  1.27307034e+10  6.46e-05 1.90e-03  1.55e+00  4305s
[2025-07-23 12:47:26] DEBUG    219   2.93313770e+12  1.27318954e+10  6.48e-05 1.90e-03  1.51e+00  4321s
[2025-07-23 12:47:40] DEBUG    220   2.93311430e+12  1.27332537e+10  6.52e-05 1.90e-03  1.48e+00  4335s
[2025-07-23 12:47:55] DEBUG    221   2.93307875e+12  1.27344379e+10  6.13e-05 1.90e-03  1.44e+00  4351s
[2025-07-23 12:48:10] DEBUG    222   2.93302953e+12  1.27359023e+10  5.98e-05 1.90e-03  1.38e+00  4366s
[2025-07-23 12:48:28] DEBUG    223   2.93299544e+12  1.27366154e+10  5.91e-05 1.90e-03  1.35e+00  4383s
[2025-07-23 12:48:37] DEBUG    224   2.93297178e+12  1.27370830e+10  5.94e-05 1.90e-03  1.32e+00  4393s
[2025-07-23 12:48:51] DEBUG    225   2.93294859e+12  1.27379331e+10  5.95e-05 1.90e-03  1.30e+00  4406s
[2025-07-23 12:49:05] DEBUG    226   2.93290937e+12  1.27386283e+10  6.01e-05 1.90e-03  1.26e+00  4420s
[2025-07-23 12:49:26] DEBUG    227   2.93287788e+12  1.27396407e+10  6.03e-05 1.90e-03  1.22e+00  4441s
[2025-07-23 12:49:38] DEBUG    228   2.93284574e+12  1.27402990e+10  5.99e-05 1.90e-03  1.19e+00  4454s
[2025-07-23 12:49:53] DEBUG    229   2.93280832e+12  1.27413453e+10  5.89e-05 1.90e-03  1.16e+00  4468s
[2025-07-23 12:50:13] DEBUG    230   2.93277934e+12  1.27418265e+10  6.05e-05 1.90e-03  1.14e+00  4488s
[2025-07-23 12:50:33] DEBUG    231   2.93277399e+12  1.27428353e+10  6.11e-05 1.90e-03  1.13e+00  4509s
[2025-07-23 12:50:55] DEBUG    232   2.93273374e+12  1.27432023e+10  6.04e-05 1.90e-03  1.10e+00  4530s
[2025-07-23 12:51:13] DEBUG    233   2.93271067e+12  1.27439061e+10  5.96e-05 1.90e-03  1.20e+00  4548s
[2025-07-23 12:51:30] DEBUG    234   2.93267775e+12  1.27450806e+10  5.66e-05 1.90e-03  1.17e+00  4565s
[2025-07-23 12:51:44] DEBUG    235   2.93265812e+12  1.27459141e+10  5.70e-05 1.90e-03  1.18e+00  4580s
[2025-07-23 12:51:45] DEBUG    Barrier performed 235 iterations in 4579.62 seconds (958.47 work units)
[2025-07-23 12:51:45] DEBUG    Numerical trouble encountered
[2025-07-23 12:51:45] DEBUG    Model may be infeasible or unbounded.  Consider using the
[2025-07-23 12:51:45] DEBUG    homogeneous algorithm (through parameter 'BarHomogeneous')
[2025-07-23 12:52:49] DEBUG    Waiting for other threads to finish...        4644s
[2025-07-23 12:53:19] DEBUG    Solved with dual simplex
[2025-07-23 12:53:31] DEBUG    Iteration    Objective       Primal Inf.    Dual Inf.      Time
[2025-07-23 12:53:31] DEBUG    867849    1.3751458e+10   0.000000e+00   0.000000e+00   4686s

Solved in 867849 iterations and 4686.33 seconds (2383.27 work units)
[2025-07-23 12:53:31] DEBUG    Optimal objective  1.375145802e+10
✅ Scenario completato: new_trasmission_VRES_2030_PHES

🚀 Lancio scenario: new_trasmission_VRES_2030_nostorage
[2025-07-23 13:05:04] INFO     Loading sets
[2025-07-23 13:05:04] INFO     Loading parameters
[2025-07-23 13:05:41] INFO     constraints are loaded in the following order: ['energy_balance', 'dispatch', 'costs', 'capacity', 'network', 'policy', 'conversion', 'group', 'conversion_plus', 'milp', 'export']
[2025-07-23 13:05:41] INFO     creating energy_balance constraints
[2025-07-23 13:08:52] INFO     creating dispatch constraints
[2025-07-23 13:14:29] INFO     creating costs constraints
[2025-07-23 13:24:00] INFO     creating capacity constraints
[2025-07-23 13:24:00] INFO     creating network constraints
[2025-07-23 13:24:00] INFO     creating policy constraints
[2025-07-23 13:24:00] INFO     creating conversion constraints
[2025-07-23 13:24:00] INFO     creating group constraints
[2025-07-23 13:24:00] INFO     creating conversion_plus constraints
[2025-07-23 13:24:00] INFO     creating milp constraints
[2025-07-23 13:24:00] INFO     creating export constraints
[2025-07-23 13:37:21] DEBUG    Set parameter WLSAccessID
Set parameter WLSSecret
Set parameter LicenseID to value 2680226
[2025-07-23 13:37:22] DEBUG    Academic license 2680226 - for non-commercial use only - registered to an___@mail.polimi.it
[2025-07-23 13:38:00] DEBUG    Read LP format model from file /tmp/tmp0b4_tcs7.pyomo.lp
Reading time = 38.13 seconds
x18916098: 25065679 rows, 18916098 columns, 60859346 nonzeros
[2025-07-23 13:38:00] DEBUG    Set parameter NumericFocus to value 1
Gurobi Optimizer version 12.0.2 build v12.0.2rc0 (linux64 - "Debian GNU/Linux 11 (bullseye)")

CPU model: Intel(R) Xeon(R) Silver 4314 CPU @ 2.40GHz, instruction set [SSE2|AVX|AVX2|AVX512]
Thread count: 32 physical cores, 64 logical processors, using up to 32 threads

Non-default parameters:
NumericFocus  1
[2025-07-23 13:38:00] DEBUG    Academic license 2680226 - for non-commercial use only - registered to an___@mail.polimi.it
Optimize a model with 25065679 rows, 18916098 columns and 60859346 nonzeros
[2025-07-23 13:38:01] DEBUG    Model fingerprint: 0x4141655f
[2025-07-23 13:38:01] DEBUG    Coefficient statistics:
  Matrix range     [1e-07, 3e+02]
  Objective range  [1e+00, 1e+06]
  Bounds range     [0e+00, 0e+00]
  RHS range        [1e+00, 2e+08]
[2025-07-23 13:38:07] DEBUG    Presolve removed 19185982 rows and 10714586 columns (presolve time = 7s)...
[2025-07-23 13:38:11] DEBUG    Presolve removed 19186032 rows and 12505337 columns (presolve time = 10s)...
[2025-07-23 13:38:16] DEBUG    Presolve removed 22223996 rows and 15543301 columns (presolve time = 15s)...
[2025-07-23 13:38:25] DEBUG    Presolve removed 22761833 rows and 15771061 columns (presolve time = 24s)...
[2025-07-23 13:38:26] DEBUG    Presolve removed 22761833 rows and 15876181 columns (presolve time = 25s)...
[2025-07-23 13:38:29] DEBUG    Presolve removed 22910736 rows and 15876181 columns
[2025-07-23 13:38:59] DEBUG    Presolve time: 59.79s
Presolved: 2154943 rows, 3188820 columns, 9254047 nonzeros

Concurrent LP optimizer: primal simplex, dual simplex, and barrier
Showing barrier log only...
[2025-07-23 13:39:03] DEBUG    Ordering time: 1.60s
[2025-07-23 13:39:04] DEBUG    Barrier statistics:
[2025-07-23 13:39:04] DEBUG    Dense cols : 136
 AA' NZ     : 7.292e+06
 Factor NZ  : 2.987e+07 (roughly 2.4 GB of memory)
 Factor Ops : 1.282e+09 (less than 1 second per iteration)
 Threads    : 30
[2025-07-23 13:39:09] DEBUG    Objective                Residual
[2025-07-23 13:39:09] DEBUG    Iter       Primal          Dual         Primal    Dual     Compl     Time
[2025-07-23 13:39:09] DEBUG    0   3.88985578e+21 -6.37743772e+19  5.63e+10 2.33e-10  3.03e+16    69s
[2025-07-23 13:39:14] DEBUG    1   3.44077678e+21 -6.09738478e+19  4.75e+10 1.54e+06  2.28e+16    74s
[2025-07-23 13:39:21] DEBUG    2   2.92547859e+21 -5.58455231e+19  3.91e+10 6.73e+05  1.67e+16    81s
[2025-07-23 13:39:30] DEBUG    3   1.67436112e+21 -5.26701813e+19  1.95e+10 2.48e+05  7.97e+15    90s
[2025-07-23 13:39:36] DEBUG    4   1.34953703e+21 -4.89033719e+19  1.51e+10 1.16e+05  5.89e+15    96s
[2025-07-23 13:39:41] DEBUG    5   1.21902438e+21 -4.69703589e+19  1.34e+10 7.18e+04  5.10e+15   101s
[2025-07-23 13:39:45] DEBUG    6   9.92980987e+20 -4.58300193e+19  1.03e+10 5.49e+04  3.96e+15   105s
[2025-07-23 13:39:50] DEBUG    7   9.30733367e+20 -4.53267503e+19  9.49e+09 4.44e+04  3.64e+15   110s
[2025-07-23 13:39:56] DEBUG    8   7.62831930e+20 -4.43386846e+19  7.44e+09 3.27e+04  2.84e+15   117s
[2025-07-23 13:40:05] DEBUG    9   3.65259700e+20 -4.36612858e+19  2.74e+09 2.55e+04  1.14e+15   125s
[2025-07-23 13:40:13] DEBUG    10   3.35509733e+20 -4.20252320e+19  2.45e+09 1.99e+04  9.96e+14   133s
[2025-07-23 13:40:23] DEBUG    11   9.57555745e+19 -4.05714063e+19  1.22e+08 1.39e+04  1.33e+14   143s
[2025-07-23 13:40:32] DEBUG    12   7.25382722e+19 -2.32775909e+19  8.02e+07 1.34e+03  4.69e+13   152s
[2025-07-23 13:40:40] DEBUG    13   6.58173269e+18 -1.80726975e+19  7.20e+06 6.95e+02  9.35e+12   160s
[2025-07-23 13:40:46] DEBUG    14   1.09171343e+18 -8.34842411e+18  1.34e+06 2.28e+02  2.74e+12   166s
[2025-07-23 13:40:52] DEBUG    15   4.54167348e+17 -2.12720819e+18  4.79e+05 3.73e+01  6.37e+11   172s
[2025-07-23 13:40:57] DEBUG    16   1.49247849e+17 -6.66559145e+17  1.67e+05 9.20e+00  1.81e+11   177s
[2025-07-23 13:41:02] DEBUG    17   2.64671095e+16 -1.42763746e+17  2.84e+04 1.38e+00  3.30e+10   183s
[2025-07-23 13:41:06] DEBUG    18   9.62490122e+14 -2.23246673e+16  4.70e+02 1.90e-01  4.33e+09   187s
[2025-07-23 13:41:11] DEBUG    19   3.41826725e+13 -2.41226158e+15  2.20e+00 1.99e-02  4.55e+08   191s
[2025-07-23 13:41:16] DEBUG    20   2.62623580e+12 -1.21169639e+13  8.77e-04 1.40e-04  2.49e+06   196s
[2025-07-23 13:41:30] DEBUG    21   2.58836320e+12 -1.20138877e+13  8.67e-04 1.39e-04  2.46e+06   211s
[2025-07-23 13:41:45] DEBUG    22   2.43892203e+12 -1.08934949e+13  6.06e-04 1.27e-04  2.24e+06   226s
[2025-07-23 13:42:01] DEBUG    23   2.40040706e+12 -9.64241996e+12  5.85e-04 3.04e-04  2.00e+06   241s
[2025-07-23 13:42:16] DEBUG    24   2.34374331e+12 -9.52031323e+12  5.45e-04 3.18e-04  1.97e+06   257s
[2025-07-23 13:42:36] DEBUG    25   2.31025951e+12 -9.35273417e+12  5.25e-04 3.36e-04  1.93e+06   276s
[2025-07-23 13:42:56] DEBUG    26   2.26547957e+12 -8.05201112e+12  4.98e-04 5.18e-04  1.69e+06   297s
[2025-07-23 13:43:15] DEBUG    27   2.21603128e+12 -7.65672050e+12  4.68e-04 5.22e-04  1.61e+06   315s
[2025-07-23 13:43:45] DEBUG    28   2.17931006e+12 -6.63579814e+12  4.46e-04 9.96e-04  1.42e+06   345s
[2025-07-23 13:44:10] DEBUG    29   2.15481830e+12 -4.95617853e+12  4.35e-04 7.68e-04  1.10e+06   370s
[2025-07-23 13:44:42] DEBUG    30   2.09751362e+12 -4.41498601e+12  4.08e-04 7.50e-04  9.93e+05   403s
[2025-07-23 13:45:16] DEBUG    31   2.02382851e+12 -4.08292714e+12  3.75e-04 7.87e-04  9.21e+05   436s
[2025-07-23 13:45:48] DEBUG    32   1.98886095e+12 -3.51462983e+12  3.60e-04 2.32e-03  8.09e+05   469s
[2025-07-23 13:46:22] DEBUG    33   1.95611902e+12 -3.19166631e+12  3.47e-04 2.14e-03  7.45e+05   502s
[2025-07-23 13:46:50] DEBUG    34   1.91138968e+12 -2.77082359e+12  3.30e-04 1.90e-03  6.61e+05   530s
[2025-07-23 13:47:27] DEBUG    35   1.87692391e+12 -2.67567808e+12  3.15e-04 1.83e-03  6.38e+05   567s
[2025-07-23 13:47:59] DEBUG    36   1.83095028e+12 -2.51416594e+12  2.94e-04 1.72e-03  6.01e+05   599s
[2025-07-23 13:48:18] DEBUG    37   1.82104421e+12 -2.36189324e+12  2.90e-04 1.62e-03  5.71e+05   618s
[2025-07-23 13:48:49] DEBUG    38   1.79318425e+12 -2.07406427e+12  2.79e-04 1.44e-03  5.14e+05   650s
[2025-07-23 13:49:14] DEBUG    39   1.75128525e+12 -2.04493659e+12  2.63e-04 1.42e-03  5.02e+05   674s
[2025-07-23 13:49:45] DEBUG    40   1.68236662e+12 -1.73604146e+12  2.42e-04 1.22e-03  4.34e+05   705s
[2025-07-23 13:50:21] DEBUG    41   1.60770838e+12 -1.53894367e+12  2.20e-04 1.27e-03  3.86e+05   742s
[2025-07-23 13:50:54] DEBUG    42   1.54782941e+12 -1.37802093e+12  2.00e-04 1.37e-03  3.47e+05   774s
[2025-07-23 13:51:29] DEBUG    43   1.45823427e+12 -1.14365260e+12  1.70e-04 1.53e-03  2.91e+05   810s
[2025-07-23 13:51:52] DEBUG    44   1.40844770e+12 -1.03372529e+12  1.54e-04 1.61e-03  2.63e+05   832s
[2025-07-23 13:52:14] DEBUG    45   1.36446721e+12 -9.80336422e+11  1.40e-04 1.61e-03  2.47e+05   855s
[2025-07-23 13:52:39] DEBUG    46   1.28079143e+12 -7.78369727e+11  1.13e-04 1.55e-03  1.97e+05   879s
[2025-07-23 13:53:03] DEBUG    47   1.22603591e+12 -5.94673901e+11  9.52e-05 1.81e-03  1.55e+05   904s
[2025-07-23 13:53:29] DEBUG    48   1.17983269e+12 -5.15086298e+11  8.05e-05 1.95e-03  1.33e+05   929s
[2025-07-23 13:53:51] DEBUG    49   1.14278917e+12 -4.46264396e+11  6.91e-05 1.95e-03  1.15e+05   951s
[2025-07-23 13:54:10] DEBUG    50   1.11409083e+12 -3.36515165e+11  6.03e-05 1.91e-03  9.07e+04   971s
[2025-07-23 13:54:32] DEBUG    51   1.10250686e+12 -3.21922422e+11  5.62e-05 1.91e-03  8.63e+04   992s
[2025-07-23 13:54:58] DEBUG    52   1.07411455e+12 -2.23432282e+11  4.71e-05 1.76e-03  6.38e+04  1018s
[2025-07-23 13:55:21] DEBUG    53   1.05501800e+12 -1.62157727e+11  4.09e-05 1.65e-03  4.96e+04  1041s
[2025-07-23 13:55:41] DEBUG    54   1.03427626e+12 -1.19293437e+11  3.50e-05 1.49e-03  3.87e+04  1061s
[2025-07-23 13:55:58] DEBUG    55   1.00798655e+12 -1.00765889e+11  2.73e-05 1.48e-03  3.18e+04  1078s
[2025-07-23 13:56:20] DEBUG    56   9.94811250e+11 -8.89165794e+10  2.33e-05 1.44e-03  2.78e+04  1100s
[2025-07-23 13:56:40] DEBUG    57   9.84029777e+11 -6.63012284e+10  1.99e-05 1.49e-03  2.22e+04  1121s
[2025-07-23 13:57:05] DEBUG    58   9.80410030e+11 -5.54176321e+10  1.88e-05 1.58e-03  1.97e+04  1145s
[2025-07-23 13:57:36] DEBUG    59   9.76812597e+11 -4.23145277e+10  1.77e-05 1.78e-03  1.68e+04  1176s
[2025-07-23 13:57:56] DEBUG    60   9.72103801e+11 -3.19235935e+10  1.62e-05 3.04e-03  1.44e+04  1197s
[2025-07-23 13:58:16] DEBUG    61   9.65867716e+11 -2.49911719e+10  3.55e-05 2.60e-03  1.24e+04  1217s
[2025-07-23 13:58:36] DEBUG    62   9.58062239e+11 -1.66762790e+10  5.64e-05 2.01e-03  9.90e+03  1236s
[2025-07-23 13:59:08] DEBUG    63   9.55089812e+11 -1.07407898e+10  5.38e-05 1.63e-03  8.49e+03  1269s
[2025-07-23 13:59:31] DEBUG    64   9.47370297e+11 -7.37375026e+09  4.59e-05 1.40e-03  6.97e+03  1291s
[2025-07-23 13:59:47] DEBUG    65   9.41642013e+11 -5.54066906e+09  1.05e-04 1.31e-03  5.95e+03  1307s
[2025-07-23 14:00:06] DEBUG    66   9.38600080e+11 -6.41063781e+08  9.40e-05 1.45e-03  4.74e+03  1326s
[2025-07-23 14:00:18] DEBUG    67   9.36176381e+11  1.98263205e+09  7.85e-05 1.55e-03  3.98e+03  1339s
[2025-07-23 14:00:29] DEBUG    68   9.31902134e+11  5.89521090e+09  6.85e-05 1.67e-03  2.77e+03  1349s
[2025-07-23 14:00:41] DEBUG    69   9.27592193e+11  7.44842804e+09  5.14e-05 1.72e-03  2.00e+03  1361s
[2025-07-23 14:00:54] DEBUG    70   9.25170837e+11  9.57439783e+09  4.53e-05 1.79e-03  1.36e+03  1374s
[2025-07-23 14:01:06] DEBUG    71   9.23098494e+11  1.01308145e+10  5.27e-05 1.80e-03  1.06e+03  1387s
[2025-07-23 14:01:15] DEBUG    72   9.21987921e+11  1.13216670e+10  9.95e-05 1.84e-03  7.21e+02  1396s
[2025-07-23 14:01:27] DEBUG    73   9.21221804e+11  1.20939443e+10  1.02e-04 1.62e-03  4.96e+02  1408s
[2025-07-23 14:01:39] DEBUG    74   9.19741622e+11  1.22418459e+10  1.21e-04 1.27e-03  3.29e+02  1419s
[2025-07-23 14:01:51] DEBUG    75   9.18817325e+11  1.24788273e+10  1.50e-04 8.29e-04  2.16e+02  1431s
[2025-07-23 14:02:03] DEBUG    76   9.18264522e+11  1.26243736e+10  1.73e-04 5.69e-04  1.54e+02  1443s
[2025-07-23 14:02:12] DEBUG    77   9.17934317e+11  1.27123043e+10  1.55e-04 4.12e-04  1.21e+02  1452s
[2025-07-23 14:02:23] DEBUG    78   9.17641844e+11  1.27613492e+10  1.37e-04 3.81e-04  9.87e+01  1463s
[2025-07-23 14:02:35] DEBUG    79   9.17207435e+11  1.28029404e+10  8.30e-05 3.79e-04  7.49e+01  1475s
[2025-07-23 14:02:47] DEBUG    80   9.16839644e+11  1.28274732e+10  1.15e-04 3.61e-04  5.88e+01  1487s
[2025-07-23 14:02:59] DEBUG    81   9.16573560e+11  1.28649635e+10  8.80e-05 3.52e-04  4.56e+01  1499s
[2025-07-23 14:03:10] DEBUG    82   9.16303089e+11  1.28832220e+10  9.37e-05 3.52e-04  3.70e+01  1510s
[2025-07-23 14:03:21] DEBUG    83   9.16191880e+11  1.29020538e+10  1.03e-04 3.52e-04  3.19e+01  1521s
[2025-07-23 14:03:33] DEBUG    84   9.15952706e+11  1.29098602e+10  8.63e-05 3.51e-04  2.67e+01  1534s
[2025-07-23 14:03:42] DEBUG    85   9.15850384e+11  1.29157925e+10  8.14e-05 3.51e-04  2.45e+01  1543s
[2025-07-23 14:03:54] DEBUG    86   9.15749285e+11  1.29240013e+10  7.84e-05 3.50e-04  2.19e+01  1555s
[2025-07-23 14:04:03] DEBUG    87   9.15711407e+11  1.29253356e+10  7.62e-05 3.48e-04  2.13e+01  1563s
[2025-07-23 14:04:14] DEBUG    88   9.15535811e+11  1.29311873e+10  5.96e-05 3.30e-04  1.85e+01  1574s
[2025-07-23 14:04:24] DEBUG    89   9.15432170e+11  1.29348331e+10  5.16e-05 3.30e-04  1.70e+01  1584s
[2025-07-23 14:04:36] DEBUG    90   9.15275737e+11  1.29432613e+10  4.07e-05 3.30e-04  1.46e+01  1596s
[2025-07-23 14:04:48] DEBUG    91   9.15220419e+11  1.29482072e+10  4.12e-05 3.30e-04  1.38e+01  1609s
[2025-07-23 14:05:00] DEBUG    92   9.15062020e+11  1.29517513e+10  3.67e-05 3.30e-04  1.22e+01  1620s
[2025-07-23 14:05:13] DEBUG    93   9.14960933e+11  1.29564726e+10  3.54e-05 3.30e-04  1.11e+01  1633s
[2025-07-23 14:05:25] DEBUG    94   9.14801279e+11  1.29592409e+10  2.90e-05 3.30e-04  9.75e+00  1645s
[2025-07-23 14:05:25] DEBUG    Barrier performed 94 iterations in 1645.17 seconds (331.05 work units)
[2025-07-23 14:05:25] DEBUG    Barrier solve interrupted - model solved by another algorithm
[2025-07-23 14:05:25] DEBUG    Solved with dual simplex
[2025-07-23 14:05:35] DEBUG    Iteration    Objective       Primal Inf.    Dual Inf.      Time
[2025-07-23 14:05:35] DEBUG    380382    1.3795378e+10   0.000000e+00   0.000000e+00   1656s

Solved in 380382 iterations and 1655.74 seconds (878.67 work units)
[2025-07-23 14:05:35] DEBUG    Optimal objective  1.379537783e+10
✅ Scenario completato: new_trasmission_VRES_2030_nostorage

🚀 Lancio scenario: new_trasmission_CG+VRES_2030_BESS
[2025-07-23 14:20:03] INFO     Loading sets
[2025-07-23 14:20:03] INFO     Loading parameters
[2025-07-23 14:20:41] INFO     constraints are loaded in the following order: ['energy_balance', 'dispatch', 'costs', 'capacity', 'network', 'policy', 'conversion', 'group', 'conversion_plus', 'milp', 'export']
[2025-07-23 14:20:41] INFO     creating energy_balance constraints
[2025-07-23 14:24:05] INFO     creating dispatch constraints
[2025-07-23 14:26:24] INFO     creating costs constraints
[2025-07-23 14:42:07] INFO     creating capacity constraints
[2025-07-23 14:42:07] INFO     creating network constraints
[2025-07-23 14:42:07] INFO     creating policy constraints
[2025-07-23 14:42:07] INFO     creating conversion constraints
[2025-07-23 14:42:07] INFO     creating group constraints
[2025-07-23 14:42:07] INFO     creating conversion_plus constraints
[2025-07-23 14:42:07] INFO     creating milp constraints
[2025-07-23 14:42:07] INFO     creating export constraints
[2025-07-23 14:56:56] DEBUG    Set parameter WLSAccessID
Set parameter WLSSecret
Set parameter LicenseID to value 2680226
[2025-07-23 14:56:56] DEBUG    Academic license 2680226 - for non-commercial use only - registered to an___@mail.polimi.it
[2025-07-23 14:57:38] DEBUG    Read LP format model from file /tmp/tmpk1njqx3m.pyomo.lp
Reading time = 42.09 seconds
x20948737: 27606369 rows, 20948737 columns, 67718948 nonzeros
[2025-07-23 14:57:38] DEBUG    Set parameter NumericFocus to value 1
Gurobi Optimizer version 12.0.2 build v12.0.2rc0 (linux64 - "Debian GNU/Linux 11 (bullseye)")

CPU model: Intel(R) Xeon(R) Silver 4314 CPU @ 2.40GHz, instruction set [SSE2|AVX|AVX2|AVX512]
Thread count: 32 physical cores, 64 logical processors, using up to 32 threads

Non-default parameters:
NumericFocus  1
[2025-07-23 14:57:38] DEBUG    Academic license 2680226 - for non-commercial use only - registered to an___@mail.polimi.it
Optimize a model with 27606369 rows, 20948737 columns and 67718948 nonzeros
[2025-07-23 14:57:39] DEBUG    Model fingerprint: 0x4b61ed55
[2025-07-23 14:57:39] DEBUG    Coefficient statistics:
  Matrix range     [1e-07, 3e+02]
  Objective range  [1e+00, 1e+06]
  Bounds range     [0e+00, 0e+00]
  RHS range        [1e+00, 2e+08]
[2025-07-23 14:57:44] DEBUG    Presolve removed 19771328 rows and 11515455 columns (presolve time = 5s)...
[2025-07-23 14:57:49] DEBUG    Presolve removed 20202374 rows and 13775769 columns (presolve time = 10s)...
[2025-07-23 14:57:54] DEBUG    Presolve removed 23236655 rows and 16810000 columns (presolve time = 15s)...
[2025-07-23 14:58:00] DEBUG    Presolve removed 23494457 rows and 17017023 columns (presolve time = 21s)...
[2025-07-23 14:58:08] DEBUG    Presolve removed 24032352 rows and 17244783 columns (presolve time = 29s)...
[2025-07-23 14:58:09] DEBUG    Presolve removed 24032352 rows and 17349903 columns (presolve time = 30s)...
[2025-07-23 14:58:14] DEBUG    Presolve removed 24181255 rows and 17349903 columns
[2025-07-23 14:58:51] DEBUG    Presolve time: 73.05s
Presolved: 3425114 rows, 3747737 columns, 14029825 nonzeros

Concurrent LP optimizer: primal simplex, dual simplex, and barrier
Showing barrier log only...
[2025-07-23 14:58:56] DEBUG    Ordering time: 2.64s
[2025-07-23 14:58:58] DEBUG    Barrier statistics:
 Dense cols : 194
 AA' NZ     : 1.476e+07
[2025-07-23 14:58:58] DEBUG    Factor NZ  : 5.741e+07 (roughly 3.4 GB of memory)
 Factor Ops : 3.707e+09 (less than 1 second per iteration)
 Threads    : 30
[2025-07-23 14:59:03] DEBUG    Objective                Residual
[2025-07-23 14:59:03] DEBUG    Iter       Primal          Dual         Primal    Dual     Compl     Time
[2025-07-23 14:59:04] DEBUG    0   1.39037224e+21 -2.28913191e+19  5.63e+10 1.16e-10  1.13e+16    86s
[2025-07-23 14:59:10] DEBUG    1   1.18442255e+21 -2.21368252e+19  4.76e+10 6.43e+05  8.29e+15    92s
[2025-07-23 14:59:18] DEBUG    2   9.73524195e+20 -2.03507832e+19  3.92e+10 2.84e+05  5.77e+15   100s
[2025-07-23 14:59:27] DEBUG    3   7.07507987e+20 -1.86798176e+19  2.82e+10 9.13e+04  3.46e+15   109s
[2025-07-23 14:59:34] DEBUG    4   5.06741549e+20 -1.74010221e+19  2.00e+10 2.38e+04  2.22e+15   116s
[2025-07-23 14:59:39] DEBUG    5   3.61532347e+20 -1.62657366e+19  1.42e+10 8.05e+03  1.51e+15   121s
[2025-07-23 14:59:45] DEBUG    6   1.16953395e+20 -1.53567873e+19  4.60e+09 3.08e+03  4.95e+14   127s
[2025-07-23 14:59:50] DEBUG    7   7.85089215e+19 -1.42089842e+19  3.11e+09 1.39e+03  3.31e+14   132s
[2025-07-23 14:59:58] DEBUG    8   3.57135220e+19 -1.27117996e+19  1.40e+09 2.51e+02  1.50e+14   140s
[2025-07-23 15:00:04] DEBUG    9   4.78290295e+18 -1.11699631e+19  1.85e+08 6.57e+01  2.17e+13   146s
[2025-07-23 15:00:11] DEBUG    10   1.22680342e+18 -7.04830471e+18  4.69e+07 2.38e+00  5.51e+12   153s
[2025-07-23 15:00:17] DEBUG    11   1.93325158e+16 -2.60685547e+18  6.12e+05 7.52e-02  3.52e+11   159s
[2025-07-23 15:00:25] DEBUG    12   3.57704203e+15 -4.83685066e+17  5.05e+04 3.51e-02  5.78e+10   167s
[2025-07-23 15:00:34] DEBUG    13   7.48435661e+14 -4.37667412e+16  2.15e+02 2.46e-02  5.20e+09   176s
[2025-07-23 15:00:42] DEBUG    14   3.88541920e+14 -8.09629432e+15  5.46e-01 1.33e-02  1.01e+09   184s
[2025-07-23 15:00:47] DEBUG    15   3.73032715e+14 -2.02216439e+15  4.08e-01 1.85e-02  2.73e+08   189s
[2025-07-23 15:00:53] DEBUG    16   3.39674900e+14 -1.42408307e+15  1.95e-01 1.90e-02  1.94e+08   195s
[2025-07-23 15:00:58] DEBUG    17   3.35849729e+14 -1.16606352e+15  1.82e-01 1.84e-02  1.59e+08   200s
[2025-07-23 15:01:04] DEBUG    18   3.23596516e+14 -3.48744648e+14  1.41e-01 3.41e-02  5.20e+07   206s
[2025-07-23 15:01:12] DEBUG    19   3.08147495e+14 -2.44384241e+14  9.82e-02 3.53e-02  3.69e+07   214s
[2025-07-23 15:01:30] DEBUG    20   2.93160153e+14 -1.90739736e+14  9.10e-02 2.26e-02  2.97e+07   232s
[2025-07-23 15:01:48] DEBUG    21   2.48703793e+14 -1.32618283e+14  6.63e-02 2.28e-02  2.13e+07   250s
[2025-07-23 15:02:04] DEBUG    22   2.18073955e+14 -7.75781441e+13  5.06e-02 2.24e-02  1.32e+07   266s
[2025-07-23 15:02:22] DEBUG    23   1.98292055e+14 -3.65493580e+13  4.11e-02 2.29e-02  7.25e+06   284s
[2025-07-23 15:02:43] DEBUG    24   1.78338674e+14 -1.81773668e+13  3.21e-02 2.88e-02  4.32e+06   305s
[2025-07-23 15:03:02] DEBUG    25   1.66136108e+14 -8.48142711e+12  2.72e-02 2.34e-02  2.65e+06   324s
[2025-07-23 15:03:17] DEBUG    26   1.49669791e+14 -3.19189851e+12  2.05e-02 2.38e-02  1.59e+06   339s
[2025-07-23 15:03:38] DEBUG    27   1.35068000e+14 -1.65676273e+12  1.54e-02 2.57e-02  1.07e+06   360s
[2025-07-23 15:03:54] DEBUG    28   1.26286984e+14 -8.18628217e+11  1.20e-02 2.83e-02  7.22e+05   376s
[2025-07-23 15:04:03] DEBUG    29   1.19380150e+14 -5.70017739e+11  9.09e-03 2.93e-02  5.29e+05   385s
[2025-07-23 15:04:13] DEBUG    30   1.15603241e+14 -5.03903294e+11  7.79e-03 2.95e-02  4.55e+05   395s
[2025-07-23 15:04:25] DEBUG    31   1.11577975e+14 -4.46986118e+11  6.55e-03 2.96e-02  3.86e+05   407s
[2025-07-23 15:04:43] DEBUG    32   1.09929128e+14 -3.29566884e+11  6.10e-03 2.99e-02  3.43e+05   425s
[2025-07-23 15:04:59] DEBUG    33   1.05180444e+14 -2.42146330e+11  4.93e-03 3.00e-02  2.60e+05   441s
[2025-07-23 15:05:16] DEBUG    34   1.00594442e+14 -2.15984283e+11  3.97e-03 2.98e-02  2.01e+05   458s
[2025-07-23 15:05:32] DEBUG    35   9.70092379e+13 -1.96023270e+11  3.07e-03 2.94e-02  1.48e+05   474s
[2025-07-23 15:05:49] DEBUG    36   9.49966493e+13 -1.76964715e+11  2.64e-03 2.90e-02  1.23e+05   491s
[2025-07-23 15:06:04] DEBUG    37   9.36443682e+13 -1.73364818e+11  2.40e-03 2.88e-02  1.11e+05   506s
[2025-07-23 15:06:23] DEBUG    38   9.20668820e+13 -1.70706367e+11  2.14e-03 2.85e-02  9.83e+04   525s
[2025-07-23 15:06:41] DEBUG    39   9.05628049e+13 -1.68597973e+11  1.91e-03 2.82e-02  8.69e+04   543s
[2025-07-23 15:07:00] DEBUG    40   8.89518942e+13 -1.62776586e+11  1.68e-03 2.76e-02  7.43e+04   562s
[2025-07-23 15:07:19] DEBUG    41   8.77795146e+13 -1.60539035e+11  1.54e-03 2.73e-02  6.71e+04   581s
[2025-07-23 15:07:40] DEBUG    42   8.68985497e+13 -1.57721240e+11  1.43e-03 2.68e-02  6.17e+04   602s
[2025-07-23 15:07:58] DEBUG    43   8.60675664e+13 -1.55828387e+11  1.35e-03 2.64e-02  5.76e+04   620s
[2025-07-23 15:08:17] DEBUG    44   8.51543932e+13 -1.53514964e+11  1.25e-03 2.59e-02  5.33e+04   639s
[2025-07-23 15:08:37] DEBUG    45   8.48098641e+13 -1.52917432e+11  1.21e-03 2.57e-02  5.17e+04   659s
[2025-07-23 15:08:52] DEBUG    46   8.42772365e+13 -1.52239895e+11  1.16e-03 2.55e-02  4.96e+04   674s
[2025-07-23 15:09:15] DEBUG    47   8.30278470e+13 -1.51403254e+11  1.05e-03 2.49e-02  4.43e+04   697s
[2025-07-23 15:09:37] DEBUG    48   8.24142798e+13 -1.50032787e+11  9.96e-04 2.41e-02  4.21e+04   718s
[2025-07-23 15:09:51] DEBUG    49   8.17276337e+13 -1.49502631e+11  8.90e-04 2.37e-02  3.74e+04   733s
[2025-07-23 15:10:03] DEBUG    50   8.09204504e+13 -1.48721772e+11  7.80e-04 2.31e-02  3.21e+04   745s
[2025-07-23 15:10:15] DEBUG    51   8.05214062e+13 -1.47920160e+11  7.24e-04 2.27e-02  3.00e+04   757s
[2025-07-23 15:10:28] DEBUG    52   7.98429619e+13 -1.46994018e+11  6.38e-04 2.21e-02  2.61e+04   770s
[2025-07-23 15:10:41] DEBUG    53   7.93900165e+13 -1.46289674e+11  5.88e-04 2.17e-02  2.38e+04   783s
[2025-07-23 15:10:56] DEBUG    54   7.89755828e+13 -1.45745609e+11  5.47e-04 2.12e-02  2.19e+04   798s
[2025-07-23 15:11:11] DEBUG    55   7.87656621e+13 -1.45407040e+11  5.29e-04 2.09e-02  2.11e+04   813s
[2025-07-23 15:11:20] DEBUG    56   7.84607435e+13 -1.45282720e+11  5.09e-04 2.07e-02  2.00e+04   822s
[2025-07-23 15:11:35] DEBUG    57   7.80386844e+13 -1.45065448e+11  4.71e-04 2.05e-02  1.85e+04   837s
[2025-07-23 15:11:53] DEBUG    58   7.77033067e+13 -1.44807829e+11  4.54e-04 2.03e-02  1.73e+04   855s
[2025-07-23 15:12:08] DEBUG    59   7.72770027e+13 -1.44498778e+11  4.30e-04 2.00e-02  1.59e+04   870s
[2025-07-23 15:12:24] DEBUG    60   7.69315627e+13 -1.44334640e+11  3.89e-04 2.00e-02  1.48e+04   886s
[2025-07-23 15:12:39] DEBUG    61   7.66476275e+13 -1.44174245e+11  3.67e-04 2.00e-02  1.40e+04   901s
[2025-07-23 15:12:53] DEBUG    62   7.64393550e+13 -1.44059635e+11  3.54e-04 2.00e-02  1.35e+04   915s
[2025-07-23 15:13:07] DEBUG    63   7.63721421e+13 -1.44041407e+11  3.60e-04 2.00e-02  1.33e+04   929s
[2025-07-23 15:13:23] DEBUG    64   7.60421124e+13 -1.44017104e+11  3.45e-04 2.00e-02  1.25e+04   945s
[2025-07-23 15:13:37] DEBUG    65   7.58496084e+13 -1.43945007e+11  3.35e-04 2.00e-02  1.21e+04   959s
[2025-07-23 15:13:53] DEBUG    66   7.56751570e+13 -1.43878383e+11  3.87e-04 2.00e-02  1.17e+04   975s
[2025-07-23 15:14:08] DEBUG    67   7.53972516e+13 -1.43791295e+11  3.06e-04 2.00e-02  1.10e+04   990s
[2025-07-23 15:14:22] DEBUG    68   7.51289470e+13 -1.43724006e+11  3.19e-04 2.00e-02  1.05e+04  1004s
[2025-07-23 15:14:42] DEBUG    69   7.49160272e+13 -1.43667214e+11  3.27e-04 2.00e-02  1.00e+04  1024s
[2025-07-23 15:14:58] DEBUG    70   7.47698019e+13 -1.43623215e+11  3.18e-04 1.99e-02  9.77e+03  1040s
[2025-07-23 15:15:15] DEBUG    71   7.45974074e+13 -1.43582977e+11  3.05e-04 1.99e-02  9.45e+03  1057s
[2025-07-23 15:15:30] DEBUG    72   7.45657799e+13 -1.43582982e+11  2.97e-04 1.99e-02  9.40e+03  1071s
[2025-07-23 15:15:43] DEBUG    73   7.43433004e+13 -1.43582588e+11  3.63e-04 1.99e-02  9.01e+03  1085s
[2025-07-23 15:15:57] DEBUG    74   7.40199741e+13 -1.43592393e+11  2.89e-04 1.98e-02  1.13e+04  1099s
[2025-07-23 15:16:13] DEBUG    75   7.36729832e+13 -1.43597974e+11  2.95e-04 1.98e-02  1.06e+04  1115s
[2025-07-23 15:16:31] DEBUG    76   7.35448611e+13 -1.43578104e+11  3.16e-04 1.97e-02  1.13e+04  1133s
[2025-07-23 15:16:46] DEBUG    77   7.35231893e+13 -1.43572685e+11  3.24e-04 1.97e-02  1.12e+04  1148s
[2025-07-23 15:17:00] DEBUG    78   7.32040168e+13 -1.43585836e+11  3.06e-04 1.97e-02  1.10e+04  1162s
[2025-07-23 15:17:17] DEBUG    79   7.30389224e+13 -1.43569405e+11  3.04e-04 1.96e-02  1.07e+04  1179s
[2025-07-23 15:17:30] DEBUG    80   7.29161211e+13 -1.43576591e+11  3.74e-04 1.96e-02  1.05e+04  1192s
[2025-07-23 15:17:30] DEBUG    Barrier performed 80 iterations in 1191.90 seconds (328.90 work units)
Numerical trouble encountered

Model may be infeasible or unbounded.  Consider using the
homogeneous algorithm (through parameter 'BarHomogeneous')
[2025-07-23 15:18:35] DEBUG    Waiting for other threads to finish...        1257s
[2025-07-23 15:19:39] DEBUG    Waiting for other threads to finish...        1321s
[2025-07-23 15:20:44] DEBUG    Waiting for other threads to finish...        1386s
[2025-07-23 15:21:48] DEBUG    Waiting for other threads to finish...        1450s
[2025-07-23 15:21:55] DEBUG    Solved with dual simplex
[2025-07-23 15:22:08] DEBUG    Iteration    Objective       Primal Inf.    Dual Inf.      Time
[2025-07-23 15:22:08] DEBUG    810190    1.2483704e+10   0.000000e+00   0.000000e+00   1470s

Solved in 810190 iterations and 1470.28 seconds (780.09 work units)
[2025-07-23 15:22:08] DEBUG    Optimal objective  1.248370402e+10
✅ Scenario completato: new_trasmission_CG+VRES_2030_BESS

🚀 Lancio scenario: new_trasmission_CG+VRES_2030_nostorage
[2025-07-23 15:34:58] INFO     Loading sets
[2025-07-23 15:34:58] INFO     Loading parameters
[2025-07-23 15:35:35] INFO     constraints are loaded in the following order: ['energy_balance', 'dispatch', 'costs', 'capacity', 'network', 'policy', 'conversion', 'group', 'conversion_plus', 'milp', 'export']
[2025-07-23 15:35:35] INFO     creating energy_balance constraints
[2025-07-23 15:38:47] INFO     creating dispatch constraints
[2025-07-23 15:40:57] INFO     creating costs constraints
[2025-07-23 15:58:06] INFO     creating capacity constraints
[2025-07-23 15:58:06] INFO     creating network constraints
[2025-07-23 15:58:06] INFO     creating policy constraints
[2025-07-23 15:58:06] INFO     creating conversion constraints
[2025-07-23 15:58:06] INFO     creating group constraints
[2025-07-23 15:58:06] INFO     creating conversion_plus constraints
[2025-07-23 15:58:06] INFO     creating milp constraints
[2025-07-23 15:58:06] INFO     creating export constraints
[2025-07-23 16:12:05] DEBUG    Set parameter WLSAccessID
Set parameter WLSSecret
Set parameter LicenseID to value 2680226
[2025-07-23 16:12:06] DEBUG    Academic license 2680226 - for non-commercial use only - registered to an___@mail.polimi.it
[2025-07-23 16:12:45] DEBUG    Read LP format model from file /tmp/tmptp9ge6c8.pyomo.lp
Reading time = 39.50 seconds
x19678363: 25827915 rows, 19678363 columns, 63145909 nonzeros
[2025-07-23 16:12:45] DEBUG    Set parameter NumericFocus to value 1
Gurobi Optimizer version 12.0.2 build v12.0.2rc0 (linux64 - "Debian GNU/Linux 11 (bullseye)")

CPU model: Intel(R) Xeon(R) Silver 4314 CPU @ 2.40GHz, instruction set [SSE2|AVX|AVX2|AVX512]
Thread count: 32 physical cores, 64 logical processors, using up to 32 threads

Non-default parameters:
NumericFocus  1
[2025-07-23 16:12:45] DEBUG    Academic license 2680226 - for non-commercial use only - registered to an___@mail.polimi.it
Optimize a model with 25827915 rows, 19678363 columns and 63145909 nonzeros
[2025-07-23 16:12:46] DEBUG    Model fingerprint: 0xd7519b67
[2025-07-23 16:12:46] DEBUG    Coefficient statistics:
  Matrix range     [1e-07, 3e+02]
  Objective range  [1e+00, 1e+06]
  Bounds range     [0e+00, 0e+00]
  RHS range        [1e+00, 2e+08]
[2025-07-23 16:12:51] DEBUG    Presolve removed 19694178 rows and 11007259 columns (presolve time = 5s)...
[2025-07-23 16:12:57] DEBUG    Presolve removed 19694178 rows and 13267573 columns (presolve time = 10s)...
[2025-07-23 16:13:01] DEBUG    Presolve removed 20776655 rows and 14350000 columns (presolve time = 15s)...
[2025-07-23 16:13:06] DEBUG    Presolve removed 22732192 rows and 16305537 columns (presolve time = 20s)...
[2025-07-23 16:13:11] DEBUG    Presolve removed 22732192 rows and 16305537 columns (presolve time = 25s)...
[2025-07-23 16:13:19] DEBUG    Presolve removed 23270029 rows and 16533297 columns (presolve time = 33s)...
[2025-07-23 16:13:22] DEBUG    Presolve removed 23270029 rows and 16638417 columns (presolve time = 36s)...
[2025-07-23 16:13:25] DEBUG    Presolve removed 23418932 rows and 16638417 columns
[2025-07-23 16:14:10] DEBUG    Presolve time: 84.71s
Presolved: 2408983 rows, 3188849 columns, 9762127 nonzeros
[2025-07-23 16:14:10] DEBUG    Concurrent LP optimizer: primal simplex, dual simplex, and barrier
Showing barrier log only...
[2025-07-23 16:14:13] DEBUG    Ordering time: 1.58s
[2025-07-23 16:14:15] DEBUG    Barrier statistics:
 Dense cols : 165
[2025-07-23 16:14:15] DEBUG    AA' NZ     : 7.800e+06
 Factor NZ  : 3.321e+07 (roughly 2.5 GB of memory)
 Factor Ops : 1.735e+09 (less than 1 second per iteration)
 Threads    : 30
[2025-07-23 16:14:20] DEBUG    Objective                Residual
Iter       Primal          Dual         Primal    Dual     Compl     Time
[2025-07-23 16:14:20] DEBUG    0   1.39206682e+21 -2.29161990e+19  5.63e+10 1.16e-10  1.13e+16    95s
[2025-07-23 16:14:26] DEBUG    1   1.17662439e+21 -2.20295536e+19  4.73e+10 5.75e+05  8.32e+15   101s
[2025-07-23 16:14:34] DEBUG    2   9.71298940e+20 -2.01581119e+19  3.91e+10 2.41e+05  5.99e+15   109s
[2025-07-23 16:14:43] DEBUG    3   7.41647069e+20 -1.93265430e+19  2.95e+10 1.04e+05  4.16e+15   118s
[2025-07-23 16:14:49] DEBUG    4   4.04752648e+20 -1.77532806e+19  1.58e+10 3.50e+04  2.13e+15   123s
[2025-07-23 16:14:54] DEBUG    5   2.77492645e+20 -1.68779265e+19  1.07e+10 1.71e+04  1.43e+15   129s
[2025-07-23 16:15:00] DEBUG    6   1.57123673e+20 -1.56467580e+19  5.99e+09 7.84e+03  7.96e+14   135s
[2025-07-23 16:15:05] DEBUG    7   1.05207040e+20 -1.48880523e+19  3.98e+09 4.31e+03  5.31e+14   140s
[2025-07-23 16:15:10] DEBUG    8   3.56305791e+19 -1.34362051e+19  1.31e+09 1.11e+03  1.77e+14   145s
[2025-07-23 16:15:17] DEBUG    9   1.80909443e+19 -1.11517218e+19  6.52e+08 4.83e+01  8.42e+13   151s
[2025-07-23 16:15:26] DEBUG    10   1.02655332e+18 -8.91439456e+18  3.20e+07 2.84e+00  5.33e+12   161s
[2025-07-23 16:15:34] DEBUG    11   1.08273333e+17 -2.60497970e+18  2.59e+06 1.49e-01  6.35e+11   169s
[2025-07-23 16:15:39] DEBUG    12   3.40726246e+16 -9.85868362e+17  9.36e+05 1.09e-01  2.12e+11   174s
[2025-07-23 16:15:45] DEBUG    13   1.26632872e+16 -2.56066274e+17  2.57e+05 8.09e-02  5.01e+10   180s
[2025-07-23 16:15:52] DEBUG    14   4.18509384e+15 -3.42024766e+16  6.49e+04 1.46e-02  6.78e+09   186s
[2025-07-23 16:15:58] DEBUG    15   1.35165269e+15 -1.02139082e+16  1.02e+04 1.67e-02  1.74e+09   193s
[2025-07-23 16:16:05] DEBUG    16   8.27822894e+14 -1.92276107e+15  2.46e+03 1.87e-02  3.53e+08   200s
[2025-07-23 16:16:10] DEBUG    17   7.26772260e+14 -1.04837091e+15  1.40e+03 1.92e-02  1.94e+08   205s
[2025-07-23 16:16:18] DEBUG    18   6.98215964e+14 -4.15560478e+14  1.15e+03 1.91e-02  8.66e+07   213s
[2025-07-23 16:16:27] DEBUG    19   6.07112557e+14 -1.65566940e+14  3.82e+02 1.93e-02  3.45e+07   222s
[2025-07-23 16:16:34] DEBUG    20   6.04997610e+14 -9.16944732e+13  3.72e+02 2.70e-02  2.11e+07   229s
[2025-07-23 16:16:39] DEBUG    21   5.57610710e+14 -6.28405869e+13  1.40e+02 1.91e-02  1.32e+07   234s
[2025-07-23 16:16:44] DEBUG    22   5.38442223e+14 -1.46377085e+13  9.24e+01 1.88e-02  3.91e+06   239s
[2025-07-23 16:16:49] DEBUG    23   5.14718381e+14 -3.97603721e+12  5.05e+01 1.87e-02  1.37e+06   244s
[2025-07-23 16:16:55] DEBUG    24   5.04001661e+14 -1.89175468e+12  3.95e+01 1.87e-02  8.44e+05   250s
[2025-07-23 16:17:02] DEBUG    25   4.84400337e+14 -4.74485126e+11  2.32e+01 1.86e-02  3.72e+05   257s
[2025-07-23 16:17:11] DEBUG    26   4.69779111e+14 -1.35190840e+11  1.58e+01 1.86e-02  2.11e+05   266s
[2025-07-23 16:17:18] DEBUG    27   4.66674753e+14 -9.57671543e+10  1.47e+01 1.86e-02  1.95e+05   273s
[2025-07-23 16:17:23] DEBUG    28   4.64045962e+14 -9.39500528e+10  1.38e+01 1.86e-02  1.85e+05   278s
[2025-07-23 16:17:29] DEBUG    29   4.61106838e+14 -9.94134645e+10  1.29e+01 1.86e-02  1.79e+05   284s
[2025-07-23 16:17:34] DEBUG    30   4.54630753e+14 -1.05331339e+11  1.10e+01 1.86e-02  1.62e+05   289s
[2025-07-23 16:17:40] DEBUG    31   4.47893252e+14 -9.30108163e+10  9.24e+00 1.86e-02  1.42e+05   295s
[2025-07-23 16:17:50] DEBUG    32   4.42504752e+14 -9.08104520e+10  8.07e+00 1.86e-02  1.26e+05   305s
[2025-07-23 16:18:01] DEBUG    33   4.38358230e+14 -8.90947165e+10  7.28e+00 1.86e-02  1.17e+05   316s
[2025-07-23 16:18:11] DEBUG    34   4.30820657e+14 -8.88430032e+10  5.96e+00 1.86e-02  9.83e+04   326s
[2025-07-23 16:18:23] DEBUG    35   4.21001099e+14 -9.22910148e+10  4.54e+00 1.87e-02  7.65e+04   337s
[2025-07-23 16:18:34] DEBUG    36   4.14600698e+14 -9.01937914e+10  3.83e+00 1.87e-02  6.57e+04   349s
[2025-07-23 16:18:45] DEBUG    37   4.10488566e+14 -9.04941513e+10  3.44e+00 1.87e-02  6.01e+04   360s
[2025-07-23 16:18:56] DEBUG    38   4.08202167e+14 -8.96095958e+10  3.24e+00 1.95e-02  5.78e+04   371s
[2025-07-23 16:19:08] DEBUG    39   4.05184768e+14 -8.92644688e+10  2.99e+00 2.49e-02  5.43e+04   383s
[2025-07-23 16:19:18] DEBUG    40   4.02989790e+14 -8.90479860e+10  2.83e+00 2.77e-02  5.16e+04   393s
[2025-07-23 16:19:31] DEBUG    41   4.00385575e+14 -8.87693084e+10  2.64e+00 3.20e-02  4.87e+04   406s
[2025-07-23 16:19:42] DEBUG    42   3.98273238e+14 -8.86933456e+10  2.50e+00 3.31e-02  4.62e+04   417s
[2025-07-23 16:19:55] DEBUG    43   3.95888543e+14 -8.86098168e+10  2.35e+00 3.48e-02  4.41e+04   430s
[2025-07-23 16:20:05] DEBUG    44   3.93633150e+14 -8.85049950e+10  2.21e+00 3.59e-02  4.21e+04   440s
[2025-07-23 16:20:16] DEBUG    45   3.91776952e+14 -8.84705354e+10  2.10e+00 3.66e-02  4.08e+04   451s
[2025-07-23 16:20:27] DEBUG    46   3.89165236e+14 -8.83793661e+10  1.96e+00 3.72e-02  3.93e+04   462s
[2025-07-23 16:20:27] DEBUG    Barrier performed 46 iterations in 461.94 seconds (133.59 work units)
Barrier solve interrupted - model solved by another algorithm
[2025-07-23 16:20:27] DEBUG    Solved with dual simplex
[2025-07-23 16:20:40] DEBUG    Iteration    Objective       Primal Inf.    Dual Inf.      Time
[2025-07-23 16:20:40] DEBUG    356101    1.2483704e+10   0.000000e+00   0.000000e+00    475s

Solved in 356101 iterations and 474.63 seconds (249.10 work units)
[2025-07-23 16:20:40] DEBUG    Optimal objective  1.248370402e+10
✅ Scenario completato: new_trasmission_CG+VRES_2030_nostorage

🚀 Lancio scenario: new_trasmission_GT+VRES_2030_PHES
[2025-07-23 16:34:52] INFO     Loading sets
[2025-07-23 16:34:52] INFO     Loading parameters
[2025-07-23 16:35:31] INFO     constraints are loaded in the following order: ['energy_balance', 'dispatch', 'costs', 'capacity', 'network', 'policy', 'conversion', 'group', 'conversion_plus', 'milp', 'export']
[2025-07-23 16:35:31] INFO     creating energy_balance constraints
[2025-07-23 16:38:56] INFO     creating dispatch constraints
[2025-07-23 16:41:16] INFO     creating costs constraints
[2025-07-23 16:51:52] INFO     creating capacity constraints
[2025-07-23 16:51:52] INFO     creating network constraints
[2025-07-23 16:51:52] INFO     creating policy constraints
[2025-07-23 16:51:52] INFO     creating conversion constraints
[2025-07-23 16:51:52] INFO     creating group constraints
[2025-07-23 16:51:52] INFO     creating conversion_plus constraints
[2025-07-23 16:51:52] INFO     creating milp constraints
[2025-07-23 16:51:52] INFO     creating export constraints
[2025-07-23 17:07:48] DEBUG    Set parameter WLSAccessID
Set parameter WLSSecret
Set parameter LicenseID to value 2680226
[2025-07-23 17:07:48] DEBUG    Academic license 2680226 - for non-commercial use only - registered to an___@mail.polimi.it
[2025-07-23 17:08:30] DEBUG    Read LP format model from file /tmp/tmpt9a9jcdq.pyomo.lp
Reading time = 42.03 seconds
x20948737: 27606427 rows, 20948737 columns, 67973046 nonzeros
[2025-07-23 17:08:30] DEBUG    Set parameter NumericFocus to value 1
Gurobi Optimizer version 12.0.2 build v12.0.2rc0 (linux64 - "Debian GNU/Linux 11 (bullseye)")

CPU model: Intel(R) Xeon(R) Silver 4314 CPU @ 2.40GHz, instruction set [SSE2|AVX|AVX2|AVX512]
Thread count: 32 physical cores, 64 logical processors, using up to 32 threads

Non-default parameters:
NumericFocus  1
[2025-07-23 17:08:30] DEBUG    Academic license 2680226 - for non-commercial use only - registered to an___@mail.polimi.it
Optimize a model with 27606427 rows, 20948737 columns and 67973046 nonzeros
[2025-07-23 17:08:31] DEBUG    Model fingerprint: 0xf5786a15
[2025-07-23 17:08:31] DEBUG    Coefficient statistics:
  Matrix range     [1e-07, 3e+02]
  Objective range  [1e+00, 1e+06]
  Bounds range     [0e+00, 0e+00]
  RHS range        [1e+00, 6e+09]
Warning: Model contains large rhs
[2025-07-23 17:08:36] DEBUG    Presolve removed 19771386 rows and 11515458 columns (presolve time = 5s)...
[2025-07-23 17:08:42] DEBUG    Presolve removed 20333838 rows and 13854615 columns (presolve time = 10s)...
[2025-07-23 17:08:46] DEBUG    Presolve removed 23399299 rows and 16920000 columns (presolve time = 15s)...
[2025-07-23 17:08:52] DEBUG    Presolve removed 23599716 rows and 17074839 columns (presolve time = 21s)...
[2025-07-23 17:09:00] DEBUG    Presolve removed 24137605 rows and 17302599 columns (presolve time = 29s)...
[2025-07-23 17:09:01] DEBUG    Presolve removed 24137605 rows and 17407719 columns (presolve time = 30s)...
[2025-07-23 17:09:06] DEBUG    Presolve removed 24286508 rows and 17407719 columns
[2025-07-23 17:09:43] DEBUG    Presolve time: 72.59s
Presolved: 3319919 rows, 3689921 columns, 13587975 nonzeros
[2025-07-23 17:09:43] DEBUG    Concurrent LP optimizer: primal simplex, dual simplex, and barrier
Showing barrier log only...
[2025-07-23 17:09:48] DEBUG    Ordering time: 2.29s
[2025-07-23 17:09:50] DEBUG    Barrier statistics:
 Dense cols : 191
 AA' NZ     : 1.404e+07
 Factor NZ  : 5.420e+07 (roughly 3.0 GB of memory)
 Factor Ops : 2.900e+09 (less than 1 second per iteration)
 Threads    : 30
[2025-07-23 17:09:56] DEBUG    Objective                Residual
[2025-07-23 17:09:56] DEBUG    Iter       Primal          Dual         Primal    Dual     Compl     Time
[2025-07-23 17:09:56] DEBUG    0   1.40386793e+21 -2.23857870e+19  5.63e+10 1.16e-10  1.13e+16    86s
[2025-07-23 17:10:02] DEBUG    1   1.28805619e+21 -2.30184538e+19  5.15e+10 6.04e+05  8.70e+15    92s
[2025-07-23 17:10:10] DEBUG    2   1.20127509e+21 -8.04305129e+19  4.82e+10 4.95e+05  7.94e+15   100s
[2025-07-23 17:10:20] DEBUG    3   1.03966330e+21 -2.20855807e+20  4.18e+10 2.17e+05  6.12e+15   110s
[2025-07-23 17:10:28] DEBUG    4   7.17498478e+20 -2.80452914e+20  2.84e+10 7.37e+04  3.82e+15   118s
[2025-07-23 17:10:39] DEBUG    5   4.68524513e+20 -2.77546534e+20  1.83e+10 2.36e+04  2.36e+15   128s
[2025-07-23 17:10:47] DEBUG    6   2.04842023e+20 -2.41247345e+20  8.27e+09 7.97e+03  1.07e+15   137s
[2025-07-23 17:10:52] DEBUG    7   9.96479580e+19 -1.84172752e+20  4.00e+09 3.39e+03  5.19e+14   142s
[2025-07-23 17:10:58] DEBUG    8   4.40704244e+19 -1.31902042e+20  1.72e+09 1.13e+03  2.28e+14   147s
[2025-07-23 17:11:03] DEBUG    9   2.47309985e+19 -7.01486247e+19  9.62e+08 2.01e+02  1.20e+14   153s
[2025-07-23 17:11:09] DEBUG    10   1.09626535e+19 -4.59864588e+19  4.21e+08 6.41e+01  5.32e+13   159s
[2025-07-23 17:11:14] DEBUG    11   5.08379341e+18 -2.50030748e+19  1.94e+08 1.97e+01  2.42e+13   164s
[2025-07-23 17:11:20] DEBUG    12   3.73451832e+17 -1.15200024e+19  1.32e+07 3.18e+00  2.85e+12   170s
[2025-07-23 17:11:26] DEBUG    13   1.83815905e+17 -2.96316886e+18  6.65e+06 5.35e-01  9.01e+11   175s
[2025-07-23 17:11:32] DEBUG    14   1.60142890e+16 -1.02694192e+18  4.22e+05 2.33e-01  1.56e+11   181s
[2025-07-23 17:11:40] DEBUG    15   2.40482001e+15 -6.13338685e+16  1.31e+03 1.57e-02  7.51e+09   190s
[2025-07-23 17:11:48] DEBUG    16   1.23696817e+15 -8.16745190e+15  2.77e+01 1.54e-02  1.07e+09   198s
[2025-07-23 17:11:54] DEBUG    17   1.06740957e+15 -1.53059214e+15  7.54e+00 1.69e-02  2.14e+08   203s
[2025-07-23 17:11:59] DEBUG    18   1.03407035e+15 -7.40619534e+14  5.20e+00 1.73e-02  1.06e+08   209s
[2025-07-23 17:12:05] DEBUG    19   9.90492426e+14 -5.21161717e+14  2.70e+00 1.74e-02  7.45e+07   215s
[2025-07-23 17:12:11] DEBUG    20   9.37760143e+14 -2.13426001e+14  7.20e-01 1.76e-02  3.12e+07   221s
[2025-07-23 17:12:19] DEBUG    21   9.03406839e+14 -1.35143982e+14  2.92e-01 1.76e-02  2.00e+07   229s
[2025-07-23 17:12:26] DEBUG    22   8.99460290e+14 -8.12918482e+13  2.71e-01 1.77e-02  1.22e+07   236s
[2025-07-23 17:12:34] DEBUG    23   8.85314043e+14 -4.72996350e+13  2.00e-01 1.77e-02  7.31e+06   243s
[2025-07-23 17:12:42] DEBUG    24   8.69021965e+14 -1.95821934e+13  1.38e-01 1.77e-02  3.35e+06   251s
[2025-07-23 17:12:51] DEBUG    25   8.59106744e+14 -9.50825775e+12  1.12e-01 1.35e-01  1.79e+06   261s
[2025-07-23 17:12:58] DEBUG    26   8.42079568e+14 -6.42200769e+12  7.52e-02 1.21e-01  1.21e+06   268s
[2025-07-23 17:13:05] DEBUG    27   8.34232652e+14 -4.52354746e+12  6.37e-02 1.08e-01  8.97e+05   275s
[2025-07-23 17:13:12] DEBUG    28   8.29288182e+14 -3.23948737e+12  5.76e-02 9.93e-02  6.82e+05   282s
[2025-07-23 17:13:21] DEBUG    29   8.16881353e+14 -1.66463603e+12  4.36e-02 8.86e-02  3.91e+05   290s
[2025-07-23 17:13:32] DEBUG    30   8.02860542e+14 -4.77387640e+11  3.15e-02 7.79e-02  1.63e+05   302s
[2025-07-23 17:13:47] DEBUG    31   7.89149263e+14 -3.37201461e+11  2.26e-02 7.54e-02  1.17e+05   317s
[2025-07-23 17:13:59] DEBUG    32   7.79089803e+14 -2.36088784e+11  1.78e-02 7.16e-02  9.13e+04   328s
[2025-07-23 17:14:09] DEBUG    33   7.74774947e+14 -2.17998233e+11  1.62e-02 7.01e-02  8.39e+04   339s
[2025-07-23 17:14:16] DEBUG    34   7.70066129e+14 -1.80087879e+11  1.46e-02 6.36e-02  7.49e+04   345s
[2025-07-23 17:14:25] DEBUG    35   7.63340857e+14 -1.47204040e+11  1.25e-02 5.72e-02  6.72e+04   355s
[2025-07-23 17:14:37] DEBUG    36   7.54482222e+14 -1.31078421e+11  1.01e-02 5.11e-02  5.55e+04   367s
[2025-07-23 17:14:48] DEBUG    37   7.45788351e+14 -1.13354417e+11  8.27e-03 4.41e-02  4.43e+04   378s
[2025-07-23 17:15:02] DEBUG    38   7.39009605e+14 -1.02558796e+11  7.08e-03 3.52e-02  3.76e+04   392s
[2025-07-23 17:15:16] DEBUG    39   7.30854494e+14 -9.79027959e+10  5.79e-03 3.06e-02  3.16e+04   406s
[2025-07-23 17:15:32] DEBUG    40   7.24517331e+14 -9.38201198e+10  5.04e-03 2.50e-02  2.77e+04   422s
[2025-07-23 17:15:45] DEBUG    41   7.19016423e+14 -8.94808538e+10  4.48e-03 1.99e-02  2.46e+04   434s
[2025-07-23 17:15:59] DEBUG    42   7.13715346e+14 -8.69961238e+10  3.94e-03 1.89e-02  2.22e+04   449s
[2025-07-23 17:16:12] DEBUG    43   7.11940993e+14 -8.66186513e+10  3.80e-03 1.86e-02  2.15e+04   461s
[2025-07-23 17:16:26] DEBUG    44   7.08985233e+14 -8.57735605e+10  3.51e-03 1.78e-02  2.03e+04   476s
[2025-07-23 17:16:39] DEBUG    45   7.05280151e+14 -8.52465146e+10  3.24e-03 1.76e-02  1.88e+04   488s
[2025-07-23 17:16:54] DEBUG    46   7.02470792e+14 -8.45176975e+10  3.05e-03 1.76e-02  1.81e+04   503s
[2025-07-23 17:17:09] DEBUG    47   6.98934842e+14 -8.39469977e+10  2.79e-03 1.76e-02  1.72e+04   519s
[2025-07-23 17:17:21] DEBUG    48   6.97828710e+14 -8.38507151e+10  2.73e-03 1.76e-02  1.69e+04   531s
[2025-07-23 17:17:29] DEBUG    49   6.94980535e+14 -8.38237658e+10  2.58e-03 1.76e-02  1.58e+04   539s
[2025-07-23 17:17:45] DEBUG    50   6.92213347e+14 -8.37146370e+10  2.40e-03 1.76e-02  1.48e+04   554s
[2025-07-23 17:18:05] DEBUG    51   6.90696635e+14 -8.36173699e+10  2.39e-03 1.76e-02  1.43e+04   575s
[2025-07-23 17:18:19] DEBUG    52   6.89692341e+14 -8.34906729e+10  2.27e-03 1.76e-02  1.41e+04   589s
[2025-07-23 17:18:34] DEBUG    53   6.87921277e+14 -8.34141409e+10  2.21e-03 1.76e-02  1.35e+04   604s
[2025-07-23 17:18:49] DEBUG    54   6.85639558e+14 -8.32980788e+10  2.14e-03 1.76e-02  1.29e+04   619s
[2025-07-23 17:19:02] DEBUG    55   6.83582961e+14 -8.31836324e+10  1.99e-03 1.76e-02  1.23e+04   632s
[2025-07-23 17:19:16] DEBUG    56   6.82595437e+14 -8.31742893e+10  1.96e-03 1.76e-02  1.21e+04   646s
[2025-07-23 17:19:34] DEBUG    57   6.80697005e+14 -8.30505741e+10  1.87e-03 1.75e-02  1.16e+04   664s
[2025-07-23 17:19:49] DEBUG    58   6.78683831e+14 -8.29790996e+10  1.78e-03 1.75e-02  1.11e+04   679s
[2025-07-23 17:20:03] DEBUG    59   6.76088246e+14 -8.28878554e+10  1.72e-03 1.75e-02  1.05e+04   693s
[2025-07-23 17:20:18] DEBUG    60   6.73739478e+14 -8.27493044e+10  1.63e-03 1.74e-02  9.96e+03   707s
[2025-07-23 17:20:31] DEBUG    61   6.73109323e+14 -8.26762896e+10  1.66e-03 1.74e-02  9.87e+03   721s
[2025-07-23 17:20:44] DEBUG    62   6.70667032e+14 -8.26551277e+10  1.55e-03 1.74e-02  9.33e+03   734s
[2025-07-23 17:21:00] DEBUG    63   6.69931901e+14 -8.26696621e+10  1.55e-03 1.74e-02  1.11e+04   749s
[2025-07-23 17:21:13] DEBUG    64   6.68544443e+14 -8.26315787e+10  1.48e-03 1.74e-02  1.07e+04   762s
[2025-07-23 17:21:27] DEBUG    65   6.68222742e+14 -8.26232660e+10  1.46e-03 1.74e-02  1.10e+04   777s
[2025-07-23 17:21:39] DEBUG    66   6.66601520e+14 -8.25727135e+10  1.41e-03 1.74e-02  1.06e+04   789s
[2025-07-23 17:21:48] DEBUG    67   6.65871334e+14 -8.25641322e+10  1.49e-03 1.74e-02  1.06e+04   798s
[2025-07-23 17:21:58] DEBUG    68   6.65030377e+14 -8.25484427e+10  1.52e-03 1.74e-02  1.04e+04   807s
[2025-07-23 17:22:11] DEBUG    69   6.63221064e+14 -8.25024949e+10  1.37e-03 1.74e-02  1.00e+04   821s
[2025-07-23 17:22:28] DEBUG    70   6.61089428e+14 -8.24396414e+10  1.28e-03 1.74e-02  9.54e+03   837s
[2025-07-23 17:22:44] DEBUG    71   6.59714632e+14 -8.23756462e+10  1.47e-03 1.74e-02  9.21e+03   854s
[2025-07-23 17:22:45] DEBUG    Barrier performed 71 iterations in 853.94 seconds (249.28 work units)
[2025-07-23 17:22:45] DEBUG    Numerical trouble encountered

Model may be infeasible or unbounded.  Consider using the
homogeneous algorithm (through parameter 'BarHomogeneous')
[2025-07-23 17:23:49] DEBUG    Waiting for other threads to finish...         919s
[2025-07-23 17:24:54] DEBUG    Waiting for other threads to finish...         983s
[2025-07-23 17:25:46] DEBUG    Solved with dual simplex
[2025-07-23 17:25:59] DEBUG    Iteration    Objective       Primal Inf.    Dual Inf.      Time
[2025-07-23 17:25:59] DEBUG    727280    1.2483704e+10   0.000000e+00   0.000000e+00   1049s

Solved in 727280 iterations and 1048.83 seconds (653.06 work units)
[2025-07-23 17:25:59] DEBUG    Optimal objective  1.248370402e+10
✅ Scenario completato: new_trasmission_GT+VRES_2030_PHES
🏁 Tutti gli scenari sono stati processati.
