
🚀 Lancio scenario: existing_VRES_2030_BESS
[2025-09-09 00:57:07] INFO     Loading sets
[2025-09-09 00:57:07] INFO     Loading parameters
[2025-09-09 00:57:54] INFO     constraints are loaded in the following order: ['energy_balance', 'dispatch', 'costs', 'capacity', 'network', 'policy', 'conversion', 'group', 'conversion_plus', 'milp', 'export']
[2025-09-09 00:57:54] INFO     creating energy_balance constraints
[2025-09-09 01:02:09] INFO     creating dispatch constraints
[2025-09-09 01:05:13] INFO     creating costs constraints
[2025-09-09 01:15:54] INFO     creating capacity constraints
[2025-09-09 01:15:54] INFO     creating network constraints
[2025-09-09 01:15:54] INFO     creating policy constraints
[2025-09-09 01:15:54] INFO     creating conversion constraints
[2025-09-09 01:15:54] INFO     creating group constraints
[2025-09-09 01:15:54] INFO     creating conversion_plus constraints
[2025-09-09 01:15:54] INFO     creating milp constraints
[2025-09-09 01:15:54] INFO     creating export constraints
[2025-09-09 01:28:36] DEBUG    Set parameter WLSAccessID
Set parameter WLSSecret
Set parameter LicenseID to value 2680226
[2025-09-09 01:28:37] DEBUG    Academic license 2680226 - for non-commercial use only - registered to an___@mail.polimi.it
[2025-09-09 01:29:13] DEBUG    Read LP format model from file /tmp/tmpt3oh4vw7.pyomo.lp
Reading time = 36.35 seconds
x17759626: 24180782 rows, 17759626 columns, 58324022 nonzeros
[2025-09-09 01:29:13] DEBUG    Set parameter NumericFocus to value 1
Gurobi Optimizer version 12.0.2 build v12.0.2rc0 (linux64 - "Debian GNU/Linux 11 (bullseye)")

CPU model: Intel(R) Xeon(R) Silver 4314 CPU @ 2.40GHz, instruction set [SSE2|AVX|AVX2|AVX512]
Thread count: 32 physical cores, 64 logical processors, using up to 32 threads

Non-default parameters:
NumericFocus  1
[2025-09-09 01:29:13] DEBUG    Academic license 2680226 - for non-commercial use only - registered to an___@mail.polimi.it
[2025-09-09 01:29:13] DEBUG    Optimize a model with 24180782 rows, 17759626 columns and 58324022 nonzeros
[2025-09-09 01:29:14] DEBUG    Model fingerprint: 0x2e34c23d
[2025-09-09 01:29:14] DEBUG    Coefficient statistics:
  Matrix range     [1e-07, 3e+02]
  Objective range  [1e+00, 1e+06]
[2025-09-09 01:29:14] DEBUG    Bounds range     [0e+00, 0e+00]
  RHS range        [1e+00, 2e+08]
[2025-09-09 01:29:20] DEBUG    Presolve removed 19492418 rows and 10031165 columns (presolve time = 6s)...
[2025-09-09 01:29:25] DEBUG    Presolve removed 19500502 rows and 11830000 columns (presolve time = 10s)...
[2025-09-09 01:29:30] DEBUG    Presolve removed 21978527 rows and 14257246 columns (presolve time = 15s)...
[2025-09-09 01:29:35] DEBUG    Presolve removed 22498925 rows and 14362366 columns (presolve time = 20s)...
[2025-09-09 01:29:36] DEBUG    Presolve removed 22647828 rows and 14362366 columns
[2025-09-09 01:29:36] DEBUG    Presolve time: 23.24s
Presolved: 1532954 rows, 3546163 columns, 9500902 nonzeros
[2025-09-09 01:29:36] DEBUG    Concurrent LP optimizer: primal simplex, dual simplex, and barrier
Showing barrier log only...
[2025-09-09 01:30:02] DEBUG    Elapsed ordering time = 24s
[2025-09-09 01:30:03] DEBUG    Elapsed ordering time = 25s
[2025-09-09 01:30:04] DEBUG    Ordering time: 25.73s
[2025-09-09 01:30:06] DEBUG    Barrier statistics:
 Dense cols : 113
 AA' NZ     : 8.619e+06
 Factor NZ  : 4.846e+07 (roughly 2.4 GB of memory)
[2025-09-09 01:30:06] DEBUG    Factor Ops : 6.010e+09 (less than 1 second per iteration)
 Threads    : 30
[2025-09-09 01:30:09] DEBUG    Objective                Residual
[2025-09-09 01:30:09] DEBUG    Iter       Primal          Dual         Primal    Dual     Compl     Time
[2025-09-09 01:30:09] DEBUG    0   3.73501224e+21 -1.36943424e+19  8.47e+10 1.58e-01  4.92e+15    56s
[2025-09-09 01:30:14] DEBUG    1   1.34064719e+21 -1.36730189e+19  2.73e+10 2.65e+05  1.85e+15    61s
[2025-09-09 01:30:19] DEBUG    2   6.87960108e+20 -1.13042291e+19  1.30e+10 4.21e+04  7.19e+14    66s
[2025-09-09 01:30:27] DEBUG    3   4.17207855e+20 -1.04891604e+19  7.85e+09 1.03e+04  4.04e+14    74s
[2025-09-09 01:30:33] DEBUG    4   2.88979762e+20 -9.97728176e+18  5.42e+09 4.49e+03  2.73e+14    80s
[2025-09-09 01:30:37] DEBUG    5   2.21389902e+20 -9.61386591e+18  4.12e+09 1.78e+03  2.07e+14    83s
[2025-09-09 01:30:40] DEBUG    6   1.57813720e+20 -9.26848597e+18  2.90e+09 7.43e+02  1.47e+14    87s
[2025-09-09 01:30:45] DEBUG    7   1.27196375e+20 -8.84087878e+18  2.33e+09 3.66e+02  1.18e+14    92s
[2025-09-09 01:30:49] DEBUG    8   1.13995406e+20 -8.41663206e+18  2.09e+09 1.93e+02  1.05e+14    96s
[2025-09-09 01:30:55] DEBUG    9   3.69503065e+19 -7.71625559e+18  6.86e+08 4.92e+01  3.49e+13   102s
[2025-09-09 01:31:00] DEBUG    10   1.74018695e+19 -6.88380136e+18  3.23e+08 2.70e+01  1.67e+13   107s
[2025-09-09 01:31:05] DEBUG    11   8.55150077e+18 -5.34649869e+18  1.59e+08 9.72e+00  8.25e+12   112s
[2025-09-09 01:31:10] DEBUG    12   5.80528003e+18 -4.32626267e+18  1.07e+08 5.31e+00  5.53e+12   116s
[2025-09-09 01:31:14] DEBUG    13   1.92894332e+18 -3.19691729e+18  3.51e+07 2.36e+00  2.00e+12   121s
[2025-09-09 01:31:18] DEBUG    14   1.50084063e+18 -2.12615109e+18  2.73e+07 1.25e+00  1.41e+12   125s
[2025-09-09 01:31:24] DEBUG    15   2.89362176e+17 -1.00168819e+18  5.59e+06 3.84e-01  3.40e+11   131s
[2025-09-09 01:31:32] DEBUG    16   3.94931024e+16 -3.40441349e+17  6.77e+05 1.93e-01  6.86e+10   139s
[2025-09-09 01:31:38] DEBUG    17   3.17043276e+15 -8.17923657e+16  3.91e+04 2.20e-01  1.28e+10   145s
[2025-09-09 01:31:42] DEBUG    18   1.35226931e+14 -2.17863989e+15  1.02e+02 1.34e-02  3.20e+08   149s
[2025-09-09 01:31:46] DEBUG    19   1.25954260e+14 -5.50263469e+14  1.14e+00 1.50e-02  8.15e+07   153s
[2025-09-09 01:31:51] DEBUG    20   1.21056282e+14 -2.08404903e+14  8.68e-02 1.61e-02  3.13e+07   158s
[2025-09-09 01:32:01] DEBUG    21   1.14205294e+14 -1.81994275e+14  3.80e-02 1.60e-02  2.73e+07   168s
[2025-09-09 01:32:13] DEBUG    22   1.12904325e+14 -6.47287347e+13  3.40e-02 1.58e-02  9.88e+06   180s
[2025-09-09 01:32:30] DEBUG    23   1.07977875e+14 -5.25162227e+13  2.29e-02 1.57e-02  7.97e+06   197s
[2025-09-09 01:32:48] DEBUG    24   1.04874601e+14 -3.56800477e+13  1.82e-02 1.61e-02  5.41e+06   215s
[2025-09-09 01:33:05] DEBUG    25   1.02253919e+14 -2.55338280e+13  1.50e-02 1.63e-02  3.86e+06   232s
[2025-09-09 01:33:18] DEBUG    26   1.00647396e+14 -2.38643152e+13  1.34e-02 1.62e-02  3.59e+06   245s
[2025-09-09 01:33:35] DEBUG    27   9.94009757e+13 -1.97376565e+13  1.21e-02 1.61e-02  2.97e+06   261s
[2025-09-09 01:33:53] DEBUG    28   9.71464583e+13 -1.73978129e+13  9.84e-03 1.59e-02  2.58e+06   280s
[2025-09-09 01:34:05] DEBUG    29   9.54282891e+13 -1.27097128e+13  8.09e-03 1.58e-02  1.88e+06   292s
[2025-09-09 01:34:18] DEBUG    30   9.27478932e+13 -9.96466271e+12  5.77e-03 1.62e-02  1.45e+06   305s
[2025-09-09 01:34:35] DEBUG    31   9.24998077e+13 -8.81936982e+12  5.57e-03 1.64e-02  1.29e+06   322s
[2025-09-09 01:34:46] DEBUG    32   9.06571940e+13 -7.62801834e+12  4.09e-03 1.67e-02  1.09e+06   333s
[2025-09-09 01:35:03] DEBUG    33   8.87825135e+13 -4.76927850e+12  2.94e-03 1.71e-02  6.58e+05   349s
[2025-09-09 01:35:13] DEBUG    34   8.78450671e+13 -3.89058552e+12  2.33e-03 1.74e-02  5.24e+05   360s
[2025-09-09 01:35:25] DEBUG    35   8.72010386e+13 -2.71280462e+12  2.00e-03 1.78e-02  3.51e+05   372s
[2025-09-09 01:35:36] DEBUG    36   8.59984745e+13 -1.92119431e+12  1.46e-03 1.82e-02  2.30e+05   383s
[2025-09-09 01:35:46] DEBUG    37   8.52571002e+13 -1.54666447e+12  1.21e-03 1.83e-02  1.73e+05   393s
[2025-09-09 01:35:55] DEBUG    38   8.48132671e+13 -1.41885679e+12  1.08e-03 1.83e-02  1.53e+05   402s
[2025-09-09 01:36:09] DEBUG    39   8.39484371e+13 -1.25597362e+12  8.85e-04 1.78e-02  1.26e+05   416s
[2025-09-09 01:36:21] DEBUG    40   8.33950520e+13 -1.07096540e+12  7.78e-04 1.70e-02  9.91e+04   427s
[2025-09-09 01:36:33] DEBUG    41   8.23897675e+13 -9.41294064e+11  5.95e-04 1.65e-02  7.84e+04   440s
[2025-09-09 01:36:48] DEBUG    42   8.20484762e+13 -7.77814944e+11  5.04e-04 1.67e-02  5.80e+04   455s
[2025-09-09 01:36:58] DEBUG    43   8.13069721e+13 -6.49777276e+11  5.65e-04 1.69e-02  4.08e+04   465s
[2025-09-09 01:37:07] DEBUG    44   8.09074628e+13 -6.19755613e+11  4.43e-04 1.70e-02  3.58e+04   473s
[2025-09-09 01:37:18] DEBUG    45   8.06104494e+13 -5.49275397e+11  4.27e-04 1.70e-02  2.61e+04   485s
[2025-09-09 01:37:29] DEBUG    46   8.02835796e+13 -5.12617387e+11  3.97e-04 1.69e-02  2.07e+04   496s
[2025-09-09 01:37:38] DEBUG    47   8.00323931e+13 -4.90100144e+11  3.66e-04 1.69e-02  1.71e+04   505s
[2025-09-09 01:37:47] DEBUG    48   7.97755477e+13 -4.75651100e+11  3.05e-04 1.68e-02  1.45e+04   514s
[2025-09-09 01:37:56] DEBUG    49   7.94521141e+13 -4.66785115e+11  2.67e-04 1.68e-02  1.25e+04   523s
[2025-09-09 01:38:07] DEBUG    50   7.91829851e+13 -4.61679012e+11  2.44e-04 1.67e-02  1.11e+04   533s
[2025-09-09 01:38:18] DEBUG    51   7.90422022e+13 -4.56007688e+11  2.21e-04 1.67e-02  9.78e+03   544s
[2025-09-09 01:38:29] DEBUG    52   7.89076160e+13 -4.52871092e+11  2.06e-04 1.66e-02  8.93e+03   556s
[2025-09-09 01:38:38] DEBUG    53   7.86636028e+13 -4.50477354e+11  1.75e-04 1.66e-02  8.04e+03   565s
[2025-09-09 01:38:48] DEBUG    54   7.85276734e+13 -4.47568275e+11  1.68e-04 1.65e-02  7.33e+03   575s
[2025-09-09 01:38:55] DEBUG    55   7.83971898e+13 -4.45805960e+11  1.60e-04 1.65e-02  6.79e+03   582s
[2025-09-09 01:39:03] DEBUG    56   7.82265707e+13 -4.44779435e+11  1.45e-04 1.64e-02  6.34e+03   590s
[2025-09-09 01:39:13] DEBUG    57   7.81339631e+13 -4.43214752e+11  1.37e-04 1.64e-02  5.96e+03   600s
[2025-09-09 01:39:22] DEBUG    58   7.80079924e+13 -4.42635493e+11  1.83e-04 1.64e-02  5.55e+03   609s
[2025-09-09 01:39:33] DEBUG    59   7.78910288e+13 -4.42498297e+11  1.37e-04 1.63e-02  5.18e+03   619s
[2025-09-09 01:39:42] DEBUG    60   7.77949533e+13 -4.42244264e+11  1.83e-04 1.63e-02  4.88e+03   629s
[2025-09-09 01:39:50] DEBUG    61   7.77234868e+13 -4.41757109e+11  1.83e-04 1.63e-02  4.69e+03   637s
[2025-09-09 01:40:00] DEBUG    62   7.76650227e+13 -4.41530122e+11  1.83e-04 1.63e-02  4.50e+03   646s
[2025-09-09 01:40:09] DEBUG    63   7.75897134e+13 -4.41276190e+11  1.83e-04 1.62e-02  4.26e+03   656s
[2025-09-09 01:40:17] DEBUG    64   7.74818384e+13 -4.41429384e+11  2.44e-04 1.62e-02  4.01e+03   664s
[2025-09-09 01:40:28] DEBUG    65   7.74133065e+13 -4.41586924e+11  2.44e-04 1.62e-02  3.83e+03   675s
[2025-09-09 01:40:36] DEBUG    66   7.73374149e+13 -4.41778564e+11  1.83e-04 1.62e-02  3.65e+03   683s
[2025-09-09 01:40:45] DEBUG    67   7.72631172e+13 -4.41917599e+11  1.83e-04 1.62e-02  3.51e+03   691s
[2025-09-09 01:40:52] DEBUG    68   7.72109447e+13 -4.42043111e+11  2.44e-04 1.62e-02  3.40e+03   699s
[2025-09-09 01:41:00] DEBUG    69   7.71330131e+13 -4.42008624e+11  1.83e-04 1.61e-02  3.27e+03   707s
[2025-09-09 01:41:09] DEBUG    70   7.70633643e+13 -4.41920937e+11  1.83e-04 1.61e-02  3.14e+03   715s
[2025-09-09 01:41:19] DEBUG    71   7.70036462e+13 -4.41894365e+11  1.83e-04 1.61e-02  3.03e+03   726s
[2025-09-09 01:41:29] DEBUG    72   7.69400872e+13 -4.41859709e+11  1.83e-04 1.61e-02  2.89e+03   736s
[2025-09-09 01:41:39] DEBUG    73   7.68553988e+13 -4.41843681e+11  1.83e-04 1.61e-02  2.76e+03   746s
[2025-09-09 01:41:49] DEBUG    74   7.67672555e+13 -4.41921530e+11  1.83e-04 1.61e-02  2.65e+03   755s
[2025-09-09 01:41:58] DEBUG    75   7.67107348e+13 -4.41996719e+11  1.83e-04 1.61e-02  2.57e+03   765s
[2025-09-09 01:42:07] DEBUG    76   7.66360099e+13 -4.42174689e+11  1.83e-04 1.60e-02  2.47e+03   774s
[2025-09-09 01:42:16] DEBUG    77   7.65609462e+13 -4.42371846e+11  1.83e-04 1.60e-02  2.37e+03   783s
[2025-09-09 01:42:26] DEBUG    78   7.64879928e+13 -4.42539892e+11  2.44e-04 1.60e-02  2.28e+03   793s
[2025-09-09 01:42:35] DEBUG    79   7.64127640e+13 -4.42602655e+11  2.44e-04 1.60e-02  2.19e+03   802s
[2025-09-09 01:42:44] DEBUG    80   7.63466832e+13 -4.42572595e+11  2.44e-04 1.60e-02  2.11e+03   811s
[2025-09-09 01:42:54] DEBUG    81   7.62898613e+13 -4.42654226e+11  1.83e-04 1.60e-02  2.05e+03   821s
[2025-09-09 01:43:04] DEBUG    82   7.62632382e+13 -4.42721978e+11  1.83e-04 1.60e-02  2.02e+03   831s
[2025-09-09 01:43:12] DEBUG    83   7.61967130e+13 -4.42767117e+11  2.44e-04 1.60e-02  1.96e+03   839s
[2025-09-09 01:43:20] DEBUG    84   7.61459751e+13 -4.42867022e+11  2.44e-04 1.60e-02  1.90e+03   846s
[2025-09-09 01:43:30] DEBUG    85   7.61244953e+13 -4.42921987e+11  2.44e-04 1.60e-02  1.88e+03   857s
[2025-09-09 01:43:38] DEBUG    86   7.60503156e+13 -4.42992822e+11  2.44e-04 1.60e-02  1.82e+03   865s
[2025-09-09 01:43:45] DEBUG    87   7.60058206e+13 -4.43017640e+11  2.44e-04 1.59e-02  1.77e+03   872s
[2025-09-09 01:43:55] DEBUG    88   7.59526184e+13 -4.43139660e+11  1.83e-04 1.59e-02  1.72e+03   882s
[2025-09-09 01:44:06] DEBUG    89   7.58961744e+13 -4.43174022e+11  2.44e-04 1.59e-02  1.66e+03   893s
[2025-09-09 01:44:17] DEBUG    90   7.58673347e+13 -4.43146076e+11  2.44e-04 1.59e-02  1.63e+03   903s
[2025-09-09 01:44:25] DEBUG    91   7.58079676e+13 -4.43138210e+11  2.44e-04 1.59e-02  1.58e+03   912s
[2025-09-09 01:44:32] DEBUG    92   7.57662953e+13 -4.43176172e+11  2.44e-04 1.59e-02  1.55e+03   919s
[2025-09-09 01:44:42] DEBUG    93   7.57067941e+13 -4.43217087e+11  2.44e-04 1.59e-02  1.50e+03   929s
[2025-09-09 01:44:48] DEBUG    94   7.56689575e+13 -4.43269594e+11  3.05e-04 1.59e-02  1.47e+03   935s
[2025-09-09 01:44:56] DEBUG    95   7.56348906e+13 -4.43276737e+11  3.05e-04 1.59e-02  1.44e+03   943s
[2025-09-09 01:45:05] DEBUG    96   7.55821120e+13 -4.43450740e+11  2.44e-04 1.59e-02  1.39e+03   952s
[2025-09-09 01:45:13] DEBUG    97   7.55468856e+13 -4.43486518e+11  2.44e-04 1.59e-02  1.37e+03   960s
[2025-09-09 01:45:20] DEBUG    98   7.55131099e+13 -4.43568151e+11  2.44e-04 1.59e-02  1.34e+03   967s
[2025-09-09 01:45:29] DEBUG    99   7.54982103e+13 -4.43621314e+11  2.44e-04 1.59e-02  1.31e+03   975s
[2025-09-09 01:45:36] DEBUG    100   7.54585401e+13 -4.43619285e+11  2.44e-04 1.59e-02  1.28e+03   983s
[2025-09-09 01:45:45] DEBUG    101   7.54178029e+13 -4.43655654e+11  1.83e-04 1.59e-02  1.25e+03   992s
[2025-09-09 01:45:55] DEBUG    102   7.53846026e+13 -4.43610732e+11  1.83e-04 1.59e-02  1.22e+03  1002s
[2025-09-09 01:46:06] DEBUG    103   7.53436146e+13 -4.43421991e+11  1.83e-04 1.58e-02  1.19e+03  1013s
[2025-09-09 01:46:13] DEBUG    104   7.53186488e+13 -4.43321167e+11  2.44e-04 1.58e-02  1.17e+03  1020s
[2025-09-09 01:46:23] DEBUG    105   7.52966871e+13 -4.43248785e+11  2.44e-04 1.58e-02  1.16e+03  1029s
[2025-09-09 01:46:32] DEBUG    106   7.52807190e+13 -4.43217380e+11  2.14e-04 1.58e-02  1.14e+03  1039s
[2025-09-09 01:46:40] DEBUG    107   7.52663744e+13 -4.43199147e+11  2.14e-04 1.58e-02  1.13e+03  1047s
[2025-09-09 01:46:47] DEBUG    108   7.52504293e+13 -4.43206153e+11  2.44e-04 1.58e-02  1.12e+03  1054s
[2025-09-09 01:46:52] DEBUG    109   7.52102964e+13 -4.43352907e+11  2.44e-04 1.58e-02  1.20e+03  1059s
[2025-09-09 01:46:52] DEBUG    Barrier performed 109 iterations in 1059.11 seconds (264.62 work units)
[2025-09-09 01:46:52] DEBUG    Numerical trouble encountered
[2025-09-09 01:46:52] DEBUG    Model may be infeasible or unbounded.  Consider using the
[2025-09-09 01:46:52] DEBUG    homogeneous algorithm (through parameter 'BarHomogeneous')
[2025-09-09 01:47:57] DEBUG    Waiting for other threads to finish...        1124s
[2025-09-09 01:49:01] DEBUG    Waiting for other threads to finish...        1188s
[2025-09-09 01:50:06] DEBUG    Waiting for other threads to finish...        1253s
[2025-09-09 01:51:10] DEBUG    Waiting for other threads to finish...        1317s
[2025-09-09 01:52:15] DEBUG    Waiting for other threads to finish...        1381s
[2025-09-09 01:53:19] DEBUG    Waiting for other threads to finish...        1446s
[2025-09-09 01:54:23] DEBUG    Waiting for other threads to finish...        1510s
[2025-09-09 01:55:27] DEBUG    Waiting for other threads to finish...        1574s
[2025-09-09 01:56:32] DEBUG    Waiting for other threads to finish...        1639s
[2025-09-09 01:57:36] DEBUG    Waiting for other threads to finish...        1703s
[2025-09-09 01:58:13] DEBUG    Solved with dual simplex
[2025-09-09 01:58:24] DEBUG    Iteration    Objective       Primal Inf.    Dual Inf.      Time
[2025-09-09 01:58:24] DEBUG    1808189    2.0751306e+10   0.000000e+00   0.000000e+00   1751s

Solved in 1808189 iterations and 1750.52 seconds (950.90 work units)
[2025-09-09 01:58:24] DEBUG    Optimal objective  2.075130597e+10
✅ Scenario completato: existing_VRES_2030_BESS

🚀 Lancio scenario: existing_VRES_2030_PHES
[2025-09-09 02:05:57] INFO     Loading sets
[2025-09-09 02:05:57] INFO     Loading parameters
[2025-09-09 02:06:33] INFO     constraints are loaded in the following order: ['energy_balance', 'dispatch', 'costs', 'capacity', 'network', 'policy', 'conversion', 'group', 'conversion_plus', 'milp', 'export']
[2025-09-09 02:06:33] INFO     creating energy_balance constraints
[2025-09-09 02:11:29] INFO     creating dispatch constraints
[2025-09-09 02:15:25] INFO     creating costs constraints
[2025-09-09 02:26:26] INFO     creating capacity constraints
[2025-09-09 02:26:27] INFO     creating network constraints
[2025-09-09 02:26:27] INFO     creating policy constraints
[2025-09-09 02:26:27] INFO     creating conversion constraints
[2025-09-09 02:26:27] INFO     creating group constraints
[2025-09-09 02:26:27] INFO     creating conversion_plus constraints
[2025-09-09 02:26:27] INFO     creating milp constraints
[2025-09-09 02:26:27] INFO     creating export constraints
[2025-09-09 02:39:05] DEBUG    Set parameter WLSAccessID
Set parameter WLSSecret
Set parameter LicenseID to value 2680226
[2025-09-09 02:39:05] DEBUG    Academic license 2680226 - for non-commercial use only - registered to an___@mail.polimi.it
[2025-09-09 02:39:41] DEBUG    Read LP format model from file /tmp/tmpj3d9y3oo.pyomo.lp
[2025-09-09 02:39:41] DEBUG    Reading time = 36.17 seconds
x17759632: 24198357 rows, 17759632 columns, 58595632 nonzeros
Set parameter NumericFocus to value 1
Gurobi Optimizer version 12.0.2 build v12.0.2rc0 (linux64 - "Debian GNU/Linux 11 (bullseye)")

CPU model: Intel(R) Xeon(R) Silver 4314 CPU @ 2.40GHz, instruction set [SSE2|AVX|AVX2|AVX512]
Thread count: 32 physical cores, 64 logical processors, using up to 32 threads
[2025-09-09 02:39:41] DEBUG    Non-default parameters:
NumericFocus  1
[2025-09-09 02:39:41] DEBUG    Academic license 2680226 - for non-commercial use only - registered to an___@mail.polimi.it
Optimize a model with 24198357 rows, 17759632 columns and 58595632 nonzeros
[2025-09-09 02:39:42] DEBUG    Model fingerprint: 0x0f32ce8e
[2025-09-09 02:39:42] DEBUG    Coefficient statistics:
  Matrix range     [1e-07, 3e+02]
  Objective range  [1e+00, 1e+06]
  Bounds range     [0e+00, 0e+00]
  RHS range        [1e+00, 6e+09]
Warning: Model contains large rhs
[2025-09-09 02:39:48] DEBUG    Presolve removed 19772549 rows and 10276289 columns (presolve time = 6s)...
[2025-09-09 02:39:52] DEBUG    Presolve removed 19775534 rows and 12070000 columns (presolve time = 10s)...
[2025-09-09 02:39:58] DEBUG    Presolve removed 22188817 rows and 14439458 columns (presolve time = 15s)...
[2025-09-09 02:40:02] DEBUG    Presolve removed 22691771 rows and 14544578 columns (presolve time = 20s)...
[2025-09-09 02:40:03] DEBUG    Presolve removed 22840674 rows and 14544578 columns
[2025-09-09 02:40:03] DEBUG    Presolve time: 22.28s
Presolved: 1357683 rows, 3363957 columns, 8684236 nonzeros

Concurrent LP optimizer: primal simplex, dual simplex, and barrier
Showing barrier log only...
[2025-09-09 02:40:38] DEBUG    Elapsed ordering time = 33s
[2025-09-09 02:40:40] DEBUG    Elapsed ordering time = 35s
[2025-09-09 02:40:43] DEBUG    Ordering time: 37.77s
[2025-09-09 02:40:44] DEBUG    Barrier statistics:
 Dense cols : 107
 AA' NZ     : 7.571e+06
[2025-09-09 02:40:44] DEBUG    Factor NZ  : 4.283e+07 (roughly 2.2 GB of memory)
 Factor Ops : 5.216e+09 (less than 1 second per iteration)
 Threads    : 30
[2025-09-09 02:40:47] DEBUG    Objective                Residual
[2025-09-09 02:40:47] DEBUG    Iter       Primal          Dual         Primal    Dual     Compl     Time
[2025-09-09 02:40:48] DEBUG    0   3.75720683e+21 -1.36418538e+19  8.47e+10 1.70e-01  5.09e+15    66s
[2025-09-09 02:40:51] DEBUG    1   3.40186791e+21 -1.59509065e+19  7.61e+10 2.37e+05  4.32e+15    70s
[2025-09-09 02:40:57] DEBUG    2   3.27576486e+21 -5.82964815e+19  7.33e+10 1.70e+05  4.23e+15    76s
[2025-09-09 02:41:05] DEBUG    3   2.77493721e+21 -1.89773106e+20  6.15e+10 3.88e+04  3.68e+15    84s
[2025-09-09 02:41:11] DEBUG    4   4.28260926e+20 -2.11312688e+20  8.65e+09 1.56e+04  5.57e+14    89s
[2025-09-09 02:41:18] DEBUG    5   1.57166050e+20 -1.07559909e+20  3.08e+09 1.76e+03  1.98e+14    97s
[2025-09-09 02:41:23] DEBUG    6   8.91022721e+19 -5.50537830e+19  1.71e+09 4.08e+02  1.09e+14   102s
[2025-09-09 02:41:27] DEBUG    7   3.38660554e+19 -2.82919186e+19  6.22e+08 7.08e+01  4.01e+13   106s
[2025-09-09 02:41:30] DEBUG    8   2.30715161e+19 -1.78134458e+19  4.18e+08 2.83e+00  2.67e+13   109s
[2025-09-09 02:41:35] DEBUG    9   1.43501462e+19 -1.14307903e+19  2.56e+08 1.08e+01  1.62e+13   114s
[2025-09-09 02:41:39] DEBUG    10   1.00402768e+19 -8.48149385e+18  1.77e+08 5.47e+00  1.11e+13   118s
[2025-09-09 02:41:43] DEBUG    11   9.38058854e+18 -5.08090038e+18  1.66e+08 6.37e-01  9.68e+12   122s
[2025-09-09 02:41:46] DEBUG    12   4.98130822e+18 -3.67682145e+18  8.51e+07 1.19e-04  5.05e+12   125s
[2025-09-09 02:41:50] DEBUG    13   3.64487203e+18 -2.07672557e+18  6.18e+07 7.53e-05  3.41e+12   129s
[2025-09-09 02:41:54] DEBUG    14   1.34292900e+18 -1.42094664e+18  2.16e+07 1.07e-04  1.26e+12   132s
[2025-09-09 02:41:59] DEBUG    15   4.19363776e+17 -7.62896425e+17  6.53e+06 1.09e-03  4.05e+11   137s
[2025-09-09 02:42:02] DEBUG    16   3.11534745e+17 -4.20897770e+17  4.82e+06 5.39e-04  2.50e+11   141s
[2025-09-09 02:42:07] DEBUG    17   3.86279349e+16 -1.82186065e+17  5.59e+05 1.01e-04  4.62e+10   146s
[2025-09-09 02:42:11] DEBUG    18   1.74928685e+16 -7.79506174e+16  2.49e+05 4.18e-05  1.82e+10   150s
[2025-09-09 02:42:16] DEBUG    19   3.32746238e+15 -2.44831249e+16  4.10e+04 8.44e-04  4.59e+09   154s
[2025-09-09 02:42:19] DEBUG    20   1.20602322e+15 -2.46015635e+15  1.29e+04 1.34e-04  5.89e+08   157s
[2025-09-09 02:42:23] DEBUG    21   3.34002177e+14 -2.46969786e+14  1.59e+03 3.37e-03  8.95e+07   162s
[2025-09-09 02:42:30] DEBUG    22   2.27306294e+14 -8.24749657e+13  2.19e+02 3.97e-03  4.71e+07   169s
[2025-09-09 02:42:35] DEBUG    23   2.18367529e+14  3.32828282e+13  1.04e+02 1.19e-02  2.80e+07   174s
[2025-09-09 02:42:39] DEBUG    24   2.17755390e+14  4.39050832e+13  9.76e+01 1.15e-02  2.62e+07   178s
[2025-09-09 02:42:43] DEBUG    25   2.15400896e+14  1.10703520e+14  6.99e+01 9.49e-03  1.57e+07   182s
[2025-09-09 02:42:47] DEBUG    26   2.14525223e+14  1.51351273e+14  6.02e+01 8.32e-03  9.38e+06   185s
[2025-09-09 02:42:50] DEBUG    27   2.12708381e+14  1.56495406e+14  4.19e+01 8.24e-03  8.32e+06   188s
[2025-09-09 02:42:55] DEBUG    28   2.11779981e+14  1.65621344e+14  3.31e+01 8.08e-03  6.80e+06   194s
[2025-09-09 02:43:01] DEBUG    29   2.11061338e+14  1.68068214e+14  2.67e+01 8.07e-03  6.32e+06   200s
[2025-09-09 02:43:06] DEBUG    30   2.10681533e+14  1.79326205e+14  2.33e+01 8.28e-03  4.54e+06   205s
[2025-09-09 02:43:15] DEBUG    31   2.10427092e+14  1.81407249e+14  2.12e+01 9.60e-03  4.19e+06   214s
[2025-09-09 02:43:24] DEBUG    32   2.09921616e+14  1.92345924e+14  1.71e+01 8.43e-03  2.45e+06   223s
[2025-09-09 02:43:32] DEBUG    33   2.09361050e+14  1.96610815e+14  1.32e+01 2.62e-02  1.71e+06   231s
[2025-09-09 02:43:42] DEBUG    34   2.08807729e+14  2.00134121e+14  9.81e+00 3.21e-02  1.10e+06   240s
[2025-09-09 02:43:51] DEBUG    35   2.08305473e+14  2.01470620e+14  6.91e+00 3.35e-02  8.25e+05   250s
[2025-09-09 02:43:59] DEBUG    36   2.08043477e+14  2.02869851e+14  5.51e+00 3.73e-02  5.78e+05   258s
[2025-09-09 02:44:08] DEBUG    37   2.07777926e+14  2.03609941e+14  4.19e+00 3.87e-02  4.32e+05   267s
[2025-09-09 02:44:17] DEBUG    38   2.07611635e+14  2.04348157e+14  3.42e+00 3.82e-02  2.98e+05   276s
[2025-09-09 02:44:24] DEBUG    39   2.07456294e+14  2.04892997e+14  2.77e+00 3.55e-02  1.95e+05   283s
[2025-09-09 02:44:33] DEBUG    40   2.07259319e+14  2.05112866e+14  1.95e+00 2.73e-02  1.41e+05   292s
[2025-09-09 02:44:42] DEBUG    41   2.07122870e+14  2.05401079e+14  1.48e+00 2.33e-02  8.33e+04   301s
[2025-09-09 02:44:51] DEBUG    42   2.07046903e+14  2.05423832e+14  1.25e+00 2.33e-02  7.38e+04   310s
[2025-09-09 02:44:59] DEBUG    43   2.06960241e+14  2.05538088e+14  1.01e+00 2.37e-02  4.97e+04   318s
[2025-09-09 02:45:08] DEBUG    44   2.06876133e+14  2.05580080e+14  7.98e-01 2.39e-02  3.76e+04   327s
[2025-09-09 02:45:16] DEBUG    45   2.06804248e+14  2.05627890e+14  6.42e-01 2.41e-02  2.59e+04   335s
[2025-09-09 02:45:23] DEBUG    46   2.06754568e+14  2.05644448e+14  5.46e-01 2.41e-02  2.08e+04   342s
[2025-09-09 02:45:32] DEBUG    47   2.06733831e+14  2.05648991e+14  5.09e-01 2.41e-02  1.92e+04   351s
[2025-09-09 02:45:42] DEBUG    48   2.06723839e+14  2.05651674e+14  4.92e-01 2.41e-02  1.83e+04   361s
[2025-09-09 02:45:47] DEBUG    49   2.06712184e+14  2.05654096e+14  4.72e-01 2.41e-02  1.75e+04   366s
[2025-09-09 02:45:52] DEBUG    50   2.06697932e+14  2.05659249e+14  4.47e-01 2.41e-02  1.61e+04   371s
[2025-09-09 02:46:02] DEBUG    51   2.06660872e+14  2.05665245e+14  3.90e-01 2.40e-02  1.36e+04   380s
[2025-09-09 02:46:08] DEBUG    52   2.06657324e+14  2.05666276e+14  3.84e-01 2.40e-02  1.33e+04   387s
[2025-09-09 02:46:14] DEBUG    53   2.06653538e+14  2.05667268e+14  3.79e-01 2.40e-02  1.31e+04   393s
[2025-09-09 02:46:20] DEBUG    54   2.06648662e+14  2.05667844e+14  3.72e-01 2.39e-02  1.28e+04   399s
[2025-09-09 02:46:28] DEBUG    55   2.06627510e+14  2.05669660e+14  3.41e-01 2.39e-02  1.18e+04   407s
[2025-09-09 02:46:36] DEBUG    56   2.06623210e+14  2.05671217e+14  3.35e-01 2.38e-02  1.14e+04   415s
[2025-09-09 02:46:41] DEBUG    57   2.06616172e+14  2.05672200e+14  3.25e-01 2.38e-02  1.11e+04   420s
[2025-09-09 02:46:47] DEBUG    58   2.06599809e+14  2.05672560e+14  3.04e-01 2.37e-02  1.05e+04   426s
[2025-09-09 02:46:53] DEBUG    59   2.06597348e+14  2.05674032e+14  3.01e-01 2.36e-02  1.02e+04   432s
[2025-09-09 02:47:02] DEBUG    60   2.06581344e+14  2.05674815e+14  2.81e-01 2.35e-02  9.58e+03   441s
[2025-09-09 02:47:08] DEBUG    61   2.06566130e+14  2.05675898e+14  2.63e-01 2.34e-02  8.97e+03   447s
[2025-09-09 02:47:14] DEBUG    62   2.06558565e+14  2.05676897e+14  2.54e-01 2.33e-02  8.62e+03   453s
[2025-09-09 02:47:19] DEBUG    63   2.06551792e+14  2.05677485e+14  2.46e-01 2.32e-02  8.36e+03   458s
[2025-09-09 02:47:26] DEBUG    64   2.06543053e+14  2.05678923e+14  2.37e-01 2.30e-02  7.92e+03   465s
[2025-09-09 02:47:32] DEBUG    65   2.06537788e+14  2.05680195e+14  2.31e-01 2.28e-02  7.61e+03   471s
[2025-09-09 02:47:38] DEBUG    66   2.06533405e+14  2.05680800e+14  2.26e-01 2.26e-02  7.42e+03   477s
[2025-09-09 02:47:46] DEBUG    67   2.06524131e+14  2.05681345e+14  2.17e-01 2.25e-02  7.12e+03   485s
[2025-09-09 02:47:54] DEBUG    68   2.06521512e+14  2.05681698e+14  2.14e-01 2.24e-02  7.00e+03   492s
[2025-09-09 02:48:00] DEBUG    69   2.06515253e+14  2.05682019e+14  2.08e-01 2.23e-02  6.82e+03   499s
[2025-09-09 02:48:05] DEBUG    70   2.06513861e+14  2.05682520e+14  2.06e-01 2.21e-02  6.72e+03   504s
[2025-09-09 02:48:14] DEBUG    71   2.06502146e+14  2.05683901e+14  1.95e-01 2.18e-02  6.23e+03   513s
[2025-09-09 02:48:21] DEBUG    72   2.06494899e+14  2.05684411e+14  1.88e-01 2.16e-02  6.00e+03   519s
[2025-09-09 02:48:29] DEBUG    73   2.06489989e+14  2.05684757e+14  1.84e-01 2.14e-02  5.85e+03   528s
[2025-09-09 02:48:35] DEBUG    74   2.06483568e+14  2.05685014e+14  1.78e-01 2.13e-02  5.68e+03   534s
[2025-09-09 02:48:41] DEBUG    75   2.06481860e+14  2.05685308e+14  1.76e-01 2.12e-02  5.61e+03   540s
[2025-09-09 02:48:50] DEBUG    76   2.06480467e+14  2.05685654e+14  1.75e-01 2.10e-02  5.53e+03   549s
[2025-09-09 02:48:59] DEBUG    77   2.06477046e+14  2.05686127e+14  1.72e-01 2.07e-02  5.39e+03   558s
[2025-09-09 02:49:07] DEBUG    78   2.06475387e+14  2.05686394e+14  1.71e-01 2.06e-02  5.32e+03   565s
[2025-09-09 02:49:13] DEBUG    79   2.06471956e+14  2.05686715e+14  1.68e-01 2.04e-02  5.21e+03   572s
[2025-09-09 02:49:19] DEBUG    80   2.06469918e+14  2.05686839e+14  1.66e-01 2.03e-02  5.15e+03   578s
[2025-09-09 02:49:27] DEBUG    81   2.06466271e+14  2.05687261e+14  1.63e-01 2.00e-02  5.02e+03   586s
[2025-09-09 02:49:35] DEBUG    82   2.06464655e+14  2.05687777e+14  1.62e-01 1.96e-02  4.92e+03   594s
[2025-09-09 02:49:42] DEBUG    83   2.06462232e+14  2.05688075e+14  1.60e-01 1.93e-02  4.84e+03   601s
[2025-09-09 02:49:49] DEBUG    84   2.06448547e+14  2.05688424e+14  1.48e-01 1.90e-02  4.53e+03   608s
[2025-09-09 02:49:52] DEBUG    85   2.06444915e+14  2.05688705e+14  1.45e-01 1.87e-02  4.43e+03   611s
[2025-09-09 02:50:00] DEBUG    86   2.06432319e+14  2.05689168e+14  1.36e-01 1.81e-02  4.13e+03   619s
[2025-09-09 02:50:07] DEBUG    87   2.06429962e+14  2.05689326e+14  1.34e-01 1.79e-02  4.07e+03   626s
[2025-09-09 02:50:15] DEBUG    88   2.06423518e+14  2.05689687e+14  1.30e-01 1.76e-02  3.92e+03   634s
[2025-09-09 02:50:22] DEBUG    89   2.06421693e+14  2.05689810e+14  1.28e-01 1.78e-02  3.87e+03   641s
[2025-09-09 02:50:31] DEBUG    90   2.06417230e+14  2.05689990e+14  1.25e-01 1.80e-02  3.78e+03   650s
[2025-09-09 02:50:37] DEBUG    91   2.06413179e+14  2.05690102e+14  1.22e-01 1.81e-02  3.70e+03   656s
[2025-09-09 02:50:46] DEBUG    92   2.06408640e+14  2.05690491e+14  1.19e-01 1.86e-02  3.57e+03   665s
[2025-09-09 02:50:52] DEBUG    93   2.06406438e+14  2.05690663e+14  1.18e-01 1.89e-02  3.52e+03   671s
[2025-09-09 02:51:02] DEBUG    94   2.06403526e+14  2.05690833e+14  1.16e-01 1.91e-02  3.45e+03   681s
[2025-09-09 02:51:07] DEBUG    95   2.06400415e+14  2.05690871e+14  1.14e-01 1.91e-02  3.40e+03   686s
[2025-09-09 02:51:12] DEBUG    96   2.06397771e+14  2.05691014e+14  1.12e-01 1.93e-02  3.35e+03   691s
[2025-09-09 02:51:21] DEBUG    97   2.06392524e+14  2.05691199e+14  1.09e-01 1.95e-02  3.25e+03   700s
[2025-09-09 02:51:26] DEBUG    98   2.06391056e+14  2.05691349e+14  1.08e-01 1.97e-02  3.20e+03   705s
[2025-09-09 02:51:35] DEBUG    99   2.06387249e+14  2.05691642e+14  1.06e-01 2.01e-02  3.11e+03   714s
[2025-09-09 02:51:42] DEBUG    100   2.06383859e+14  2.05691762e+14  1.04e-01 2.03e-02  3.05e+03   720s
[2025-09-09 02:51:49] DEBUG    101   2.06380912e+14  2.05691876e+14  1.02e-01 2.04e-02  2.99e+03   728s
[2025-09-09 02:51:55] DEBUG    102   2.06378815e+14  2.05691931e+14  1.01e-01 2.05e-02  2.96e+03   734s
[2025-09-09 02:52:02] DEBUG    103   2.06375573e+14  2.05692084e+14  9.92e-02 2.07e-02  2.90e+03   741s
[2025-09-09 02:52:08] DEBUG    104   2.06373626e+14  2.05692230e+14  9.81e-02 2.09e-02  2.85e+03   747s
[2025-09-09 02:52:15] DEBUG    105   2.06371811e+14  2.05692332e+14  9.70e-02 2.10e-02  2.81e+03   754s
[2025-09-09 02:52:24] DEBUG    106   2.06368749e+14  2.05692490e+14  9.53e-02 2.12e-02  2.75e+03   763s
[2025-09-09 02:52:29] DEBUG    107   2.06366989e+14  2.05692574e+14  9.44e-02 2.13e-02  2.72e+03   768s
[2025-09-09 02:52:36] DEBUG    108   2.06365501e+14  2.05692669e+14  9.36e-02 2.14e-02  2.69e+03   775s
[2025-09-09 02:52:43] DEBUG    109   2.06362768e+14  2.05692773e+14  9.21e-02 2.16e-02  2.64e+03   782s
[2025-09-09 02:52:51] DEBUG    110   2.06358639e+14  2.05692957e+14  8.99e-02 2.18e-02  2.56e+03   790s
[2025-09-09 02:53:01] DEBUG    111   2.06354030e+14  2.05693108e+14  8.75e-02 2.20e-02  2.49e+03   800s
[2025-09-09 02:53:10] DEBUG    112   2.06353088e+14  2.05693185e+14  8.70e-02 2.21e-02  2.47e+03   809s
[2025-09-09 02:53:17] DEBUG    113   2.06349392e+14  2.05693267e+14  8.51e-02 2.22e-02  2.41e+03   816s
[2025-09-09 02:53:25] DEBUG    114   2.06347722e+14  2.05693371e+14  8.43e-02 2.23e-02  2.42e+03   824s
[2025-09-09 02:53:33] DEBUG    115   2.06345456e+14  2.05693475e+14  8.32e-02 2.25e-02  2.38e+03   832s
[2025-09-09 02:53:41] DEBUG    116   2.06342308e+14  2.05693589e+14  8.17e-02 2.26e-02  2.33e+03   840s
[2025-09-09 02:53:49] DEBUG    117   2.06339289e+14  2.05693721e+14  8.02e-02 2.28e-02  2.28e+03   848s
[2025-09-09 02:53:54] DEBUG    118   2.06337433e+14  2.05693801e+14  7.93e-02 2.29e-02  2.24e+03   853s
[2025-09-09 02:53:59] DEBUG    119   2.06335246e+14  2.05693879e+14  7.83e-02 2.30e-02  2.21e+03   858s
[2025-09-09 02:54:06] DEBUG    120   2.06333173e+14  2.05693985e+14  7.73e-02 2.31e-02  2.17e+03   865s
[2025-09-09 02:54:12] DEBUG    121   2.06331453e+14  2.05694026e+14  7.65e-02 2.32e-02  2.15e+03   871s
[2025-09-09 02:54:22] DEBUG    122   2.06327125e+14  2.05694152e+14  7.46e-02 2.33e-02  2.08e+03   881s
[2025-09-09 02:54:28] DEBUG    123   2.06324182e+14  2.05694187e+14  7.33e-02 2.34e-02  2.05e+03   887s
[2025-09-09 02:54:36] DEBUG    124   2.06321418e+14  2.05694268e+14  7.20e-02 2.35e-02  2.01e+03   894s
[2025-09-09 02:54:42] DEBUG    125   2.06320076e+14  2.05694308e+14  7.15e-02 2.36e-02  1.99e+03   901s
[2025-09-09 02:54:49] DEBUG    126   2.06318679e+14  2.05694371e+14  7.09e-02 2.36e-02  1.97e+03   908s
[2025-09-09 02:54:56] DEBUG    127   2.06317321e+14  2.05694409e+14  7.03e-02 2.37e-02  1.95e+03   915s
[2025-09-09 02:55:03] DEBUG    128   2.06314036e+14  2.05694470e+14  6.89e-02 2.38e-02  1.91e+03   922s
[2025-09-09 02:55:09] DEBUG    129   2.06312495e+14  2.05694520e+14  6.82e-02 2.38e-02  1.89e+03   928s
[2025-09-09 02:55:17] DEBUG    130   2.06310886e+14  2.05694553e+14  6.76e-02 2.39e-02  1.87e+03   936s
[2025-09-09 02:55:24] DEBUG    131   2.06308966e+14  2.05694605e+14  6.68e-02 2.39e-02  1.85e+03   943s
[2025-09-09 02:55:32] DEBUG    132   2.06306316e+14  2.05694672e+14  6.57e-02 2.40e-02  1.81e+03   951s
[2025-09-09 02:55:40] DEBUG    133   2.06304394e+14  2.05694720e+14  6.49e-02 2.41e-02  1.79e+03   959s
[2025-09-09 02:55:46] DEBUG    134   2.06302503e+14  2.05694750e+14  6.42e-02 2.41e-02  1.77e+03   965s
[2025-09-09 02:55:55] DEBUG    135   2.06299819e+14  2.05694806e+14  6.31e-02 2.42e-02  1.73e+03   974s
[2025-09-09 02:56:02] DEBUG    136   2.06297110e+14  2.05694868e+14  6.21e-02 2.43e-02  1.70e+03   981s
[2025-09-09 02:56:08] DEBUG    137   2.06295559e+14  2.05694897e+14  6.15e-02 2.43e-02  1.68e+03   987s
[2025-09-09 02:56:17] DEBUG    138   2.06292846e+14  2.05694979e+14  6.04e-02 2.44e-02  1.65e+03   996s
[2025-09-09 02:56:25] DEBUG    139   2.06290913e+14  2.05695013e+14  5.97e-02 2.44e-02  1.63e+03  1003s
[2025-09-09 02:56:32] DEBUG    140   2.06288691e+14  2.05695050e+14  5.89e-02 2.45e-02  1.60e+03  1011s
[2025-09-09 02:56:41] DEBUG    141   2.06286076e+14  2.05695110e+14  5.79e-02 2.45e-02  1.57e+03  1020s
[2025-09-09 02:56:46] DEBUG    142   2.06283954e+14  2.05695129e+14  5.71e-02 2.45e-02  1.55e+03  1025s
[2025-09-09 02:56:54] DEBUG    143   2.06281428e+14  2.05695195e+14  5.62e-02 2.46e-02  1.52e+03  1033s
[2025-09-09 02:57:01] DEBUG    144   2.06277349e+14  2.05695272e+14  5.48e-02 2.47e-02  1.48e+03  1040s
[2025-09-09 02:57:10] DEBUG    145   2.06273780e+14  2.05695340e+14  5.36e-02 2.48e-02  1.44e+03  1049s
[2025-09-09 02:57:18] DEBUG    146   2.06272215e+14  2.05695367e+14  5.30e-02 2.48e-02  1.43e+03  1056s
[2025-09-09 02:57:26] DEBUG    147   2.06270163e+14  2.05695406e+14  5.23e-02 2.48e-02  1.41e+03  1065s
[2025-09-09 02:57:34] DEBUG    148   2.06268687e+14  2.05695438e+14  5.18e-02 2.49e-02  1.39e+03  1073s
[2025-09-09 02:57:38] DEBUG    149   2.06267831e+14  2.05695462e+14  5.15e-02 2.49e-02  1.38e+03  1077s
[2025-09-09 02:57:45] DEBUG    150   2.06266030e+14  2.05695495e+14  5.10e-02 2.49e-02  1.36e+03  1084s
[2025-09-09 02:57:51] DEBUG    151   2.06264382e+14  2.05695543e+14  5.04e-02 2.50e-02  1.35e+03  1090s
[2025-09-09 02:57:58] DEBUG    152   2.06262469e+14  2.05695576e+14  4.98e-02 2.50e-02  1.33e+03  1097s
[2025-09-09 02:58:05] DEBUG    153   2.06261051e+14  2.05695614e+14  4.93e-02 2.51e-02  1.31e+03  1104s
[2025-09-09 02:58:12] DEBUG    154   2.06259287e+14  2.05695657e+14  4.88e-02 2.51e-02  1.29e+03  1111s
[2025-09-09 02:58:22] DEBUG    155   2.06258129e+14  2.05695684e+14  4.84e-02 2.51e-02  1.28e+03  1121s
[2025-09-09 02:58:29] DEBUG    156   2.06256431e+14  2.05695711e+14  4.79e-02 2.52e-02  1.27e+03  1128s
[2025-09-09 02:58:35] DEBUG    157   2.06255703e+14  2.05695723e+14  4.77e-02 2.52e-02  1.26e+03  1133s
[2025-09-09 02:58:40] DEBUG    158   2.06254860e+14  2.05695739e+14  4.74e-02 2.52e-02  1.25e+03  1139s
[2025-09-09 02:58:40] DEBUG    Barrier performed 158 iterations in 1138.54 seconds (272.58 work units)
Sub-optimal termination - objective 2.06358639e+14
[2025-09-09 02:58:40] DEBUG    Crossover log...
[2025-09-09 02:58:41] DEBUG    909785 DPushes remaining with DInf 0.0000000e+00              1140s
[2025-09-09 02:58:41] DEBUG    571667 DPushes remaining with DInf 0.0000000e+00              1140s
[2025-09-09 02:58:46] DEBUG    480386 DPushes remaining with DInf 0.0000000e+00              1145s
[2025-09-09 02:58:51] DEBUG    452596 DPushes remaining with DInf 0.0000000e+00              1150s
[2025-09-09 02:58:56] DEBUG    424082 DPushes remaining with DInf 0.0000000e+00              1155s
[2025-09-09 02:59:01] DEBUG    390603 DPushes remaining with DInf 0.0000000e+00              1160s
[2025-09-09 02:59:06] DEBUG    358919 DPushes remaining with DInf 0.0000000e+00              1165s
[2025-09-09 02:59:11] DEBUG    334246 DPushes remaining with DInf 0.0000000e+00              1170s
[2025-09-09 02:59:16] DEBUG    312928 DPushes remaining with DInf 0.0000000e+00              1175s
[2025-09-09 02:59:21] DEBUG    289224 DPushes remaining with DInf 0.0000000e+00              1180s
[2025-09-09 02:59:26] DEBUG    269134 DPushes remaining with DInf 0.0000000e+00              1185s
[2025-09-09 02:59:31] DEBUG    253331 DPushes remaining with DInf 0.0000000e+00              1190s
[2025-09-09 02:59:36] DEBUG    235027 DPushes remaining with DInf 0.0000000e+00              1195s
[2025-09-09 02:59:41] DEBUG    217742 DPushes remaining with DInf 0.0000000e+00              1200s
[2025-09-09 02:59:46] DEBUG    200048 DPushes remaining with DInf 0.0000000e+00              1205s
[2025-09-09 02:59:51] DEBUG    185300 DPushes remaining with DInf 0.0000000e+00              1210s
[2025-09-09 02:59:57] DEBUG    171802 DPushes remaining with DInf 0.0000000e+00              1215s
[2025-09-09 03:00:01] DEBUG    160732 DPushes remaining with DInf 0.0000000e+00              1220s
[2025-09-09 03:00:06] DEBUG    149448 DPushes remaining with DInf 0.0000000e+00              1225s
[2025-09-09 03:00:11] DEBUG    137418 DPushes remaining with DInf 0.0000000e+00              1230s
[2025-09-09 03:00:17] DEBUG    124385 DPushes remaining with DInf 0.0000000e+00              1235s
[2025-09-09 03:00:22] DEBUG    112595 DPushes remaining with DInf 0.0000000e+00              1240s
[2025-09-09 03:00:27] DEBUG    101951 DPushes remaining with DInf 0.0000000e+00              1245s
[2025-09-09 03:00:32] DEBUG    91319 DPushes remaining with DInf 0.0000000e+00              1250s
[2025-09-09 03:00:37] DEBUG    80356 DPushes remaining with DInf 0.0000000e+00              1255s
[2025-09-09 03:00:42] DEBUG    68837 DPushes remaining with DInf 0.0000000e+00              1260s
[2025-09-09 03:00:47] DEBUG    55166 DPushes remaining with DInf 0.0000000e+00              1266s
[2025-09-09 03:00:52] DEBUG    42833 DPushes remaining with DInf 0.0000000e+00              1271s
[2025-09-09 03:00:57] DEBUG    34383 DPushes remaining with DInf 0.0000000e+00              1276s
[2025-09-09 03:01:02] DEBUG    24387 DPushes remaining with DInf 0.0000000e+00              1281s
[2025-09-09 03:01:06] DEBUG    16922 DPushes remaining with DInf 0.0000000e+00              1285s
[2025-09-09 03:01:11] DEBUG    6152 DPushes remaining with DInf 0.0000000e+00              1290s
[2025-09-09 03:01:15] DEBUG    0 DPushes remaining with DInf 0.0000000e+00              1293s
[2025-09-09 03:01:15] DEBUG    2838201 PPushes remaining with PInf 9.8969018e-02              1294s
[2025-09-09 03:01:23] DEBUG    2078540 PPushes remaining with PInf 1.0035739e-02              1302s
[2025-09-09 03:01:26] DEBUG    1582642 PPushes remaining with PInf 1.0035739e-02              1305s
[2025-09-09 03:01:31] DEBUG    1387187 PPushes remaining with PInf 1.0043781e-02              1310s
[2025-09-09 03:01:36] DEBUG    1282028 PPushes remaining with PInf 1.0035739e-02              1315s
[2025-09-09 03:01:41] DEBUG    1191659 PPushes remaining with PInf 1.0039117e-02              1320s
[2025-09-09 03:01:46] DEBUG    1116851 PPushes remaining with PInf 5.4109842e-06              1325s
[2025-09-09 03:01:51] DEBUG    1044033 PPushes remaining with PInf 0.0000000e+00              1330s
[2025-09-09 03:01:56] DEBUG    986587 PPushes remaining with PInf 7.2380066e-06              1335s
[2025-09-09 03:02:02] DEBUG    947618 PPushes remaining with PInf 0.0000000e+00              1340s
[2025-09-09 03:02:07] DEBUG    915398 PPushes remaining with PInf 2.8697565e-06              1345s
[2025-09-09 03:02:11] DEBUG    888254 PPushes remaining with PInf 2.9709225e-06              1350s
[2025-09-09 03:02:16] DEBUG    863578 PPushes remaining with PInf 3.3645421e-06              1355s
[2025-09-09 03:02:21] DEBUG    841961 PPushes remaining with PInf 2.6294321e-06              1360s
[2025-09-09 03:02:26] DEBUG    821880 PPushes remaining with PInf 7.2380066e-06              1365s
[2025-09-09 03:02:31] DEBUG    802191 PPushes remaining with PInf 7.2380066e-06              1370s
[2025-09-09 03:02:36] DEBUG    787622 PPushes remaining with PInf 1.5477731e-06              1375s
[2025-09-09 03:02:41] DEBUG    747757 PPushes remaining with PInf 5.8243334e-06              1380s
[2025-09-09 03:02:46] DEBUG    700979 PPushes remaining with PInf 2.8652283e-06              1385s
[2025-09-09 03:02:51] DEBUG    678527 PPushes remaining with PInf 0.0000000e+00              1390s
[2025-09-09 03:02:56] DEBUG    660328 PPushes remaining with PInf 5.9374273e-06              1395s
[2025-09-09 03:03:01] DEBUG    644236 PPushes remaining with PInf 8.0013901e-06              1400s
[2025-09-09 03:03:06] DEBUG    626810 PPushes remaining with PInf 3.6190033e-06              1405s
[2025-09-09 03:03:11] DEBUG    608475 PPushes remaining with PInf 0.0000000e+00              1410s
[2025-09-09 03:03:16] DEBUG    593229 PPushes remaining with PInf 5.8526069e-06              1415s
[2025-09-09 03:03:21] DEBUG    578442 PPushes remaining with PInf 0.0000000e+00              1420s
[2025-09-09 03:03:26] DEBUG    561166 PPushes remaining with PInf 9.7294109e-06              1425s
[2025-09-09 03:03:31] DEBUG    544255 PPushes remaining with PInf 2.6859790e-06              1430s
[2025-09-09 03:03:36] DEBUG    529808 PPushes remaining with PInf 1.9278794e-05              1435s
[2025-09-09 03:03:42] DEBUG    514020 PPushes remaining with PInf 0.0000000e+00              1441s
[2025-09-09 03:03:46] DEBUG    498370 PPushes remaining with PInf 0.0000000e+00              1445s
[2025-09-09 03:03:51] DEBUG    478869 PPushes remaining with PInf 3.1100810e-06              1450s
[2025-09-09 03:03:56] DEBUG    461934 PPushes remaining with PInf 4.3399632e-06              1455s
[2025-09-09 03:04:01] DEBUG    446157 PPushes remaining with PInf 5.1457703e-06              1460s
[2025-09-09 03:04:04] DEBUG    Solved with dual simplex
[2025-09-09 03:04:14] DEBUG    Iteration    Objective       Primal Inf.    Dual Inf.      Time
[2025-09-09 03:04:14] DEBUG    1284345    2.0569961e+14   0.000000e+00   0.000000e+00   1473s

Solved in 1284345 iterations and 1472.71 seconds (694.88 work units)
[2025-09-09 03:04:14] DEBUG    Optimal objective  2.056996068e+14
✅ Scenario completato: existing_VRES_2030_PHES

🚀 Lancio scenario: existing_VRES_2030_nostorage
[2025-09-09 03:14:45] INFO     Loading sets
[2025-09-09 03:14:45] INFO     Loading parameters
[2025-09-09 03:15:20] INFO     constraints are loaded in the following order: ['energy_balance', 'dispatch', 'costs', 'capacity', 'network', 'policy', 'conversion', 'group', 'conversion_plus', 'milp', 'export']
[2025-09-09 03:15:20] INFO     creating energy_balance constraints
[2025-09-09 03:18:23] INFO     creating dispatch constraints
[2025-09-09 03:23:34] INFO     creating costs constraints
[2025-09-09 03:32:00] INFO     creating capacity constraints
[2025-09-09 03:32:00] INFO     creating network constraints
[2025-09-09 03:32:00] INFO     creating policy constraints
[2025-09-09 03:32:00] INFO     creating conversion constraints
[2025-09-09 03:32:00] INFO     creating group constraints
[2025-09-09 03:32:00] INFO     creating conversion_plus constraints
[2025-09-09 03:32:00] INFO     creating milp constraints
[2025-09-09 03:32:00] INFO     creating export constraints
[2025-09-09 03:43:38] DEBUG    Set parameter WLSAccessID
Set parameter WLSSecret
Set parameter LicenseID to value 2680226
[2025-09-09 03:43:39] DEBUG    Academic license 2680226 - for non-commercial use only - registered to an___@mail.polimi.it
[2025-09-09 03:44:12] DEBUG    Read LP format model from file /tmp/tmpp7owprq2.pyomo.lp
Reading time = 33.25 seconds
x16235188: 22078162 rows, 16235188 columns, 52705862 nonzeros
[2025-09-09 03:44:12] DEBUG    Set parameter NumericFocus to value 1
Gurobi Optimizer version 12.0.2 build v12.0.2rc0 (linux64 - "Debian GNU/Linux 11 (bullseye)")

CPU model: Intel(R) Xeon(R) Silver 4314 CPU @ 2.40GHz, instruction set [SSE2|AVX|AVX2|AVX512]
Thread count: 32 physical cores, 64 logical processors, using up to 32 threads

Non-default parameters:
NumericFocus  1
[2025-09-09 03:44:12] DEBUG    Academic license 2680226 - for non-commercial use only - registered to an___@mail.polimi.it
Optimize a model with 22078162 rows, 16235188 columns and 52705862 nonzeros
[2025-09-09 03:44:12] DEBUG    Model fingerprint: 0x12190a9a
[2025-09-09 03:44:13] DEBUG    Coefficient statistics:
  Matrix range     [1e-07, 3e+02]
  Objective range  [1e+00, 1e+06]
  Bounds range     [0e+00, 0e+00]
  RHS range        [1e+00, 2e+08]
[2025-09-09 03:44:18] DEBUG    Presolve removed 18852578 rows and 9663083 columns (presolve time = 5s)...
[2025-09-09 03:44:23] DEBUG    Presolve removed 21032181 rows and 13633393 columns (presolve time = 10s)...
[2025-09-09 03:44:28] DEBUG    Presolve removed 21527132 rows and 13639091 columns (presolve time = 15s)...
[2025-09-09 03:44:30] DEBUG    Presolve removed 21676051 rows and 13743524 columns
[2025-09-09 03:44:30] DEBUG    Presolve time: 18.00s
Presolved: 402111 rows, 2640567 columns, 4514763 nonzeros

Concurrent LP optimizer: primal simplex, dual simplex, and barrier
Showing barrier log only...
[2025-09-09 03:44:34] DEBUG    Ordering time: 3.25s
[2025-09-09 03:44:34] DEBUG    Barrier statistics:
 Dense cols : 81
 AA' NZ     : 1.403e+06
[2025-09-09 03:44:34] DEBUG    Factor NZ  : 1.389e+07 (roughly 1.3 GB of memory)
 Factor Ops : 1.060e+09 (less than 1 second per iteration)
 Threads    : 30
[2025-09-09 03:44:36] DEBUG    Objective                Residual
[2025-09-09 03:44:36] DEBUG    Iter       Primal          Dual         Primal    Dual     Compl     Time
[2025-09-09 03:44:37] DEBUG    0   3.89721473e+21 -6.17279996e+19  7.00e+10 5.31e+02  2.56e+16    25s
[2025-09-09 03:44:39] DEBUG    1   2.39980745e+21 -6.57302650e+19  2.69e+10 6.43e+05  9.83e+15    28s
[2025-09-09 03:44:43] DEBUG    2   8.71683020e+20 -4.83820082e+19  5.58e+09 3.81e+04  2.08e+15    31s
[2025-09-09 03:44:48] DEBUG    3   7.46907101e+19 -3.63180969e+19  3.86e+08 7.48e+02  1.52e+14    36s
[2025-09-09 03:44:50] DEBUG    4   1.82993411e+19 -2.12884411e+19  7.71e+07 6.96e+01  3.37e+13    39s
[2025-09-09 03:44:53] DEBUG    5   4.55995657e+18 -1.16471743e+19  1.68e+07 8.68e-06  8.42e+12    41s
[2025-09-09 03:44:55] DEBUG    6   1.60133530e+18 -5.59651088e+18  5.29e+06 5.16e-06  2.86e+12    43s
[2025-09-09 03:44:58] DEBUG    7   8.63744806e+17 -2.68248949e+18  2.79e+06 7.72e-06  1.33e+12    46s
[2025-09-09 03:45:01] DEBUG    8   4.46451433e+17 -1.38613810e+18  1.44e+06 9.51e-06  6.28e+11    49s
[2025-09-09 03:45:03] DEBUG    9   2.26657520e+17 -5.55937487e+17  7.34e+05 4.91e-06  2.52e+11    52s
[2025-09-09 03:45:06] DEBUG    10   7.61041209e+16 -2.12093179e+17  2.29e+05 1.80e-06  7.98e+10    55s
[2025-09-09 03:45:09] DEBUG    11   3.55503173e+16 -9.75558557e+16  1.04e+05 7.30e-07  3.36e+10    57s
[2025-09-09 03:45:11] DEBUG    12   1.25832639e+16 -2.51495148e+16  3.39e+04 3.92e-07  8.88e+09    59s
[2025-09-09 03:45:13] DEBUG    13   5.07619203e+15 -8.15711210e+15  1.25e+04 1.28e-07  2.95e+09    61s
[2025-09-09 03:45:16] DEBUG    14   2.89292558e+15 -4.36872050e+15  6.40e+03 5.95e-08  1.58e+09    65s
[2025-09-09 03:45:19] DEBUG    15   2.64282155e+15 -3.43708168e+15  5.70e+03 4.25e-08  1.32e+09    67s
[2025-09-09 03:45:22] DEBUG    16   2.32743889e+15 -2.48286150e+15  5.00e+03 6.96e-08  1.04e+09    70s
[2025-09-09 03:45:25] DEBUG    17   2.28315431e+15 -2.22530861e+15  4.87e+03 5.29e-08  9.74e+08    73s
[2025-09-09 03:45:27] DEBUG    18   1.81572675e+15 -1.64693273e+15  3.75e+03 3.16e-08  7.44e+08    76s
[2025-09-09 03:45:30] DEBUG    19   1.26017175e+15 -1.01323702e+15  2.09e+03 2.65e-08  4.85e+08    79s
[2025-09-09 03:45:35] DEBUG    20   9.46335594e+14 -6.88310564e+13  1.16e+03 3.20e-07  2.15e+08    84s
[2025-09-09 03:45:40] DEBUG    21   7.08519296e+14  1.69064636e+14  4.52e+02 4.24e-06  1.14e+08    88s
[2025-09-09 03:45:45] DEBUG    22   6.12432136e+14  3.47999640e+14  1.64e+02 2.92e-06  5.55e+07    93s
[2025-09-09 03:45:48] DEBUG    23   5.88932883e+14  4.65654022e+14  9.39e+01 5.52e-06  2.59e+07    97s
[2025-09-09 03:45:50] DEBUG    24   5.70790752e+14  5.19147926e+14  4.21e+01 7.97e-06  1.08e+07    98s
[2025-09-09 03:45:52] DEBUG    25   5.59536521e+14  5.38896272e+14  1.03e+01 4.71e-06  4.32e+06   100s
[2025-09-09 03:45:53] DEBUG    26   5.56903888e+14  5.47879161e+14  3.06e+00 4.41e-06  1.89e+06   102s
[2025-09-09 03:45:55] DEBUG    27   5.55949093e+14  5.53082026e+14  5.32e-01 6.13e-05  6.00e+05   103s
[2025-09-09 03:45:57] DEBUG    28   5.55878711e+14  5.55244145e+14  3.53e-01 2.46e-04  1.33e+05   106s
[2025-09-09 03:46:00] DEBUG    29   5.55851132e+14  5.55577062e+14  2.86e-01 3.21e-04  5.74e+04   108s
[2025-09-09 03:46:02] DEBUG    30   5.55812074e+14  5.55658948e+14  1.94e-01 3.91e-04  3.21e+04   110s
[2025-09-09 03:46:04] DEBUG    31   5.55809997e+14  5.55671036e+14  1.89e-01 3.55e-04  2.91e+04   112s
[2025-09-09 03:46:06] DEBUG    32   5.55791627e+14  5.55692893e+14  1.47e-01 2.67e-04  2.07e+04   115s
[2025-09-09 03:46:08] DEBUG    33   5.55789703e+14  5.55698006e+14  1.43e-01 2.68e-04  1.92e+04   117s
[2025-09-09 03:46:11] DEBUG    34   5.55772641e+14  5.55711504e+14  1.09e-01 2.79e-04  1.28e+04   119s
[2025-09-09 03:46:15] DEBUG    35   5.55752133e+14  5.55718530e+14  7.04e-02 2.79e-04  7.05e+03   123s
[2025-09-09 03:46:20] DEBUG    36   5.55741908e+14  5.55721906e+14  4.99e-02 2.74e-04  4.20e+03   128s
[2025-09-09 03:46:24] DEBUG    37   5.55736783e+14  5.55722725e+14  3.70e-02 2.71e-04  2.95e+03   133s
[2025-09-09 03:46:27] DEBUG    38   5.55735117e+14  5.55723098e+14  3.27e-02 2.69e-04  2.53e+03   135s
[2025-09-09 03:46:29] DEBUG    39   5.55732609e+14  5.55723182e+14  2.55e-02 2.67e-04  1.98e+03   138s
[2025-09-09 03:46:31] DEBUG    40   5.55730320e+14  5.55723270e+14  1.89e-02 2.66e-04  1.48e+03   140s
[2025-09-09 03:46:34] DEBUG    41   5.55729027e+14  5.55723383e+14  1.54e-02 2.62e-04  1.19e+03   142s
[2025-09-09 03:46:38] DEBUG    42   5.55727707e+14  5.55723479e+14  1.17e-02 2.57e-04  8.93e+02   147s
[2025-09-09 03:46:43] DEBUG    43   5.55726542e+14  5.55723516e+14  8.62e-03 2.52e-04  6.41e+02   152s
[2025-09-09 03:46:50] DEBUG    44   5.55725597e+14  5.55723562e+14  6.11e-03 2.48e-04  4.32e+02   158s
[2025-09-09 03:46:55] DEBUG    45   5.55724895e+14  5.55723582e+14  4.11e-03 2.56e-04  2.81e+02   164s
[2025-09-09 03:46:59] DEBUG    46   5.55724519e+14  5.55723594e+14  2.98e-03 2.51e-04  1.99e+02   168s
[2025-09-09 03:47:02] DEBUG    47   5.55724338e+14  5.55723609e+14  2.38e-03 2.46e-04  1.58e+02   171s
[2025-09-09 03:47:04] DEBUG    48   5.55724244e+14  5.55723615e+14  2.06e-03 2.39e-04  1.37e+02   173s
[2025-09-09 03:47:07] DEBUG    49   5.55724153e+14  5.55723615e+14  1.75e-03 1.96e-04  1.18e+02   175s
[2025-09-09 03:47:09] DEBUG    50   5.55724060e+14  5.55723616e+14  1.44e-03 1.76e-04  9.82e+01   177s
[2025-09-09 03:47:12] DEBUG    51   5.55723970e+14  5.55723625e+14  1.16e-03 9.18e-05  7.71e+01   180s
[2025-09-09 03:47:16] DEBUG    52   5.55723898e+14  5.55723629e+14  9.41e-04 7.87e-05  6.11e+01   184s
[2025-09-09 03:47:20] DEBUG    53   5.55723815e+14  5.55723630e+14  7.01e-04 7.87e-05  4.31e+01   188s
[2025-09-09 03:47:24] DEBUG    54   5.55723748e+14  5.55723631e+14  5.00e-04 7.86e-05  2.87e+01   192s
[2025-09-09 03:47:27] DEBUG    55   5.55723721e+14  5.55723631e+14  4.09e-04 7.85e-05  2.29e+01   195s
[2025-09-09 03:47:29] DEBUG    56   5.55723699e+14  5.55723630e+14  3.22e-04 7.80e-05  1.83e+01   197s
[2025-09-09 03:47:31] DEBUG    57   5.55723694e+14  5.55723630e+14  3.04e-04 7.47e-05  1.72e+01   199s
[2025-09-09 03:47:33] DEBUG    58   5.55723687e+14  5.55723630e+14  2.76e-04 7.33e-05  1.57e+01   202s
[2025-09-09 03:47:36] DEBUG    59   5.55723676e+14  5.55723630e+14  2.37e-04 6.30e-05  1.36e+01   204s
[2025-09-09 03:47:40] DEBUG    60   5.55723671e+14  5.55723630e+14  2.20e-04 5.70e-05  1.25e+01   208s
[2025-09-09 03:47:44] DEBUG    61   5.55723659e+14  5.55723629e+14  1.82e-04 5.70e-05  9.86e+00   213s
[2025-09-09 03:47:49] DEBUG    62   5.55723646e+14  5.55723629e+14  1.40e-04 5.69e-05  7.13e+00   217s
[2025-09-09 03:47:54] DEBUG    63   5.55723644e+14  5.55723628e+14  1.35e-04 5.67e-05  6.82e+00   222s
[2025-09-09 03:47:59] DEBUG    64   5.55723639e+14  5.55723628e+14  1.17e-04 5.39e-05  5.68e+00   227s
[2025-09-09 03:48:04] DEBUG    65   5.55723633e+14  5.55723627e+14  9.37e-05 5.40e-05  4.46e+00   232s
[2025-09-09 03:48:04] DEBUG    Barrier solved model in 65 iterations and 231.84 seconds (63.58 work units)
[2025-09-09 03:48:04] DEBUG    Optimal objective 5.55723633e+14
[2025-09-09 03:48:04] DEBUG    Crossover log...
[2025-09-09 03:48:04] DEBUG    32134 DPushes remaining with DInf 0.0000000e+00               233s
[2025-09-09 03:48:07] DEBUG    6520 DPushes remaining with DInf 0.0000000e+00               235s
[2025-09-09 03:48:10] DEBUG    0 DPushes remaining with DInf 0.0000000e+00               238s
[2025-09-09 03:48:10] DEBUG    2238356 PPushes remaining with PInf 4.8533006e-05               238s
[2025-09-09 03:48:12] DEBUG    315411 PPushes remaining with PInf 0.0000000e+00               240s
[2025-09-09 03:48:14] DEBUG    0 PPushes remaining with PInf 0.0000000e+00               242s
[2025-09-09 03:48:14] DEBUG    Push phase complete: Pinf 0.0000000e+00, Dinf 1.2608266e+06    242s
[2025-09-09 03:48:14] DEBUG    Iteration    Objective       Primal Inf.    Dual Inf.      Time
 2270493    5.5572361e+14   0.000000e+00   1.260827e+06    242s
[2025-09-09 03:48:18] DEBUG    2273445    5.5572361e+14   0.000000e+00   5.813479e+00    246s
[2025-09-09 03:48:22] DEBUG    2273705    5.5572361e+14   0.000000e+00   3.210867e+00    250s
[2025-09-09 03:48:26] DEBUG    Solved with barrier
[2025-09-09 03:48:36] DEBUG    2273904    5.5572361e+14   0.000000e+00   9.798843e-03    265s
[2025-09-09 03:48:41] DEBUG    Extra simplex iterations after uncrush: 319
[2025-09-09 03:48:41] DEBUG    2274223    5.5572361e+14   0.000000e+00   0.000000e+00    270s

Solved in 2274223 iterations and 269.61 seconds (96.99 work units)
[2025-09-09 03:48:41] DEBUG    Optimal objective  5.557236078e+14
✅ Scenario completato: existing_VRES_2030_nostorage

🚀 Lancio scenario: existing_CG+VRES_2030_BESS
[2025-09-09 04:01:48] INFO     Loading sets
[2025-09-09 04:01:48] INFO     Loading parameters
[2025-09-09 04:02:24] INFO     constraints are loaded in the following order: ['energy_balance', 'dispatch', 'costs', 'capacity', 'network', 'policy', 'conversion', 'group', 'conversion_plus', 'milp', 'export']
[2025-09-09 04:02:24] INFO     creating energy_balance constraints
[2025-09-09 04:05:32] INFO     creating dispatch constraints
[2025-09-09 04:07:37] INFO     creating costs constraints
[2025-09-09 04:21:56] INFO     creating capacity constraints
[2025-09-09 04:21:56] INFO     creating network constraints
[2025-09-09 04:21:56] INFO     creating policy constraints
[2025-09-09 04:21:56] INFO     creating conversion constraints
[2025-09-09 04:21:56] INFO     creating group constraints
[2025-09-09 04:21:56] INFO     creating conversion_plus constraints
[2025-09-09 04:21:56] INFO     creating milp constraints
[2025-09-09 04:21:56] INFO     creating export constraints
[2025-09-09 04:34:47] DEBUG    Set parameter WLSAccessID
Set parameter WLSSecret
Set parameter LicenseID to value 2680226
[2025-09-09 04:34:47] DEBUG    Academic license 2680226 - for non-commercial use only - registered to an___@mail.polimi.it
[2025-09-09 04:35:23] DEBUG    Read LP format model from file /tmp/tmp2zp8i33a.pyomo.lp
Reading time = 36.58 seconds
x18048796: 24119517 rows, 18048796 columns, 58800554 nonzeros
[2025-09-09 04:35:23] DEBUG    Set parameter NumericFocus to value 1
Gurobi Optimizer version 12.0.2 build v12.0.2rc0 (linux64 - "Debian GNU/Linux 11 (bullseye)")

CPU model: Intel(R) Xeon(R) Silver 4314 CPU @ 2.40GHz, instruction set [SSE2|AVX|AVX2|AVX512]
Thread count: 32 physical cores, 64 logical processors, using up to 32 threads

Non-default parameters:
NumericFocus  1
[2025-09-09 04:35:23] DEBUG    Academic license 2680226 - for non-commercial use only - registered to an___@mail.polimi.it
Optimize a model with 24119517 rows, 18048796 columns and 58800554 nonzeros
[2025-09-09 04:35:24] DEBUG    Model fingerprint: 0x50713fe9
[2025-09-09 04:35:24] DEBUG    Coefficient statistics:
  Matrix range     [1e-07, 3e+02]
  Objective range  [1e+00, 1e+06]
  Bounds range     [0e+00, 0e+00]
  RHS range        [1e+00, 2e+08]
[2025-09-09 04:35:31] DEBUG    Presolve removed 19238502 rows and 10513057 columns (presolve time = 6s)...
[2025-09-09 04:35:35] DEBUG    Presolve removed 19242134 rows and 12360000 columns (presolve time = 11s)...
[2025-09-09 04:35:40] DEBUG    Presolve removed 21759605 rows and 14826692 columns (presolve time = 15s)...
[2025-09-09 04:35:45] DEBUG    Presolve removed 22297500 rows and 14931812 columns (presolve time = 21s)...
[2025-09-09 04:35:46] DEBUG    Presolve removed 22446403 rows and 14931812 columns
[2025-09-09 04:35:47] DEBUG    Presolve time: 23.16s
Presolved: 1673114 rows, 3265887 columns, 9404545 nonzeros

Concurrent LP optimizer: primal simplex, dual simplex, and barrier
Showing barrier log only...
[2025-09-09 04:35:58] DEBUG    Elapsed ordering time = 10s
[2025-09-09 04:36:02] DEBUG    Ordering time: 13.44s
[2025-09-09 04:36:03] DEBUG    Barrier statistics:
 Dense cols : 144
[2025-09-09 04:36:03] DEBUG    AA' NZ     : 8.917e+06
 Factor NZ  : 4.754e+07 (roughly 2.4 GB of memory)
 Factor Ops : 5.508e+09 (less than 1 second per iteration)
 Threads    : 30
[2025-09-09 04:36:08] DEBUG    Objective                Residual
[2025-09-09 04:36:08] DEBUG    Iter       Primal          Dual         Primal    Dual     Compl     Time
[2025-09-09 04:36:08] DEBUG    0   2.12647672e+21 -8.81063760e+18  6.97e+10 2.89e-11  3.82e+15    45s
[2025-09-09 04:36:13] DEBUG    1   1.71717516e+21 -8.80166400e+18  5.56e+10 2.28e+05  2.90e+15    49s
[2025-09-09 04:36:19] DEBUG    2   1.42990964e+21 -8.15617918e+18  4.57e+10 9.40e+04  2.15e+15    55s
[2025-09-09 04:36:25] DEBUG    3   1.06743371e+21 -7.32693911e+18  3.42e+10 2.81e+04  1.49e+15    62s
[2025-09-09 04:36:31] DEBUG    4   7.98147977e+20 -6.99634705e+18  2.58e+10 1.28e+04  1.11e+15    68s
[2025-09-09 04:36:35] DEBUG    5   6.24912580e+20 -6.76732527e+18  2.00e+10 6.20e+03  8.64e+14    72s
[2025-09-09 04:36:39] DEBUG    6   2.92475033e+20 -6.55072327e+18  9.28e+09 3.85e+03  4.11e+14    76s
[2025-09-09 04:36:44] DEBUG    7   1.23619271e+20 -6.07221542e+18  3.98e+09 1.77e+03  1.79e+14    81s
[2025-09-09 04:36:48] DEBUG    8   3.59368667e+19 -5.36979683e+18  1.24e+09 7.42e+02  5.69e+13    85s
[2025-09-09 04:36:54] DEBUG    9   1.88334702e+19 -4.21915175e+18  6.45e+08 9.23e+01  2.83e+13    90s
[2025-09-09 04:36:58] DEBUG    10   1.15753226e+19 -3.64125907e+18  3.94e+08 3.25e+01  1.72e+13    95s
[2025-09-09 04:37:04] DEBUG    11   8.26981171e+18 -2.96590447e+18  2.88e+08 6.31e+00  1.22e+13   100s
[2025-09-09 04:37:10] DEBUG    12   2.29370838e+18 -2.52040960e+18  7.78e+07 2.77e+00  3.57e+12   107s
[2025-09-09 04:37:16] DEBUG    13   8.56398202e+17 -1.48798182e+18  2.82e+07 3.23e-01  1.28e+12   113s
[2025-09-09 04:37:20] DEBUG    14   2.14488583e+16 -8.48247662e+17  6.57e+05 1.74e-01  1.51e+11   117s
[2025-09-09 04:37:25] DEBUG    15   6.61402628e+14 -4.23635040e+16  3.40e+03 9.79e-03  6.50e+09   121s
[2025-09-09 04:37:29] DEBUG    16   5.33134411e+14 -7.54239598e+15  1.41e+02 1.27e-02  1.17e+09   125s
[2025-09-09 04:37:33] DEBUG    17   5.21926091e+14 -2.40728604e+15  8.46e+01 1.45e-02  3.78e+08   130s
[2025-09-09 04:37:40] DEBUG    18   5.05408159e+14 -1.96586648e+15  3.33e+01 3.83e-02  3.08e+08   136s
[2025-09-09 04:37:44] DEBUG    19   5.02443843e+14 -7.54899299e+14  2.78e+01 1.56e-02  1.24e+08   140s
[2025-09-09 04:37:48] DEBUG    20   4.91102955e+14 -3.37387136e+14  9.36e+00 2.07e-02  5.66e+07   144s
[2025-09-09 04:37:52] DEBUG    21   4.86197811e+14 -1.63869850e+14  5.93e+00 1.57e-02  2.78e+07   148s
[2025-09-09 04:37:56] DEBUG    22   4.78165477e+14 -1.21090142e+14  2.20e+00 1.58e-02  2.06e+07   153s
[2025-09-09 04:38:00] DEBUG    23   4.77958379e+14 -1.10775000e+14  2.16e+00 1.58e-02  1.89e+07   157s
[2025-09-09 04:38:06] DEBUG    24   4.72374061e+14 -5.79041139e+13  1.21e+00 1.59e-02  9.95e+06   162s
[2025-09-09 04:38:14] DEBUG    25   4.71175345e+14 -4.23091012e+12  1.10e+00 1.60e-02  8.09e+05   171s
[2025-09-09 04:38:19] DEBUG    26   4.65451900e+14 -2.18759189e+12  5.95e-01 1.58e-02  4.18e+05   175s
[2025-09-09 04:38:23] DEBUG    27   4.60479977e+14 -7.63712242e+11  3.54e-01 1.52e-02  1.50e+05   180s
[2025-09-09 04:38:27] DEBUG    28   4.57852581e+14 -3.06316910e+11  2.77e-01 1.51e-02  6.26e+04   184s
[2025-09-09 04:38:31] DEBUG    29   4.57653464e+14 -2.19748719e+11  2.73e-01 1.50e-02  4.48e+04   188s
[2025-09-09 04:38:36] DEBUG    30   4.54269128e+14 -1.80608509e+11  1.97e-01 1.50e-02  3.00e+04   192s
[2025-09-09 04:38:41] DEBUG    31   4.51973584e+14 -1.55919846e+11  1.59e-01 1.50e-02  2.13e+04   198s
[2025-09-09 04:38:49] DEBUG    32   4.48727741e+14 -1.45070275e+11  1.16e-01 1.50e-02  1.49e+04   206s
[2025-09-09 04:38:58] DEBUG    33   4.45640654e+14 -1.37708170e+11  8.64e-02 1.50e-02  1.04e+04   215s
[2025-09-09 04:39:06] DEBUG    34   4.43264084e+14 -1.35673489e+11  6.93e-02 1.50e-02  8.32e+03   223s
[2025-09-09 04:39:17] DEBUG    35   4.41009040e+14 -1.34206428e+11  5.63e-02 1.50e-02  6.67e+03   233s
[2025-09-09 04:39:26] DEBUG    36   4.40192459e+14 -1.33583705e+11  5.24e-02 1.50e-02  6.15e+03   243s
[2025-09-09 04:39:33] DEBUG    37   4.39658940e+14 -1.33298439e+11  5.01e-02 1.50e-02  5.86e+03   250s
[2025-09-09 04:39:44] DEBUG    38   4.38296452e+14 -1.32499994e+11  4.44e-02 1.50e-02  5.09e+03   260s
[2025-09-09 04:39:54] DEBUG    39   4.36559424e+14 -1.32150835e+11  3.79e-02 1.50e-02  4.35e+03   270s
[2025-09-09 04:40:04] DEBUG    40   4.35239572e+14 -1.31827357e+11  3.37e-02 1.50e-02  3.84e+03   281s
[2025-09-09 04:40:13] DEBUG    41   4.34477368e+14 -1.31499483e+11  3.16e-02 1.50e-02  3.53e+03   290s
[2025-09-09 04:40:23] DEBUG    42   4.33536413e+14 -1.31229764e+11  2.91e-02 1.50e-02  3.21e+03   300s
[2025-09-09 04:40:34] DEBUG    43   4.32273830e+14 -1.31095532e+11  2.60e-02 1.50e-02  2.87e+03   310s
[2025-09-09 04:40:45] DEBUG    44   4.31753634e+14 -1.30974297e+11  2.49e-02 1.50e-02  2.71e+03   322s
[2025-09-09 04:40:55] DEBUG    45   4.30980759e+14 -1.30875764e+11  2.33e-02 1.50e-02  2.52e+03   331s
[2025-09-09 04:41:05] DEBUG    46   4.30043580e+14 -1.30765629e+11  2.15e-02 1.50e-02  2.30e+03   342s
[2025-09-09 04:41:15] DEBUG    47   4.29381817e+14 -1.30686961e+11  2.03e-02 1.50e-02  2.15e+03   352s
[2025-09-09 04:41:26] DEBUG    48   4.28657906e+14 -1.30597501e+11  1.91e-02 1.50e-02  1.99e+03   363s
[2025-09-09 04:41:36] DEBUG    49   4.27868138e+14 -1.30550324e+11  1.78e-02 1.50e-02  1.85e+03   373s
[2025-09-09 04:41:45] DEBUG    50   4.27679951e+14 -1.30526280e+11  1.75e-02 1.50e-02  1.81e+03   382s
[2025-09-09 04:41:54] DEBUG    51   4.26669792e+14 -1.30514856e+11  1.60e-02 1.50e-02  1.66e+03   390s
[2025-09-09 04:42:04] DEBUG    52   4.25955930e+14 -1.30491769e+11  1.51e-02 1.50e-02  1.56e+03   401s
[2025-09-09 04:42:14] DEBUG    53   4.25422499e+14 -1.30471103e+11  1.44e-02 1.50e-02  1.48e+03   411s
[2025-09-09 04:42:23] DEBUG    54   4.24662176e+14 -1.30450675e+11  1.35e-02 1.50e-02  1.38e+03   420s
[2025-09-09 04:42:34] DEBUG    55   4.24124958e+14 -1.30433381e+11  1.29e-02 1.50e-02  1.31e+03   431s
[2025-09-09 04:42:45] DEBUG    56   4.23332757e+14 -1.30431201e+11  1.20e-02 1.50e-02  1.22e+03   441s
[2025-09-09 04:42:55] DEBUG    57   4.22855745e+14 -1.30421859e+11  1.15e-02 1.50e-02  1.17e+03   451s
[2025-09-09 04:43:05] DEBUG    58   4.22299801e+14 -1.30413779e+11  1.10e-02 1.50e-02  1.11e+03   462s
[2025-09-09 04:43:16] DEBUG    59   4.21790535e+14 -1.30404809e+11  1.05e-02 1.50e-02  1.06e+03   473s
[2025-09-09 04:43:22] DEBUG    60   4.21605860e+14 -1.30403874e+11  1.04e-02 1.50e-02  1.04e+03   478s
[2025-09-09 04:43:32] DEBUG    61   4.20994869e+14 -1.30399370e+11  9.81e-03 1.50e-02  9.88e+02   489s
[2025-09-09 04:43:41] DEBUG    62   4.20437293e+14 -1.30392863e+11  9.37e-03 1.50e-02  9.38e+02   498s
[2025-09-09 04:43:52] DEBUG    63   4.20006257e+14 -1.30389574e+11  9.03e-03 1.50e-02  9.02e+02   509s
[2025-09-09 04:44:03] DEBUG    64   4.19442014e+14 -1.30386545e+11  8.58e-03 1.50e-02  8.57e+02   519s
[2025-09-09 04:44:12] DEBUG    65   4.18950893e+14 -1.30382487e+11  8.24e-03 1.50e-02  8.19e+02   529s
[2025-09-09 04:44:21] DEBUG    66   4.18312176e+14 -1.30378450e+11  7.79e-03 1.50e-02  7.73e+02   538s
[2025-09-09 04:44:33] DEBUG    67   4.17659308e+14 -1.30375341e+11  7.37e-03 1.50e-02  7.29e+02   549s
[2025-09-09 04:44:44] DEBUG    68   4.17390105e+14 -1.30371565e+11  7.21e-03 1.50e-02  7.09e+02   561s
[2025-09-09 04:44:52] DEBUG    69   4.17076863e+14 -1.30368794e+11  7.01e-03 1.50e-02  6.91e+02   568s
[2025-09-09 04:45:02] DEBUG    70   4.16582999e+14 -1.30365276e+11  6.72e-03 1.50e-02  6.61e+02   579s
[2025-09-09 04:45:10] DEBUG    71   4.16485292e+14 -1.30361170e+11  6.65e-03 1.50e-02  6.56e+02   586s
[2025-09-09 04:45:20] DEBUG    72   4.15836547e+14 -1.30355985e+11  6.29e-03 1.50e-02  6.21e+02   597s
[2025-09-09 04:45:30] DEBUG    73   4.15434390e+14 -1.30356972e+11  6.11e-03 1.50e-02  7.46e+02   606s
[2025-09-09 04:45:40] DEBUG    74   4.14980627e+14 -1.30349346e+11  5.86e-03 1.50e-02  7.16e+02   617s
[2025-09-09 04:45:52] DEBUG    75   4.14704226e+14 -1.30346572e+11  5.74e-03 1.50e-02  7.38e+02   629s
[2025-09-09 04:45:52] DEBUG    Barrier performed 75 iterations in 629.01 seconds (156.45 work units)
[2025-09-09 04:45:52] DEBUG    Numerical trouble encountered
[2025-09-09 04:45:52] DEBUG    Model may be infeasible or unbounded.  Consider using the
[2025-09-09 04:45:52] DEBUG    homogeneous algorithm (through parameter 'BarHomogeneous')
[2025-09-09 04:46:57] DEBUG    Waiting for other threads to finish...         694s
[2025-09-09 04:48:02] DEBUG    Waiting for other threads to finish...         758s
[2025-09-09 04:49:06] DEBUG    Waiting for other threads to finish...         823s
[2025-09-09 04:50:11] DEBUG    Waiting for other threads to finish...         887s
[2025-09-09 04:51:16] DEBUG    Waiting for other threads to finish...         952s
[2025-09-09 04:52:21] DEBUG    Waiting for other threads to finish...        1017s
[2025-09-09 04:53:25] DEBUG    Waiting for other threads to finish...        1082s
[2025-09-09 04:54:30] DEBUG    Waiting for other threads to finish...        1146s
[2025-09-09 04:55:10] DEBUG    Solved with dual simplex
[2025-09-09 04:55:21] DEBUG    Iteration    Objective       Primal Inf.    Dual Inf.      Time
[2025-09-09 04:55:21] DEBUG    1203417    1.8062560e+10   0.000000e+00   0.000000e+00   1197s

Solved in 1203417 iterations and 1197.35 seconds (668.11 work units)
[2025-09-09 04:55:21] DEBUG    Optimal objective  1.806255996e+10
✅ Scenario completato: existing_CG+VRES_2030_BESS

🚀 Lancio scenario: existing_CG+VRES_2030_nostorage
[2025-09-09 05:06:52] INFO     Loading sets
[2025-09-09 05:06:52] INFO     Loading parameters
[2025-09-09 05:07:27] INFO     constraints are loaded in the following order: ['energy_balance', 'dispatch', 'costs', 'capacity', 'network', 'policy', 'conversion', 'group', 'conversion_plus', 'milp', 'export']
[2025-09-09 05:07:27] INFO     creating energy_balance constraints
[2025-09-09 05:10:24] INFO     creating dispatch constraints
[2025-09-09 05:12:19] INFO     creating costs constraints
[2025-09-09 05:27:52] INFO     creating capacity constraints
[2025-09-09 05:27:52] INFO     creating network constraints
[2025-09-09 05:27:52] INFO     creating policy constraints
[2025-09-09 05:27:52] INFO     creating conversion constraints
[2025-09-09 05:27:52] INFO     creating group constraints
[2025-09-09 05:27:52] INFO     creating conversion_plus constraints
[2025-09-09 05:27:52] INFO     creating milp constraints
[2025-09-09 05:27:52] INFO     creating export constraints
[2025-09-09 05:39:52] DEBUG    Set parameter WLSAccessID
Set parameter WLSSecret
Set parameter LicenseID to value 2680226
[2025-09-09 05:39:53] DEBUG    Academic license 2680226 - for non-commercial use only - registered to an___@mail.polimi.it
[2025-09-09 05:40:26] DEBUG    Read LP format model from file /tmp/tmpuuy0fezu.pyomo.lp
[2025-09-09 05:40:26] DEBUG    Reading time = 33.83 seconds
x16778422: 22341063 rows, 16778422 columns, 54227515 nonzeros
[2025-09-09 05:40:26] DEBUG    Set parameter NumericFocus to value 1
[2025-09-09 05:40:26] DEBUG    Gurobi Optimizer version 12.0.2 build v12.0.2rc0 (linux64 - "Debian GNU/Linux 11 (bullseye)")

CPU model: Intel(R) Xeon(R) Silver 4314 CPU @ 2.40GHz, instruction set [SSE2|AVX|AVX2|AVX512]
Thread count: 32 physical cores, 64 logical processors, using up to 32 threads
[2025-09-09 05:40:26] DEBUG    Non-default parameters:
NumericFocus  1
[2025-09-09 05:40:26] DEBUG    Academic license 2680226 - for non-commercial use only - registered to an___@mail.polimi.it
[2025-09-09 05:40:26] DEBUG    Optimize a model with 22341063 rows, 16778422 columns and 54227515 nonzeros
[2025-09-09 05:40:27] DEBUG    Model fingerprint: 0x31fb9e23
[2025-09-09 05:40:27] DEBUG    Coefficient statistics:
  Matrix range     [1e-07, 3e+02]
  Objective range  [1e+00, 1e+06]
[2025-09-09 05:40:27] DEBUG    Bounds range     [0e+00, 0e+00]
  RHS range        [1e+00, 2e+08]
[2025-09-09 05:40:33] DEBUG    Presolve removed 18730306 rows and 10004861 columns (presolve time = 6s)...
[2025-09-09 05:40:37] DEBUG    Presolve removed 19732134 rows and 12850000 columns (presolve time = 10s)...
[2025-09-09 05:40:43] DEBUG    Presolve removed 21535260 rows and 14115372 columns (presolve time = 16s)...
[2025-09-09 05:40:46] DEBUG    Presolve removed 21684163 rows and 14220575 columns
[2025-09-09 05:40:46] DEBUG    Presolve time: 19.37s
Presolved: 656900 rows, 2706750 columns, 5136515 nonzeros

Concurrent LP optimizer: primal simplex, dual simplex, and barrier
Showing barrier log only...
[2025-09-09 05:40:47] DEBUG    Ordering time: 0.37s
[2025-09-09 05:40:48] DEBUG    Barrier statistics:
 Dense cols : 115
[2025-09-09 05:40:48] DEBUG    AA' NZ     : 1.957e+06
 Factor NZ  : 1.768e+07 (roughly 1.5 GB of memory)
 Factor Ops : 1.235e+09 (less than 1 second per iteration)
 Threads    : 30
[2025-09-09 05:40:50] DEBUG    Objective                Residual
[2025-09-09 05:40:50] DEBUG    Iter       Primal          Dual         Primal    Dual     Compl     Time
[2025-09-09 05:40:51] DEBUG    0   2.19009582e+21 -1.02109693e+19  6.97e+10 3.27e-03  4.43e+15    24s
[2025-09-09 05:40:54] DEBUG    1   1.76283449e+21 -1.03043282e+19  5.54e+10 3.65e+05  3.55e+15    28s
[2025-09-09 05:40:59] DEBUG    2   1.43728262e+21 -9.87968548e+18  4.52e+10 2.70e+05  2.91e+15    32s
[2025-09-09 05:41:04] DEBUG    3   1.24499906e+21 -9.06003964e+18  3.92e+10 1.52e+05  2.46e+15    37s
[2025-09-09 05:41:07] DEBUG    4   8.88209967e+20 -8.61213215e+18  2.70e+10 8.52e+04  1.70e+15    41s
[2025-09-09 05:41:12] DEBUG    5   7.49141008e+20 -8.09932603e+18  2.22e+10 2.91e+04  1.40e+15    45s
[2025-09-09 05:41:17] DEBUG    6   3.29725027e+20 -7.61346447e+18  9.01e+09 4.80e+03  5.80e+14    50s
[2025-09-09 05:41:21] DEBUG    7   1.47981829e+19 -6.71753754e+18  2.34e+08 2.17e+02  1.78e+13    54s
[2025-09-09 05:41:24] DEBUG    8   2.28266755e+18 -3.15475209e+18  3.38e+07 2.23e+01  2.89e+12    58s
[2025-09-09 05:41:26] DEBUG    9   7.46096656e+17 -1.21146232e+18  1.13e+07 3.62e+00  8.88e+11    60s
[2025-09-09 05:41:29] DEBUG    10   2.59655230e+17 -5.04156338e+17  4.06e+06 1.18e+00  2.96e+11    63s
[2025-09-09 05:41:32] DEBUG    11   6.93295721e+16 -1.69781038e+17  1.18e+06 1.38e+00  7.75e+10    65s
[2025-09-09 05:41:35] DEBUG    12   1.49241043e+16 -5.09620987e+16  2.78e+05 5.06e-01  1.74e+10    68s
[2025-09-09 05:41:37] DEBUG    13   2.70485805e+15 -1.24666609e+16  5.10e+04 1.01e-01  3.39e+09    71s
[2025-09-09 05:41:40] DEBUG    14   5.05545138e+14 -7.75100877e+14  8.70e+03 1.54e-03  2.63e+08    74s
[2025-09-09 05:41:43] DEBUG    15   4.35825286e+13 -5.54998223e+13  6.03e+01 3.04e-03  1.16e+07    77s
[2025-09-09 05:41:46] DEBUG    16   3.21192196e+13 -5.65957416e+12  1.51e-01 2.99e-03  1.13e+06    80s
[2025-09-09 05:41:49] DEBUG    17   2.68963155e+13 -7.29316550e+11  5.15e-02 4.94e-03  1.59e+05    83s
[2025-09-09 05:41:53] DEBUG    18   2.30681843e+13 -2.48277707e+11  2.17e-02 5.26e-03  1.02e+05    87s
[2025-09-09 05:42:00] DEBUG    19   2.27389700e+13 -2.04738795e+11  1.91e-02 5.27e-03  6.45e+05    94s
[2025-09-09 05:42:08] DEBUG    20   2.41867421e+13 -1.80933099e+11  1.75e-02 3.31e-02  1.81e+06   102s
[2025-09-09 05:42:21] DEBUG    21   1.37885394e+13 -3.89020287e+11  7.39e-03 1.91e-02  1.75e+06   115s
[2025-09-09 05:42:27] DEBUG    22   7.13776979e+12 -1.31827063e+11  3.68e-03 5.05e-03  8.16e+05   121s
[2025-09-09 05:42:35] DEBUG    23   5.74295179e+12 -1.27014045e+11  2.51e-03 5.04e-03  9.02e+05   129s
[2025-09-09 05:42:44] DEBUG    24   3.57406959e+12 -2.35603306e+11  1.18e-03 5.03e-03  6.72e+05   138s
[2025-09-09 05:42:51] DEBUG    25   7.77546251e+11 -1.30996347e+11  1.83e-04 5.02e-03  1.09e+05   145s
[2025-09-09 05:43:01] DEBUG    26   4.17617971e+11 -2.59147082e+10  1.83e-04 5.01e-03  3.94e+04   154s
[2025-09-09 05:43:07] DEBUG    27   3.55571828e+11 -1.75569928e+10  2.99e-04 5.02e-03  2.99e+04   160s
[2025-09-09 05:43:11] DEBUG    28   3.47270989e+11 -1.10570647e+10  5.43e-04 5.02e-03  2.77e+04   165s
[2025-09-09 05:43:15] DEBUG    29   3.44085402e+11 -9.99912542e+09  6.71e-04 5.02e-03  2.71e+04   169s
[2025-09-09 05:43:19] DEBUG    30   3.39477155e+11 -7.94105937e+09  1.65e-03 5.02e-03  2.62e+04   173s
[2025-09-09 05:43:25] DEBUG    31   3.26489107e+11 -2.10562717e+09  6.71e-04 5.02e-03  2.36e+04   179s
[2025-09-09 05:43:31] DEBUG    32   2.21073616e+11  1.14261913e+10  6.71e-04 5.03e-03  1.04e+04   185s
[2025-09-09 05:43:43] DEBUG    33   6.16643892e+11  1.20316807e+10  4.34e-04 5.02e-03  6.17e+04   197s
[2025-09-09 05:43:54] DEBUG    34   5.32308673e+11  1.45057280e+10  6.71e-04 5.01e-03  3.61e+04   208s
[2025-09-09 05:44:03] DEBUG    35   4.73947803e+11  1.42965157e+10  2.99e-04 5.01e-03  2.64e+04   216s
[2025-09-09 05:44:10] DEBUG    36   4.66516398e+11  1.44387159e+10  1.83e-04 5.01e-03  2.54e+04   223s
[2025-09-09 05:44:18] DEBUG    37   4.62926960e+11  1.42794389e+10  7.93e-04 5.01e-03  2.47e+04   232s
[2025-09-09 05:44:27] DEBUG    38   4.54903238e+11  1.42702197e+10  6.71e-04 5.01e-03  2.32e+04   240s
[2025-09-09 05:44:37] DEBUG    39   4.37125002e+11  1.52103669e+10  5.43e-04 5.01e-03  1.98e+04   250s
[2025-09-09 05:44:44] DEBUG    40   2.83607274e+11  1.54090841e+10  1.16e-03 5.01e-03  7.07e+03   258s
[2025-09-09 05:44:55] DEBUG    41   2.19397622e+11  1.61604615e+10  2.08e-04 5.01e-03  3.91e+03   269s
[2025-09-09 05:45:04] DEBUG    42   2.04101436e+11  1.63607013e+10  6.78e-04 5.01e-03  3.22e+03   278s
[2025-09-09 05:45:14] DEBUG    43   1.86410257e+11  1.66812227e+10  3.05e-04 5.01e-03  2.02e+03   287s
[2025-09-09 05:45:20] DEBUG    44   1.83915579e+11  1.68367815e+10  3.30e-04 5.01e-03  1.89e+03   293s
[2025-09-09 05:45:26] DEBUG    45   1.81435705e+11  1.69220835e+10  1.90e-04 5.01e-03  1.69e+03   300s
[2025-09-09 05:45:34] DEBUG    46   1.79056946e+11  1.71670178e+10  7.93e-04 5.01e-03  1.52e+03   307s
[2025-09-09 05:45:39] DEBUG    47   1.75148524e+11  1.74364494e+10  2.99e-04 5.01e-03  1.07e+03   313s
[2025-09-09 05:45:46] DEBUG    48   1.74064735e+11  1.76245484e+10  7.93e-04 5.01e-03  9.29e+02   320s
[2025-09-09 05:45:56] DEBUG    49   1.72755746e+11  1.76802043e+10  3.05e-04 5.01e-03  7.26e+02   329s
[2025-09-09 05:46:05] DEBUG    50   1.72172863e+11  1.76909131e+10  3.05e-04 5.01e-03  6.35e+02   338s
[2025-09-09 05:46:14] DEBUG    51   1.71359434e+11  1.77230382e+10  1.90e-04 5.01e-03  5.12e+02   348s
[2025-09-09 05:46:23] DEBUG    52   1.70726505e+11  1.78023114e+10  5.43e-04 5.01e-03  4.13e+02   357s
[2025-09-09 05:46:31] DEBUG    53   1.70101000e+11  1.78638072e+10  1.83e-04 5.01e-03  3.17e+02   365s
[2025-09-09 05:46:42] DEBUG    54   1.69640545e+11  1.79062166e+10  3.05e-04 5.01e-03  2.50e+02   376s
[2025-09-09 05:46:53] DEBUG    55   1.69367451e+11  1.79418927e+10  6.71e-04 5.01e-03  2.08e+02   386s
[2025-09-09 05:47:02] DEBUG    56   1.68887800e+11  1.79642263e+10  6.71e-04 5.01e-03  1.41e+02   395s
[2025-09-09 05:47:10] DEBUG    57   1.68651761e+11  1.79823331e+10  2.99e-04 5.01e-03  1.11e+02   404s
[2025-09-09 05:47:18] DEBUG    58   1.68419482e+11  1.80025631e+10  9.22e-04 5.01e-03  7.94e+01   412s
[2025-09-09 05:47:26] DEBUG    59   1.68220633e+11  1.80170336e+10  3.05e-04 5.01e-03  5.57e+01   420s
[2025-09-09 05:47:33] DEBUG    60   1.68104874e+11  1.80267666e+10  7.93e-04 5.01e-03  4.33e+01   427s
[2025-09-09 05:47:40] DEBUG    61   1.68026893e+11  1.80376322e+10  3.05e-04 5.01e-03  3.29e+01   434s
[2025-09-09 05:47:48] DEBUG    62   1.67970421e+11  1.80429086e+10  3.05e-04 5.01e-03  2.64e+01   442s
[2025-09-09 05:47:54] DEBUG    63   1.67914559e+11  1.80471066e+10  5.43e-04 5.01e-03  2.07e+01   448s
[2025-09-09 05:48:01] DEBUG    64   1.67876507e+11  1.80484503e+10  5.43e-04 5.01e-03  1.75e+01   455s
[2025-09-09 05:48:08] DEBUG    65   1.67842723e+11  1.80494757e+10  5.43e-04 5.01e-03  1.49e+01   461s
[2025-09-09 05:48:16] DEBUG    66   1.67834430e+11  1.80499879e+10  6.71e-04 5.01e-03  1.42e+01   470s
[2025-09-09 05:48:23] DEBUG    67   1.67820854e+11  1.80508141e+10  4.34e-04 5.01e-03  1.31e+01   477s
[2025-09-09 05:48:30] DEBUG    68   1.67801652e+11  1.80516533e+10  4.52e-04 5.01e-03  1.17e+01   484s
[2025-09-09 05:48:36] DEBUG    69   1.67768162e+11  1.80519285e+10  1.90e-04 5.01e-03  9.89e+00   490s
[2025-09-09 05:48:43] DEBUG    70   1.67752226e+11  1.80523034e+10  6.71e-04 5.01e-03  8.95e+00   497s
[2025-09-09 05:48:51] DEBUG    71   1.67730870e+11  1.80523985e+10  1.90e-04 5.01e-03  8.00e+00   504s
[2025-09-09 05:48:56] DEBUG    72   1.67714165e+11  1.80526416e+10  1.90e-04 5.01e-03  7.11e+00   510s
[2025-09-09 05:49:03] DEBUG    73   1.67697504e+11  1.80527056e+10  4.34e-04 5.01e-03  6.43e+00   516s
[2025-09-09 05:49:09] DEBUG    74   1.67686513e+11  1.80527237e+10  6.78e-04 5.01e-03  6.04e+00   523s
[2025-09-09 05:49:14] DEBUG    75   1.67675473e+11  1.80527508e+10  6.71e-04 5.01e-03  5.61e+00   528s
[2025-09-09 05:49:22] DEBUG    76   1.67668832e+11  1.80527406e+10  2.99e-04 5.01e-03  5.37e+00   536s
[2025-09-09 05:49:29] DEBUG    77   1.67662416e+11  1.80527265e+10  6.71e-04 5.01e-03  5.16e+00   543s
[2025-09-09 05:49:36] DEBUG    78   1.67651120e+11  1.80526884e+10  1.83e-04 5.01e-03  4.79e+00   550s
[2025-09-09 05:49:43] DEBUG    79   1.67645432e+11  1.80526228e+10  7.87e-04 5.01e-03  4.56e+00   557s
[2025-09-09 05:49:49] DEBUG    80   1.67636952e+11  1.80525729e+10  6.78e-04 5.01e-03  4.33e+00   562s
[2025-09-09 05:49:55] DEBUG    81   1.67630490e+11  1.80525099e+10  7.87e-04 5.01e-03  4.15e+00   569s
[2025-09-09 05:49:59] DEBUG    82   1.67626144e+11  1.80524744e+10  1.83e-04 5.01e-03  4.04e+00   573s
[2025-09-09 05:50:04] DEBUG    83   1.67612377e+11  1.80523371e+10  4.34e-04 5.01e-03  3.67e+00   577s
[2025-09-09 05:50:11] DEBUG    84   1.67602851e+11  1.80522646e+10  1.90e-04 5.01e-03  3.45e+00   584s
[2025-09-09 05:50:17] DEBUG    85   1.67593411e+11  1.80520929e+10  1.83e-04 5.01e-03  3.19e+00   591s
[2025-09-09 05:50:23] DEBUG    86   1.67583499e+11  1.80520586e+10  6.71e-04 5.01e-03  3.02e+00   596s
[2025-09-09 05:50:29] DEBUG    87   1.67575729e+11  1.80519081e+10  3.05e-04 5.01e-03  2.83e+00   603s
[2025-09-09 05:50:35] DEBUG    88   1.67569677e+11  1.80518886e+10  1.90e-04 5.01e-03  2.73e+00   608s
[2025-09-09 05:50:40] DEBUG    89   1.67565293e+11  1.80518126e+10  3.05e-04 5.01e-03  2.64e+00   613s
[2025-09-09 05:50:47] DEBUG    90   1.67564605e+11  1.80518070e+10  6.71e-04 5.01e-03  2.63e+00   620s
[2025-09-09 05:50:53] DEBUG    91   1.67559667e+11  1.80517273e+10  6.71e-04 5.01e-03  2.53e+00   627s
[2025-09-09 05:51:00] DEBUG    92   1.67553138e+11  1.80515305e+10  6.78e-04 5.01e-03  2.42e+00   634s
[2025-09-09 05:51:07] DEBUG    93   1.67544165e+11  1.80514717e+10  6.71e-04 5.01e-03  2.29e+00   640s
[2025-09-09 05:51:11] DEBUG    94   1.67542659e+11  1.80514159e+10  1.16e-03 5.01e-03  2.25e+00   645s
[2025-09-09 05:51:17] DEBUG    95   1.67541013e+11  1.80514025e+10  1.16e-03 5.01e-03  2.23e+00   651s
[2025-09-09 05:51:23] DEBUG    96   1.67540169e+11  1.80513722e+10  6.71e-04 5.01e-03  2.21e+00   656s
[2025-09-09 05:51:23] DEBUG    Barrier performed 96 iterations in 656.22 seconds (142.16 work units)
[2025-09-09 05:51:23] DEBUG    Barrier solve interrupted - model solved by another algorithm
[2025-09-09 05:51:23] DEBUG    Solved with dual simplex
[2025-09-09 05:51:33] DEBUG    Iteration    Objective       Primal Inf.    Dual Inf.      Time
[2025-09-09 05:51:33] DEBUG    368239    1.8062560e+10   0.000000e+00   0.000000e+00    666s

Solved in 368239 iterations and 666.46 seconds (158.69 work units)
[2025-09-09 05:51:33] DEBUG    Optimal objective  1.806255996e+10
✅ Scenario completato: existing_CG+VRES_2030_nostorage

🚀 Lancio scenario: existing_GT+VRES_2030_PHES
[2025-09-09 06:04:11] INFO     Loading sets
[2025-09-09 06:04:11] INFO     Loading parameters
[2025-09-09 06:04:47] INFO     constraints are loaded in the following order: ['energy_balance', 'dispatch', 'costs', 'capacity', 'network', 'policy', 'conversion', 'group', 'conversion_plus', 'milp', 'export']
[2025-09-09 06:04:47] INFO     creating energy_balance constraints
[2025-09-09 06:07:56] INFO     creating dispatch constraints
[2025-09-09 06:10:01] INFO     creating costs constraints
[2025-09-09 06:19:33] INFO     creating capacity constraints
[2025-09-09 06:19:33] INFO     creating network constraints
[2025-09-09 06:19:33] INFO     creating policy constraints
[2025-09-09 06:19:33] INFO     creating conversion constraints
[2025-09-09 06:19:33] INFO     creating group constraints
[2025-09-09 06:19:33] INFO     creating conversion_plus constraints
[2025-09-09 06:19:33] INFO     creating milp constraints
[2025-09-09 06:19:33] INFO     creating export constraints
[2025-09-09 06:32:29] DEBUG    Set parameter WLSAccessID
Set parameter WLSSecret
Set parameter LicenseID to value 2680226
[2025-09-09 06:32:29] DEBUG    Academic license 2680226 - for non-commercial use only - registered to an___@mail.polimi.it
[2025-09-09 06:33:06] DEBUG    Read LP format model from file /tmp/tmphyf7w6ft.pyomo.lp
[2025-09-09 06:33:06] DEBUG    Reading time = 36.67 seconds
x18048796: 24119575 rows, 18048796 columns, 59054652 nonzeros
Set parameter NumericFocus to value 1
Gurobi Optimizer version 12.0.2 build v12.0.2rc0 (linux64 - "Debian GNU/Linux 11 (bullseye)")

CPU model: Intel(R) Xeon(R) Silver 4314 CPU @ 2.40GHz, instruction set [SSE2|AVX|AVX2|AVX512]
Thread count: 32 physical cores, 64 logical processors, using up to 32 threads

Non-default parameters:
NumericFocus  1
[2025-09-09 06:33:06] DEBUG    Academic license 2680226 - for non-commercial use only - registered to an___@mail.polimi.it
Optimize a model with 24119575 rows, 18048796 columns and 59054652 nonzeros
[2025-09-09 06:33:06] DEBUG    Model fingerprint: 0x8db66c29
[2025-09-09 06:33:07] DEBUG    Coefficient statistics:
  Matrix range     [1e-07, 3e+02]
  Objective range  [1e+00, 1e+06]
  Bounds range     [0e+00, 0e+00]
  RHS range        [1e+00, 6e+09]
Warning: Model contains large rhs
[2025-09-09 06:33:13] DEBUG    Presolve removed 19369966 rows and 10591903 columns (presolve time = 7s)...
[2025-09-09 06:33:17] DEBUG    Presolve removed 19374778 rows and 12440000 columns (presolve time = 11s)...
[2025-09-09 06:33:22] DEBUG    Presolve removed 21864864 rows and 14884508 columns (presolve time = 15s)...
[2025-09-09 06:33:27] DEBUG    Presolve removed 22402753 rows and 14989628 columns (presolve time = 20s)...
[2025-09-09 06:33:29] DEBUG    Presolve removed 22551656 rows and 14989628 columns
[2025-09-09 06:33:29] DEBUG    Presolve time: 23.11s
Presolved: 1567919 rows, 3208071 columns, 8962695 nonzeros

Concurrent LP optimizer: primal simplex, dual simplex, and barrier
Showing barrier log only...
[2025-09-09 06:33:58] DEBUG    Elapsed ordering time = 28s
[2025-09-09 06:34:00] DEBUG    Elapsed ordering time = 30s
[2025-09-09 06:34:07] DEBUG    Ordering time: 36.60s
[2025-09-09 06:34:08] DEBUG    Barrier statistics:
 Dense cols : 141
 AA' NZ     : 8.196e+06
 Factor NZ  : 4.546e+07 (roughly 2.3 GB of memory)
 Factor Ops : 5.373e+09 (less than 1 second per iteration)
 Threads    : 30
[2025-09-09 06:34:12] DEBUG    Objective                Residual
[2025-09-09 06:34:12] DEBUG    Iter       Primal          Dual         Primal    Dual     Compl     Time
[2025-09-09 06:34:12] DEBUG    0   2.27017630e+21 -8.94294742e+18  6.97e+10 2.89e-11  4.00e+15    67s
[2025-09-09 06:34:16] DEBUG    1   2.06839777e+21 -1.02514626e+19  6.32e+10 2.36e+05  3.43e+15    70s
[2025-09-09 06:34:22] DEBUG    2   1.97061557e+21 -3.82209592e+19  6.03e+10 1.65e+05  3.26e+15    76s
[2025-09-09 06:34:29] DEBUG    3   1.67270226e+21 -1.34569031e+20  5.06e+10 6.11e+04  2.76e+15    84s
[2025-09-09 06:34:35] DEBUG    4   1.16437207e+21 -1.52894670e+20  3.44e+10 2.05e+04  1.90e+15    89s
[2025-09-09 06:34:43] DEBUG    5   7.67301348e+20 -1.32496459e+20  2.28e+10 4.51e+03  1.28e+15    97s
[2025-09-09 06:34:48] DEBUG    6   2.37904413e+20 -1.12964381e+20  6.44e+09 1.49e+03  3.81e+14   103s
[2025-09-09 06:34:53] DEBUG    7   4.89275331e+19 -6.15761615e+19  1.32e+09 2.91e+02  8.15e+13   107s
[2025-09-09 06:34:56] DEBUG    8   1.38358076e+19 -3.09823114e+19  3.54e+08 8.55e+01  2.35e+13   111s
[2025-09-09 06:35:00] DEBUG    9   5.89949781e+18 -1.21952527e+19  1.54e+08 2.32e+01  9.48e+12   115s
[2025-09-09 06:35:05] DEBUG    10   2.58648242e+18 -6.05232856e+18  6.79e+07 8.11e+00  4.12e+12   119s
[2025-09-09 06:35:09] DEBUG    11   1.20115481e+18 -2.76056184e+18  3.11e+07 2.25e+00  1.79e+12   124s
[2025-09-09 06:35:13] DEBUG    12   2.75846392e+17 -1.37586006e+18  7.23e+06 6.27e-01  5.02e+11   127s
[2025-09-09 06:35:17] DEBUG    13   5.77730530e+16 -3.74490928e+17  1.47e+06 1.42e-01  1.04e+11   132s
[2025-09-09 06:35:22] DEBUG    14   2.44709573e+15 -6.36042162e+16  5.28e+04 1.08e-02  1.09e+10   136s
[2025-09-09 06:35:26] DEBUG    15   1.23760740e+14 -1.35238317e+15  4.74e-03 3.84e-04  2.09e+08   141s
[2025-09-09 06:35:32] DEBUG    16   9.79822240e+13 -3.10175938e+14  1.57e-04 3.42e-03  4.88e+07   147s
[2025-09-09 06:35:40] DEBUG    17   8.32900039e+13 -7.34218436e+13  4.68e-05 6.08e-03  1.18e+07   155s
[2025-09-09 06:35:48] DEBUG    18   7.92806481e+13 -4.30996375e+13  3.76e-05 6.81e-03  7.05e+06   162s
[2025-09-09 06:35:54] DEBUG    19   7.76014020e+13 -1.44215217e+13  3.95e-05 1.96e-02  2.56e+06   168s
[2025-09-09 06:35:59] DEBUG    20   7.43265179e+13 -8.99106718e+12  4.01e-05 1.98e-02  1.65e+06   173s
[2025-09-09 06:36:03] DEBUG    21   7.31006406e+13 -8.15564780e+12  3.64e-05 1.93e-02  1.49e+06   178s
[2025-09-09 06:36:10] DEBUG    22   7.13338903e+13 -3.19533068e+12  2.09e-05 2.83e-02  6.82e+05   184s
[2025-09-09 06:36:16] DEBUG    23   7.04641282e+13 -2.44124044e+12  2.22e-05 3.17e-02  5.50e+05   191s
[2025-09-09 06:36:25] DEBUG    24   6.64971245e+13 -8.70955938e+11  2.54e-05 7.51e-02  2.43e+05   199s
[2025-09-09 06:36:34] DEBUG    25   6.47900733e+13 -6.98863044e+11  1.76e-05 7.86e-02  1.98e+05   209s
[2025-09-09 06:36:42] DEBUG    26   6.31339195e+13 -4.14723059e+11  2.83e-05 8.31e-02  1.38e+05   216s
[2025-09-09 06:36:49] DEBUG    27   6.28797716e+13 -3.84907983e+11  2.05e-05 8.31e-02  1.31e+05   223s
[2025-09-09 06:36:54] DEBUG    28   6.17039264e+13 -2.95709665e+11  4.21e-05 8.27e-02  1.08e+05   228s
[2025-09-09 06:36:59] DEBUG    29   6.00536890e+13 -2.15351118e+11  2.67e-05 8.15e-02  8.44e+04   233s
[2025-09-09 06:37:08] DEBUG    30   5.78626274e+13 -1.50933600e+11  2.24e-05 7.95e-02  6.25e+04   243s
[2025-09-09 06:37:18] DEBUG    31   5.67711669e+13 -1.22279693e+11  2.18e-05 7.82e-02  5.31e+04   253s
[2025-09-09 06:37:29] DEBUG    32   5.50874428e+13 -1.03122432e+11  2.19e-05 7.69e-02  4.36e+04   263s
[2025-09-09 06:37:50] DEBUG    33   5.36695490e+13 -8.57855866e+10  1.99e-05 7.45e-02  4.15e+04   285s
[2025-09-09 06:38:02] DEBUG    34   5.31590203e+13 -7.48170586e+10  2.10e-05 7.27e-02  4.10e+04   297s
[2025-09-09 06:38:13] DEBUG    35   5.15897060e+13 -5.09851309e+10  2.52e-05 6.91e-02  3.41e+04   308s
[2025-09-09 06:38:25] DEBUG    36   4.97538181e+13 -3.20110381e+10  2.06e-05 6.45e-02  2.68e+04   319s
[2025-09-09 06:38:33] DEBUG    37   4.91000839e+13 -2.69520866e+10  5.74e-05 6.32e-02  2.45e+04   328s
[2025-09-09 06:38:43] DEBUG    38   4.80422998e+13 -2.01730752e+10  2.43e-05 6.12e-02  2.11e+04   337s
[2025-09-09 06:38:54] DEBUG    39   4.67618999e+13 -9.64748955e+09  3.84e-05 5.78e-02  1.73e+04   349s
[2025-09-09 06:38:59] DEBUG    40   4.63492359e+13 -8.13139969e+09  2.06e-05 5.73e-02  1.64e+04   354s
[2025-09-09 06:39:08] DEBUG    41   4.47218227e+13 -3.49318298e+09  2.14e-05 5.56e-02  1.31e+04   362s
[2025-09-09 06:39:19] DEBUG    42   4.41586882e+13 -1.21176389e+09  4.47e-05 5.48e-02  1.20e+04   373s
[2025-09-09 06:39:35] DEBUG    43   4.38282936e+13 -9.25253858e+08  7.13e-05 5.47e-02  1.19e+04   389s
[2025-09-09 06:39:45] DEBUG    44   4.33115814e+13 -3.71361841e+08  3.56e-05 5.45e-02  1.11e+04   399s
[2025-09-09 06:39:54] DEBUG    45   4.30080887e+13  4.43280313e+08  3.42e-05 5.42e-02  1.10e+04   408s
[2025-09-09 06:40:02] DEBUG    46   4.28561839e+13  8.50759479e+08  8.28e-05 5.40e-02  1.08e+04   417s
[2025-09-09 06:40:09] DEBUG    47   4.26624941e+13  1.10487555e+09  4.20e-05 5.39e-02  1.05e+04   423s
[2025-09-09 06:40:15] DEBUG    48   4.25254101e+13  1.46082017e+09  5.18e-05 5.37e-02  1.03e+04   429s
[2025-09-09 06:40:27] DEBUG    49   4.22839896e+13  1.96708847e+09  4.51e-05 5.35e-02  9.93e+03   441s
[2025-09-09 06:40:49] DEBUG    50   4.16728790e+13  2.23903006e+09  6.23e-05 5.34e-02  9.67e+03   463s
[2025-09-09 06:40:59] DEBUG    51   4.15407560e+13  2.75897012e+09  9.40e-05 5.32e-02  9.46e+03   474s
[2025-09-09 06:41:07] DEBUG    52   4.14384487e+13  3.15871564e+09  6.88e-05 5.30e-02  9.30e+03   481s
[2025-09-09 06:41:14] DEBUG    53   4.11093738e+13  3.41721118e+09  5.71e-05 5.29e-02  8.83e+03   488s
[2025-09-09 06:41:21] DEBUG    54   4.09610788e+13  3.68100847e+09  7.67e-05 5.27e-02  8.61e+03   495s
[2025-09-09 06:41:29] DEBUG    55   4.06654056e+13  4.36145648e+09  6.68e-05 5.24e-02  8.17e+03   503s
[2025-09-09 06:41:37] DEBUG    56   4.03719243e+13  4.76159911e+09  4.54e-05 5.23e-02  7.78e+03   511s
[2025-09-09 06:41:45] DEBUG    57   4.01246534e+13  5.10374873e+09  4.46e-05 5.21e-02  7.45e+03   519s
[2025-09-09 06:41:54] DEBUG    58   3.99073056e+13  5.45039527e+09  4.71e-05 5.19e-02  7.18e+03   528s
[2025-09-09 06:42:02] DEBUG    59   3.97266492e+13  5.92197724e+09  4.13e-05 5.17e-02  6.94e+03   536s
[2025-09-09 06:42:14] DEBUG    60   3.93076302e+13  6.65170190e+09  3.76e-05 5.14e-02  6.41e+03   549s
[2025-09-09 06:42:28] DEBUG    61   3.88532131e+13  7.48185244e+09  3.37e-05 5.10e-02  5.87e+03   562s
[2025-09-09 06:42:36] DEBUG    62   3.86551979e+13  7.69691333e+09  3.28e-05 5.08e-02  5.65e+03   571s
[2025-09-09 06:42:46] DEBUG    63   3.83156182e+13  8.09707597e+09  3.11e-05 5.06e-02  5.29e+03   580s
[2025-09-09 06:42:53] DEBUG    64   3.80425563e+13  8.44020770e+09  3.86e-05 5.04e-02  5.01e+03   588s
[2025-09-09 06:43:05] DEBUG    65   3.77964441e+13  8.70262310e+09  3.72e-05 5.03e-02  4.77e+03   599s
[2025-09-09 06:43:15] DEBUG    66   3.73168824e+13  8.89588070e+09  3.68e-05 5.01e-02  4.38e+03   609s
[2025-09-09 06:43:25] DEBUG    67   3.71528030e+13  9.10922319e+09  3.31e-05 5.00e-02  4.24e+03   619s
[2025-09-09 06:43:31] DEBUG    68   3.69218154e+13  9.25559332e+09  3.81e-05 4.99e-02  4.06e+03   626s
[2025-09-09 06:43:41] DEBUG    69   3.64037015e+13  9.64568031e+09  3.62e-05 4.96e-02  3.65e+03   636s
[2025-09-09 06:43:51] DEBUG    70   3.61765692e+13  9.88501573e+09  3.69e-05 4.95e-02  3.48e+03   645s
[2025-09-09 06:44:01] DEBUG    71   3.58768493e+13  1.00764700e+10  3.43e-05 4.93e-02  3.28e+03   655s
[2025-09-09 06:44:10] DEBUG    72   3.56337249e+13  1.03075797e+10  3.55e-05 4.91e-02  3.12e+03   665s
[2025-09-09 06:44:18] DEBUG    73   3.54720293e+13  1.03706101e+10  3.47e-05 4.91e-02  3.03e+03   672s
[2025-09-09 06:44:33] DEBUG    74   3.52979200e+13  1.04449378e+10  3.34e-05 4.90e-02  2.98e+03   687s
[2025-09-09 06:44:48] DEBUG    75   3.50278738e+13  1.04819767e+10  3.88e-05 4.89e-02  2.93e+03   702s
[2025-09-09 06:44:59] DEBUG    76   3.47116862e+13  1.07023772e+10  3.86e-05 4.88e-02  2.94e+03   714s
[2025-09-09 06:45:10] DEBUG    77   3.45199141e+13  1.08474702e+10  4.56e-05 4.86e-02  2.89e+03   724s
[2025-09-09 06:45:17] DEBUG    78   3.44119601e+13  1.09402497e+10  3.88e-05 4.85e-02  2.92e+03   732s
[2025-09-09 06:45:25] DEBUG    79   3.42820587e+13  1.10534288e+10  3.19e-05 4.85e-02  2.87e+03   740s
[2025-09-09 06:45:34] DEBUG    80   3.40210843e+13  1.11480678e+10  2.93e-05 4.84e-02  2.73e+03   749s
[2025-09-09 06:45:44] DEBUG    81   3.38133426e+13  1.12233968e+10  3.07e-05 4.83e-02  2.62e+03   759s
[2025-09-09 06:45:56] DEBUG    82   3.36441471e+13  1.13365633e+10  4.11e-05 4.82e-02  2.54e+03   770s
[2025-09-09 06:46:06] DEBUG    83   3.34957251e+13  1.14363137e+10  3.09e-05 4.81e-02  2.47e+03   781s
[2025-09-09 06:46:16] DEBUG    84   3.33515780e+13  1.15197298e+10  3.16e-05 4.80e-02  2.40e+03   790s
[2025-09-09 06:46:22] DEBUG    85   3.32113334e+13  1.15548422e+10  3.29e-05 4.80e-02  2.33e+03   797s
[2025-09-09 06:46:31] DEBUG    86   3.31221081e+13  1.16128894e+10  4.05e-05 4.79e-02  2.29e+03   806s
[2025-09-09 06:46:40] DEBUG    87   3.30787508e+13  1.17097148e+10  4.18e-05 4.78e-02  2.27e+03   815s
[2025-09-09 06:46:50] DEBUG    88   3.29669008e+13  1.18493020e+10  4.23e-05 4.77e-02  2.23e+03   825s
[2025-09-09 06:46:59] DEBUG    89   3.28792864e+13  1.19522224e+10  3.75e-05 4.76e-02  2.20e+03   833s
[2025-09-09 06:47:11] DEBUG    90   3.28362478e+13  1.20397311e+10  3.75e-05 4.76e-02  2.18e+03   845s
[2025-09-09 06:47:21] DEBUG    91   3.28076928e+13  1.21197304e+10  4.05e-05 4.75e-02  2.17e+03   855s
[2025-09-09 06:47:31] DEBUG    92   3.26385770e+13  1.22364171e+10  3.95e-05 4.74e-02  2.10e+03   865s
[2025-09-09 06:47:40] DEBUG    93   3.25944469e+13  1.23362005e+10  3.81e-05 4.74e-02  2.08e+03   874s
[2025-09-09 06:47:53] DEBUG    94   3.24803335e+13  1.24515276e+10  4.60e-05 4.73e-02  2.04e+03   887s
[2025-09-09 06:48:03] DEBUG    95   3.24359241e+13  1.25621539e+10  4.29e-05 4.72e-02  2.02e+03   897s
[2025-09-09 06:48:12] DEBUG    96   3.23833305e+13  1.26048910e+10  4.48e-05 4.71e-02  2.00e+03   907s
[2025-09-09 06:48:27] DEBUG    97   3.22386667e+13  1.26088348e+10  4.81e-05 4.70e-02  1.95e+03   921s
[2025-09-09 06:48:36] DEBUG    98   3.22008284e+13  1.26458136e+10  4.49e-05 4.69e-02  1.94e+03   930s
[2025-09-09 06:48:50] DEBUG    99   3.21099121e+13  1.26663353e+10  4.62e-05 4.68e-02  1.90e+03   944s
[2025-09-09 06:49:09] DEBUG    100   3.20732570e+13  1.26739203e+10  5.03e-05 4.68e-02  1.91e+03   963s
[2025-09-09 06:49:32] DEBUG    101   3.19039271e+13  1.26839605e+10  5.91e-05 4.68e-02  1.90e+03   986s
[2025-09-09 06:49:55] DEBUG    102   3.17394190e+13  1.26950154e+10  4.68e-05 4.67e-02  1.88e+03  1009s
[2025-09-09 06:50:18] DEBUG    103   3.16548775e+13  1.27118599e+10  4.91e-05 4.66e-02  1.89e+03  1032s
[2025-09-09 06:50:18] DEBUG    Barrier performed 103 iterations in 1032.31 seconds (231.91 work units)
[2025-09-09 06:50:18] DEBUG    Numerical trouble encountered
[2025-09-09 06:50:18] DEBUG    Model may be infeasible or unbounded.  Consider using the
[2025-09-09 06:50:18] DEBUG    homogeneous algorithm (through parameter 'BarHomogeneous')
[2025-09-09 06:51:23] DEBUG    Waiting for other threads to finish...        1097s
[2025-09-09 06:52:28] DEBUG    Waiting for other threads to finish...        1162s
[2025-09-09 06:53:32] DEBUG    Waiting for other threads to finish...        1226s
[2025-09-09 06:54:27] DEBUG    Solved with dual simplex
[2025-09-09 06:54:38] DEBUG    Iteration    Objective       Primal Inf.    Dual Inf.      Time
[2025-09-09 06:54:38] DEBUG    1050744    1.8062560e+10   0.000000e+00   0.000000e+00   1292s

Solved in 1050744 iterations and 1292.17 seconds (544.36 work units)
[2025-09-09 06:54:38] DEBUG    Optimal objective  1.806255996e+10
✅ Scenario completato: existing_GT+VRES_2030_PHES
🏁 Tutti gli scenari sono stati processati.
