
🚀 Lancio scenario: existing_VRES_2030_BESS
[2025-08-29 21:21:50] INFO     Loading sets
[2025-08-29 21:21:50] INFO     Loading parameters
[2025-08-29 21:22:36] INFO     constraints are loaded in the following order: ['energy_balance', 'dispatch', 'costs', 'capacity', 'network', 'policy', 'conversion', 'group', 'conversion_plus', 'milp', 'export']
[2025-08-29 21:22:36] INFO     creating energy_balance constraints
[2025-08-29 21:26:44] INFO     creating dispatch constraints
[2025-08-29 21:29:40] INFO     creating costs constraints
[2025-08-29 21:40:05] INFO     creating capacity constraints
[2025-08-29 21:40:05] INFO     creating network constraints
[2025-08-29 21:40:05] INFO     creating policy constraints
[2025-08-29 21:40:05] INFO     creating conversion constraints
[2025-08-29 21:40:05] INFO     creating group constraints
[2025-08-29 21:40:05] INFO     creating conversion_plus constraints
[2025-08-29 21:40:05] INFO     creating milp constraints
[2025-08-29 21:40:05] INFO     creating export constraints
[2025-08-29 21:52:42] DEBUG    Set parameter WLSAccessID
Set parameter WLSSecret
Set parameter LicenseID to value 2680226
[2025-08-29 21:52:42] DEBUG    Academic license 2680226 - for non-commercial use only - registered to an___@mail.polimi.it
[2025-08-29 21:53:18] DEBUG    Read LP format model from file /tmp/tmpowpldeso.pyomo.lp
Reading time = 35.58 seconds
x17374156: 23707699 rows, 17374156 columns, 57067228 nonzeros
[2025-08-29 21:53:18] DEBUG    Set parameter NumericFocus to value 1
Gurobi Optimizer version 12.0.2 build v12.0.2rc0 (linux64 - "Debian GNU/Linux 11 (bullseye)")

CPU model: Intel(R) Xeon(R) Silver 4314 CPU @ 2.40GHz, instruction set [SSE2|AVX|AVX2|AVX512]
Thread count: 32 physical cores, 64 logical processors, using up to 32 threads

Non-default parameters:
NumericFocus  1
[2025-08-29 21:53:18] DEBUG    Academic license 2680226 - for non-commercial use only - registered to an___@mail.polimi.it
Optimize a model with 23707699 rows, 17374156 columns and 57067228 nonzeros
[2025-08-29 21:53:18] DEBUG    Model fingerprint: 0x77177c18
[2025-08-29 21:53:19] DEBUG    Coefficient statistics:
  Matrix range     [1e-07, 3e+02]
  Objective range  [1e+00, 1e+06]
  Bounds range     [0e+00, 0e+00]
  RHS range        [1e+00, 2e+08]
[2025-08-29 21:53:25] DEBUG    Presolve removed 19124455 rows and 9855935 columns (presolve time = 6s)...
[2025-08-29 21:53:29] DEBUG    Presolve removed 19127769 rows and 11650000 columns (presolve time = 10s)...
[2025-08-29 21:53:34] DEBUG    Presolve removed 21505444 rows and 13976896 columns (presolve time = 15s)...
[2025-08-29 21:53:39] DEBUG    Presolve removed 22025842 rows and 14064496 columns (presolve time = 20s)...
[2025-08-29 21:53:40] DEBUG    Presolve removed 22174745 rows and 14064496 columns
[2025-08-29 21:53:40] DEBUG    Presolve time: 22.20s
Presolved: 1532954 rows, 3458563 columns, 9325702 nonzeros
[2025-08-29 21:53:40] DEBUG    Concurrent LP optimizer: primal simplex, dual simplex, and barrier
Showing barrier log only...
[2025-08-29 21:53:50] DEBUG    Elapsed ordering time = 9s
[2025-08-29 21:53:51] DEBUG    Elapsed ordering time = 10s
[2025-08-29 21:53:54] DEBUG    Ordering time: 12.13s
[2025-08-29 21:53:55] DEBUG    Barrier statistics:
[2025-08-29 21:53:55] DEBUG    Dense cols : 113
 AA' NZ     : 8.575e+06
 Factor NZ  : 4.248e+07 (roughly 2.4 GB of memory)
 Factor Ops : 3.945e+09 (less than 1 second per iteration)
 Threads    : 30
[2025-08-29 21:53:58] DEBUG    Objective                Residual
[2025-08-29 21:53:58] DEBUG    Iter       Primal          Dual         Primal    Dual     Compl     Time
[2025-08-29 21:53:58] DEBUG    0   3.83625929e+21 -1.38494225e+19  8.47e+10 1.99e-01  5.06e+15    40s
[2025-08-29 21:54:02] DEBUG    1   1.37893223e+21 -1.38260015e+19  2.72e+10 2.72e+05  1.91e+15    45s
[2025-08-29 21:54:08] DEBUG    2   7.03051328e+20 -1.13737218e+19  1.29e+10 4.30e+04  7.29e+14    50s
[2025-08-29 21:54:15] DEBUG    3   3.96893970e+20 -1.06113414e+19  7.20e+09 1.10e+04  3.88e+14    57s
[2025-08-29 21:54:20] DEBUG    4   3.00044424e+20 -1.01826485e+19  5.37e+09 3.71e+03  2.88e+14    63s
[2025-08-29 21:54:24] DEBUG    5   2.15686608e+20 -9.82203649e+18  3.82e+09 1.48e+03  2.05e+14    66s
[2025-08-29 21:54:27] DEBUG    6   1.37985260e+20 -9.43074629e+18  2.41e+09 5.69e+02  1.31e+14    70s
[2025-08-29 21:54:31] DEBUG    7   1.31848796e+20 -9.04450388e+18  2.30e+09 3.33e+02  1.24e+14    73s
[2025-08-29 21:54:34] DEBUG    8   9.48885235e+19 -8.55345989e+18  1.65e+09 1.51e+02  8.88e+13    77s
[2025-08-29 21:54:40] DEBUG    9   2.42616395e+19 -7.62910545e+18  4.17e+08 4.33e+01  2.31e+13    82s
[2025-08-29 21:54:43] DEBUG    10   1.13170309e+19 -6.60876179e+18  1.95e+08 2.40e+01  1.11e+13    85s
[2025-08-29 21:54:48] DEBUG    11   3.90839653e+18 -4.40407840e+18  6.60e+07 6.41e+00  3.91e+12    90s
[2025-08-29 21:54:52] DEBUG    12   2.43581389e+18 -3.41789887e+18  4.10e+07 3.73e+00  2.44e+12    94s
[2025-08-29 21:54:56] DEBUG    13   6.18063757e+17 -2.02140660e+18  9.97e+06 1.43e+00  7.34e+11    99s
[2025-08-29 21:54:59] DEBUG    14   4.01874608e+17 -8.67107084e+17  6.50e+06 4.44e-01  3.66e+11   101s
[2025-08-29 21:55:03] DEBUG    15   9.10130948e+16 -3.21676174e+17  1.45e+06 2.51e-01  9.20e+10   106s
[2025-08-29 21:55:09] DEBUG    16   4.14082855e+15 -1.00513852e+17  4.70e+04 1.51e-01  1.62e+10   111s
[2025-08-29 21:55:13] DEBUG    17   1.01779870e+14 -2.23797014e+15  4.83e+01 1.53e-01  3.34e+08   116s
[2025-08-29 21:55:17] DEBUG    18   9.22018170e+13 -8.81654083e+14  1.18e+00 5.79e-02  1.32e+08   119s
[2025-08-29 21:55:21] DEBUG    19   8.74522632e+13 -1.18308622e+14  9.39e-02 1.52e-02  1.92e+07   123s
[2025-08-29 21:55:29] DEBUG    20   7.73801839e+13 -7.25148136e+13  2.88e-02 1.58e-02  1.17e+07   131s
[2025-08-29 21:55:40] DEBUG    21   7.45052574e+13 -3.54509155e+13  2.32e-02 1.53e-02  5.84e+06   142s
[2025-08-29 21:55:52] DEBUG    22   7.11372300e+13 -2.85033758e+13  1.79e-02 1.52e-02  4.68e+06   154s
[2025-08-29 21:56:06] DEBUG    23   6.97435221e+13 -2.05616521e+13  1.58e-02 1.52e-02  3.41e+06   168s
[2025-08-29 21:56:19] DEBUG    24   6.74460695e+13 -1.80853053e+13  1.21e-02 1.53e-02  2.97e+06   182s
[2025-08-29 21:56:33] DEBUG    25   6.64525070e+13 -1.39855469e+13  1.08e-02 1.53e-02  2.31e+06   195s
[2025-08-29 21:56:47] DEBUG    26   6.43700063e+13 -1.03560932e+13  8.48e-03 1.57e-02  1.71e+06   210s
[2025-08-29 21:57:00] DEBUG    27   6.28239469e+13 -7.80646388e+12  7.05e-03 1.60e-02  1.28e+06   222s
[2025-08-29 21:57:11] DEBUG    28   6.12338093e+13 -6.23247393e+12  5.45e-03 1.64e-02  1.01e+06   233s
[2025-08-29 21:57:22] DEBUG    29   5.96348285e+13 -3.42048853e+12  4.20e-03 1.71e-02  5.49e+05   244s
[2025-08-29 21:57:34] DEBUG    30   5.80004264e+13 -2.60143695e+12  3.17e-03 1.65e-02  4.05e+05   256s
[2025-08-29 21:57:46] DEBUG    31   5.69810087e+13 -2.07621326e+12  2.58e-03 1.64e-02  3.12e+05   268s
[2025-08-29 21:57:55] DEBUG    32   5.61999867e+13 -1.65281195e+12  2.24e-03 1.66e-02  2.43e+05   277s
[2025-08-29 21:58:05] DEBUG    33   5.55815334e+13 -1.31182378e+12  2.00e-03 1.66e-02  1.91e+05   288s
[2025-08-29 21:58:15] DEBUG    34   5.49786843e+13 -1.15288501e+12  1.74e-03 1.67e-02  1.65e+05   297s
[2025-08-29 21:58:26] DEBUG    35   5.35545357e+13 -8.46936835e+11  1.17e-03 1.68e-02  1.10e+05   308s
[2025-08-29 21:58:37] DEBUG    36   5.28085883e+13 -7.08689379e+11  1.03e-03 1.68e-02  8.74e+04   319s
[2025-08-29 21:58:47] DEBUG    37   5.18963650e+13 -5.04169288e+11  6.94e-04 1.72e-02  5.56e+04   329s
[2025-08-29 21:58:57] DEBUG    38   5.14046362e+13 -3.60694179e+11  5.65e-04 1.73e-02  3.38e+04   339s
[2025-08-29 21:59:05] DEBUG    39   5.09213644e+13 -3.14859798e+11  4.65e-04 1.73e-02  2.60e+04   347s
[2025-08-29 21:59:11] DEBUG    40   5.06176938e+13 -2.94415501e+11  4.27e-04 1.73e-02  2.26e+04   353s
[2025-08-29 21:59:15] DEBUG    41   5.04505640e+13 -2.75682879e+11  4.04e-04 1.72e-02  1.96e+04   358s
[2025-08-29 21:59:20] DEBUG    42   5.02816008e+13 -2.62927735e+11  3.66e-04 1.72e-02  1.74e+04   362s
[2025-08-29 21:59:26] DEBUG    43   5.01766546e+13 -2.54502827e+11  3.51e-04 1.71e-02  1.60e+04   368s
[2025-08-29 21:59:30] DEBUG    44   5.00837650e+13 -2.53120526e+11  3.36e-04 1.71e-02  1.56e+04   373s
[2025-08-29 21:59:36] DEBUG    45   4.99699215e+13 -2.50577657e+11  3.13e-04 1.71e-02  1.50e+04   378s
[2025-08-29 21:59:43] DEBUG    46   4.97361954e+13 -2.39207594e+11  2.90e-04 1.70e-02  1.31e+04   385s
[2025-08-29 21:59:50] DEBUG    47   4.95750514e+13 -2.26744221e+11  2.59e-04 1.68e-02  1.13e+04   392s
[2025-08-29 21:59:58] DEBUG    48   4.94431668e+13 -2.19929580e+11  2.52e-04 1.67e-02  1.04e+04   400s
[2025-08-29 22:00:05] DEBUG    49   4.91973183e+13 -2.11734047e+11  2.21e-04 1.66e-02  9.09e+03   407s
[2025-08-29 22:00:13] DEBUG    50   4.90163080e+13 -2.06478594e+11  2.14e-04 1.65e-02  8.21e+03   415s
[2025-08-29 22:00:21] DEBUG    51   4.88473422e+13 -2.04121679e+11  1.98e-04 1.64e-02  7.76e+03   423s
[2025-08-29 22:00:29] DEBUG    52   4.87468422e+13 -2.00751105e+11  1.98e-04 1.64e-02  7.23e+03   431s
[2025-08-29 22:00:41] DEBUG    53   4.86325532e+13 -2.00323508e+11  1.83e-04 1.64e-02  7.06e+03   443s
[2025-08-29 22:00:47] DEBUG    54   4.85158809e+13 -1.98827787e+11  1.68e-04 1.63e-02  6.76e+03   450s
[2025-08-29 22:00:57] DEBUG    55   4.83739745e+13 -1.98031826e+11  1.60e-04 1.63e-02  6.55e+03   459s
[2025-08-29 22:01:06] DEBUG    56   4.82893386e+13 -1.92344631e+11  1.68e-04 1.62e-02  5.87e+03   468s
[2025-08-29 22:01:14] DEBUG    57   4.81859360e+13 -1.87757026e+11  1.68e-04 1.61e-02  5.42e+03   476s
[2025-08-29 22:01:21] DEBUG    58   4.80799522e+13 -1.84603693e+11  1.91e-04 1.60e-02  5.13e+03   484s
[2025-08-29 22:01:28] DEBUG    59   4.80004411e+13 -1.80415536e+11  2.06e-04 1.60e-02  4.80e+03   490s
[2025-08-29 22:01:36] DEBUG    60   4.79219276e+13 -1.77311162e+11  2.21e-04 1.59e-02  4.51e+03   498s
[2025-08-29 22:01:44] DEBUG    61   4.78063836e+13 -1.75015892e+11  2.21e-04 1.58e-02  4.25e+03   507s
[2025-08-29 22:01:53] DEBUG    62   4.77241980e+13 -1.72300022e+11  2.21e-04 1.58e-02  4.04e+03   516s
[2025-08-29 22:02:00] DEBUG    63   4.76948408e+13 -1.72298120e+11  2.21e-04 1.58e-02  3.96e+03   522s
[2025-08-29 22:02:08] DEBUG    64   4.75497126e+13 -1.70025136e+11  2.44e-04 1.57e-02  3.72e+03   530s
[2025-08-29 22:02:16] DEBUG    65   4.74792573e+13 -1.68547822e+11  2.29e-04 1.57e-02  3.56e+03   538s
[2025-08-29 22:02:23] DEBUG    66   4.74068629e+13 -1.67220127e+11  2.21e-04 1.57e-02  3.41e+03   546s
[2025-08-29 22:02:32] DEBUG    67   4.73351312e+13 -1.66114386e+11  2.21e-04 1.57e-02  3.26e+03   554s
[2025-08-29 22:02:39] DEBUG    68   4.72647576e+13 -1.65005350e+11  2.14e-04 1.58e-02  3.13e+03   562s
[2025-08-29 22:02:48] DEBUG    69   4.72019820e+13 -1.64069534e+11  2.06e-04 1.58e-02  3.01e+03   571s
[2025-08-29 22:02:56] DEBUG    70   4.71327050e+13 -1.63287683e+11  1.98e-04 1.58e-02  2.90e+03   578s
[2025-08-29 22:03:03] DEBUG    71   4.70655222e+13 -1.62433902e+11  1.91e-04 1.59e-02  2.79e+03   585s
[2025-08-29 22:03:10] DEBUG    72   4.70164667e+13 -1.61601570e+11  1.98e-04 1.59e-02  2.70e+03   592s
[2025-08-29 22:03:17] DEBUG    73   4.69503906e+13 -1.60477043e+11  1.91e-04 1.59e-02  2.60e+03   599s
[2025-08-29 22:03:25] DEBUG    74   4.68933733e+13 -1.59347561e+11  1.98e-04 1.60e-02  2.52e+03   608s
[2025-08-29 22:03:34] DEBUG    75   4.68318031e+13 -1.58446293e+11  1.98e-04 1.60e-02  2.43e+03   616s
[2025-08-29 22:03:41] DEBUG    76   4.67718991e+13 -1.57630361e+11  1.98e-04 1.60e-02  2.36e+03   623s
[2025-08-29 22:03:49] DEBUG    77   4.67210346e+13 -1.56247765e+11  1.98e-04 1.60e-02  2.28e+03   631s
[2025-08-29 22:03:58] DEBUG    78   4.66684298e+13 -1.55139053e+11  2.14e-04 1.60e-02  2.22e+03   640s
[2025-08-29 22:04:06] DEBUG    79   4.66188286e+13 -1.54326448e+11  2.14e-04 1.61e-02  2.15e+03   649s
[2025-08-29 22:04:13] DEBUG    80   4.65669014e+13 -1.53585189e+11  2.14e-04 1.61e-02  2.09e+03   655s
[2025-08-29 22:04:20] DEBUG    81   4.65126089e+13 -1.52658763e+11  2.06e-04 1.61e-02  2.03e+03   663s
[2025-08-29 22:04:29] DEBUG    82   4.64633275e+13 -1.51643908e+11  2.06e-04 1.61e-02  1.97e+03   671s
[2025-08-29 22:04:36] DEBUG    83   4.64213682e+13 -1.50923924e+11  2.06e-04 1.61e-02  1.92e+03   678s
[2025-08-29 22:04:43] DEBUG    84   4.63793405e+13 -1.50449396e+11  2.06e-04 1.61e-02  1.88e+03   686s
[2025-08-29 22:04:50] DEBUG    85   4.63321351e+13 -1.49887252e+11  2.06e-04 1.61e-02  1.84e+03   693s
[2025-08-29 22:05:00] DEBUG    86   4.62780646e+13 -1.49180518e+11  2.06e-04 1.61e-02  1.80e+03   702s
[2025-08-29 22:05:07] DEBUG    87   4.62431405e+13 -1.47754169e+11  1.98e-04 1.61e-02  1.75e+03   709s
[2025-08-29 22:05:15] DEBUG    88   4.62144564e+13 -1.46962684e+11  1.98e-04 1.62e-02  1.71e+03   718s
[2025-08-29 22:05:24] DEBUG    89   4.61641797e+13 -1.46273943e+11  1.98e-04 1.62e-02  1.66e+03   726s
[2025-08-29 22:05:33] DEBUG    90   4.61238142e+13 -1.45850721e+11  1.98e-04 1.62e-02  1.62e+03   735s
[2025-08-29 22:05:41] DEBUG    91   4.60888134e+13 -1.45451148e+11  1.91e-04 1.62e-02  1.59e+03   743s
[2025-08-29 22:05:50] DEBUG    92   4.60504247e+13 -1.44946629e+11  1.98e-04 1.62e-02  1.55e+03   752s
[2025-08-29 22:05:58] DEBUG    93   4.60165693e+13 -1.43997773e+11  1.91e-04 1.62e-02  1.52e+03   760s
[2025-08-29 22:06:07] DEBUG    94   4.59960901e+13 -1.42899165e+11  1.91e-04 1.62e-02  1.49e+03   769s
[2025-08-29 22:06:15] DEBUG    95   4.59772849e+13 -1.42216360e+11  1.98e-04 1.62e-02  1.46e+03   777s
[2025-08-29 22:06:24] DEBUG    96   4.59480237e+13 -1.41687017e+11  2.06e-04 1.62e-02  1.43e+03   786s
[2025-08-29 22:06:32] DEBUG    97   4.59148865e+13 -1.41499513e+11  2.14e-04 1.62e-02  1.41e+03   795s
[2025-08-29 22:06:41] DEBUG    98   4.58789225e+13 -1.41099791e+11  2.14e-04 1.62e-02  1.38e+03   803s
[2025-08-29 22:06:51] DEBUG    99   4.58567479e+13 -1.40604607e+11  2.14e-04 1.62e-02  1.36e+03   813s
[2025-08-29 22:07:00] DEBUG    100   4.58382701e+13 -1.40203438e+11  2.21e-04 1.62e-02  1.34e+03   822s
[2025-08-29 22:07:08] DEBUG    101   4.58088816e+13 -1.39902251e+11  2.21e-04 1.62e-02  1.32e+03   830s
[2025-08-29 22:07:16] DEBUG    102   4.57705529e+13 -1.39395246e+11  2.14e-04 1.62e-02  1.29e+03   838s
[2025-08-29 22:07:23] DEBUG    103   4.57523808e+13 -1.38938525e+11  2.21e-04 1.62e-02  1.27e+03   845s
[2025-08-29 22:07:31] DEBUG    104   4.57121173e+13 -1.37979332e+11  2.21e-04 1.62e-02  1.24e+03   853s
[2025-08-29 22:07:40] DEBUG    105   4.56988242e+13 -1.37508943e+11  2.21e-04 1.62e-02  1.23e+03   862s
[2025-08-29 22:07:47] DEBUG    106   4.56754620e+13 -1.37221710e+11  2.21e-04 1.62e-02  1.21e+03   869s
[2025-08-29 22:07:54] DEBUG    107   4.56368153e+13 -1.36890797e+11  2.21e-04 1.62e-02  1.18e+03   876s
[2025-08-29 22:07:59] DEBUG    108   4.56009532e+13 -1.36457626e+11  2.14e-04 1.62e-02  1.16e+03   882s
[2025-08-29 22:08:06] DEBUG    109   4.55741717e+13 -1.36175708e+11  2.06e-04 1.62e-02  1.14e+03   889s
[2025-08-29 22:08:15] DEBUG    110   4.55401153e+13 -1.35866196e+11  1.98e-04 1.62e-02  1.11e+03   897s
[2025-08-29 22:08:22] DEBUG    111   4.54980159e+13 -1.35523499e+11  1.98e-04 1.62e-02  1.09e+03   904s
[2025-08-29 22:08:27] DEBUG    112   4.54679277e+13 -1.35281747e+11  1.98e-04 1.63e-02  1.07e+03   909s
[2025-08-29 22:08:34] DEBUG    113   4.54379635e+13 -1.35014344e+11  2.14e-04 1.63e-02  1.05e+03   916s
[2025-08-29 22:08:42] DEBUG    114   4.53889939e+13 -1.34691017e+11  2.14e-04 1.63e-02  1.03e+03   925s
[2025-08-29 22:08:50] DEBUG    115   4.53609374e+13 -1.34340387e+11  2.14e-04 1.63e-02  1.01e+03   932s
[2025-08-29 22:08:59] DEBUG    116   4.53189866e+13 -1.34119928e+11  2.14e-04 1.63e-02  9.90e+02   941s
[2025-08-29 22:09:06] DEBUG    117   4.52918554e+13 -1.33836222e+11  2.14e-04 1.63e-02  9.74e+02   948s
[2025-08-29 22:09:13] DEBUG    118   4.52670418e+13 -1.33598304e+11  1.98e-04 1.63e-02  9.59e+02   955s
[2025-08-29 22:09:21] DEBUG    119   4.52439298e+13 -1.33403983e+11  1.98e-04 1.63e-02  9.45e+02   963s
[2025-08-29 22:09:27] DEBUG    120   4.52163176e+13 -1.33187152e+11  1.91e-04 1.63e-02  9.30e+02   969s
[2025-08-29 22:09:34] DEBUG    121   4.51933346e+13 -1.33035388e+11  1.83e-04 1.63e-02  9.19e+02   976s
[2025-08-29 22:09:41] DEBUG    122   4.51667133e+13 -1.32902290e+11  1.83e-04 1.63e-02  9.07e+02   984s
[2025-08-29 22:09:50] DEBUG    123   4.51348622e+13 -1.32717769e+11  1.83e-04 1.63e-02  8.91e+02   993s
[2025-08-29 22:09:59] DEBUG    124   4.51027035e+13 -1.32464418e+11  1.83e-04 1.63e-02  8.75e+02  1001s
[2025-08-29 22:10:07] DEBUG    125   4.50750511e+13 -1.32171728e+11  1.83e-04 1.63e-02  8.60e+02  1009s
[2025-08-29 22:10:14] DEBUG    126   4.50720216e+13 -1.32047450e+11  1.83e-04 1.63e-02  8.54e+02  1016s
[2025-08-29 22:10:19] DEBUG    127   4.50379115e+13 -1.31865838e+11  2.14e-04 1.63e-02  8.41e+02  1022s
[2025-08-29 22:10:26] DEBUG    128   4.50167846e+13 -1.31723071e+11  2.14e-04 1.63e-02  8.81e+02  1029s
[2025-08-29 22:10:26] DEBUG    Barrier performed 128 iterations in 1028.72 seconds (248.52 work units)
Numerical trouble encountered

Model may be infeasible or unbounded.  Consider using the
[2025-08-29 22:10:26] DEBUG    homogeneous algorithm (through parameter 'BarHomogeneous')
[2025-08-29 22:11:31] DEBUG    Waiting for other threads to finish...        1093s
[2025-08-29 22:12:35] DEBUG    Waiting for other threads to finish...        1158s
[2025-08-29 22:13:40] DEBUG    Waiting for other threads to finish...        1222s
[2025-08-29 22:14:44] DEBUG    Waiting for other threads to finish...        1287s
[2025-08-29 22:15:49] DEBUG    Waiting for other threads to finish...        1351s
[2025-08-29 22:16:53] DEBUG    Waiting for other threads to finish...        1416s
[2025-08-29 22:17:58] DEBUG    Waiting for other threads to finish...        1480s
[2025-08-29 22:19:02] DEBUG    Waiting for other threads to finish...        1544s
[2025-08-29 22:20:07] DEBUG    Waiting for other threads to finish...        1609s
[2025-08-29 22:21:11] DEBUG    Waiting for other threads to finish...        1674s
[2025-08-29 22:22:16] DEBUG    Waiting for other threads to finish...        1738s
[2025-08-29 22:23:21] DEBUG    Waiting for other threads to finish...        1803s
[2025-08-29 22:23:37] DEBUG    Solved with dual simplex
[2025-08-29 22:23:47] DEBUG    Iteration    Objective       Primal Inf.    Dual Inf.      Time
[2025-08-29 22:23:47] DEBUG    1688110    2.0868379e+10   0.000000e+00   0.000000e+00   1829s

Solved in 1688110 iterations and 1829.05 seconds (1083.65 work units)
[2025-08-29 22:23:47] DEBUG    Optimal objective  2.086837934e+10
✅ Scenario completato: existing_VRES_2030_BESS

🚀 Lancio scenario: existing_VRES_2030_PHES
[2025-08-29 22:31:14] INFO     Loading sets
[2025-08-29 22:31:14] INFO     Loading parameters
[2025-08-29 22:31:49] INFO     constraints are loaded in the following order: ['energy_balance', 'dispatch', 'costs', 'capacity', 'network', 'policy', 'conversion', 'group', 'conversion_plus', 'milp', 'export']
[2025-08-29 22:31:49] INFO     creating energy_balance constraints
[2025-08-29 22:36:39] INFO     creating dispatch constraints
[2025-08-29 22:40:28] INFO     creating costs constraints
[2025-08-29 22:51:11] INFO     creating capacity constraints
[2025-08-29 22:51:11] INFO     creating network constraints
[2025-08-29 22:51:11] INFO     creating policy constraints
[2025-08-29 22:51:11] INFO     creating conversion constraints
[2025-08-29 22:51:11] INFO     creating group constraints
[2025-08-29 22:51:11] INFO     creating conversion_plus constraints
[2025-08-29 22:51:11] INFO     creating milp constraints
[2025-08-29 22:51:11] INFO     creating export constraints
[2025-08-29 23:03:45] DEBUG    Set parameter WLSAccessID
Set parameter WLSSecret
Set parameter LicenseID to value 2680226
[2025-08-29 23:03:45] DEBUG    Academic license 2680226 - for non-commercial use only - registered to an___@mail.polimi.it
[2025-08-29 23:04:21] DEBUG    Read LP format model from file /tmp/tmpnfl5yhyc.pyomo.lp
Reading time = 35.76 seconds
x17374162: 23725274 rows, 17374162 columns, 57338838 nonzeros
[2025-08-29 23:04:21] DEBUG    Set parameter NumericFocus to value 1
Gurobi Optimizer version 12.0.2 build v12.0.2rc0 (linux64 - "Debian GNU/Linux 11 (bullseye)")

CPU model: Intel(R) Xeon(R) Silver 4314 CPU @ 2.40GHz, instruction set [SSE2|AVX|AVX2|AVX512]
Thread count: 32 physical cores, 64 logical processors, using up to 32 threads

Non-default parameters:
NumericFocus  1
[2025-08-29 23:04:21] DEBUG    Academic license 2680226 - for non-commercial use only - registered to an___@mail.polimi.it
Optimize a model with 23725274 rows, 17374162 columns and 57338838 nonzeros
[2025-08-29 23:04:22] DEBUG    Model fingerprint: 0xf3808192
[2025-08-29 23:04:22] DEBUG    Coefficient statistics:
  Matrix range     [1e-07, 3e+02]
  Objective range  [1e+00, 1e+06]
  Bounds range     [0e+00, 0e+00]
  RHS range        [1e+00, 6e+09]
Warning: Model contains large rhs
[2025-08-29 23:04:28] DEBUG    Presolve removed 19404586 rows and 10101059 columns (presolve time = 6s)...
[2025-08-29 23:04:32] DEBUG    Presolve removed 19412801 rows and 11900000 columns (presolve time = 10s)...
[2025-08-29 23:04:37] DEBUG    Presolve removed 21715734 rows and 14159108 columns (presolve time = 15s)...
[2025-08-29 23:04:42] DEBUG    Presolve removed 22218688 rows and 14246708 columns (presolve time = 20s)...
[2025-08-29 23:04:42] DEBUG    Presolve removed 22367591 rows and 14246708 columns
[2025-08-29 23:04:42] DEBUG    Presolve time: 21.57s
Presolved: 1357683 rows, 3276357 columns, 8509036 nonzeros

Concurrent LP optimizer: primal simplex, dual simplex, and barrier
Showing barrier log only...
[2025-08-29 23:04:54] DEBUG    Elapsed ordering time = 10s
[2025-08-29 23:04:57] DEBUG    Ordering time: 13.66s
[2025-08-29 23:04:59] DEBUG    Barrier statistics:
 Dense cols : 107
[2025-08-29 23:04:59] DEBUG    AA' NZ     : 7.527e+06
 Factor NZ  : 3.680e+07 (roughly 2.0 GB of memory)
 Factor Ops : 3.173e+09 (less than 1 second per iteration)
 Threads    : 30
[2025-08-29 23:05:02] DEBUG    Objective                Residual
[2025-08-29 23:05:02] DEBUG    Iter       Primal          Dual         Primal    Dual     Compl     Time
[2025-08-29 23:05:03] DEBUG    0   3.87623886e+21 -1.37655962e+19  8.47e+10 2.19e-01  5.26e+15    42s
[2025-08-29 23:05:06] DEBUG    1   3.51144698e+21 -1.61385374e+19  7.61e+10 2.44e+05  4.45e+15    45s
[2025-08-29 23:05:11] DEBUG    2   3.38143659e+21 -5.97544778e+19  7.33e+10 1.75e+05  4.36e+15    50s
[2025-08-29 23:05:18] DEBUG    3   2.87649045e+21 -1.99229487e+20  6.18e+10 3.77e+04  3.81e+15    57s
[2025-08-29 23:05:23] DEBUG    4   3.30973507e+20 -2.23194256e+20  6.40e+09 1.01e+04  4.31e+14    62s
[2025-08-29 23:05:30] DEBUG    5   9.62897885e+19 -8.83963828e+19  1.75e+09 8.91e+02  1.20e+14    69s
[2025-08-29 23:05:35] DEBUG    6   5.50486474e+19 -3.19460949e+19  9.72e+08 6.70e+01  6.31e+13    74s
[2025-08-29 23:05:39] DEBUG    7   3.15640542e+19 -2.02821022e+19  5.48e+08 3.24e+01  3.53e+13    78s
[2025-08-29 23:05:42] DEBUG    8   2.00239356e+19 -1.12279936e+19  3.39e+08 6.82e+00  2.13e+13    81s
[2025-08-29 23:05:46] DEBUG    9   1.45527296e+19 -7.96287105e+18  2.45e+08 1.27e+00  1.51e+13    85s
[2025-08-29 23:05:49] DEBUG    10   8.13613868e+18 -5.70973575e+18  1.35e+08 7.69e-01  8.38e+12    88s
[2025-08-29 23:05:53] DEBUG    11   5.38129316e+18 -3.70691013e+18  8.76e+07 1.62e-04  5.28e+12    92s
[2025-08-29 23:05:56] DEBUG    12   4.49581279e+18 -2.59682421e+18  7.28e+07 3.74e-04  4.18e+12    95s
[2025-08-29 23:05:59] DEBUG    13   3.17776988e+18 -1.60769281e+18  5.07e+07 4.55e-03  2.76e+12    98s
[2025-08-29 23:06:02] DEBUG    14   6.10991263e+17 -1.02176868e+18  9.25e+06 2.69e-02  5.96e+11   102s
[2025-08-29 23:06:07] DEBUG    15   1.77983045e+17 -5.44473111e+17  2.54e+06 1.70e-02  1.95e+11   106s
[2025-08-29 23:06:11] DEBUG    16   6.77463277e+16 -2.88078453e+17  9.39e+05 1.24e-02  7.91e+10   110s
[2025-08-29 23:06:16] DEBUG    17   1.25324352e+16 -7.52425370e+16  1.50e+05 1.06e-04  1.60e+10   115s
[2025-08-29 23:06:20] DEBUG    18   5.82813042e+15 -2.94523628e+16  6.69e+04 5.49e-05  6.14e+09   119s
[2025-08-29 23:06:25] DEBUG    19   1.44259322e+15 -2.31685658e+15  1.43e+04 2.32e-03  6.29e+08   124s
[2025-08-29 23:06:29] DEBUG    20   3.39696236e+14 -3.53008300e+14  1.47e+03 2.74e-03  1.10e+08   128s
[2025-08-29 23:06:32] DEBUG    21   2.30351380e+14 -6.67811778e+13  2.06e+02 4.19e-03  4.64e+07   132s
[2025-08-29 23:06:39] DEBUG    22   2.17883847e+14  9.46534613e+12  7.29e+01 3.31e-02  3.22e+07   138s
[2025-08-29 23:06:45] DEBUG    23   2.16585395e+14  1.08890635e+14  5.80e+01 1.69e-02  1.65e+07   144s
[2025-08-29 23:06:48] DEBUG    24   2.14971919e+14  1.58088790e+14  4.20e+01 1.75e-02  8.62e+06   148s
[2025-08-29 23:06:53] DEBUG    25   2.14112148e+14  1.62097601e+14  3.48e+01 1.64e-02  7.86e+06   152s
[2025-08-29 23:06:57] DEBUG    26   2.13506214e+14  1.64133527e+14  2.93e+01 1.58e-02  7.45e+06   156s
[2025-08-29 23:07:02] DEBUG    27   2.12694197e+14  1.80457030e+14  2.18e+01 1.26e-02  4.78e+06   161s
[2025-08-29 23:07:11] DEBUG    28   2.12132588e+14  1.89870993e+14  1.73e+01 1.13e-02  3.22e+06   170s
[2025-08-29 23:07:19] DEBUG    29   2.11927397e+14  1.91726844e+14  1.59e+01 1.11e-02  2.90e+06   178s
[2025-08-29 23:07:25] DEBUG    30   2.11316459e+14  1.95240801e+14  1.20e+01 1.06e-02  2.27e+06   184s
[2025-08-29 23:07:32] DEBUG    31   2.10975733e+14  1.97185727e+14  1.01e+01 1.25e-02  1.91e+06   191s
[2025-08-29 23:07:37] DEBUG    32   2.10908944e+14  1.97881324e+14  9.70e+00 1.46e-02  1.79e+06   196s
[2025-08-29 23:07:45] DEBUG    33   2.10662177e+14  1.99538076e+14  8.39e+00 2.44e-02  1.50e+06   204s
[2025-08-29 23:07:53] DEBUG    34   2.10261010e+14  2.03894546e+14  6.48e+00 5.21e-02  7.59e+05   212s
[2025-08-29 23:08:01] DEBUG    35   2.10085163e+14  2.04418927e+14  5.68e+00 5.10e-02  6.53e+05   220s
[2025-08-29 23:08:09] DEBUG    36   2.09807104e+14  2.05200649e+14  4.42e+00 5.08e-02  4.93e+05   228s
[2025-08-29 23:08:16] DEBUG    37   2.09523818e+14  2.06033887e+14  3.17e+00 4.78e-02  3.25e+05   235s
[2025-08-29 23:08:24] DEBUG    38   2.09317250e+14  2.06439299e+14  2.39e+00 4.33e-02  2.36e+05   243s
[2025-08-29 23:08:32] DEBUG    39   2.09140003e+14  2.06786929e+14  1.74e+00 3.73e-02  1.62e+05   251s
[2025-08-29 23:08:38] DEBUG    40   2.08996586e+14  2.06911392e+14  1.28e+00 3.10e-02  1.29e+05   257s
[2025-08-29 23:08:43] DEBUG    41   2.08959952e+14  2.07073725e+14  1.18e+00 2.56e-02  1.00e+05   262s
[2025-08-29 23:08:50] DEBUG    42   2.08814430e+14  2.07250577e+14  8.16e-01 2.26e-02  6.07e+04   269s
[2025-08-29 23:08:58] DEBUG    43   2.08725544e+14  2.07332722e+14  6.38e-01 2.30e-02  4.18e+04   277s
[2025-08-29 23:09:06] DEBUG    44   2.08663333e+14  2.07381152e+14  5.32e-01 2.32e-02  3.06e+04   285s
[2025-08-29 23:09:12] DEBUG    45   2.08623328e+14  2.07396362e+14  4.71e-01 2.32e-02  2.62e+04   291s
[2025-08-29 23:09:20] DEBUG    46   2.08599671e+14  2.07401997e+14  4.37e-01 2.32e-02  2.43e+04   299s
[2025-08-29 23:09:27] DEBUG    47   2.08561326e+14  2.07422670e+14  3.85e-01 2.30e-02  1.93e+04   307s
[2025-08-29 23:09:33] DEBUG    48   2.08547083e+14  2.07425460e+14  3.67e-01 2.30e-02  1.84e+04   312s
[2025-08-29 23:09:38] DEBUG    49   2.08541683e+14  2.07431046e+14  3.60e-01 2.28e-02  1.73e+04   317s
[2025-08-29 23:09:44] DEBUG    50   2.08524395e+14  2.07432338e+14  3.39e-01 2.28e-02  1.65e+04   324s
[2025-08-29 23:09:53] DEBUG    51   2.08502489e+14  2.07434979e+14  3.14e-01 2.27e-02  1.54e+04   332s
[2025-08-29 23:10:01] DEBUG    52   2.08467885e+14  2.07438918e+14  2.75e-01 2.26e-02  1.36e+04   340s
[2025-08-29 23:10:07] DEBUG    53   2.08446238e+14  2.07441522e+14  2.54e-01 2.24e-02  1.26e+04   346s
[2025-08-29 23:10:14] DEBUG    54   2.08436358e+14  2.07444026e+14  2.45e-01 2.22e-02  1.19e+04   353s
[2025-08-29 23:10:21] DEBUG    55   2.08430244e+14  2.07446527e+14  2.39e-01 2.19e-02  1.13e+04   360s
[2025-08-29 23:10:26] DEBUG    56   2.08421169e+14  2.07449880e+14  2.31e-01 2.14e-02  1.06e+04   365s
[2025-08-29 23:10:34] DEBUG    57   2.08405307e+14  2.07451811e+14  2.17e-01 2.11e-02  9.87e+03   373s
[2025-08-29 23:10:39] DEBUG    58   2.08396500e+14  2.07452889e+14  2.09e-01 2.09e-02  9.51e+03   378s
[2025-08-29 23:10:46] DEBUG    59   2.08394225e+14  2.07453339e+14  2.07e-01 2.08e-02  9.39e+03   385s
[2025-08-29 23:10:51] DEBUG    60   2.08392553e+14  2.07453681e+14  2.06e-01 2.08e-02  9.30e+03   390s
[2025-08-29 23:10:56] DEBUG    61   2.08387041e+14  2.07454306e+14  2.01e-01 2.06e-02  9.09e+03   395s
[2025-08-29 23:11:02] DEBUG    62   2.08383160e+14  2.07454754e+14  1.98e-01 2.05e-02  9.04e+03   401s
[2025-08-29 23:11:09] DEBUG    63   2.08364069e+14  2.07456425e+14  1.83e-01 2.00e-02  8.35e+03   408s
[2025-08-29 23:11:18] DEBUG    64   2.08359955e+14  2.07456849e+14  1.80e-01 1.99e-02  8.21e+03   417s
[2025-08-29 23:11:24] DEBUG    65   2.08353361e+14  2.07457345e+14  1.75e-01 1.97e-02  8.00e+03   423s
[2025-08-29 23:11:29] DEBUG    66   2.08351828e+14  2.07457950e+14  1.74e-01 1.95e-02  7.87e+03   428s
[2025-08-29 23:11:36] DEBUG    67   2.08338644e+14  2.07458697e+14  1.64e-01 1.92e-02  7.49e+03   435s
[2025-08-29 23:11:41] DEBUG    68   2.08335437e+14  2.07459089e+14  1.62e-01 1.90e-02  7.37e+03   440s
[2025-08-29 23:11:48] DEBUG    69   2.08331259e+14  2.07459837e+14  1.59e-01 1.87e-02  7.17e+03   447s
[2025-08-29 23:11:55] DEBUG    70   2.08324108e+14  2.07460748e+14  1.54e-01 1.84e-02  6.89e+03   455s
[2025-08-29 23:12:02] DEBUG    71   2.08321493e+14  2.07461654e+14  1.52e-01 1.80e-02  6.70e+03   461s
[2025-08-29 23:12:10] DEBUG    72   2.08317087e+14  2.07462265e+14  1.49e-01 1.76e-02  6.53e+03   469s
[2025-08-29 23:12:15] DEBUG    73   2.08313092e+14  2.07462738e+14  1.47e-01 1.73e-02  6.39e+03   474s
[2025-08-29 23:12:23] DEBUG    74   2.08290787e+14  2.07464035e+14  1.32e-01 1.65e-02  5.76e+03   482s
[2025-08-29 23:12:29] DEBUG    75   2.08284749e+14  2.07464820e+14  1.29e-01 1.59e-02  5.55e+03   488s
[2025-08-29 23:12:37] DEBUG    76   2.08280620e+14  2.07465147e+14  1.26e-01 1.57e-02  5.43e+03   496s
[2025-08-29 23:12:43] DEBUG    77   2.08276815e+14  2.07465305e+14  1.24e-01 1.57e-02  5.34e+03   502s
[2025-08-29 23:12:48] DEBUG    78   2.08274365e+14  2.07465364e+14  1.23e-01 1.57e-02  5.29e+03   507s
[2025-08-29 23:12:53] DEBUG    79   2.08273127e+14  2.07465491e+14  1.22e-01 1.57e-02  5.26e+03   512s
[2025-08-29 23:12:59] DEBUG    80   2.08268972e+14  2.07465622e+14  1.20e-01 1.57e-02  5.19e+03   518s
[2025-08-29 23:13:07] DEBUG    81   2.08265834e+14  2.07466116e+14  1.18e-01 1.57e-02  5.06e+03   526s
[2025-08-29 23:13:11] DEBUG    82   2.08263547e+14  2.07466376e+14  1.17e-01 1.57e-02  4.99e+03   530s
[2025-08-29 23:13:19] DEBUG    83   2.08257848e+14  2.07466646e+14  1.14e-01 1.57e-02  4.86e+03   538s
[2025-08-29 23:13:28] DEBUG    84   2.08251423e+14  2.07466994e+14  1.10e-01 1.57e-02  4.71e+03   547s
[2025-08-29 23:13:33] DEBUG    85   2.08247698e+14  2.07467139e+14  1.08e-01 1.57e-02  4.64e+03   552s
[2025-08-29 23:13:41] DEBUG    86   2.08233093e+14  2.07467415e+14  1.01e-01 1.57e-02  4.38e+03   560s
[2025-08-29 23:13:47] DEBUG    87   2.08227129e+14  2.07467888e+14  9.81e-02 1.57e-02  4.23e+03   567s
[2025-08-29 23:13:54] DEBUG    88   2.08223924e+14  2.07468287e+14  9.66e-02 1.57e-02  4.13e+03   573s
[2025-08-29 23:14:01] DEBUG    89   2.08217980e+14  2.07468713e+14  9.37e-02 1.57e-02  3.98e+03   580s
[2025-08-29 23:14:09] DEBUG    90   2.08214934e+14  2.07469249e+14  9.23e-02 1.57e-02  3.86e+03   588s
[2025-08-29 23:14:15] DEBUG    91   2.08209017e+14  2.07469715e+14  8.95e-02 1.57e-02  3.71e+03   594s
[2025-08-29 23:14:21] DEBUG    92   2.08205444e+14  2.07469881e+14  8.79e-02 1.57e-02  3.64e+03   600s
[2025-08-29 23:14:25] DEBUG    93   2.08202514e+14  2.07469975e+14  8.65e-02 1.57e-02  3.59e+03   605s
[2025-08-29 23:14:32] DEBUG    94   2.08194240e+14  2.07470246e+14  8.28e-02 1.57e-02  3.44e+03   612s
[2025-08-29 23:14:40] DEBUG    95   2.08189432e+14  2.07470597e+14  8.06e-02 1.57e-02  3.33e+03   619s
[2025-08-29 23:14:46] DEBUG    96   2.08186332e+14  2.07470842e+14  7.93e-02 1.57e-02  3.26e+03   625s
[2025-08-29 23:14:51] DEBUG    97   2.08183651e+14  2.07470981e+14  7.81e-02 1.56e-02  3.20e+03   630s
[2025-08-29 23:14:57] DEBUG    98   2.08176071e+14  2.07471235e+14  7.49e-02 1.56e-02  3.07e+03   636s
[2025-08-29 23:15:04] DEBUG    99   2.08172615e+14  2.07471390e+14  7.35e-02 1.56e-02  3.01e+03   643s
[2025-08-29 23:15:09] DEBUG    100   2.08168081e+14  2.07471678e+14  7.17e-02 1.56e-02  2.91e+03   648s
[2025-08-29 23:15:15] DEBUG    101   2.08164963e+14  2.07471829e+14  7.04e-02 1.56e-02  2.85e+03   655s
[2025-08-29 23:15:22] DEBUG    102   2.08163102e+14  2.07471962e+14  6.97e-02 1.56e-02  2.81e+03   661s
[2025-08-29 23:15:28] DEBUG    103   2.08160256e+14  2.07472156e+14  6.86e-02 1.56e-02  2.75e+03   667s
[2025-08-29 23:15:36] DEBUG    104   2.08154804e+14  2.07472320e+14  6.64e-02 1.56e-02  2.66e+03   675s
[2025-08-29 23:15:44] DEBUG    105   2.08150689e+14  2.07472528e+14  6.49e-02 1.55e-02  2.58e+03   683s
[2025-08-29 23:15:51] DEBUG    106   2.08147878e+14  2.07472673e+14  6.38e-02 1.55e-02  2.53e+03   690s
[2025-08-29 23:15:59] DEBUG    107   2.08145156e+14  2.07472801e+14  6.28e-02 1.55e-02  2.48e+03   699s
[2025-08-29 23:16:05] DEBUG    108   2.08144169e+14  2.07472912e+14  6.24e-02 1.55e-02  2.46e+03   704s
[2025-08-29 23:16:09] DEBUG    109   2.08142049e+14  2.07472979e+14  6.17e-02 1.55e-02  2.43e+03   708s
[2025-08-29 23:16:13] DEBUG    110   2.08139976e+14  2.07473058e+14  6.09e-02 1.55e-02  2.39e+03   712s
[2025-08-29 23:16:20] DEBUG    111   2.08134992e+14  2.07473103e+14  5.91e-02 1.55e-02  2.33e+03   719s
[2025-08-29 23:16:24] DEBUG    112   2.08130668e+14  2.07473206e+14  5.76e-02 1.54e-02  2.28e+03   724s
[2025-08-29 23:16:29] DEBUG    113   2.08124517e+14  2.07473318e+14  5.55e-02 1.54e-02  2.20e+03   728s
[2025-08-29 23:16:36] DEBUG    114   2.08119863e+14  2.07473497e+14  5.39e-02 1.54e-02  2.13e+03   735s
[2025-08-29 23:16:44] DEBUG    115   2.08116356e+14  2.07473632e+14  5.28e-02 1.54e-02  2.07e+03   743s
[2025-08-29 23:16:50] DEBUG    116   2.08112354e+14  2.07473734e+14  5.15e-02 1.54e-02  2.02e+03   749s
[2025-08-29 23:16:55] DEBUG    117   2.08111152e+14  2.07473798e+14  5.11e-02 1.54e-02  2.00e+03   754s
[2025-08-29 23:17:02] DEBUG    118   2.08108960e+14  2.07473966e+14  5.05e-02 1.53e-02  1.95e+03   761s
[2025-08-29 23:17:08] DEBUG    119   2.08105729e+14  2.07474075e+14  4.95e-02 1.53e-02  1.91e+03   767s
[2025-08-29 23:17:13] DEBUG    120   2.08102851e+14  2.07474111e+14  4.86e-02 1.53e-02  1.88e+03   772s
[2025-08-29 23:17:19] DEBUG    121   2.08097140e+14  2.07474251e+14  4.69e-02 1.53e-02  1.81e+03   778s
[2025-08-29 23:17:28] DEBUG    122   2.08095120e+14  2.07474296e+14  4.63e-02 1.53e-02  1.79e+03   787s
[2025-08-29 23:17:37] DEBUG    123   2.08090562e+14  2.07474403e+14  4.49e-02 1.52e-02  1.73e+03   796s
[2025-08-29 23:17:44] DEBUG    124   2.08088567e+14  2.07474514e+14  4.44e-02 1.52e-02  1.70e+03   803s
[2025-08-29 23:17:51] DEBUG    125   2.08085758e+14  2.07474599e+14  4.36e-02 1.52e-02  1.66e+03   810s
[2025-08-29 23:17:58] DEBUG    126   2.08084282e+14  2.07474652e+14  4.32e-02 1.52e-02  1.64e+03   817s
[2025-08-29 23:18:07] DEBUG    127   2.08081670e+14  2.07474731e+14  4.24e-02 1.51e-02  1.61e+03   826s
[2025-08-29 23:18:13] DEBUG    128   2.08079633e+14  2.07474828e+14  4.19e-02 1.51e-02  1.58e+03   833s
[2025-08-29 23:18:20] DEBUG    129   2.08078783e+14  2.07474885e+14  4.17e-02 1.51e-02  1.56e+03   839s
[2025-08-29 23:18:29] DEBUG    130   2.08075086e+14  2.07474946e+14  4.07e-02 1.51e-02  1.53e+03   848s
[2025-08-29 23:18:36] DEBUG    131   2.08072950e+14  2.07475017e+14  4.01e-02 1.50e-02  1.51e+03   855s
[2025-08-29 23:18:42] DEBUG    132   2.08071404e+14  2.07475077e+14  3.97e-02 1.50e-02  1.49e+03   862s
[2025-08-29 23:18:47] DEBUG    133   2.08068823e+14  2.07475104e+14  3.91e-02 1.50e-02  1.47e+03   866s
[2025-08-29 23:18:54] DEBUG    134   2.08067976e+14  2.07475131e+14  3.88e-02 1.50e-02  1.46e+03   873s
[2025-08-29 23:18:59] DEBUG    135   2.08063415e+14  2.07475159e+14  3.77e-02 1.50e-02  1.42e+03   878s
[2025-08-29 23:19:02] DEBUG    136   2.08062049e+14  2.07475190e+14  3.74e-02 1.50e-02  1.41e+03   881s
[2025-08-29 23:19:08] DEBUG    137   2.08059273e+14  2.07475243e+14  3.67e-02 1.50e-02  1.38e+03   887s
[2025-08-29 23:19:14] DEBUG    138   2.08057792e+14  2.07475274e+14  3.63e-02 1.49e-02  1.36e+03   893s
[2025-08-29 23:19:20] DEBUG    139   2.08056668e+14  2.07475305e+14  3.60e-02 1.49e-02  1.35e+03   899s
[2025-08-29 23:19:28] DEBUG    140   2.08053745e+14  2.07475348e+14  3.54e-02 1.49e-02  1.33e+03   907s
[2025-08-29 23:19:34] DEBUG    141   2.08051863e+14  2.07475409e+14  3.49e-02 1.49e-02  1.30e+03   913s
[2025-08-29 23:19:41] DEBUG    142   2.08050811e+14  2.07475436e+14  3.47e-02 1.49e-02  1.29e+03   920s
[2025-08-29 23:19:49] DEBUG    143   2.08046219e+14  2.07475493e+14  3.36e-02 1.48e-02  1.25e+03   928s
[2025-08-29 23:19:57] DEBUG    144   2.08043805e+14  2.07475557e+14  3.31e-02 1.48e-02  1.23e+03   936s
[2025-08-29 23:20:04] DEBUG    145   2.08041224e+14  2.07475607e+14  3.25e-02 1.48e-02  1.20e+03   943s
[2025-08-29 23:20:09] DEBUG    146   2.08040210e+14  2.07475618e+14  3.23e-02 1.48e-02  1.19e+03   948s
[2025-08-29 23:20:17] DEBUG    147   2.08037531e+14  2.07475688e+14  3.17e-02 1.47e-02  1.17e+03   956s
[2025-08-29 23:20:25] DEBUG    148   2.08034874e+14  2.07475744e+14  3.11e-02 1.47e-02  1.14e+03   964s
[2025-08-29 23:20:31] DEBUG    149   2.08033071e+14  2.07475779e+14  3.08e-02 1.47e-02  1.12e+03   970s
[2025-08-29 23:20:36] DEBUG    150   2.08031969e+14  2.07475813e+14  3.05e-02 1.46e-02  1.11e+03   975s
[2025-08-29 23:20:41] DEBUG    151   2.08030019e+14  2.07475841e+14  3.01e-02 1.46e-02  1.10e+03   980s
[2025-08-29 23:20:45] DEBUG    152   2.08028103e+14  2.07475861e+14  2.98e-02 1.46e-02  1.08e+03   984s
[2025-08-29 23:20:53] DEBUG    153   2.08026852e+14  2.07475879e+14  2.95e-02 1.47e-02  1.07e+03   992s
[2025-08-29 23:20:59] DEBUG    154   2.08025022e+14  2.07475917e+14  2.91e-02 1.51e-02  1.06e+03   999s
[2025-08-29 23:21:08] DEBUG    155   2.08023391e+14  2.07475962e+14  2.88e-02 1.55e-02  1.04e+03  1007s
[2025-08-29 23:21:15] DEBUG    156   2.08021325e+14  2.07475989e+14  2.84e-02 1.57e-02  1.02e+03  1014s
[2025-08-29 23:21:23] DEBUG    157   2.08018234e+14  2.07476025e+14  2.78e-02 1.60e-02  1.00e+03  1022s
[2025-08-29 23:21:29] DEBUG    158   2.08016701e+14  2.07476048e+14  2.75e-02 1.62e-02  9.88e+02  1028s
[2025-08-29 23:21:35] DEBUG    159   2.08014805e+14  2.07476069e+14  2.71e-02 1.64e-02  9.74e+02  1034s
[2025-08-29 23:21:43] DEBUG    160   2.08013140e+14  2.07476103e+14  2.68e-02 1.67e-02  9.60e+02  1042s
[2025-08-29 23:21:48] DEBUG    161   2.08011882e+14  2.07476122e+14  2.66e-02 1.69e-02  9.50e+02  1047s
[2025-08-29 23:21:56] DEBUG    162   2.08010869e+14  2.07476127e+14  2.64e-02 1.69e-02  9.44e+02  1055s
[2025-08-29 23:22:03] DEBUG    163   2.08009552e+14  2.07476138e+14  2.62e-02 1.70e-02  9.35e+02  1062s
[2025-08-29 23:22:13] DEBUG    164   2.08008856e+14  2.07476159e+14  2.60e-02 1.72e-02  9.29e+02  1072s
[2025-08-29 23:22:18] DEBUG    165   2.08006942e+14  2.07476167e+14  2.57e-02 1.73e-02  9.18e+02  1077s
[2025-08-29 23:22:24] DEBUG    166   2.08006378e+14  2.07476181e+14  2.56e-02 1.74e-02  9.13e+02  1083s
[2025-08-29 23:22:30] DEBUG    167   2.08006031e+14  2.07476186e+14  2.55e-02 1.74e-02  9.10e+02  1089s
[2025-08-29 23:22:30] DEBUG    Barrier performed 167 iterations in 1089.02 seconds (277.97 work units)
[2025-08-29 23:22:30] DEBUG    Sub-optimal termination - objective 2.08217980e+14
[2025-08-29 23:22:30] DEBUG    Crossover log...
[2025-08-29 23:22:31] DEBUG    948851 DPushes remaining with DInf 0.0000000e+00              1090s
[2025-08-29 23:22:36] DEBUG    505594 DPushes remaining with DInf 0.0000000e+00              1095s
[2025-08-29 23:22:41] DEBUG    476138 DPushes remaining with DInf 0.0000000e+00              1100s
[2025-08-29 23:22:46] DEBUG    447327 DPushes remaining with DInf 0.0000000e+00              1105s
[2025-08-29 23:22:51] DEBUG    419454 DPushes remaining with DInf 0.0000000e+00              1110s
[2025-08-29 23:22:56] DEBUG    386970 DPushes remaining with DInf 0.0000000e+00              1115s
[2025-08-29 23:23:01] DEBUG    356872 DPushes remaining with DInf 0.0000000e+00              1120s
[2025-08-29 23:23:06] DEBUG    333168 DPushes remaining with DInf 0.0000000e+00              1125s
[2025-08-29 23:23:11] DEBUG    310721 DPushes remaining with DInf 0.0000000e+00              1130s
[2025-08-29 23:23:16] DEBUG    288735 DPushes remaining with DInf 0.0000000e+00              1135s
[2025-08-29 23:23:21] DEBUG    268134 DPushes remaining with DInf 0.0000000e+00              1140s
[2025-08-29 23:23:26] DEBUG    247976 DPushes remaining with DInf 0.0000000e+00              1145s
[2025-08-29 23:23:31] DEBUG    227512 DPushes remaining with DInf 0.0000000e+00              1150s
[2025-08-29 23:23:36] DEBUG    207890 DPushes remaining with DInf 0.0000000e+00              1155s
[2025-08-29 23:23:41] DEBUG    193891 DPushes remaining with DInf 0.0000000e+00              1160s
[2025-08-29 23:23:46] DEBUG    180335 DPushes remaining with DInf 0.0000000e+00              1165s
[2025-08-29 23:23:51] DEBUG    166147 DPushes remaining with DInf 0.0000000e+00              1170s
[2025-08-29 23:23:56] DEBUG    154477 DPushes remaining with DInf 0.0000000e+00              1175s
[2025-08-29 23:24:01] DEBUG    142433 DPushes remaining with DInf 0.0000000e+00              1180s
[2025-08-29 23:24:06] DEBUG    130978 DPushes remaining with DInf 0.0000000e+00              1185s
[2025-08-29 23:24:11] DEBUG    120306 DPushes remaining with DInf 0.0000000e+00              1190s
[2025-08-29 23:24:16] DEBUG    108200 DPushes remaining with DInf 0.0000000e+00              1195s
[2025-08-29 23:24:21] DEBUG    97334 DPushes remaining with DInf 0.0000000e+00              1200s
[2025-08-29 23:24:26] DEBUG    86160 DPushes remaining with DInf 0.0000000e+00              1205s
[2025-08-29 23:24:31] DEBUG    73863 DPushes remaining with DInf 0.0000000e+00              1210s
[2025-08-29 23:24:36] DEBUG    59969 DPushes remaining with DInf 0.0000000e+00              1215s
[2025-08-29 23:24:41] DEBUG    47797 DPushes remaining with DInf 0.0000000e+00              1220s
[2025-08-29 23:24:46] DEBUG    37011 DPushes remaining with DInf 0.0000000e+00              1225s
[2025-08-29 23:24:51] DEBUG    29103 DPushes remaining with DInf 0.0000000e+00              1230s
[2025-08-29 23:24:56] DEBUG    19523 DPushes remaining with DInf 0.0000000e+00              1235s
[2025-08-29 23:25:01] DEBUG    12065 DPushes remaining with DInf 0.0000000e+00              1240s
[2025-08-29 23:25:06] DEBUG    5307 DPushes remaining with DInf 0.0000000e+00              1245s
[2025-08-29 23:25:11] DEBUG    1274 DPushes remaining with DInf 0.0000000e+00              1250s
[2025-08-29 23:25:12] DEBUG    0 DPushes remaining with DInf 0.0000000e+00              1252s
[2025-08-29 23:25:13] DEBUG    2750680 PPushes remaining with PInf 2.2803343e-01              1252s
[2025-08-29 23:26:25] DEBUG    1960266 PPushes remaining with PInf 2.2803343e-01              1324s
[2025-08-29 23:26:26] DEBUG    1745775 PPushes remaining with PInf 2.2803343e-01              1325s
[2025-08-29 23:26:31] DEBUG    1437523 PPushes remaining with PInf 1.5163102e-01              1330s
[2025-08-29 23:26:36] DEBUG    1274857 PPushes remaining with PInf 1.5163102e-01              1335s
[2025-08-29 23:26:41] DEBUG    1195956 PPushes remaining with PInf 1.5164710e-01              1340s
[2025-08-29 23:26:46] DEBUG    1121410 PPushes remaining with PInf 2.3429748e-06              1345s
[2025-08-29 23:26:51] DEBUG    1049164 PPushes remaining with PInf 0.0000000e+00              1350s
[2025-08-29 23:26:56] DEBUG    987023 PPushes remaining with PInf 2.4125839e-05              1355s
[2025-08-29 23:27:01] DEBUG    939137 PPushes remaining with PInf 1.0052433e-06              1360s
[2025-08-29 23:27:06] DEBUG    899573 PPushes remaining with PInf 0.0000000e+00              1365s
[2025-08-29 23:27:11] DEBUG    864160 PPushes remaining with PInf 0.0000000e+00              1370s
[2025-08-29 23:27:16] DEBUG    830422 PPushes remaining with PInf 8.0419464e-06              1375s
[2025-08-29 23:27:21] DEBUG    800068 PPushes remaining with PInf 7.6242723e-06              1380s
[2025-08-29 23:27:26] DEBUG    780910 PPushes remaining with PInf 2.1536178e-06              1385s
[2025-08-29 23:27:31] DEBUG    763114 PPushes remaining with PInf 0.0000000e+00              1390s
[2025-08-29 23:27:36] DEBUG    747847 PPushes remaining with PInf 7.7406178e-06              1395s
[2025-08-29 23:27:41] DEBUG    725577 PPushes remaining with PInf 4.3576292e-06              1400s
[2025-08-29 23:27:46] DEBUG    682811 PPushes remaining with PInf 0.0000000e+00              1405s
[2025-08-29 23:27:51] DEBUG    647070 PPushes remaining with PInf 5.9283218e-06              1410s
[2025-08-29 23:27:56] DEBUG    630098 PPushes remaining with PInf 5.6770110e-06              1415s
[2025-08-29 23:28:01] DEBUG    617367 PPushes remaining with PInf 1.9476589e-06              1420s
[2025-08-29 23:28:06] DEBUG    603291 PPushes remaining with PInf 0.0000000e+00              1425s
[2025-08-29 23:28:11] DEBUG    591133 PPushes remaining with PInf 1.9073486e-06              1430s
[2025-08-29 23:28:16] DEBUG    578429 PPushes remaining with PInf 2.5936062e-06              1435s
[2025-08-29 23:28:17] DEBUG    Solved with dual simplex
[2025-08-29 23:28:27] DEBUG    Iteration    Objective       Primal Inf.    Dual Inf.      Time
 1183272    2.0748010e+14   0.000000e+00   0.000000e+00   1446s
[2025-08-29 23:28:27] DEBUG    Solved in 1183272 iterations and 1446.08 seconds (645.90 work units)
[2025-08-29 23:28:27] DEBUG    Optimal objective  2.074801008e+14
✅ Scenario completato: existing_VRES_2030_PHES

🚀 Lancio scenario: existing_VRES_2030_nostorage
[2025-08-29 23:38:51] INFO     Loading sets
[2025-08-29 23:38:51] INFO     Loading parameters
[2025-08-29 23:39:25] INFO     constraints are loaded in the following order: ['energy_balance', 'dispatch', 'costs', 'capacity', 'network', 'policy', 'conversion', 'group', 'conversion_plus', 'milp', 'export']
[2025-08-29 23:39:25] INFO     creating energy_balance constraints
[2025-08-29 23:42:23] INFO     creating dispatch constraints
[2025-08-29 23:47:25] INFO     creating costs constraints
[2025-08-29 23:55:37] INFO     creating capacity constraints
[2025-08-29 23:55:37] INFO     creating network constraints
[2025-08-29 23:55:37] INFO     creating policy constraints
[2025-08-29 23:55:37] INFO     creating conversion constraints
[2025-08-29 23:55:37] INFO     creating group constraints
[2025-08-29 23:55:37] INFO     creating conversion_plus constraints
[2025-08-29 23:55:37] INFO     creating milp constraints
[2025-08-29 23:55:37] INFO     creating export constraints
[2025-08-30 00:07:07] DEBUG    Set parameter WLSAccessID
Set parameter WLSSecret
Set parameter LicenseID to value 2680226
[2025-08-30 00:07:07] DEBUG    Academic license 2680226 - for non-commercial use only - registered to an___@mail.polimi.it
[2025-08-30 00:07:39] DEBUG    Read LP format model from file /tmp/tmp9xubnxdd.pyomo.lp
[2025-08-30 00:07:39] DEBUG    Reading time = 31.85 seconds
x15814672: 21552514 rows, 15814672 columns, 51339242 nonzeros
Set parameter NumericFocus to value 1
Gurobi Optimizer version 12.0.2 build v12.0.2rc0 (linux64 - "Debian GNU/Linux 11 (bullseye)")

CPU model: Intel(R) Xeon(R) Silver 4314 CPU @ 2.40GHz, instruction set [SSE2|AVX|AVX2|AVX512]
Thread count: 32 physical cores, 64 logical processors, using up to 32 threads
[2025-08-30 00:07:39] DEBUG    Non-default parameters:
NumericFocus  1
[2025-08-30 00:07:39] DEBUG    Academic license 2680226 - for non-commercial use only - registered to an___@mail.polimi.it
Optimize a model with 21552514 rows, 15814672 columns and 51339242 nonzeros
[2025-08-30 00:07:40] DEBUG    Model fingerprint: 0x0ebdd07b
[2025-08-30 00:07:40] DEBUG    Coefficient statistics:
  Matrix range     [1e-07, 3e+02]
  Objective range  [1e+00, 1e+06]
  Bounds range     [0e+00, 0e+00]
  RHS range        [1e+00, 2e+08]
[2025-08-30 00:07:46] DEBUG    Presolve removed 18432050 rows and 9452807 columns (presolve time = 5s)...
[2025-08-30 00:07:51] DEBUG    Presolve removed 20507338 rows and 13318802 columns (presolve time = 11s)...
[2025-08-30 00:07:55] DEBUG    Presolve removed 21001496 rows and 13410536 columns (presolve time = 15s)...
[2025-08-30 00:07:57] DEBUG    Presolve removed 21150403 rows and 13410608 columns
[2025-08-30 00:07:57] DEBUG    Presolve time: 17.36s
Presolved: 402111 rows, 2552967 columns, 4339571 nonzeros

Concurrent LP optimizer: primal simplex, dual simplex, and barrier
Showing barrier log only...
[2025-08-30 00:07:58] DEBUG    Ordering time: 0.22s
[2025-08-30 00:07:58] DEBUG    Barrier statistics:
 Dense cols : 81
[2025-08-30 00:07:58] DEBUG    AA' NZ     : 1.359e+06
 Factor NZ  : 1.333e+07 (roughly 1.3 GB of memory)
 Factor Ops : 1.102e+09 (less than 1 second per iteration)
 Threads    : 30
[2025-08-30 00:08:00] DEBUG    Objective                Residual
[2025-08-30 00:08:00] DEBUG    Iter       Primal          Dual         Primal    Dual     Compl     Time
[2025-08-30 00:08:01] DEBUG    0   4.09888438e+21 -6.04039103e+19  7.00e+10 5.36e+02  2.57e+16    21s
[2025-08-30 00:08:02] DEBUG    1   2.48739133e+21 -6.43983354e+19  2.69e+10 6.45e+05  9.86e+15    23s
[2025-08-30 00:08:05] DEBUG    2   8.89487145e+20 -4.69984731e+19  5.57e+09 3.81e+04  2.08e+15    26s
[2025-08-30 00:08:10] DEBUG    3   7.55278093e+19 -3.49982377e+19  3.84e+08 7.50e+02  1.52e+14    31s
[2025-08-30 00:08:14] DEBUG    4   1.84499816e+19 -2.03034318e+19  7.66e+07 6.91e+01  3.36e+13    34s
[2025-08-30 00:08:16] DEBUG    5   4.59409758e+18 -1.10503880e+19  1.67e+07 6.34e-06  8.39e+12    36s
[2025-08-30 00:08:18] DEBUG    6   1.61188183e+18 -5.26119557e+18  5.26e+06 3.33e-06  2.84e+12    39s
[2025-08-30 00:08:20] DEBUG    7   8.67790519e+17 -2.50700270e+18  2.77e+06 1.51e-06  1.32e+12    41s
[2025-08-30 00:08:22] DEBUG    8   4.47878704e+17 -1.29396086e+18  1.43e+06 5.04e-06  6.26e+11    43s
[2025-08-30 00:08:24] DEBUG    9   2.24033346e+17 -5.21105922e+17  7.16e+05 7.02e-07  2.51e+11    45s
[2025-08-30 00:08:27] DEBUG    10   7.49477054e+16 -1.96613410e+17  2.22e+05 4.59e-07  7.87e+10    47s
[2025-08-30 00:08:29] DEBUG    11   3.52573187e+16 -9.14268648e+16  1.01e+05 5.83e-07  3.34e+10    49s
[2025-08-30 00:08:31] DEBUG    12   1.34169764e+16 -2.58627001e+16  3.61e+04 1.70e-07  9.65e+09    52s
[2025-08-30 00:08:33] DEBUG    13   5.17259383e+15 -8.90637872e+15  1.26e+04 1.33e-07  3.26e+09    54s
[2025-08-30 00:08:36] DEBUG    14   2.63130910e+15 -4.41528291e+15  5.45e+03 3.11e-08  1.58e+09    57s
[2025-08-30 00:08:38] DEBUG    15   2.56759535e+15 -3.06273025e+15  5.28e+03 4.00e-08  1.27e+09    59s
[2025-08-30 00:08:42] DEBUG    16   2.46306047e+15 -2.89076147e+15  5.00e+03 3.39e-08  1.20e+09    62s
[2025-08-30 00:08:44] DEBUG    17   2.24944847e+15 -2.24204580e+15  4.42e+03 2.29e-08  1.00e+09    65s
[2025-08-30 00:08:47] DEBUG    18   2.18123087e+15 -2.14622149e+15  4.24e+03 1.82e-08  9.67e+08    67s
[2025-08-30 00:08:50] DEBUG    19   1.57284500e+15 -9.75605026e+14  2.62e+03 1.06e-08  5.65e+08    71s
[2025-08-30 00:08:55] DEBUG    20   7.95779416e+14 -6.75312550e+13  5.08e+02 8.59e-09  1.89e+08    76s
[2025-08-30 00:08:59] DEBUG    21   7.04162105e+14  2.10251387e+14  2.63e+02 2.77e-07  1.08e+08    80s
[2025-08-30 00:09:04] DEBUG    22   6.64055504e+14  3.67036186e+14  1.60e+02 1.74e-06  6.48e+07    85s
[2025-08-30 00:09:08] DEBUG    23   6.33097097e+14  4.72054548e+14  7.45e+01 5.69e-06  3.51e+07    89s
[2025-08-30 00:09:10] DEBUG    24   6.24915620e+14  5.27655861e+14  5.24e+01 9.17e-06  2.12e+07    91s
[2025-08-30 00:09:13] DEBUG    25   6.12439994e+14  5.46555469e+14  1.93e+01 1.24e-05  1.43e+07    93s
[2025-08-30 00:09:15] DEBUG    26   6.11318484e+14  5.83925848e+14  1.64e+01 1.35e-05  5.96e+06    95s
[2025-08-30 00:09:17] DEBUG    27   6.10178048e+14  5.90806852e+14  1.34e+01 1.27e-05  4.21e+06    98s
[2025-08-30 00:09:19] DEBUG    28   6.06889885e+14  5.96303276e+14  5.10e+00 1.18e-05  2.30e+06   100s
[2025-08-30 00:09:21] DEBUG    29   6.05945997e+14  5.99349875e+14  2.71e+00 2.39e-05  1.43e+06   102s
[2025-08-30 00:09:24] DEBUG    30   6.05197057e+14  6.02559193e+14  8.05e-01 9.44e-05  5.74e+05   105s
[2025-08-30 00:09:26] DEBUG    31   6.05073371e+14  6.03640507e+14  4.98e-01 1.90e-04  3.12e+05   107s
[2025-08-30 00:09:28] DEBUG    32   6.05010269e+14  6.04652651e+14  3.48e-01 3.30e-04  7.78e+04   109s
[2025-08-30 00:09:30] DEBUG    33   6.04954937e+14  6.04751780e+14  2.20e-01 3.59e-04  4.42e+04   111s
[2025-08-30 00:09:32] DEBUG    34   6.04952239e+14  6.04788160e+14  2.14e-01 2.90e-04  3.57e+04   113s
[2025-08-30 00:09:35] DEBUG    35   6.04927575e+14  6.04822193e+14  1.59e-01 2.54e-04  2.29e+04   116s
[2025-08-30 00:09:37] DEBUG    36   6.04923122e+14  6.04828886e+14  1.49e-01 2.55e-04  2.05e+04   117s
[2025-08-30 00:09:39] DEBUG    37   6.04888597e+14  6.04840078e+14  7.41e-02 2.60e-04  1.06e+04   120s
[2025-08-30 00:09:43] DEBUG    38   6.04875905e+14  6.04845641e+14  4.77e-02 2.58e-04  6.59e+03   123s
[2025-08-30 00:09:45] DEBUG    39   6.04875314e+14  6.04847870e+14  4.65e-02 2.57e-04  5.98e+03   125s
[2025-08-30 00:09:47] DEBUG    40   6.04872886e+14  6.04849418e+14  4.14e-02 2.54e-04  5.11e+03   127s
[2025-08-30 00:09:49] DEBUG    41   6.04866351e+14  6.04850272e+14  2.81e-02 2.52e-04  3.51e+03   129s
[2025-08-30 00:09:51] DEBUG    42   6.04861485e+14  6.04850850e+14  1.87e-02 2.49e-04  2.32e+03   132s
[2025-08-30 00:09:55] DEBUG    43   6.04859036e+14  6.04851367e+14  1.43e-02 2.45e-04  1.68e+03   136s
[2025-08-30 00:10:01] DEBUG    44   6.04856405e+14  6.04851748e+14  9.35e-03 2.41e-04  1.02e+03   142s
[2025-08-30 00:10:05] DEBUG    45   6.04855340e+14  6.04851903e+14  6.93e-03 2.39e-04  7.55e+02   146s
[2025-08-30 00:10:08] DEBUG    46   6.04854330e+14  6.04851986e+14  4.76e-03 2.38e-04  5.17e+02   148s
[2025-08-30 00:10:10] DEBUG    47   6.04853728e+14  6.04852027e+14  3.37e-03 2.36e-04  3.77e+02   150s
[2025-08-30 00:10:12] DEBUG    48   6.04853194e+14  6.04852097e+14  2.17e-03 2.34e-04  2.45e+02   152s
[2025-08-30 00:10:14] DEBUG    49   6.04852926e+14  6.04852119e+14  1.60e-03 2.32e-04  1.82e+02   155s
[2025-08-30 00:10:18] DEBUG    50   6.04852742e+14  6.04852166e+14  1.26e-03 2.19e-04  1.31e+02   158s
[2025-08-30 00:10:22] DEBUG    51   6.04852511e+14  6.04852179e+14  8.00e-04 1.07e-04  7.72e+01   163s
[2025-08-30 00:10:26] DEBUG    52   6.04852391e+14  6.04852182e+14  5.31e-04 7.69e-05  5.02e+01   166s
[2025-08-30 00:10:28] DEBUG    53   6.04852326e+14  6.04852190e+14  3.80e-04 5.97e-05  3.40e+01   169s
[2025-08-30 00:10:30] DEBUG    54   6.04852286e+14  6.04852190e+14  2.78e-04 5.76e-05  2.53e+01   171s
[2025-08-30 00:10:32] DEBUG    55   6.04852269e+14  6.04852191e+14  2.34e-04 5.70e-05  2.13e+01   173s
[2025-08-30 00:10:34] DEBUG    56   6.04852253e+14  6.04852191e+14  1.93e-04 5.70e-05  1.77e+01   175s
[2025-08-30 00:10:37] DEBUG    57   6.04852241e+14  6.04852192e+14  1.60e-04 5.69e-05  1.44e+01   177s
[2025-08-30 00:10:40] DEBUG    58   6.04852228e+14  6.04852192e+14  1.31e-04 5.68e-05  1.17e+01   181s
[2025-08-30 00:10:45] DEBUG    59   6.04852216e+14  6.04852192e+14  1.06e-04 5.68e-05  8.83e+00   186s
[2025-08-30 00:10:49] DEBUG    60   6.04852205e+14  6.04852191e+14  8.29e-05 5.68e-05  6.44e+00   190s
[2025-08-30 00:10:54] DEBUG    61   6.04852196e+14  6.04852191e+14  6.16e-05 5.67e-05  4.46e+00   195s
[2025-08-30 00:10:54] DEBUG    Barrier solved model in 61 iterations and 194.89 seconds (57.31 work units)
[2025-08-30 00:10:54] DEBUG    Optimal objective 6.04852196e+14
[2025-08-30 00:10:55] DEBUG    Crossover log...
[2025-08-30 00:10:55] DEBUG    28208 DPushes remaining with DInf 0.0000000e+00               196s
[2025-08-30 00:10:56] DEBUG    0 DPushes remaining with DInf 0.0000000e+00               197s
[2025-08-30 00:10:56] DEBUG    2150769 PPushes remaining with PInf 6.2530729e-05               197s
[2025-08-30 00:10:59] DEBUG    0 PPushes remaining with PInf 0.0000000e+00               200s
[2025-08-30 00:10:59] DEBUG    Push phase complete: Pinf 0.0000000e+00, Dinf 5.4791365e+03    200s
[2025-08-30 00:10:59] DEBUG    Iteration    Objective       Primal Inf.    Dual Inf.      Time
[2025-08-30 00:10:59] DEBUG    2178980    6.0485217e+14   0.000000e+00   5.479136e+03    200s
[2025-08-30 00:11:07] DEBUG    2181867    6.0485217e+14   0.000000e+00   0.000000e+00    207s
[2025-08-30 00:11:07] DEBUG    Solved with barrier
[2025-08-30 00:11:17] DEBUG    2181867    6.0485217e+14   0.000000e+00   9.357724e-03    217s
[2025-08-30 00:11:22] DEBUG    Extra simplex iterations after uncrush: 169
[2025-08-30 00:11:22] DEBUG    2182036    6.0485217e+14   0.000000e+00   0.000000e+00    222s

Solved in 2182036 iterations and 222.22 seconds (86.25 work units)
[2025-08-30 00:11:22] DEBUG    Optimal objective  6.048521722e+14
✅ Scenario completato: existing_VRES_2030_nostorage

🚀 Lancio scenario: existing_CG+VRES_2030_BESS
[2025-08-30 00:24:12] INFO     Loading sets
[2025-08-30 00:24:12] INFO     Loading parameters
[2025-08-30 00:24:47] INFO     constraints are loaded in the following order: ['energy_balance', 'dispatch', 'costs', 'capacity', 'network', 'policy', 'conversion', 'group', 'conversion_plus', 'milp', 'export']
[2025-08-30 00:24:47] INFO     creating energy_balance constraints
[2025-08-30 00:27:49] INFO     creating dispatch constraints
[2025-08-30 00:29:47] INFO     creating costs constraints
[2025-08-30 00:43:45] INFO     creating capacity constraints
[2025-08-30 00:43:45] INFO     creating network constraints
[2025-08-30 00:43:45] INFO     creating policy constraints
[2025-08-30 00:43:45] INFO     creating conversion constraints
[2025-08-30 00:43:45] INFO     creating group constraints
[2025-08-30 00:43:45] INFO     creating conversion_plus constraints
[2025-08-30 00:43:45] INFO     creating milp constraints
[2025-08-30 00:43:45] INFO     creating export constraints
[2025-08-30 00:56:39] DEBUG    Set parameter WLSAccessID
Set parameter WLSSecret
Set parameter LicenseID to value 2680226
[2025-08-30 00:56:39] DEBUG    Academic license 2680226 - for non-commercial use only - registered to an___@mail.polimi.it
[2025-08-30 00:57:16] DEBUG    Read LP format model from file /tmp/tmp5uhipf4h.pyomo.lp
Reading time = 37.11 seconds
x17628280: 23593869 rows, 17628280 columns, 57433934 nonzeros
[2025-08-30 00:57:16] DEBUG    Set parameter NumericFocus to value 1
Gurobi Optimizer version 12.0.2 build v12.0.2rc0 (linux64 - "Debian GNU/Linux 11 (bullseye)")

CPU model: Intel(R) Xeon(R) Silver 4314 CPU @ 2.40GHz, instruction set [SSE2|AVX|AVX2|AVX512]
Thread count: 32 physical cores, 64 logical processors, using up to 32 threads

Non-default parameters:
NumericFocus  1
[2025-08-30 00:57:16] DEBUG    Academic license 2680226 - for non-commercial use only - registered to an___@mail.polimi.it
Optimize a model with 23593869 rows, 17628280 columns and 57433934 nonzeros
[2025-08-30 00:57:17] DEBUG    Model fingerprint: 0x5cc7bb0d
[2025-08-30 00:57:17] DEBUG    Coefficient statistics:
  Matrix range     [1e-07, 3e+02]
  Objective range  [1e+00, 1e+06]
  Bounds range     [0e+00, 0e+00]
  RHS range        [1e+00, 2e+08]
[2025-08-30 00:57:23] DEBUG    Presolve removed 18360648 rows and 9806938 columns (presolve time = 6s)...
[2025-08-30 00:57:27] DEBUG    Presolve removed 18817974 rows and 10741642 columns (presolve time = 10s)...
[2025-08-30 00:57:32] DEBUG    Presolve removed 20381882 rows and 13710000 columns (presolve time = 15s)...
[2025-08-30 00:57:37] DEBUG    Presolve removed 21233957 rows and 14511296 columns (presolve time = 20s)...
[2025-08-30 00:57:42] DEBUG    Presolve removed 21771852 rows and 14511296 columns (presolve time = 25s)...
[2025-08-30 00:57:46] DEBUG    Presolve removed 21920755 rows and 14598896 columns
[2025-08-30 00:57:47] DEBUG    Presolve time: 30.87s
Presolved: 1673114 rows, 3178287 columns, 9229345 nonzeros

Concurrent LP optimizer: primal simplex, dual simplex, and barrier
Showing barrier log only...
[2025-08-30 00:57:54] DEBUG    Elapsed ordering time = 5s
[2025-08-30 00:57:59] DEBUG    Ordering time: 10.30s
[2025-08-30 00:58:00] DEBUG    Barrier statistics:
 Dense cols : 144
[2025-08-30 00:58:00] DEBUG    AA' NZ     : 8.873e+06
 Factor NZ  : 4.088e+07 (roughly 2.3 GB of memory)
 Factor Ops : 3.048e+09 (less than 1 second per iteration)
 Threads    : 30
[2025-08-30 00:58:05] DEBUG    Objective                Residual
Iter       Primal          Dual         Primal    Dual     Compl     Time
[2025-08-30 00:58:06] DEBUG    0   2.17698994e+21 -8.85272134e+18  6.97e+10 2.89e-11  3.92e+15    50s
[2025-08-30 00:58:10] DEBUG    1   1.75299311e+21 -8.84087649e+18  5.55e+10 2.34e+05  2.96e+15    54s
[2025-08-30 00:58:16] DEBUG    2   1.45973080e+21 -8.15816326e+18  4.56e+10 9.56e+04  2.19e+15    60s
[2025-08-30 00:58:24] DEBUG    3   1.10472616e+21 -7.32254083e+18  3.43e+10 2.91e+04  1.52e+15    68s
[2025-08-30 00:58:30] DEBUG    4   7.92516226e+20 -6.92344476e+18  2.49e+10 1.16e+04  1.08e+15    74s
[2025-08-30 00:58:34] DEBUG    5   6.28314145e+20 -6.70784690e+18  1.95e+10 5.40e+03  8.56e+14    78s
[2025-08-30 00:58:38] DEBUG    6   3.35633817e+20 -6.52900996e+18  1.04e+10 3.88e+03  4.62e+14    82s
[2025-08-30 00:58:41] DEBUG    7   1.49544277e+20 -6.17772411e+18  4.69e+09 2.24e+03  2.12e+14    85s
[2025-08-30 00:58:45] DEBUG    8   4.24195155e+19 -5.45297682e+18  1.41e+09 8.78e+02  6.52e+13    89s
[2025-08-30 00:58:51] DEBUG    9   1.30790160e+19 -4.07147749e+18  4.33e+08 1.55e+02  1.97e+13    95s
[2025-08-30 00:58:55] DEBUG    10   8.49120120e+18 -3.25297378e+18  2.79e+08 4.21e+01  1.23e+13    99s
[2025-08-30 00:59:00] DEBUG    11   6.12730139e+18 -2.59199256e+18  2.05e+08 9.73e+00  8.77e+12   104s
[2025-08-30 00:59:08] DEBUG    12   1.20223030e+18 -2.02154724e+18  3.77e+07 2.16e+00  1.85e+12   112s
[2025-08-30 00:59:13] DEBUG    13   4.00975413e+17 -1.04438653e+18  1.23e+07 2.81e-01  6.03e+11   117s
[2025-08-30 00:59:16] DEBUG    14   2.22881391e+16 -3.79649944e+17  6.68e+05 5.91e-02  7.83e+10   120s
[2025-08-30 00:59:21] DEBUG    15   4.80659819e+14 -2.96079147e+16  3.30e+03 6.43e-03  4.66e+09   125s
[2025-08-30 00:59:25] DEBUG    16   3.38205372e+14 -8.63084912e+15  1.65e+02 1.15e-02  1.36e+09   129s
[2025-08-30 00:59:29] DEBUG    17   3.20425866e+14 -3.35761873e+15  4.67e+01 1.37e-02  5.30e+08   133s
[2025-08-30 00:59:36] DEBUG    18   3.17848952e+14 -2.04616181e+15  3.84e+01 1.41e-02  3.25e+08   140s
[2025-08-30 00:59:40] DEBUG    19   3.16137143e+14 -1.20748216e+15  3.50e+01 3.06e-02  1.94e+08   144s
[2025-08-30 00:59:45] DEBUG    20   3.11945577e+14 -4.58797992e+14  2.71e+01 1.45e-02  7.74e+07   149s
[2025-08-30 00:59:50] DEBUG    21   3.10505492e+14 -3.52427222e+14  2.48e+01 3.68e-02  6.01e+07   154s
[2025-08-30 00:59:56] DEBUG    22   3.08956368e+14 -2.33344625e+14  2.24e+01 4.61e-02  4.02e+07   160s
[2025-08-30 01:00:02] DEBUG    23   3.01569951e+14 -6.69186198e+13  1.21e+01 1.72e-02  1.21e+07   166s
[2025-08-30 01:00:12] DEBUG    24   2.92313285e+14 -1.70643556e+12  4.43e+00 2.54e-02  5.30e+05   176s
[2025-08-30 01:00:20] DEBUG    25   2.85487987e+14 -3.27546003e+11  2.12e+00 1.50e-02  1.37e+05   184s
[2025-08-30 01:00:25] DEBUG    26   2.82783878e+14 -2.38262790e+11  1.67e+00 1.50e-02  9.95e+04   189s
[2025-08-30 01:00:29] DEBUG    27   2.81894016e+14 -1.78597740e+11  1.55e+00 1.49e-02  8.09e+04   193s
[2025-08-30 01:00:33] DEBUG    28   2.81493434e+14 -1.63898139e+11  1.50e+00 1.49e-02  7.54e+04   197s
[2025-08-30 01:00:37] DEBUG    29   2.79998799e+14 -1.43853398e+11  1.32e+00 1.49e-02  6.39e+04   201s
[2025-08-30 01:00:43] DEBUG    30   2.79508347e+14 -1.34738625e+11  1.27e+00 1.49e-02  5.81e+04   207s
[2025-08-30 01:00:50] DEBUG    31   2.74911742e+14 -1.22954793e+11  7.97e-01 1.49e-02  3.73e+04   214s
[2025-08-30 01:00:59] DEBUG    32   2.72867139e+14 -1.13341306e+11  6.65e-01 1.49e-02  2.88e+04   223s
[2025-08-30 01:01:09] DEBUG    33   2.69719822e+14 -1.08309852e+11  4.94e-01 1.49e-02  2.10e+04   233s
[2025-08-30 01:01:19] DEBUG    34   2.69427489e+14 -1.08458095e+11  4.82e-01 1.49e-02  2.00e+04   243s
[2025-08-30 01:01:27] DEBUG    35   2.68617504e+14 -1.10050540e+11  4.50e-01 1.49e-02  1.86e+04   251s
[2025-08-30 01:01:34] DEBUG    36   2.68228382e+14 -1.10779359e+11  4.35e-01 1.49e-02  1.80e+04   258s
[2025-08-30 01:01:41] DEBUG    37   2.68036617e+14 -1.11510274e+11  4.28e-01 1.49e-02  1.76e+04   265s
[2025-08-30 01:01:48] DEBUG    38   2.67750339e+14 -1.12335934e+11  4.18e-01 1.49e-02  1.71e+04   272s
[2025-08-30 01:01:56] DEBUG    39   2.67605861e+14 -1.12940738e+11  4.13e-01 1.49e-02  1.68e+04   280s
[2025-08-30 01:02:02] DEBUG    40   2.67295334e+14 -1.13479810e+11  4.03e-01 1.49e-02  1.64e+04   286s
[2025-08-30 01:02:09] DEBUG    41   2.67230704e+14 -1.13910980e+11  4.01e-01 1.49e-02  1.63e+04   293s
[2025-08-30 01:02:17] DEBUG    42   2.67013429e+14 -1.14323015e+11  3.94e-01 1.49e-02  1.60e+04   301s
[2025-08-30 01:02:23] DEBUG    43   2.66896983e+14 -1.14686457e+11  3.90e-01 1.49e-02  1.94e+04   307s
[2025-08-30 01:02:23] DEBUG    Barrier performed 43 iterations in 307.32 seconds (82.26 work units)
Numerical trouble encountered

Model may be infeasible or unbounded.  Consider using the
homogeneous algorithm (through parameter 'BarHomogeneous')
[2025-08-30 01:03:28] DEBUG    Waiting for other threads to finish...         372s
[2025-08-30 01:04:32] DEBUG    Waiting for other threads to finish...         436s
[2025-08-30 01:05:37] DEBUG    Waiting for other threads to finish...         501s
[2025-08-30 01:06:41] DEBUG    Waiting for other threads to finish...         565s
[2025-08-30 01:07:45] DEBUG    Waiting for other threads to finish...         629s
[2025-08-30 01:08:50] DEBUG    Waiting for other threads to finish...         694s
[2025-08-30 01:09:55] DEBUG    Waiting for other threads to finish...         759s
[2025-08-30 01:10:51] DEBUG    Solved with dual simplex
[2025-08-30 01:11:02] DEBUG    Iteration    Objective       Primal Inf.    Dual Inf.      Time
[2025-08-30 01:11:02] DEBUG    1114536    1.8141621e+10   0.000000e+00   0.000000e+00    826s

Solved in 1114536 iterations and 825.85 seconds (539.60 work units)
[2025-08-30 01:11:02] DEBUG    Optimal objective  1.814162150e+10
✅ Scenario completato: existing_CG+VRES_2030_BESS

🚀 Lancio scenario: existing_CG+VRES_2030_nostorage
[2025-08-30 01:22:26] INFO     Loading sets
[2025-08-30 01:22:27] INFO     Loading parameters
[2025-08-30 01:23:00] INFO     constraints are loaded in the following order: ['energy_balance', 'dispatch', 'costs', 'capacity', 'network', 'policy', 'conversion', 'group', 'conversion_plus', 'milp', 'export']
[2025-08-30 01:23:00] INFO     creating energy_balance constraints
[2025-08-30 01:25:52] INFO     creating dispatch constraints
[2025-08-30 01:27:41] INFO     creating costs constraints
[2025-08-30 01:45:02] INFO     creating capacity constraints
[2025-08-30 01:45:02] INFO     creating network constraints
[2025-08-30 01:45:02] INFO     creating policy constraints
[2025-08-30 01:45:02] INFO     creating conversion constraints
[2025-08-30 01:45:02] INFO     creating group constraints
[2025-08-30 01:45:02] INFO     creating conversion_plus constraints
[2025-08-30 01:45:02] INFO     creating milp constraints
[2025-08-30 01:45:02] INFO     creating export constraints
[2025-08-30 01:56:56] DEBUG    Set parameter WLSAccessID
Set parameter WLSSecret
Set parameter LicenseID to value 2680226
[2025-08-30 01:56:56] DEBUG    Academic license 2680226 - for non-commercial use only - registered to an___@mail.polimi.it
[2025-08-30 01:57:29] DEBUG    Read LP format model from file /tmp/tmpucdl10i7.pyomo.lp
[2025-08-30 01:57:29] DEBUG    Reading time = 32.63 seconds
x16357906: 21815415 rows, 16357906 columns, 52860895 nonzeros
[2025-08-30 01:57:29] DEBUG    Set parameter NumericFocus to value 1
[2025-08-30 01:57:29] DEBUG    Gurobi Optimizer version 12.0.2 build v12.0.2rc0 (linux64 - "Debian GNU/Linux 11 (bullseye)")

CPU model: Intel(R) Xeon(R) Silver 4314 CPU @ 2.40GHz, instruction set [SSE2|AVX|AVX2|AVX512]
Thread count: 32 physical cores, 64 logical processors, using up to 32 threads
[2025-08-30 01:57:29] DEBUG    Non-default parameters:
NumericFocus  1
[2025-08-30 01:57:29] DEBUG    Academic license 2680226 - for non-commercial use only - registered to an___@mail.polimi.it
[2025-08-30 01:57:29] DEBUG    Optimize a model with 21815415 rows, 16357906 columns and 52860895 nonzeros
[2025-08-30 01:57:29] DEBUG    Model fingerprint: 0xb6615c47
[2025-08-30 01:57:30] DEBUG    Coefficient statistics:
  Matrix range     [1e-07, 3e+02]
  Objective range  [1e+00, 1e+06]
[2025-08-30 01:57:30] DEBUG    Bounds range     [0e+00, 0e+00]
  RHS range        [1e+00, 2e+08]
[2025-08-30 01:57:35] DEBUG    Presolve removed 18309778 rows and 9794585 columns (presolve time = 6s)...
[2025-08-30 01:57:40] DEBUG    Presolve removed 20041882 rows and 13370000 columns (presolve time = 10s)...
[2025-08-30 01:57:45] DEBUG    Presolve removed 20471731 rows and 13799810 columns (presolve time = 15s)...
[2025-08-30 01:57:48] DEBUG    Presolve removed 21158471 rows and 13887527 columns
[2025-08-30 01:57:48] DEBUG    Presolve time: 19.84s
Presolved: 656944 rows, 2619282 columns, 4961491 nonzeros
[2025-08-30 01:57:48] DEBUG    Concurrent LP optimizer: primal simplex, dual simplex, and barrier
Showing barrier log only...
[2025-08-30 01:57:50] DEBUG    Ordering time: 0.29s
[2025-08-30 01:57:50] DEBUG    Barrier statistics:
 Dense cols : 115
[2025-08-30 01:57:50] DEBUG    AA' NZ     : 1.913e+06
 Factor NZ  : 1.605e+07 (roughly 1.4 GB of memory)
 Factor Ops : 1.022e+09 (less than 1 second per iteration)
 Threads    : 30
[2025-08-30 01:57:53] DEBUG    Objective                Residual
[2025-08-30 01:57:53] DEBUG    Iter       Primal          Dual         Primal    Dual     Compl     Time
[2025-08-30 01:57:53] DEBUG    0   2.26016083e+21 -1.03488561e+19  6.97e+10 3.27e-03  4.59e+15    25s
[2025-08-30 01:57:56] DEBUG    1   1.81256884e+21 -1.04433424e+19  5.52e+10 3.77e+05  3.67e+15    27s
[2025-08-30 01:58:00] DEBUG    2   1.44436222e+21 -9.86463145e+18  4.37e+10 2.49e+05  2.89e+15    31s
[2025-08-30 01:58:04] DEBUG    3   1.24286439e+21 -9.21290845e+18  3.71e+10 1.64e+05  2.43e+15    36s
[2025-08-30 01:58:08] DEBUG    4   8.95762575e+20 -8.71655177e+18  2.59e+10 9.30e+04  1.70e+15    40s
[2025-08-30 01:58:13] DEBUG    5   6.12534339e+20 -8.04622394e+18  1.74e+10 2.55e+04  1.13e+15    44s
[2025-08-30 01:58:17] DEBUG    6   2.83852172e+20 -7.38824212e+18  7.68e+09 4.10e+03  5.02e+14    49s
[2025-08-30 01:58:21] DEBUG    7   1.27782274e+19 -6.53640089e+18  1.82e+08 1.22e+02  1.45e+13    52s
[2025-08-30 01:58:23] DEBUG    8   2.69412031e+18 -3.20917285e+18  3.65e+07 1.65e+01  3.17e+12    54s
[2025-08-30 01:58:25] DEBUG    9   9.23651295e+17 -1.39605955e+18  1.28e+07 3.18e+00  1.06e+12    57s
[2025-08-30 01:58:28] DEBUG    10   2.95625382e+17 -5.86612328e+17  4.23e+06 1.37e+00  3.39e+11    59s
[2025-08-30 01:58:31] DEBUG    11   8.60032720e+16 -1.98787646e+17  1.29e+06 1.19e+00  9.37e+10    62s
[2025-08-30 01:58:33] DEBUG    12   1.65279493e+16 -6.63781311e+16  2.64e+05 4.44e-01  2.18e+10    65s
[2025-08-30 01:58:36] DEBUG    13   3.28329486e+15 -1.66915928e+16  5.27e+04 1.08e-01  4.54e+09    67s
[2025-08-30 01:58:38] DEBUG    14   6.31428271e+14 -1.20621470e+15  9.14e+03 6.19e-03  3.85e+08    69s
[2025-08-30 01:58:41] DEBUG    15   6.29938236e+13 -8.26454937e+13  7.34e+01 3.49e-03  1.78e+07    72s
[2025-08-30 01:58:43] DEBUG    16   4.99775293e+13 -6.57250016e+12  3.11e-02 2.97e-03  1.36e+06    74s
[2025-08-30 01:58:46] DEBUG    17   4.29143441e+13 -1.27103455e+12  4.03e-03 4.18e-03  2.72e+05    77s
[2025-08-30 01:58:48] DEBUG    18   3.64489288e+13 -3.75628332e+11  1.05e-03 5.24e-03  8.48e+04    79s
[2025-08-30 01:58:52] DEBUG    19   3.15783336e+13 -2.82476621e+11  5.18e-04 5.30e-03  8.23e+04    84s
[2025-08-30 01:58:59] DEBUG    20   2.76237204e+13 -2.01379748e+11  9.04e-04 5.35e-03  8.25e+04    90s
[2025-08-30 01:59:10] DEBUG    21   2.44887715e+13 -9.17384745e+10  9.04e-04 5.36e-03  1.12e+05   101s
[2025-08-30 01:59:17] DEBUG    22   2.56225757e+13 -5.72171285e+10  9.04e-04 5.34e-03  5.17e+05   108s
[2025-08-30 01:59:32] DEBUG    23   1.92465533e+13 -4.45103819e+10  3.61e-04 5.13e-03  1.22e+06   123s
[2025-08-30 01:59:43] DEBUG    24   1.21121807e+13 -1.70284947e+11  3.71e-04 5.08e-03  1.06e+06   135s
[2025-08-30 01:59:51] DEBUG    25   8.30809780e+12 -1.53123657e+11  6.15e-04 5.08e-03  8.78e+05   142s
[2025-08-30 01:59:58] DEBUG    26   7.50906943e+12 -2.95100656e+11  4.24e-04 1.05e-02  1.44e+06   149s
[2025-08-30 02:00:05] DEBUG    27   4.63626809e+12 -3.09568425e+11  5.61e-04 5.05e-03  7.73e+05   157s
[2025-08-30 02:00:13] DEBUG    28   2.65315247e+12 -1.38992001e+11  5.61e-04 5.05e-03  4.02e+05   164s
[2025-08-30 02:00:19] DEBUG    29   6.20100574e+11 -1.03701256e+11  4.16e-04 5.05e-03  5.63e+04   171s
[2025-08-30 02:00:23] DEBUG    30   5.37452045e+11 -4.99775768e+10  7.96e-04 5.08e-03  3.40e+04   174s
[2025-08-30 02:00:26] DEBUG    31   4.99089965e+11 -2.40805744e+10  1.05e-03 5.14e-03  2.30e+04   177s
[2025-08-30 02:00:29] DEBUG    32   4.87794418e+11 -1.22672705e+10  6.06e-04 5.17e-03  1.91e+04   181s
[2025-08-30 02:00:32] DEBUG    33   4.83942555e+11 -1.63668047e+09  3.61e-04 5.19e-03  1.64e+04   184s
[2025-08-30 02:00:38] DEBUG    34   4.63232446e+11  8.21676343e+09  4.16e-04 5.22e-03  1.17e+04   189s
[2025-08-30 02:00:42] DEBUG    35   4.23175474e+11  1.36562953e+10  1.17e-04 5.22e-03  5.65e+03   193s
[2025-08-30 02:00:47] DEBUG    36   4.17112181e+11  1.42521328e+10  5.52e-04 5.22e-03  5.00e+03   199s
[2025-08-30 02:00:52] DEBUG    37   4.13434196e+11  1.47445825e+10  4.24e-04 5.21e-03  4.59e+03   204s
[2025-08-30 02:00:56] DEBUG    38   4.09782319e+11  1.54900657e+10  5.61e-04 5.20e-03  4.18e+03   208s
[2025-08-30 02:01:00] DEBUG    39   4.08839029e+11  1.55742939e+10  3.08e-04 5.20e-03  4.10e+03   211s
[2025-08-30 02:01:03] DEBUG    40   3.99258121e+11  1.58088496e+10  3.61e-04 5.20e-03  3.35e+03   215s
[2025-08-30 02:01:08] DEBUG    41   3.92520628e+11  1.63007949e+10  1.05e-03 5.19e-03  2.82e+03   220s
[2025-08-30 02:01:14] DEBUG    42   3.85715614e+11  1.68401761e+10  5.52e-04 5.18e-03  2.33e+03   226s
[2025-08-30 02:01:20] DEBUG    43   3.81169044e+11  1.72131003e+10  3.61e-04 5.17e-03  2.02e+03   231s
[2025-08-30 02:01:27] DEBUG    44   3.76668775e+11  1.73490714e+10  1.05e-03 5.16e-03  1.79e+03   238s
[2025-08-30 02:01:33] DEBUG    45   3.73810089e+11  1.73725554e+10  6.15e-04 5.16e-03  1.66e+03   244s
[2025-08-30 02:01:37] DEBUG    46   3.71496647e+11  1.75573994e+10  5.61e-04 5.14e-03  1.54e+03   249s
[2025-08-30 02:01:43] DEBUG    47   3.65022625e+11  1.76930057e+10  1.05e-03 5.14e-03  1.27e+03   255s
[2025-08-30 02:01:49] DEBUG    48   3.64001095e+11  1.77352876e+10  1.81e-04 5.13e-03  1.23e+03   260s
[2025-08-30 02:01:56] DEBUG    49   3.63225556e+11  1.77522785e+10  6.69e-04 5.13e-03  1.21e+03   268s
[2025-08-30 02:02:02] DEBUG    50   3.57591682e+11  1.78079642e+10  5.61e-04 5.13e-03  1.02e+03   273s
[2025-08-30 02:02:08] DEBUG    51   3.55401452e+11  1.78742825e+10  5.61e-04 5.12e-03  9.44e+02   279s
[2025-08-30 02:02:14] DEBUG    52   3.49322469e+11  1.79029146e+10  5.61e-04 5.12e-03  7.90e+02   286s
[2025-08-30 02:02:20] DEBUG    53   3.47055274e+11  1.79171836e+10  5.61e-04 5.11e-03  7.39e+02   291s
[2025-08-30 02:02:25] DEBUG    54   3.44294570e+11  1.79739554e+10  4.24e-04 5.11e-03  6.74e+02   296s
[2025-08-30 02:02:32] DEBUG    55   3.33051206e+11  1.80804338e+10  3.71e-04 5.09e-03  4.46e+02   303s
[2025-08-30 02:02:38] DEBUG    56   3.27628786e+11  1.80811307e+10  5.61e-04 5.09e-03  3.76e+02   309s
[2025-08-30 02:02:42] DEBUG    57   3.24876222e+11  1.80910938e+10  4.16e-04 5.09e-03  3.45e+02   313s
[2025-08-30 02:02:48] DEBUG    58   3.21584483e+11  1.81166730e+10  5.61e-04 5.08e-03  3.06e+02   319s
[2025-08-30 02:02:54] DEBUG    59   3.19399411e+11  1.81259828e+10  6.15e-04 5.08e-03  2.84e+02   326s
[2025-08-30 02:03:00] DEBUG    60   3.16617634e+11  1.81370361e+10  3.71e-04 5.08e-03  2.58e+02   332s
[2025-08-30 02:03:06] DEBUG    61   3.13067291e+11  1.81531475e+10  3.08e-04 5.08e-03  2.28e+02   337s
[2025-08-30 02:03:12] DEBUG    62   3.09879120e+11  1.81646775e+10  5.61e-04 5.07e-03  2.04e+02   343s
[2025-08-30 02:03:17] DEBUG    63   3.06803530e+11  1.81744885e+10  1.05e-03 5.07e-03  1.83e+02   348s
[2025-08-30 02:03:24] DEBUG    64   3.00817837e+11  1.81840954e+10  5.52e-04 5.07e-03  1.49e+02   355s
[2025-08-30 02:03:30] DEBUG    65   2.94363561e+11  1.81914282e+10  3.71e-04 5.06e-03  1.18e+02   361s
[2025-08-30 02:03:37] DEBUG    66   2.90964089e+11  1.81909145e+10  5.61e-04 5.06e-03  1.06e+02   369s
[2025-08-30 02:03:43] DEBUG    67   2.84727997e+11  1.81983022e+10  6.69e-04 5.06e-03  8.33e+01   374s
[2025-08-30 02:03:50] DEBUG    68   2.81367116e+11  1.82013064e+10  6.15e-04 5.06e-03  7.38e+01   382s
[2025-08-30 02:03:55] DEBUG    69   2.77693791e+11  1.82018026e+10  8.59e-04 5.06e-03  6.50e+01   386s
[2025-08-30 02:04:02] DEBUG    70   2.74760055e+11  1.82020998e+10  4.16e-04 5.06e-03  5.89e+01   393s
[2025-08-30 02:04:07] DEBUG    71   2.71311848e+11  1.82031342e+10  9.04e-04 5.06e-03  5.23e+01   398s
[2025-08-30 02:04:13] DEBUG    72   2.67442468e+11  1.82030854e+10  9.04e-04 5.06e-03  4.59e+01   405s
[2025-08-30 02:04:20] DEBUG    73   2.64785648e+11  1.82039885e+10  6.69e-04 5.05e-03  4.18e+01   411s
[2025-08-30 02:04:26] DEBUG    74   2.61255476e+11  1.82047629e+10  1.10e-03 5.05e-03  3.69e+01   417s
[2025-08-30 02:04:33] DEBUG    75   2.59608312e+11  1.82052584e+10  1.39e-03 5.05e-03  3.48e+01   425s
[2025-08-30 02:04:39] DEBUG    76   2.56471316e+11  1.82055148e+10  6.69e-04 5.05e-03  3.13e+01   431s
[2025-08-30 02:04:45] DEBUG    77   2.54294503e+11  1.82057279e+10  9.04e-04 5.05e-03  2.91e+01   436s
[2025-08-30 02:04:51] DEBUG    78   2.53192872e+11  1.82059659e+10  9.04e-04 5.05e-03  2.80e+01   443s
[2025-08-30 02:04:57] DEBUG    79   2.51797259e+11  1.82060503e+10  6.15e-04 5.05e-03  2.67e+01   449s
[2025-08-30 02:04:57] DEBUG    Barrier performed 79 iterations in 448.80 seconds (107.10 work units)
[2025-08-30 02:04:57] DEBUG    Barrier solve interrupted - model solved by another algorithm
[2025-08-30 02:04:58] DEBUG    Solved with dual simplex
[2025-08-30 02:05:07] DEBUG    Iteration    Objective       Primal Inf.    Dual Inf.      Time
[2025-08-30 02:05:07] DEBUG    348479    1.8141621e+10   0.000000e+00   0.000000e+00    458s

Solved in 348479 iterations and 458.31 seconds (126.95 work units)
Optimal objective  1.814162150e+10
✅ Scenario completato: existing_CG+VRES_2030_nostorage

🚀 Lancio scenario: existing_GT+VRES_2030_PHES
[2025-08-30 02:22:00] INFO     Loading sets
[2025-08-30 02:22:00] INFO     Loading parameters
[2025-08-30 02:22:37] INFO     constraints are loaded in the following order: ['energy_balance', 'dispatch', 'costs', 'capacity', 'network', 'policy', 'conversion', 'group', 'conversion_plus', 'milp', 'export']
[2025-08-30 02:22:37] INFO     creating energy_balance constraints
[2025-08-30 02:25:41] INFO     creating dispatch constraints
[2025-08-30 02:27:41] INFO     creating costs constraints
[2025-08-30 02:36:57] INFO     creating capacity constraints
[2025-08-30 02:36:57] INFO     creating network constraints
[2025-08-30 02:36:57] INFO     creating policy constraints
[2025-08-30 02:36:57] INFO     creating conversion constraints
[2025-08-30 02:36:57] INFO     creating group constraints
[2025-08-30 02:36:57] INFO     creating conversion_plus constraints
[2025-08-30 02:36:57] INFO     creating milp constraints
[2025-08-30 02:36:57] INFO     creating export constraints
[2025-08-30 02:49:47] DEBUG    Set parameter WLSAccessID
Set parameter WLSSecret
Set parameter LicenseID to value 2680226
[2025-08-30 02:49:48] DEBUG    Academic license 2680226 - for non-commercial use only - registered to an___@mail.polimi.it
[2025-08-30 02:50:24] DEBUG    Read LP format model from file /tmp/tmpwsx08slx.pyomo.lp
Reading time = 35.92 seconds
x17628280: 23593927 rows, 17628280 columns, 57688032 nonzeros
[2025-08-30 02:50:24] DEBUG    Set parameter NumericFocus to value 1
Gurobi Optimizer version 12.0.2 build v12.0.2rc0 (linux64 - "Debian GNU/Linux 11 (bullseye)")

CPU model: Intel(R) Xeon(R) Silver 4314 CPU @ 2.40GHz, instruction set [SSE2|AVX|AVX2|AVX512]
Thread count: 32 physical cores, 64 logical processors, using up to 32 threads

Non-default parameters:
NumericFocus  1
[2025-08-30 02:50:24] DEBUG    Academic license 2680226 - for non-commercial use only - registered to an___@mail.polimi.it
Optimize a model with 23593927 rows, 17628280 columns and 57688032 nonzeros
[2025-08-30 02:50:24] DEBUG    Model fingerprint: 0x81413b83
[2025-08-30 02:50:25] DEBUG    Coefficient statistics:
  Matrix range     [1e-07, 3e+02]
  Objective range  [1e+00, 1e+06]
  Bounds range     [0e+00, 0e+00]
  RHS range        [1e+00, 6e+09]
Warning: Model contains large rhs
[2025-08-30 02:50:31] DEBUG    Presolve removed 18949438 rows and 10381627 columns (presolve time = 6s)...
[2025-08-30 02:50:35] DEBUG    Presolve removed 18954526 rows and 12230000 columns (presolve time = 10s)...
[2025-08-30 02:50:40] DEBUG    Presolve removed 21339216 rows and 14569112 columns (presolve time = 15s)...
[2025-08-30 02:50:45] DEBUG    Presolve removed 21877105 rows and 14656712 columns (presolve time = 21s)...
[2025-08-30 02:50:46] DEBUG    Presolve removed 22026008 rows and 14656712 columns
[2025-08-30 02:50:46] DEBUG    Presolve time: 22.00s
Presolved: 1567919 rows, 3120471 columns, 8787495 nonzeros

Concurrent LP optimizer: primal simplex, dual simplex, and barrier
Showing barrier log only...
[2025-08-30 02:50:53] DEBUG    Elapsed ordering time = 6s
[2025-08-30 02:50:55] DEBUG    Ordering time: 8.42s
[2025-08-30 02:50:57] DEBUG    Barrier statistics:
[2025-08-30 02:50:57] DEBUG    Dense cols : 141
 AA' NZ     : 8.152e+06
 Factor NZ  : 3.861e+07 (roughly 2.0 GB of memory)
 Factor Ops : 2.937e+09 (less than 1 second per iteration)
 Threads    : 30
[2025-08-30 02:51:00] DEBUG    Objective                Residual
[2025-08-30 02:51:00] DEBUG    Iter       Primal          Dual         Primal    Dual     Compl     Time
[2025-08-30 02:51:01] DEBUG    0   2.34016764e+21 -9.00607715e+18  6.97e+10 2.89e-11  4.13e+15    37s
[2025-08-30 02:51:05] DEBUG    1   2.13207004e+21 -1.03497080e+19  6.32e+10 2.43e+05  3.53e+15    41s
[2025-08-30 02:51:10] DEBUG    2   2.03092049e+21 -3.90811339e+19  6.03e+10 1.70e+05  3.36e+15    47s
[2025-08-30 02:51:17] DEBUG    3   1.72763842e+21 -1.32758623e+20  5.07e+10 6.72e+04  2.84e+15    54s
[2025-08-30 02:51:23] DEBUG    4   1.21655231e+21 -1.52802510e+20  3.49e+10 2.15e+04  1.98e+15    59s
[2025-08-30 02:51:29] DEBUG    5   7.87720221e+20 -1.34317765e+20  2.27e+10 4.72e+03  1.30e+15    66s
[2025-08-30 02:51:35] DEBUG    6   2.43097676e+20 -1.13167764e+20  6.37e+09 1.33e+03  3.80e+14    71s
[2025-08-30 02:51:38] DEBUG    7   5.30445756e+19 -6.19437206e+19  1.39e+09 2.78e+02  8.58e+13    75s
[2025-08-30 02:51:42] DEBUG    8   1.73597564e+19 -3.35269506e+19  4.35e+08 8.65e+01  2.84e+13    78s
[2025-08-30 02:51:46] DEBUG    9   7.22394230e+18 -1.39284573e+19  1.81e+08 2.28e+01  1.13e+13    82s
[2025-08-30 02:51:50] DEBUG    10   2.84124632e+18 -6.75297253e+18  7.18e+07 8.61e+00  4.49e+12    86s
[2025-08-30 02:51:54] DEBUG    11   1.38241212e+18 -3.04900409e+18  3.44e+07 2.20e+00  2.01e+12    91s
[2025-08-30 02:51:58] DEBUG    12   4.20722669e+17 -1.23163695e+18  1.02e+07 4.41e-01  6.06e+11    94s
[2025-08-30 02:52:02] DEBUG    13   1.08130138e+17 -4.10482000e+17  2.60e+06 1.76e-01  1.52e+11    98s
[2025-08-30 02:52:06] DEBUG    14   6.51459431e+15 -8.90785893e+16  1.43e+05 4.29e-02  1.76e+10   102s
[2025-08-30 02:52:10] DEBUG    15   1.72710669e+14 -2.65591965e+15  2.19e-03 2.55e-04  4.21e+08   106s
[2025-08-30 02:52:15] DEBUG    16   1.68701283e+14 -1.03866267e+15  1.61e-03 2.54e-03  1.66e+08   112s
[2025-08-30 02:52:22] DEBUG    17   1.54969856e+14 -7.20849568e+13  1.98e-04 4.54e-03  1.22e+07   118s
[2025-08-30 02:52:33] DEBUG    18   1.49353540e+14 -2.94190645e+13  1.12e-04 1.48e-02  5.17e+06   129s
[2025-08-30 02:52:39] DEBUG    19   1.46024288e+14 -1.42031777e+13  9.13e-05 2.68e-02  2.62e+06   135s
[2025-08-30 02:52:43] DEBUG    20   1.44816760e+14 -8.68028312e+12  8.27e-05 2.41e-02  1.69e+06   140s
[2025-08-30 02:52:48] DEBUG    21   1.42873285e+14 -6.72626146e+12  6.70e-05 2.29e-02  1.33e+06   144s
[2025-08-30 02:52:55] DEBUG    22   1.40104795e+14 -4.07414155e+12  4.48e-05 2.06e-02  8.59e+05   151s
[2025-08-30 02:53:03] DEBUG    23   1.37698534e+14 -1.86971674e+12  3.67e-05 3.99e-02  4.57e+05   160s
[2025-08-30 02:53:11] DEBUG    24   1.35445191e+14 -6.81446277e+11  1.29e-04 3.85e-02  2.27e+05   168s
[2025-08-30 02:53:20] DEBUG    25   1.34298606e+14 -6.09846452e+11  5.64e-05 4.10e-02  2.01e+05   176s
[2025-08-30 02:53:26] DEBUG    26   1.32986310e+14 -4.15745243e+11  3.80e-05 4.37e-02  1.54e+05   182s
[2025-08-30 02:53:36] DEBUG    27   1.30033160e+14 -1.92194209e+11  2.71e-05 4.32e-02  9.07e+04   192s
[2025-08-30 02:53:45] DEBUG    28   1.28848365e+14 -1.38754953e+11  5.98e-05 4.17e-02  7.37e+04   201s
[2025-08-30 02:53:54] DEBUG    29   1.27876506e+14 -1.03640058e+11  3.44e-05 3.97e-02  6.23e+04   210s
[2025-08-30 02:54:03] DEBUG    30   1.26745470e+14 -4.37509918e+10  6.96e-05 4.08e-02  4.45e+04   220s
[2025-08-30 02:54:12] DEBUG    31   1.23641624e+14 -1.24110370e+10  5.84e-05 3.33e-02  2.66e+04   229s
[2025-08-30 02:54:21] DEBUG    32   1.22601513e+14 -5.67420863e+09  2.53e-05 2.90e-02  2.28e+04   237s
[2025-08-30 02:54:29] DEBUG    33   1.20958913e+14 -2.41362377e+09  2.84e-05 2.63e-02  1.84e+04   245s
[2025-08-30 02:54:37] DEBUG    34   1.20582918e+14  3.04677402e+08  4.57e-05 2.39e-02  1.73e+04   254s
[2025-08-30 02:54:47] DEBUG    35   1.18983903e+14  1.43953934e+09  4.51e-05 2.20e-02  1.42e+04   263s
[2025-08-30 02:54:54] DEBUG    36   1.17981275e+14  3.85215225e+09  2.67e-05 2.19e-02  1.22e+04   271s
[2025-08-30 02:55:04] DEBUG    37   1.17526413e+14  4.03130300e+09  4.01e-05 2.19e-02  1.16e+04   280s
[2025-08-30 02:55:14] DEBUG    38   1.17477024e+14  4.27310895e+09  2.77e-05 2.18e-02  1.15e+04   290s
[2025-08-30 02:55:19] DEBUG    39   1.17134180e+14  4.44052137e+09  6.51e-05 2.18e-02  1.11e+04   295s
[2025-08-30 02:55:29] DEBUG    40   1.16981030e+14  4.95221571e+09  3.05e-05 2.17e-02  1.14e+04   306s
[2025-08-30 02:55:34] DEBUG    41   1.16747530e+14  5.15105262e+09  3.94e-05 2.16e-02  1.11e+04   311s
[2025-08-30 02:55:42] DEBUG    42   1.16264316e+14  5.42433125e+09  3.81e-05 2.16e-02  1.05e+04   318s
[2025-08-30 02:55:55] DEBUG    43   1.16258111e+14  5.71710202e+09  4.74e-05 2.34e-02  1.05e+04   331s
[2025-08-30 02:56:04] DEBUG    44   1.15839577e+14  6.28062347e+09  3.60e-05 3.09e-02  9.94e+03   341s
[2025-08-30 02:56:15] DEBUG    45   1.15045115e+14  6.75875803e+09  3.14e-05 3.62e-02  9.03e+03   351s
[2025-08-30 02:56:24] DEBUG    46   1.14520957e+14  7.30528869e+09  4.39e-05 4.21e-02  8.36e+03   361s
[2025-08-30 02:56:31] DEBUG    47   1.14327905e+14  7.48289026e+09  5.25e-05 4.44e-02  8.17e+03   367s
[2025-08-30 02:56:38] DEBUG    48   1.13076860e+14  7.91322047e+09  3.94e-05 4.95e-02  7.01e+03   374s
[2025-08-30 02:56:48] DEBUG    49   1.12574115e+14  8.45873351e+09  3.81e-05 5.47e-02  6.49e+03   385s
[2025-08-30 02:56:54] DEBUG    50   1.12258069e+14  8.64838909e+09  4.01e-05 5.65e-02  6.25e+03   391s
[2025-08-30 02:57:04] DEBUG    51   1.11520690e+14  8.82906267e+09  3.62e-05 5.81e-02  5.71e+03   400s
[2025-08-30 02:57:13] DEBUG    52   1.11339690e+14  8.91300441e+09  3.15e-05 5.88e-02  5.59e+03   410s
[2025-08-30 02:57:23] DEBUG    53   1.11150779e+14  8.99047203e+09  3.72e-05 5.93e-02  5.47e+03   419s
[2025-08-30 02:57:33] DEBUG    54   1.10905010e+14  9.07824423e+09  5.26e-05 5.99e-02  5.32e+03   430s
[2025-08-30 02:57:41] DEBUG    55   1.10735433e+14  9.18203909e+09  3.62e-05 6.06e-02  5.21e+03   437s
[2025-08-30 02:57:52] DEBUG    56   1.10589786e+14  9.23824226e+09  3.31e-05 6.09e-02  5.12e+03   448s
[2025-08-30 02:57:57] DEBUG    57   1.10447885e+14  9.28158064e+09  3.54e-05 6.12e-02  5.04e+03   454s
[2025-08-30 02:58:05] DEBUG    58   1.10291066e+14  9.34591587e+09  3.91e-05 6.15e-02  4.95e+03   462s
[2025-08-30 02:58:13] DEBUG    59   1.10268057e+14  9.37840791e+09  5.51e-05 6.17e-02  4.93e+03   470s
[2025-08-30 02:58:21] DEBUG    60   1.10210145e+14  9.40063314e+09  6.14e-05 6.19e-02  4.90e+03   477s
[2025-08-30 02:58:28] DEBUG    61   1.10148644e+14  9.46515999e+09  5.36e-05 6.22e-02  4.90e+03   484s
[2025-08-30 02:58:35] DEBUG    62   1.10025882e+14  9.52804565e+09  3.96e-05 6.26e-02  4.84e+03   492s
[2025-08-30 02:58:41] DEBUG    63   1.09883561e+14  9.58962211e+09  5.07e-05 6.29e-02  4.76e+03   498s
[2025-08-30 02:58:50] DEBUG    64   1.09729936e+14  9.65716335e+09  4.54e-05 6.32e-02  4.67e+03   506s
[2025-08-30 02:58:57] DEBUG    65   1.09571307e+14  9.73718227e+09  4.59e-05 6.35e-02  4.58e+03   514s
[2025-08-30 02:59:06] DEBUG    66   1.09372210e+14  9.79438811e+09  4.81e-05 6.38e-02  4.47e+03   522s
[2025-08-30 02:59:15] DEBUG    67   1.09165091e+14  9.86413059e+09  7.95e-05 6.41e-02  4.36e+03   532s
[2025-08-30 02:59:23] DEBUG    68   1.08970136e+14  9.93114261e+09  4.59e-05 6.43e-02  4.27e+03   540s
[2025-08-30 02:59:33] DEBUG    69   1.08747717e+14  9.99145343e+09  4.77e-05 6.46e-02  4.16e+03   549s
[2025-08-30 02:59:39] DEBUG    70   1.08563125e+14  1.00491310e+10  6.85e-05 6.48e-02  4.07e+03   555s
[2025-08-30 02:59:48] DEBUG    71   1.08388969e+14  1.01211352e+10  4.28e-05 6.50e-02  3.98e+03   565s
[2025-08-30 02:59:55] DEBUG    72   1.08252392e+14  1.01640072e+10  7.22e-05 6.52e-02  3.92e+03   572s
[2025-08-30 03:00:07] DEBUG    73   1.07965459e+14  1.02354625e+10  8.71e-05 6.54e-02  3.79e+03   583s
[2025-08-30 03:00:13] DEBUG    74   1.07777850e+14  1.02901624e+10  7.19e-05 6.56e-02  3.71e+03   590s
[2025-08-30 03:00:19] DEBUG    75   1.07639725e+14  1.03089578e+10  4.83e-05 6.57e-02  3.65e+03   596s
[2025-08-30 03:00:26] DEBUG    76   1.07473634e+14  1.03666831e+10  8.54e-05 6.59e-02  3.58e+03   602s
[2025-08-30 03:00:36] DEBUG    77   1.07342774e+14  1.04266140e+10  4.58e-05 6.61e-02  3.52e+03   612s
[2025-08-30 03:00:46] DEBUG    78   1.07252623e+14  1.04551731e+10  5.95e-05 6.62e-02  3.49e+03   623s
[2025-08-30 03:00:55] DEBUG    79   1.07017120e+14  1.05107244e+10  8.72e-05 6.63e-02  3.39e+03   632s
[2025-08-30 03:01:05] DEBUG    80   1.06653906e+14  1.05880365e+10  4.89e-05 6.66e-02  3.25e+03   641s
[2025-08-30 03:01:12] DEBUG    81   1.06469687e+14  1.06064891e+10  4.71e-05 6.66e-02  3.19e+03   648s
[2025-08-30 03:01:18] DEBUG    82   1.06024429e+14  1.06799861e+10  8.66e-05 6.68e-02  3.02e+03   655s
[2025-08-30 03:01:28] DEBUG    83   1.05610840e+14  1.07486389e+10  7.70e-05 6.70e-02  2.87e+03   665s
[2025-08-30 03:01:37] DEBUG    84   1.05342772e+14  1.08550531e+10  9.10e-05 6.72e-02  2.77e+03   673s
[2025-08-30 03:01:42] DEBUG    85   1.05074676e+14  1.08865299e+10  6.99e-05 6.72e-02  2.69e+03   678s
[2025-08-30 03:01:51] DEBUG    86   1.04665723e+14  1.09221328e+10  5.75e-05 6.73e-02  2.56e+03   687s
[2025-08-30 03:02:01] DEBUG    87   1.04333138e+14  1.09814244e+10  8.66e-05 6.73e-02  2.46e+03   697s
[2025-08-30 03:02:11] DEBUG    88   1.04077657e+14  1.10307773e+10  1.15e-04 6.73e-02  2.38e+03   707s
[2025-08-30 03:02:20] DEBUG    89   1.03978065e+14  1.10643050e+10  1.44e-04 6.73e-02  2.35e+03   716s
[2025-08-30 03:02:28] DEBUG    90   1.03857359e+14  1.10948613e+10  1.03e-04 6.72e-02  2.32e+03   724s
[2025-08-30 03:02:38] DEBUG    91   1.03704342e+14  1.11258163e+10  9.18e-05 6.72e-02  2.27e+03   734s
[2025-08-30 03:02:46] DEBUG    92   1.03441183e+14  1.11635567e+10  1.23e-04 6.70e-02  2.20e+03   743s
[2025-08-30 03:02:54] DEBUG    93   1.03269218e+14  1.11927082e+10  1.51e-04 6.69e-02  2.16e+03   750s
[2025-08-30 03:03:02] DEBUG    94   1.03148303e+14  1.12162278e+10  1.39e-04 6.68e-02  2.13e+03   758s
[2025-08-30 03:03:08] DEBUG    95   1.03014796e+14  1.12399157e+10  1.35e-04 6.67e-02  2.10e+03   764s
[2025-08-30 03:03:14] DEBUG    96   1.02906140e+14  1.12595355e+10  1.00e-04 6.66e-02  2.07e+03   771s
[2025-08-30 03:03:22] DEBUG    97   1.02791212e+14  1.12802618e+10  9.28e-05 6.65e-02  2.04e+03   778s
[2025-08-30 03:03:30] DEBUG    98   1.02618898e+14  1.13037766e+10  1.07e-04 6.64e-02  2.00e+03   787s
[2025-08-30 03:03:38] DEBUG    99   1.02515228e+14  1.13249076e+10  6.78e-05 6.62e-02  1.98e+03   794s
[2025-08-30 03:03:45] DEBUG    100   1.02408166e+14  1.13475760e+10  7.96e-05 6.61e-02  1.95e+03   801s
[2025-08-30 03:03:54] DEBUG    101   1.02268313e+14  1.13715701e+10  1.41e-04 6.59e-02  1.92e+03   810s
[2025-08-30 03:03:59] DEBUG    102   1.02167520e+14  1.13841820e+10  1.32e-04 6.57e-02  1.89e+03   815s
[2025-08-30 03:04:07] DEBUG    103   1.01989755e+14  1.14067567e+10  1.50e-04 6.55e-02  1.86e+03   823s
[2025-08-30 03:04:15] DEBUG    104   1.01866891e+14  1.14295275e+10  1.33e-04 6.54e-02  1.83e+03   832s
[2025-08-30 03:04:26] DEBUG    105   1.01752639e+14  1.14547067e+10  1.15e-04 6.51e-02  1.80e+03   842s
[2025-08-30 03:04:34] DEBUG    106   1.01654446e+14  1.14717071e+10  1.18e-04 6.50e-02  1.78e+03   851s
[2025-08-30 03:04:42] DEBUG    107   1.01556120e+14  1.14893745e+10  1.07e-04 6.48e-02  1.76e+03   858s
[2025-08-30 03:04:50] DEBUG    108   1.01440860e+14  1.15036478e+10  9.60e-05 6.47e-02  1.74e+03   867s
[2025-08-30 03:04:59] DEBUG    109   1.01324602e+14  1.15239430e+10  1.29e-04 6.45e-02  1.72e+03   876s
[2025-08-30 03:05:09] DEBUG    110   1.01245075e+14  1.15454698e+10  1.34e-04 6.42e-02  1.70e+03   885s
[2025-08-30 03:05:17] DEBUG    111   1.01181375e+14  1.15689999e+10  1.83e-04 6.40e-02  1.68e+03   894s
[2025-08-30 03:05:24] DEBUG    112   1.01137573e+14  1.15753136e+10  1.63e-04 6.39e-02  1.67e+03   901s
[2025-08-30 03:05:35] DEBUG    113   1.00976610e+14  1.15845565e+10  1.53e-04 6.37e-02  1.68e+03   911s
[2025-08-30 03:05:35] DEBUG    Barrier performed 113 iterations in 911.05 seconds (222.53 work units)
[2025-08-30 03:05:35] DEBUG    Numerical trouble encountered

Model may be infeasible or unbounded.  Consider using the
homogeneous algorithm (through parameter 'BarHomogeneous')
[2025-08-30 03:06:40] DEBUG    Waiting for other threads to finish...         976s
[2025-08-30 03:07:44] DEBUG    Waiting for other threads to finish...        1040s
[2025-08-30 03:08:48] DEBUG    Waiting for other threads to finish...        1105s
[2025-08-30 03:09:31] DEBUG    Solved with dual simplex
[2025-08-30 03:09:42] DEBUG    Iteration    Objective       Primal Inf.    Dual Inf.      Time
[2025-08-30 03:09:42] DEBUG    968768    1.8141621e+10   0.000000e+00   0.000000e+00   1158s

Solved in 968768 iterations and 1157.92 seconds (462.21 work units)
[2025-08-30 03:09:42] DEBUG    Optimal objective  1.814162150e+10
✅ Scenario completato: existing_GT+VRES_2030_PHES
🏁 Tutti gli scenari sono stati processati.
