
🚀 Lancio scenario: autarky_VRES_2030_BESS
[2025-08-29 21:21:07] INFO     Loading sets
[2025-08-29 21:21:07] INFO     Loading parameters
[2025-08-29 21:21:56] INFO     constraints are loaded in the following order: ['energy_balance', 'dispatch', 'costs', 'capacity', 'network', 'policy', 'conversion', 'group', 'conversion_plus', 'milp', 'export']
[2025-08-29 21:21:56] INFO     creating energy_balance constraints
[2025-08-29 21:26:12] INFO     creating dispatch constraints
[2025-08-29 21:29:16] INFO     creating costs constraints
[2025-08-29 21:39:59] INFO     creating capacity constraints
[2025-08-29 21:39:59] INFO     creating network constraints
[2025-08-29 21:39:59] INFO     creating policy constraints
[2025-08-29 21:39:59] INFO     creating conversion constraints
[2025-08-29 21:39:59] INFO     creating group constraints
[2025-08-29 21:39:59] INFO     creating conversion_plus constraints
[2025-08-29 21:39:59] INFO     creating milp constraints
[2025-08-29 21:39:59] INFO     creating export constraints
[2025-08-29 21:52:50] DEBUG    Set parameter WLSAccessID
Set parameter WLSSecret
Set parameter LicenseID to value 2680226
[2025-08-29 21:52:50] DEBUG    Academic license 2680226 - for non-commercial use only - registered to an___@mail.polimi.it
[2025-08-29 21:53:26] DEBUG    Read LP format model from file /tmp/tmpiq00u5ko.pyomo.lp
Reading time = 35.84 seconds
[2025-08-29 21:53:26] DEBUG    x17584456: 24093182 rows, 17584456 columns, 57779839 nonzeros
Set parameter NumericFocus to value 1
Gurobi Optimizer version 12.0.2 build v12.0.2rc0 (linux64 - "Debian GNU/Linux 11 (bullseye)")

CPU model: Intel(R) Xeon(R) Silver 4314 CPU @ 2.40GHz, instruction set [SSE2|AVX|AVX2|AVX512]
Thread count: 32 physical cores, 64 logical processors, using up to 32 threads

Non-default parameters:
NumericFocus  1
[2025-08-29 21:53:26] DEBUG    Academic license 2680226 - for non-commercial use only - registered to an___@mail.polimi.it
Optimize a model with 24093182 rows, 17584456 columns and 57779839 nonzeros
[2025-08-29 21:53:26] DEBUG    Model fingerprint: 0x5a2618bb
[2025-08-29 21:53:27] DEBUG    Coefficient statistics:
  Matrix range     [1e-07, 3e+02]
  Objective range  [1e+00, 1e+06]
  Bounds range     [0e+00, 0e+00]
  RHS range        [1e+00, 2e+08]
[2025-08-29 21:53:33] DEBUG    Presolve removed 19772738 rows and 10556799 columns (presolve time = 6s)...
[2025-08-29 21:53:37] DEBUG    Presolve removed 19775188 rows and 12350000 columns (presolve time = 10s)...
[2025-08-29 21:53:42] DEBUG    Presolve removed 21855887 rows and 14379920 columns (presolve time = 15s)...
[2025-08-29 21:53:47] DEBUG    Presolve removed 22376285 rows and 14397440 columns (presolve time = 20s)...
[2025-08-29 21:53:47] DEBUG    Presolve removed 22525188 rows and 14397440 columns
[2025-08-29 21:53:47] DEBUG    Presolve time: 21.59s
Presolved: 1567994 rows, 3335919 columns, 9080414 nonzeros

Concurrent LP optimizer: primal simplex, dual simplex, and barrier
Showing barrier log only...
[2025-08-29 21:53:50] DEBUG    Ordering time: 1.00s
[2025-08-29 21:53:51] DEBUG    Barrier statistics:
 Dense cols : 113
 AA' NZ     : 8.531e+06
 Factor NZ  : 3.522e+07 (roughly 2.3 GB of memory)
 Factor Ops : 2.877e+09 (less than 1 second per iteration)
 Threads    : 30
[2025-08-29 21:53:55] DEBUG    Objective                Residual
[2025-08-29 21:53:55] DEBUG    Iter       Primal          Dual         Primal    Dual     Compl     Time
[2025-08-29 21:53:55] DEBUG    0   4.01721094e+21 -1.51983383e+19  8.47e+10 2.45e-01  5.29e+15    29s
[2025-08-29 21:53:59] DEBUG    1   1.45107303e+21 -1.49733684e+19  2.71e+10 2.84e+05  2.00e+15    33s
[2025-08-29 21:54:04] DEBUG    2   7.32084697e+20 -1.19875066e+19  1.27e+10 4.67e+04  7.55e+14    39s
[2025-08-29 21:54:11] DEBUG    3   4.07967652e+20 -1.09779855e+19  7.06e+09 1.19e+04  3.97e+14    45s
[2025-08-29 21:54:15] DEBUG    4   2.94423102e+20 -1.02804234e+19  5.13e+09 4.56e+03  2.77e+14    49s
[2025-08-29 21:54:19] DEBUG    5   2.20275764e+20 -9.84582103e+18  3.80e+09 1.79e+03  2.05e+14    53s
[2025-08-29 21:54:22] DEBUG    6   1.37016763e+20 -9.21003376e+18  2.35e+09 5.79e+02  1.26e+14    56s
[2025-08-29 21:54:26] DEBUG    7   1.26431495e+20 -8.89190713e+18  2.16e+09 3.91e+02  1.16e+14    60s
[2025-08-29 21:54:29] DEBUG    8   1.18625064e+20 -8.64571558e+18  2.03e+09 2.90e+02  1.08e+14    63s
[2025-08-29 21:54:34] DEBUG    9   8.26730240e+19 -7.96264764e+18  1.43e+09 8.27e+01  7.57e+13    68s
[2025-08-29 21:54:38] DEBUG    10   7.15675963e+19 -7.67808830e+18  1.23e+09 6.04e+01  6.55e+13    72s
[2025-08-29 21:54:43] DEBUG    11   5.41725036e+19 -7.14788180e+18  9.45e+08 3.12e+01  5.00e+13    77s
[2025-08-29 21:54:46] DEBUG    12   2.64976333e+19 -6.55272334e+18  4.62e+08 1.76e+01  2.47e+13    81s
[2025-08-29 21:54:51] DEBUG    13   2.06872616e+19 -4.82188222e+18  3.66e+08 6.74e+00  1.74e+13    85s
[2025-08-29 21:54:58] DEBUG    14   9.06628733e+18 -3.90302712e+18  1.60e+08 2.84e+00  7.73e+12    92s
[2025-08-29 21:55:03] DEBUG    15   6.33596026e+18 -2.92149212e+18  1.13e+08 1.46e+00  5.13e+12    97s
[2025-08-29 21:55:06] DEBUG    16   3.69652568e+18 -2.37079558e+18  6.58e+07 9.25e-01  3.01e+12   100s
[2025-08-29 21:55:10] DEBUG    17   1.19136425e+18 -1.75237089e+18  2.12e+07 6.58e-01  1.08e+12   104s
[2025-08-29 21:55:14] DEBUG    18   4.34474377e+17 -1.17894611e+18  7.65e+06 4.60e-01  4.57e+11   109s
[2025-08-29 21:55:18] DEBUG    19   9.44904836e+16 -5.45551806e+17  1.63e+06 2.37e-01  1.35e+11   112s
[2025-08-29 21:55:23] DEBUG    20   8.59015737e+15 -8.92948228e+16  1.22e+05 1.70e-01  1.67e+10   117s
[2025-08-29 21:55:27] DEBUG    21   4.60506795e+14 -7.00556449e+15  3.64e+03 6.90e-03  1.14e+09   121s
[2025-08-29 21:55:32] DEBUG    22   1.79033425e+14 -5.22856482e+14  9.21e+00 1.50e-02  8.18e+07   126s
[2025-08-29 21:55:35] DEBUG    23   1.77013904e+14 -2.21414274e+14  3.69e-01 1.63e-02  3.55e+07   129s
[2025-08-29 21:55:40] DEBUG    24   1.72609154e+14 -7.21919525e+13  5.51e-02 1.67e-02  1.17e+07   134s
[2025-08-29 21:55:50] DEBUG    25   1.70879519e+14 -6.26273322e+13  4.90e-02 1.66e-02  1.02e+07   144s
[2025-08-29 21:56:02] DEBUG    26   1.68418065e+14 -4.97681977e+13  4.14e-02 1.64e-02  8.08e+06   157s
[2025-08-29 21:56:16] DEBUG    27   1.66780567e+14 -4.44920178e+13  3.71e-02 1.63e-02  7.21e+06   170s
[2025-08-29 21:56:31] DEBUG    28   1.63280641e+14 -3.52919189e+13  2.91e-02 1.62e-02  5.68e+06   186s
[2025-08-29 21:56:47] DEBUG    29   1.61767012e+14 -1.89767109e+13  2.64e-02 1.71e-02  3.03e+06   201s
[2025-08-29 21:57:02] DEBUG    30   1.59857055e+14 -1.59450230e+13  2.32e-02 1.71e-02  2.52e+06   217s
[2025-08-29 21:57:18] DEBUG    31   1.59043732e+14 -1.46746489e+13  2.20e-02 1.72e-02  2.30e+06   233s
[2025-08-29 21:57:37] DEBUG    32   1.58792802e+14 -1.41914842e+13  2.17e-02 1.72e-02  2.22e+06   251s
[2025-08-29 21:57:52] DEBUG    33   1.55321647e+14 -1.22708993e+13  1.69e-02 1.72e-02  1.89e+06   267s
[2025-08-29 21:58:07] DEBUG    34   1.52629749e+14 -1.05348461e+13  1.35e-02 1.72e-02  1.59e+06   282s
[2025-08-29 21:58:25] DEBUG    35   1.48928369e+14 -7.46140272e+12  9.54e-03 1.63e-02  1.06e+06   299s
[2025-08-29 21:58:36] DEBUG    36   1.46670657e+14 -6.04990860e+12  6.61e-03 1.61e-02  8.20e+05   311s
[2025-08-29 21:58:50] DEBUG    37   1.46210699e+14 -5.46392752e+12  6.18e-03 1.61e-02  7.24e+05   324s
[2025-08-29 21:59:01] DEBUG    38   1.44415224e+14 -3.39322313e+12  4.67e-03 1.66e-02  3.87e+05   335s
[2025-08-29 21:59:11] DEBUG    39   1.42618420e+14 -2.50803919e+12  3.54e-03 1.68e-02  2.39e+05   346s
[2025-08-29 21:59:21] DEBUG    40   1.40615666e+14 -2.09973477e+12  2.15e-03 1.71e-02  1.68e+05   356s
[2025-08-29 21:59:32] DEBUG    41   1.39969243e+14 -1.88456055e+12  1.89e-03 1.72e-02  1.33e+05   367s
[2025-08-29 21:59:41] DEBUG    42   1.38806146e+14 -1.66397048e+12  1.34e-03 1.71e-02  9.60e+04   376s
[2025-08-29 21:59:53] DEBUG    43   1.38223400e+14 -1.60768670e+12  1.19e-03 1.71e-02  8.49e+04   387s
[2025-08-29 22:00:04] DEBUG    44   1.37614143e+14 -1.54131187e+12  1.08e-03 1.70e-02  7.22e+04   399s
[2025-08-29 22:00:16] DEBUG    45   1.37286588e+14 -1.42840268e+12  1.02e-03 1.69e-02  5.44e+04   410s
[2025-08-29 22:00:25] DEBUG    46   1.36429792e+14 -1.36600234e+12  8.54e-04 1.67e-02  4.17e+04   420s
[2025-08-29 22:00:33] DEBUG    47   1.35927805e+14 -1.26659819e+12  6.56e-04 1.68e-02  3.06e+04   428s
[2025-08-29 22:00:42] DEBUG    48   1.35671923e+14 -1.20899503e+12  5.65e-04 1.68e-02  2.44e+04   437s
[2025-08-29 22:00:52] DEBUG    49   1.35341041e+14 -1.18079701e+12  4.88e-04 1.68e-02  2.07e+04   447s
[2025-08-29 22:01:00] DEBUG    50   1.35055710e+14 -1.15985744e+12  4.43e-04 1.68e-02  1.79e+04   454s
[2025-08-29 22:01:09] DEBUG    51   1.34714427e+14 -1.14975683e+12  3.81e-04 1.68e-02  1.53e+04   463s
[2025-08-29 22:01:18] DEBUG    52   1.34561917e+14 -1.14300034e+12  3.51e-04 1.67e-02  1.36e+04   472s
[2025-08-29 22:01:26] DEBUG    53   1.34419499e+14 -1.13991295e+12  3.36e-04 1.67e-02  1.25e+04   481s
[2025-08-29 22:01:34] DEBUG    54   1.34177894e+14 -1.13777386e+12  2.90e-04 1.66e-02  1.12e+04   489s
[2025-08-29 22:01:44] DEBUG    55   1.34070925e+14 -1.13688226e+12  2.75e-04 1.66e-02  1.05e+04   499s
[2025-08-29 22:01:53] DEBUG    56   1.33874745e+14 -1.13779504e+12  2.44e-04 1.66e-02  9.50e+03   508s
[2025-08-29 22:02:02] DEBUG    57   1.33727934e+14 -1.13886137e+12  2.44e-04 1.65e-02  8.74e+03   517s
[2025-08-29 22:02:12] DEBUG    58   1.33578304e+14 -1.14031871e+12  2.44e-04 1.65e-02  8.11e+03   526s
[2025-08-29 22:02:22] DEBUG    59   1.33465272e+14 -1.14189702e+12  2.44e-04 1.65e-02  7.59e+03   536s
[2025-08-29 22:02:32] DEBUG    60   1.33328080e+14 -1.14330666e+12  2.44e-04 1.65e-02  7.08e+03   547s
[2025-08-29 22:02:39] DEBUG    61   1.33253712e+14 -1.14450467e+12  2.44e-04 1.64e-02  6.84e+03   553s
[2025-08-29 22:02:47] DEBUG    62   1.33118673e+14 -1.14654816e+12  2.44e-04 1.64e-02  6.37e+03   561s
[2025-08-29 22:02:55] DEBUG    63   1.33015267e+14 -1.14867349e+12  2.44e-04 1.64e-02  6.08e+03   570s
[2025-08-29 22:03:05] DEBUG    64   1.32865743e+14 -1.15037707e+12  2.44e-04 1.64e-02  5.75e+03   579s
[2025-08-29 22:03:13] DEBUG    65   1.32756778e+14 -1.15329513e+12  2.44e-04 1.63e-02  5.40e+03   587s
[2025-08-29 22:03:21] DEBUG    66   1.32691362e+14 -1.15471053e+12  3.66e-04 1.63e-02  5.24e+03   595s
[2025-08-29 22:03:27] DEBUG    67   1.32617043e+14 -1.15582797e+12  2.44e-04 1.63e-02  5.12e+03   601s
[2025-08-29 22:03:36] DEBUG    68   1.32503391e+14 -1.15805171e+12  2.44e-04 1.63e-02  4.82e+03   610s
[2025-08-29 22:03:45] DEBUG    69   1.32420657e+14 -1.15993373e+12  3.66e-04 1.63e-02  4.66e+03   620s
[2025-08-29 22:03:52] DEBUG    70   1.32322622e+14 -1.16202636e+12  2.44e-04 1.63e-02  4.44e+03   626s
[2025-08-29 22:04:01] DEBUG    71   1.32261141e+14 -1.16366677e+12  3.66e-04 1.63e-02  4.30e+03   635s
[2025-08-29 22:04:10] DEBUG    72   1.32160129e+14 -1.16684095e+12  2.44e-04 1.62e-02  4.12e+03   644s
[2025-08-29 22:04:21] DEBUG    73   1.32076949e+14 -1.16936473e+12  3.66e-04 1.62e-02  3.92e+03   656s
[2025-08-29 22:04:30] DEBUG    74   1.31992259e+14 -1.17135496e+12  3.66e-04 1.62e-02  3.79e+03   665s
[2025-08-29 22:04:40] DEBUG    75   1.31890558e+14 -1.17395062e+12  3.66e-04 1.62e-02  3.60e+03   674s
[2025-08-29 22:04:49] DEBUG    76   1.31811985e+14 -1.17517345e+12  2.44e-04 1.62e-02  3.49e+03   683s
[2025-08-29 22:04:58] DEBUG    77   1.31738025e+14 -1.17835008e+12  2.44e-04 1.62e-02  3.33e+03   692s
[2025-08-29 22:05:07] DEBUG    78   1.31670466e+14 -1.18092437e+12  2.44e-04 1.61e-02  3.19e+03   701s
[2025-08-29 22:05:15] DEBUG    79   1.31592282e+14 -1.18326904e+12  3.66e-04 1.61e-02  3.05e+03   710s
[2025-08-29 22:05:24] DEBUG    80   1.31522037e+14 -1.18559341e+12  3.66e-04 1.61e-02  2.93e+03   719s
[2025-08-29 22:05:34] DEBUG    81   1.31454757e+14 -1.18829156e+12  3.66e-04 1.61e-02  2.81e+03   728s
[2025-08-29 22:05:43] DEBUG    82   1.31378632e+14 -1.19067477e+12  3.66e-04 1.61e-02  2.69e+03   737s
[2025-08-29 22:05:52] DEBUG    83   1.31324935e+14 -1.19300731e+12  3.66e-04 1.61e-02  2.60e+03   747s
[2025-08-29 22:06:01] DEBUG    84   1.31249926e+14 -1.19498293e+12  4.88e-04 1.60e-02  2.50e+03   755s
[2025-08-29 22:06:11] DEBUG    85   1.31194398e+14 -1.19677336e+12  4.88e-04 1.60e-02  2.42e+03   766s
[2025-08-29 22:06:18] DEBUG    86   1.31145325e+14 -1.19785419e+12  4.88e-04 1.60e-02  2.36e+03   773s
[2025-08-29 22:06:25] DEBUG    87   1.31098984e+14 -1.19935379e+12  6.10e-04 1.60e-02  2.29e+03   780s
[2025-08-29 22:06:34] DEBUG    88   1.31048662e+14 -1.20073883e+12  6.10e-04 1.60e-02  2.23e+03   789s
[2025-08-29 22:06:44] DEBUG    89   1.30975577e+14 -1.20258489e+12  4.88e-04 1.60e-02  2.14e+03   798s
[2025-08-29 22:06:53] DEBUG    90   1.30917354e+14 -1.20399911e+12  4.88e-04 1.60e-02  2.08e+03   807s
[2025-08-29 22:07:03] DEBUG    91   1.30876858e+14 -1.20534794e+12  6.10e-04 1.60e-02  2.03e+03   817s
[2025-08-29 22:07:12] DEBUG    92   1.30820217e+14 -1.20688240e+12  6.10e-04 1.60e-02  1.96e+03   826s
[2025-08-29 22:07:20] DEBUG    93   1.30776654e+14 -1.20782006e+12  4.88e-04 1.60e-02  1.92e+03   835s
[2025-08-29 22:07:30] DEBUG    94   1.30732776e+14 -1.20911454e+12  4.88e-04 1.60e-02  1.87e+03   844s
[2025-08-29 22:07:37] DEBUG    95   1.30675299e+14 -1.21011872e+12  4.88e-04 1.59e-02  1.81e+03   851s
[2025-08-29 22:07:45] DEBUG    96   1.30622675e+14 -1.21099069e+12  6.10e-04 1.59e-02  1.77e+03   860s
[2025-08-29 22:07:52] DEBUG    97   1.30584105e+14 -1.21176372e+12  6.10e-04 1.59e-02  1.73e+03   867s
[2025-08-29 22:08:00] DEBUG    98   1.30550130e+14 -1.21254688e+12  4.88e-04 1.59e-02  1.70e+03   875s
[2025-08-29 22:08:08] DEBUG    99   1.30497770e+14 -1.21397112e+12  4.88e-04 1.59e-02  1.64e+03   882s
[2025-08-29 22:08:14] DEBUG    100   1.30461602e+14 -1.21482572e+12  4.88e-04 1.59e-02  1.61e+03   889s
[2025-08-29 22:08:21] DEBUG    101   1.30428801e+14 -1.21551325e+12  6.10e-04 1.59e-02  1.58e+03   895s
[2025-08-29 22:08:29] DEBUG    102   1.30416746e+14 -1.21580165e+12  6.10e-04 1.59e-02  1.57e+03   903s
[2025-08-29 22:08:36] DEBUG    103   1.30385945e+14 -1.21677268e+12  6.10e-04 1.59e-02  1.53e+03   910s
[2025-08-29 22:08:42] DEBUG    104   1.30347353e+14 -1.21749058e+12  4.88e-04 1.59e-02  1.64e+03   916s
[2025-08-29 22:08:49] DEBUG    105   1.30317583e+14 -1.21817895e+12  4.88e-04 1.59e-02  1.62e+03   923s
[2025-08-29 22:08:59] DEBUG    106   1.30280196e+14 -1.21895599e+12  4.88e-04 1.59e-02  1.61e+03   934s
[2025-08-29 22:08:59] DEBUG    Barrier performed 106 iterations in 933.66 seconds (230.12 work units)
[2025-08-29 22:08:59] DEBUG    Numerical trouble encountered

Model may be infeasible or unbounded.  Consider using the
homogeneous algorithm (through parameter 'BarHomogeneous')
[2025-08-29 22:10:04] DEBUG    Waiting for other threads to finish...         998s
[2025-08-29 22:11:08] DEBUG    Waiting for other threads to finish...        1063s
[2025-08-29 22:12:13] DEBUG    Waiting for other threads to finish...        1127s
[2025-08-29 22:13:18] DEBUG    Waiting for other threads to finish...        1192s
[2025-08-29 22:14:22] DEBUG    Waiting for other threads to finish...        1257s
[2025-08-29 22:15:27] DEBUG    Waiting for other threads to finish...        1321s
[2025-08-29 22:16:31] DEBUG    Waiting for other threads to finish...        1386s
[2025-08-29 22:17:36] DEBUG    Waiting for other threads to finish...        1450s
[2025-08-29 22:18:40] DEBUG    Waiting for other threads to finish...        1515s
[2025-08-29 22:19:23] DEBUG    Solved with dual simplex
[2025-08-29 22:19:34] DEBUG    Iteration    Objective       Primal Inf.    Dual Inf.      Time
[2025-08-29 22:19:34] DEBUG    1418073    2.1997224e+10   0.000000e+00   0.000000e+00   1569s

Solved in 1418073 iterations and 1568.68 seconds (865.58 work units)
[2025-08-29 22:19:34] DEBUG    Optimal objective  2.199722411e+10
❌ Errore nel run di autarky_VRES_2030_BESS: 'Model' object has no attribute 'backend_model'

🚀 Lancio scenario: autarky_VRES_2030_PHES
[2025-08-29 22:27:10] INFO     Loading sets
[2025-08-29 22:27:10] INFO     Loading parameters
[2025-08-29 22:27:46] INFO     constraints are loaded in the following order: ['energy_balance', 'dispatch', 'costs', 'capacity', 'network', 'policy', 'conversion', 'group', 'conversion_plus', 'milp', 'export']
[2025-08-29 22:27:46] INFO     creating energy_balance constraints
[2025-08-29 22:32:43] INFO     creating dispatch constraints
[2025-08-29 22:36:37] INFO     creating costs constraints
[2025-08-29 22:47:34] INFO     creating capacity constraints
[2025-08-29 22:47:34] INFO     creating network constraints
[2025-08-29 22:47:34] INFO     creating policy constraints
[2025-08-29 22:47:34] INFO     creating conversion constraints
[2025-08-29 22:47:34] INFO     creating group constraints
[2025-08-29 22:47:34] INFO     creating conversion_plus constraints
[2025-08-29 22:47:34] INFO     creating milp constraints
[2025-08-29 22:47:34] INFO     creating export constraints
[2025-08-29 23:00:16] DEBUG    Set parameter WLSAccessID
Set parameter WLSSecret
Set parameter LicenseID to value 2680226
[2025-08-29 23:00:16] DEBUG    Academic license 2680226 - for non-commercial use only - registered to an___@mail.polimi.it
[2025-08-29 23:00:52] DEBUG    Read LP format model from file /tmp/tmpof8ucgd8.pyomo.lp
Reading time = 35.86 seconds
x17470564: 23944300 rows, 17470564 columns, 57696194 nonzeros
[2025-08-29 23:00:52] DEBUG    Set parameter NumericFocus to value 1
Gurobi Optimizer version 12.0.2 build v12.0.2rc0 (linux64 - "Debian GNU/Linux 11 (bullseye)")

CPU model: Intel(R) Xeon(R) Silver 4314 CPU @ 2.40GHz, instruction set [SSE2|AVX|AVX2|AVX512]
Thread count: 32 physical cores, 64 logical processors, using up to 32 threads

Non-default parameters:
NumericFocus  1
[2025-08-29 23:00:52] DEBUG    Academic license 2680226 - for non-commercial use only - registered to an___@mail.polimi.it
Optimize a model with 23944300 rows, 17470564 columns and 57696194 nonzeros
[2025-08-29 23:00:53] DEBUG    Model fingerprint: 0xeac9e656
[2025-08-29 23:00:53] DEBUG    Coefficient statistics:
  Matrix range     [1e-07, 3e+02]
  Objective range  [1e+00, 1e+06]
  Bounds range     [0e+00, 0e+00]
  RHS range        [1e+00, 6e+09]
Warning: Model contains large rhs
[2025-08-29 23:00:59] DEBUG    Presolve removed 19921446 rows and 10731821 columns (presolve time = 6s)...
[2025-08-29 23:01:03] DEBUG    Presolve removed 20308899 rows and 12910000 columns (presolve time = 10s)...
[2025-08-29 23:01:08] DEBUG    Presolve removed 21917238 rows and 14474514 columns (presolve time = 15s)...
[2025-08-29 23:01:12] DEBUG    Presolve removed 22560337 rows and 14492034 columns
[2025-08-29 23:01:12] DEBUG    Presolve time: 20.37s
Presolved: 1383963 rows, 3127433 columns, 8202432 nonzeros

Concurrent LP optimizer: primal simplex, dual simplex, and barrier
Showing barrier log only...
[2025-08-29 23:01:14] DEBUG    Ordering time: 0.84s
[2025-08-29 23:01:15] DEBUG    Barrier statistics:
 Dense cols : 106
 AA' NZ     : 7.457e+06
 Factor NZ  : 2.661e+07 (roughly 2.0 GB of memory)
 Factor Ops : 8.301e+08 (less than 1 second per iteration)
 Threads    : 30
[2025-08-29 23:01:20] DEBUG    Objective                Residual
[2025-08-29 23:01:20] DEBUG    Iter       Primal          Dual         Primal    Dual     Compl     Time
[2025-08-29 23:01:20] DEBUG    0   4.75788695e+21 -2.15475989e+19  7.84e+10 4.50e-01  8.31e+15    28s
[2025-08-29 23:01:25] DEBUG    1   4.33635638e+21 -2.53267452e+19  7.04e+10 3.92e+05  6.98e+15    33s
[2025-08-29 23:01:31] DEBUG    2   4.18275135e+21 -1.02142295e+20  6.78e+10 2.81e+05  6.85e+15    39s
[2025-08-29 23:01:39] DEBUG    3   3.60514268e+21 -3.08323889e+20  5.77e+10 5.99e+04  6.00e+15    47s
[2025-08-29 23:01:45] DEBUG    4   3.75325780e+20 -3.01263320e+20  5.03e+09 1.65e+04  5.77e+14    53s
[2025-08-29 23:01:53] DEBUG    5   1.08822985e+20 -1.40809557e+20  1.34e+09 1.89e+03  1.60e+14    61s
[2025-08-29 23:01:59] DEBUG    6   6.82604949e+19 -6.20930924e+19  8.31e+08 3.25e+02  9.29e+13    67s
[2025-08-29 23:02:04] DEBUG    7   3.00957406e+19 -3.03016068e+19  3.57e+08 8.65e+01  3.93e+13    72s
[2025-08-29 23:02:08] DEBUG    8   1.71641622e+19 -1.66209040e+19  1.99e+08 6.01e+00  2.16e+13    76s
[2025-08-29 23:02:12] DEBUG    9   1.38775928e+19 -1.06009295e+19  1.60e+08 5.16e-01  1.65e+13    81s
[2025-08-29 23:02:17] DEBUG    10   7.41262660e+18 -6.28166931e+18  8.34e+07 3.44e-02  8.55e+12    85s
[2025-08-29 23:02:22] DEBUG    11   4.74203362e+18 -4.36156342e+18  5.18e+07 1.11e+00  5.27e+12    90s
[2025-08-29 23:02:26] DEBUG    12   3.73132275e+18 -2.68138393e+18  4.04e+07 7.36e-05  3.86e+12    94s
[2025-08-29 23:02:30] DEBUG    13   1.24047699e+18 -1.54185334e+18  1.23e+07 1.42e-05  1.26e+12    98s
[2025-08-29 23:02:35] DEBUG    14   4.95938728e+17 -7.69351663e+17  4.90e+06 6.30e-05  4.90e+11   103s
[2025-08-29 23:02:42] DEBUG    15   1.61189242e+17 -3.66715441e+17  1.48e+06 9.87e-05  1.58e+11   110s
[2025-08-29 23:02:46] DEBUG    16   8.81448816e+16 -1.95144208e+17  7.99e+05 9.58e-05  7.61e+10   115s
[2025-08-29 23:02:51] DEBUG    17   3.00999444e+16 -7.41179711e+16  2.64e+05 3.37e-08  2.41e+10   120s
[2025-08-29 23:02:56] DEBUG    18   8.31592292e+15 -4.56139949e+16  6.74e+04 3.27e-06  1.02e+10   124s
[2025-08-29 23:03:02] DEBUG    19   1.56261818e+15 -7.04981889e+15  1.05e+04 2.12e-05  1.49e+09   130s
[2025-08-29 23:03:09] DEBUG    20   2.46880359e+14 -9.75048511e+14  2.01e+02 2.84e-03  2.01e+08   138s
[2025-08-29 23:03:16] DEBUG    21   2.21065191e+14 -3.43425318e+14  3.83e+01 3.98e-03  9.25e+07   144s
[2025-08-29 23:03:20] DEBUG    22   2.18979402e+14 -2.93094452e+14  2.90e+01 9.76e-03  8.38e+07   148s
[2025-08-29 23:03:24] DEBUG    23   2.16186766e+14 -6.20153535e+13  1.60e+01 6.54e-03  4.54e+07   153s
[2025-08-29 23:03:29] DEBUG    24   2.15856679e+14 -3.92950671e+13  1.46e+01 6.42e-03  4.16e+07   157s
[2025-08-29 23:03:33] DEBUG    25   2.14907083e+14  5.99433371e+13  9.84e+00 6.94e-03  2.52e+07   161s
[2025-08-29 23:03:39] DEBUG    26   2.13881245e+14  1.51792328e+14  5.56e+00 9.66e-03  9.92e+06   167s
[2025-08-29 23:03:43] DEBUG    27   2.13457305e+14  1.54958615e+14  4.73e+00 9.59e-03  9.33e+06   172s
[2025-08-29 23:03:49] DEBUG    28   2.13257493e+14  1.61029792e+14  4.24e+00 9.33e-03  8.31e+06   177s
[2025-08-29 23:03:53] DEBUG    29   2.12769338e+14  1.70122078e+14  3.02e+00 9.11e-03  6.74e+06   181s
[2025-08-29 23:03:59] DEBUG    30   2.12632771e+14  1.72869951e+14  2.74e+00 8.90e-03  6.27e+06   188s
[2025-08-29 23:04:07] DEBUG    31   2.12258877e+14  1.82814882e+14  2.01e+00 8.65e-03  4.58e+06   195s
[2025-08-29 23:04:17] DEBUG    32   2.12037409e+14  1.86555813e+14  1.63e+00 7.98e-03  3.94e+06   205s
[2025-08-29 23:04:27] DEBUG    33   2.11806858e+14  1.93325083e+14  1.29e+00 7.72e-03  2.79e+06   215s
[2025-08-29 23:04:37] DEBUG    34   2.11689899e+14  1.95470887e+14  1.15e+00 1.07e-02  2.43e+06   225s
[2025-08-29 23:04:47] DEBUG    35   2.11473684e+14  1.99565696e+14  9.63e-01 2.00e-02  1.72e+06   235s
[2025-08-29 23:04:57] DEBUG    36   2.11160496e+14  2.03303625e+14  7.16e-01 2.71e-02  1.06e+06   245s
[2025-08-29 23:05:07] DEBUG    37   2.10861503e+14  2.05045626e+14  4.92e-01 2.62e-02  7.34e+05   255s
[2025-08-29 23:05:16] DEBUG    38   2.10722719e+14  2.05898097e+14  3.95e-01 2.32e-02  5.76e+05   264s
[2025-08-29 23:05:25] DEBUG    39   2.10633103e+14  2.06189780e+14  3.41e-01 2.21e-02  5.18e+05   274s
[2025-08-29 23:05:37] DEBUG    40   2.10459276e+14  2.07120098e+14  2.39e-01 1.77e-02  3.45e+05   285s
[2025-08-29 23:05:47] DEBUG    41   2.10380783e+14  2.07421500e+14  2.02e-01 1.67e-02  2.87e+05   295s
[2025-08-29 23:05:57] DEBUG    42   2.10339581e+14  2.07956166e+14  1.85e-01 1.84e-02  1.94e+05   305s
[2025-08-29 23:06:07] DEBUG    43   2.10187594e+14  2.08325008e+14  1.24e-01 2.05e-02  1.20e+05   315s
[2025-08-29 23:06:16] DEBUG    44   2.10087092e+14  2.08520979e+14  9.28e-02 2.17e-02  8.02e+04   324s
[2025-08-29 23:06:25] DEBUG    45   2.10057647e+14  2.08588834e+14  8.51e-02 2.21e-02  6.71e+04   333s
[2025-08-29 23:06:34] DEBUG    46   2.10033903e+14  2.08647955e+14  7.94e-02 2.25e-02  5.59e+04   342s
[2025-08-29 23:06:41] DEBUG    47   2.09974969e+14  2.08712454e+14  6.57e-02 2.29e-02  4.20e+04   349s
[2025-08-29 23:06:50] DEBUG    48   2.09951146e+14  2.08734175e+14  6.08e-02 2.30e-02  3.73e+04   359s
[2025-08-29 23:07:00] DEBUG    49   2.09906266e+14  2.08755922e+14  5.22e-02 2.31e-02  3.16e+04   368s
[2025-08-29 23:07:08] DEBUG    50   2.09896522e+14  2.08771248e+14  5.05e-02 2.31e-02  2.87e+04   377s
[2025-08-29 23:07:18] DEBUG    51   2.09856944e+14  2.08784949e+14  4.38e-02 2.31e-02  2.48e+04   387s
[2025-08-29 23:07:26] DEBUG    52   2.09833361e+14  2.08791454e+14  4.01e-02 2.31e-02  2.29e+04   394s
[2025-08-29 23:07:33] DEBUG    53   2.09826107e+14  2.08794413e+14  3.91e-02 2.30e-02  2.22e+04   401s
[2025-08-29 23:07:42] DEBUG    54   2.09803181e+14  2.08805816e+14  3.59e-02 2.30e-02  1.95e+04   410s
[2025-08-29 23:07:51] DEBUG    55   2.09792624e+14  2.08808711e+14  3.45e-02 2.29e-02  1.87e+04   419s
[2025-08-29 23:08:01] DEBUG    56   2.09781280e+14  2.08815913e+14  3.30e-02 2.28e-02  1.72e+04   429s
[2025-08-29 23:08:09] DEBUG    57   2.09774454e+14  2.08818127e+14  3.21e-02 2.28e-02  1.66e+04   437s
[2025-08-29 23:08:16] DEBUG    58   2.09770205e+14  2.08822396e+14  3.16e-02 2.27e-02  1.58e+04   444s
[2025-08-29 23:08:24] DEBUG    59   2.09754807e+14  2.08823976e+14  2.97e-02 2.26e-02  1.51e+04   452s
[2025-08-29 23:08:32] DEBUG    60   2.09752431e+14  2.08825433e+14  2.95e-02 2.26e-02  1.48e+04   460s
[2025-08-29 23:08:41] DEBUG    61   2.09742173e+14  2.08828574e+14  2.83e-02 2.25e-02  1.40e+04   469s
[2025-08-29 23:08:47] DEBUG    62   2.09735752e+14  2.08829455e+14  2.75e-02 2.24e-02  1.37e+04   475s
[2025-08-29 23:08:56] DEBUG    63   2.09716665e+14  2.08832753e+14  2.54e-02 2.23e-02  1.26e+04   485s
[2025-08-29 23:09:02] DEBUG    64   2.09712527e+14  2.08834579e+14  2.50e-02 2.21e-02  1.22e+04   490s
[2025-08-29 23:09:10] DEBUG    65   2.09707200e+14  2.08837042e+14  2.44e-02 2.20e-02  1.17e+04   498s
[2025-08-29 23:09:16] DEBUG    66   2.09703631e+14  2.08838248e+14  2.40e-02 2.18e-02  1.14e+04   504s
[2025-08-29 23:09:25] DEBUG    67   2.09687719e+14  2.08840946e+14  2.23e-02 2.15e-02  1.06e+04   514s
[2025-08-29 23:09:31] DEBUG    68   2.09678916e+14  2.08842264e+14  2.15e-02 2.14e-02  1.01e+04   519s
[2025-08-29 23:09:41] DEBUG    69   2.09672963e+14  2.08844073e+14  2.09e-02 2.12e-02  9.71e+03   529s
[2025-08-29 23:09:50] DEBUG    70   2.09668479e+14  2.08845461e+14  2.04e-02 2.10e-02  9.38e+03   538s
[2025-08-29 23:09:59] DEBUG    71   2.09659525e+14  2.08847422e+14  1.96e-02 2.07e-02  8.86e+03   547s
[2025-08-29 23:10:08] DEBUG    72   2.09649084e+14  2.08849414e+14  1.86e-02 2.03e-02  8.31e+03   557s
[2025-08-29 23:10:20] DEBUG    73   2.09646946e+14  2.08850031e+14  1.85e-02 1.99e-02  8.20e+03   568s
[2025-08-29 23:10:33] DEBUG    74   2.09637778e+14  2.08850909e+14  1.81e-02 1.95e-02  7.95e+03   581s
[2025-08-29 23:10:45] DEBUG    75   2.09632628e+14  2.08851520e+14  1.78e-02 1.91e-02  7.80e+03   593s
[2025-08-29 23:10:59] DEBUG    76   2.09627747e+14  2.08851842e+14  1.76e-02 1.89e-02  7.72e+03   607s
[2025-08-29 23:11:10] DEBUG    77   2.09622956e+14  2.08852028e+14  1.75e-02 1.88e-02  7.65e+03   618s
[2025-08-29 23:11:21] DEBUG    78   2.09614815e+14  2.08852644e+14  1.72e-02 1.83e-02  7.50e+03   629s
[2025-08-29 23:11:35] DEBUG    79   2.09610652e+14  2.08853177e+14  1.71e-02 1.79e-02  7.48e+03   643s
[2025-08-29 23:11:48] DEBUG    80   2.09606826e+14  2.08853504e+14  1.70e-02 1.77e-02  7.41e+03   656s
[2025-08-29 23:11:58] DEBUG    81   2.09601212e+14  2.08853930e+14  1.67e-02 1.74e-02  7.28e+03   666s
[2025-08-29 23:12:08] DEBUG    82   2.09596104e+14  2.08854589e+14  1.65e-02 1.70e-02  7.12e+03   677s
[2025-08-29 23:12:18] DEBUG    83   2.09591964e+14  2.08854817e+14  1.63e-02 1.68e-02  7.04e+03   686s
[2025-08-29 23:12:29] DEBUG    84   2.09581237e+14  2.08855385e+14  1.58e-02 1.64e-02  6.83e+03   697s
[2025-08-29 23:12:41] DEBUG    85   2.09575135e+14  2.08856256e+14  1.55e-02 1.61e-02  6.63e+03   709s
[2025-08-29 23:12:50] DEBUG    86   2.09572504e+14  2.08856594e+14  1.54e-02 1.61e-02  6.55e+03   719s
[2025-08-29 23:12:58] DEBUG    87   2.09566835e+14  2.08856847e+14  1.51e-02 1.61e-02  6.45e+03   727s
[2025-08-29 23:13:08] DEBUG    88   2.09563873e+14  2.08857230e+14  1.50e-02 1.60e-02  6.36e+03   736s
[2025-08-29 23:13:20] DEBUG    89   2.09551097e+14  2.08857954e+14  1.44e-02 1.60e-02  6.11e+03   748s
[2025-08-29 23:13:31] DEBUG    90   2.09546879e+14  2.08858535e+14  1.43e-02 1.59e-02  5.98e+03   759s
[2025-08-29 23:13:42] DEBUG    91   2.09543984e+14  2.08858863e+14  1.41e-02 1.59e-02  5.90e+03   770s
[2025-08-29 23:13:49] DEBUG    92   2.09535490e+14  2.08859399e+14  1.38e-02 1.58e-02  5.73e+03   778s
[2025-08-29 23:14:02] DEBUG    93   2.09524732e+14  2.08859641e+14  1.33e-02 1.58e-02  5.57e+03   790s
[2025-08-29 23:14:13] DEBUG    94   2.09511554e+14  2.08860240e+14  1.28e-02 1.58e-02  5.34e+03   801s
[2025-08-29 23:14:26] DEBUG    95   2.09506280e+14  2.08860796e+14  1.26e-02 1.57e-02  5.21e+03   814s
[2025-08-29 23:14:38] DEBUG    96   2.09497780e+14  2.08861415e+14  1.23e-02 1.56e-02  5.03e+03   826s
[2025-08-29 23:14:51] DEBUG    97   2.09490651e+14  2.08861728e+14  1.20e-02 1.56e-02  4.91e+03   840s
[2025-08-29 23:15:03] DEBUG    98   2.09485998e+14  2.08862359e+14  1.18e-02 1.55e-02  4.77e+03   851s
[2025-08-29 23:15:18] DEBUG    99   2.09482612e+14  2.08862688e+14  1.17e-02 1.54e-02  4.69e+03   866s
[2025-08-29 23:15:28] DEBUG    100   2.09477912e+14  2.08862913e+14  1.15e-02 1.54e-02  4.61e+03   876s
[2025-08-29 23:15:39] DEBUG    101   2.09475816e+14  2.08863079e+14  1.15e-02 1.54e-02  4.57e+03   887s
[2025-08-29 23:15:48] DEBUG    102   2.09473680e+14  2.08863253e+14  1.14e-02 1.54e-02  4.52e+03   896s
[2025-08-29 23:16:00] DEBUG    103   2.09471519e+14  2.08863361e+14  1.13e-02 1.53e-02  4.50e+03   908s
[2025-08-29 23:16:10] DEBUG    104   2.09470061e+14  2.08863524e+14  1.12e-02 1.53e-02  4.46e+03   918s
[2025-08-29 23:16:21] DEBUG    105   2.09466533e+14  2.08863668e+14  1.11e-02 1.53e-02  4.41e+03   929s
[2025-08-29 23:16:31] DEBUG    106   2.09465890e+14  2.08863727e+14  1.11e-02 1.53e-02  4.40e+03   939s
[2025-08-29 23:16:41] DEBUG    107   2.09461996e+14  2.08863865e+14  1.10e-02 1.53e-02  4.34e+03   949s
[2025-08-29 23:16:51] DEBUG    108   2.09459686e+14  2.08864015e+14  1.09e-02 1.52e-02  4.30e+03   959s
[2025-08-29 23:16:51] DEBUG    Barrier performed 108 iterations in 958.73 seconds (185.45 work units)
Sub-optimal termination - objective 2.09591964e+14
[2025-08-29 23:16:51] DEBUG    Crossover log...
[2025-08-29 23:16:51] DEBUG    992811 DPushes remaining with DInf 0.0000000e+00               960s
[2025-08-29 23:16:52] DEBUG    609800 DPushes remaining with DInf 0.0000000e+00               960s
[2025-08-29 23:16:57] DEBUG    519575 DPushes remaining with DInf 0.0000000e+00               965s
[2025-08-29 23:17:02] DEBUG    483184 DPushes remaining with DInf 0.0000000e+00               970s
[2025-08-29 23:17:07] DEBUG    448852 DPushes remaining with DInf 0.0000000e+00               975s
[2025-08-29 23:17:12] DEBUG    414239 DPushes remaining with DInf 0.0000000e+00               980s
[2025-08-29 23:17:17] DEBUG    380874 DPushes remaining with DInf 0.0000000e+00               985s
[2025-08-29 23:17:22] DEBUG    352173 DPushes remaining with DInf 0.0000000e+00               990s
[2025-08-29 23:17:27] DEBUG    319104 DPushes remaining with DInf 0.0000000e+00               995s
[2025-08-29 23:17:32] DEBUG    291197 DPushes remaining with DInf 0.0000000e+00              1000s
[2025-08-29 23:17:37] DEBUG    266965 DPushes remaining with DInf 0.0000000e+00              1005s
[2025-08-29 23:17:42] DEBUG    244207 DPushes remaining with DInf 0.0000000e+00              1010s
[2025-08-29 23:17:47] DEBUG    216162 DPushes remaining with DInf 0.0000000e+00              1015s
[2025-08-29 23:17:52] DEBUG    196624 DPushes remaining with DInf 0.0000000e+00              1020s
[2025-08-29 23:17:57] DEBUG    177179 DPushes remaining with DInf 0.0000000e+00              1025s
[2025-08-29 23:18:02] DEBUG    151879 DPushes remaining with DInf 0.0000000e+00              1030s
[2025-08-29 23:18:07] DEBUG    130156 DPushes remaining with DInf 0.0000000e+00              1035s
[2025-08-29 23:18:12] DEBUG    111008 DPushes remaining with DInf 0.0000000e+00              1040s
[2025-08-29 23:18:17] DEBUG    96255 DPushes remaining with DInf 0.0000000e+00              1045s
[2025-08-29 23:18:22] DEBUG    77310 DPushes remaining with DInf 0.0000000e+00              1050s
[2025-08-29 23:18:27] DEBUG    58645 DPushes remaining with DInf 0.0000000e+00              1055s
[2025-08-29 23:18:32] DEBUG    47026 DPushes remaining with DInf 0.0000000e+00              1060s
[2025-08-29 23:18:37] DEBUG    32527 DPushes remaining with DInf 0.0000000e+00              1065s
[2025-08-29 23:18:42] DEBUG    21393 DPushes remaining with DInf 0.0000000e+00              1070s
[2025-08-29 23:18:47] DEBUG    12739 DPushes remaining with DInf 0.0000000e+00              1075s
[2025-08-29 23:18:52] DEBUG    6056 DPushes remaining with DInf 0.0000000e+00              1080s
[2025-08-29 23:18:56] DEBUG    0 DPushes remaining with DInf 0.0000000e+00              1084s
[2025-08-29 23:18:56] DEBUG    2575570 PPushes remaining with PInf 2.5140518e-02              1085s
[2025-08-29 23:19:39] DEBUG    Solved with dual simplex
[2025-08-29 23:19:51] DEBUG    Iteration    Objective       Primal Inf.    Dual Inf.      Time
[2025-08-29 23:19:51] DEBUG    948856    2.0887611e+14   0.000000e+00   0.000000e+00   1139s

Solved in 948856 iterations and 1139.02 seconds (471.56 work units)
[2025-08-29 23:19:51] DEBUG    Optimal objective  2.088761089e+14
❌ Errore nel run di autarky_VRES_2030_PHES: 'Model' object has no attribute 'backend_model'

🚀 Lancio scenario: autarky_VRES_2030_nostorage
[2025-08-29 23:30:19] INFO     Loading sets
[2025-08-29 23:30:19] INFO     Loading parameters
[2025-08-29 23:30:54] INFO     constraints are loaded in the following order: ['energy_balance', 'dispatch', 'costs', 'capacity', 'network', 'policy', 'conversion', 'group', 'conversion_plus', 'milp', 'export']
[2025-08-29 23:30:54] INFO     creating energy_balance constraints
[2025-08-29 23:33:56] INFO     creating dispatch constraints
[2025-08-29 23:39:04] INFO     creating costs constraints
[2025-08-29 23:47:25] INFO     creating capacity constraints
[2025-08-29 23:47:25] INFO     creating network constraints
[2025-08-29 23:47:25] INFO     creating policy constraints
[2025-08-29 23:47:25] INFO     creating conversion constraints
[2025-08-29 23:47:25] INFO     creating group constraints
[2025-08-29 23:47:25] INFO     creating conversion_plus constraints
[2025-08-29 23:47:25] INFO     creating milp constraints
[2025-08-29 23:47:25] INFO     creating export constraints
[2025-08-29 23:59:03] DEBUG    Set parameter WLSAccessID
Set parameter WLSSecret
Set parameter LicenseID to value 2680226
[2025-08-29 23:59:03] DEBUG    Academic license 2680226 - for non-commercial use only - registered to an___@mail.polimi.it
[2025-08-29 23:59:35] DEBUG    Read LP format model from file /tmp/tmpqxh_lows.pyomo.lp
Reading time = 31.96 seconds
x15814702: 21640124 rows, 15814702 columns, 51318909 nonzeros
[2025-08-29 23:59:35] DEBUG    Set parameter NumericFocus to value 1
Gurobi Optimizer version 12.0.2 build v12.0.2rc0 (linux64 - "Debian GNU/Linux 11 (bullseye)")

CPU model: Intel(R) Xeon(R) Silver 4314 CPU @ 2.40GHz, instruction set [SSE2|AVX|AVX2|AVX512]
Thread count: 32 physical cores, 64 logical processors, using up to 32 threads

Non-default parameters:
NumericFocus  1
[2025-08-29 23:59:35] DEBUG    Academic license 2680226 - for non-commercial use only - registered to an___@mail.polimi.it
Optimize a model with 21640124 rows, 15814702 columns and 51318909 nonzeros
[2025-08-29 23:59:36] DEBUG    Model fingerprint: 0xbf61e9ca
[2025-08-29 23:59:36] DEBUG    Coefficient statistics:
  Matrix range     [1e-07, 3e+02]
  Objective range  [1e+00, 1e+06]
  Bounds range     [0e+00, 0e+00]
  RHS range        [1e+00, 2e+08]
[2025-08-29 23:59:42] DEBUG    Presolve removed 18822934 rows and 10112904 columns (presolve time = 5s)...
[2025-08-29 23:59:46] DEBUG    Presolve removed 20600242 rows and 13638624 columns (presolve time = 10s)...
[2025-08-29 23:59:51] DEBUG    Presolve removed 21094404 rows and 13658371 columns (presolve time = 15s)...
[2025-08-29 23:59:51] DEBUG    Presolve removed 21243307 rows and 13658371 columns
[2025-08-29 23:59:51] DEBUG    Presolve time: 16.12s
Presolved: 396817 rows, 2305234 columns, 3856437 nonzeros

Concurrent LP optimizer: primal simplex, dual simplex, and barrier
Showing barrier log only...
[2025-08-29 23:59:52] DEBUG    Ordering time: 0.13s
[2025-08-29 23:59:53] DEBUG    Barrier statistics:
[2025-08-29 23:59:53] DEBUG    Dense cols : 81
 AA' NZ     : 1.235e+06
 Factor NZ  : 6.538e+06 (roughly 1.1 GB of memory)
 Factor Ops : 1.310e+08 (less than 1 second per iteration)
 Threads    : 1
[2025-08-29 23:59:53] DEBUG    Objective                Residual
Iter       Primal          Dual         Primal    Dual     Compl     Time
[2025-08-29 23:59:53] DEBUG    0   4.24899960e+21 -2.54033248e+21  7.00e+10 1.15e+06  1.17e+18    18s
[2025-08-29 23:59:54] DEBUG    1   4.20776702e+21 -2.66905272e+21  2.96e+10 4.21e+07  4.92e+17    18s
[2025-08-29 23:59:54] DEBUG    2   3.96683936e+21 -1.96389570e+21  8.36e+09 4.68e+06  1.33e+17    19s
[2025-08-29 23:59:55] DEBUG    3   3.05534733e+21 -1.48569199e+21  2.49e+09 7.44e+04  3.92e+16    20s
[2025-08-29 23:59:56] DEBUG    4   7.66562423e+19 -1.15314970e+21  3.92e+06 3.69e+02  3.58e+14    21s
[2025-08-29 23:59:56] DEBUG    5   4.20528636e+19 -3.32400016e+20  2.06e+06 7.09e-06  1.13e+14    21s
[2025-08-29 23:59:57] DEBUG    6   1.31478151e+19 -7.58933101e+19  6.03e+05 6.32e-06  2.59e+13    22s
[2025-08-29 23:59:57] DEBUG    7   5.73335574e+18 -1.57258871e+19  2.53e+05 2.15e-06  6.28e+12    22s
[2025-08-29 23:59:58] DEBUG    8   2.07768370e+18 -3.57223941e+18  8.50e+04 2.86e-06  1.58e+12    23s
[2025-08-29 23:59:58] DEBUG    9   1.63794293e+18 -1.34578739e+18  6.74e+04 4.05e-06  8.18e+11    23s
[2025-08-29 23:59:59] DEBUG    10   6.83583502e+17 -4.14093159e+17  2.76e+04 1.75e-06  2.89e+11    24s
[2025-08-30 00:00:00] DEBUG    11   4.20410740e+17 -1.52357202e+17  1.72e+04 1.55e-05  1.47e+11    25s
[2025-08-30 00:00:00] DEBUG    12   2.74557168e+17 -9.18412147e+16  1.12e+04 1.18e-05  9.31e+10    25s
[2025-08-30 00:00:01] DEBUG    13   1.48773491e+17 -3.96614292e+16  5.89e+03 8.22e-06  4.72e+10    26s
[2025-08-30 00:00:01] DEBUG    14   7.44045890e+16 -1.78022130e+16  2.82e+03 1.19e-06  2.28e+10    26s
[2025-08-30 00:00:02] DEBUG    15   4.14609513e+16 -2.18208172e+15  1.46e+03 2.09e-06  1.07e+10    27s
[2025-08-30 00:00:03] DEBUG    16   1.62186843e+16  2.67879744e+15  4.22e+02 2.38e-06  3.32e+09    27s
[2025-08-30 00:00:03] DEBUG    17   1.29345545e+16  2.73269324e+15  2.89e+02 1.67e-06  2.50e+09    28s
[2025-08-30 00:00:04] DEBUG    18   1.02918691e+16  2.88508465e+15  1.95e+02 6.68e-06  1.81e+09    29s
[2025-08-30 00:00:05] DEBUG    19   9.84688454e+15  3.43290124e+15  1.79e+02 2.62e-06  1.57e+09    29s
[2025-08-30 00:00:05] DEBUG    20   9.65115666e+15  3.56378520e+15  1.71e+02 4.53e-06  1.49e+09    30s
[2025-08-30 00:00:06] DEBUG    21   8.88799663e+15  3.65411712e+15  1.42e+02 4.77e-06  1.28e+09    31s
[2025-08-30 00:00:07] DEBUG    22   8.53480213e+15  4.41041899e+15  1.29e+02 3.58e-06  1.01e+09    32s
[2025-08-30 00:00:08] DEBUG    23   8.07576423e+15  4.89528631e+15  1.12e+02 4.17e-07  7.76e+08    33s
[2025-08-30 00:00:09] DEBUG    24   6.32312926e+15  5.33669742e+15  2.48e+01 3.81e-06  2.40e+08    34s
[2025-08-30 00:00:10] DEBUG    25   6.11440836e+15  5.57314374e+15  1.49e+01 3.81e-06  1.32e+08    35s
[2025-08-30 00:00:11] DEBUG    26   5.97828242e+15  5.68090563e+15  8.17e+00 2.38e-06  7.23e+07    36s
[2025-08-30 00:00:12] DEBUG    27   5.94805651e+15  5.69449197e+15  6.69e+00 4.53e-06  6.17e+07    36s
[2025-08-30 00:00:12] DEBUG    28   5.90982766e+15  5.74008737e+15  4.81e+00 3.81e-06  4.13e+07    37s
[2025-08-30 00:00:13] DEBUG    29   5.88480939e+15  5.74604721e+15  3.60e+00 2.38e-07  3.37e+07    37s
[2025-08-30 00:00:13] DEBUG    30   5.85762916e+15  5.76660109e+15  2.27e+00 3.58e-06  2.21e+07    38s
[2025-08-30 00:00:14] DEBUG    31   5.84876856e+15  5.78279044e+15  1.84e+00 1.19e-06  1.60e+07    38s
[2025-08-30 00:00:15] DEBUG    32   5.83088986e+15  5.80142761e+15  1.07e+00 5.25e-06  7.16e+06    39s
[2025-08-30 00:00:15] DEBUG    33   5.81992865e+15  5.80781469e+15  4.85e-01 7.15e-07  2.94e+06    40s
[2025-08-30 00:00:16] DEBUG    34   5.81445660e+15  5.80909927e+15  2.20e-01 6.68e-05  1.30e+06    41s
[2025-08-30 00:00:16] DEBUG    35   5.81387440e+15  5.81022276e+15  1.85e-01 2.42e-04  8.88e+05    41s
[2025-08-30 00:00:17] DEBUG    36   5.81262653e+15  5.81051897e+15  1.13e-01 4.14e-04  5.12e+05    42s
[2025-08-30 00:00:17] DEBUG    37   5.81208137e+15  5.81057699e+15  8.12e-02 4.61e-04  3.66e+05    42s
[2025-08-30 00:00:18] DEBUG    38   5.81168198e+15  5.81060886e+15  5.79e-02 2.41e-04  2.61e+05    43s
[2025-08-30 00:00:19] DEBUG    39   5.81096879e+15  5.81060049e+15  1.67e-02 2.46e-04  8.95e+04    43s
[2025-08-30 00:00:19] DEBUG    40   5.81074010e+15  5.81064623e+15  3.72e-03 2.46e-04  2.28e+04    44s
[2025-08-30 00:00:20] DEBUG    41   5.81073289e+15  5.81066094e+15  3.32e-03 2.45e-04  1.75e+04    44s
[2025-08-30 00:00:20] DEBUG    42   5.81072115e+15  5.81066702e+15  2.68e-03 2.46e-04  1.32e+04    45s
[2025-08-30 00:00:21] DEBUG    43   5.81071476e+15  5.81066840e+15  2.33e-03 2.45e-04  1.13e+04    45s
[2025-08-30 00:00:21] DEBUG    44   5.81069138e+15  5.81066835e+15  1.06e-03 2.41e-04  5.60e+03    46s
[2025-08-30 00:00:22] DEBUG    45   5.81067947e+15  5.81066997e+15  4.31e-04 2.25e-04  2.31e+03    46s
[2025-08-30 00:00:22] DEBUG    46   5.81067535e+15  5.81067030e+15  2.14e-04 2.22e-04  1.23e+03    47s
[2025-08-30 00:00:23] DEBUG    47   5.81067313e+15  5.81067072e+15  1.01e-04 2.32e-04  5.90e+02    47s
[2025-08-30 00:00:23] DEBUG    48   5.81067214e+15  5.81067090e+15  5.16e-05 2.34e-04  3.05e+02    48s
[2025-08-30 00:00:24] DEBUG    49   5.81067205e+15  5.81067093e+15  4.73e-05 2.18e-04  2.78e+02    49s
[2025-08-30 00:00:25] DEBUG    50   5.81067181e+15  5.81067098e+15  3.55e-05 1.45e-04  2.07e+02    50s
[2025-08-30 00:00:26] DEBUG    51   5.81067174e+15  5.81067100e+15  3.18e-05 1.09e-04  1.82e+02    51s
[2025-08-30 00:00:26] DEBUG    Barrier performed 51 iterations in 50.68 seconds (48.92 work units)
Barrier solve interrupted - model solved by another algorithm
[2025-08-30 00:00:26] DEBUG    Solved with dual simplex
[2025-08-30 00:00:34] DEBUG    Iteration    Objective       Primal Inf.    Dual Inf.      Time
[2025-08-30 00:00:34] DEBUG    252251    5.8106711e+15   0.000000e+00   0.000000e+00     59s

Solved in 252251 iterations and 58.66 seconds (58.37 work units)
Optimal objective  5.810671061e+15
❌ Errore nel run di autarky_VRES_2030_nostorage: 'Model' object has no attribute 'backend_model'

🚀 Lancio scenario: autarky_CG+VRES_2030_BESS
[2025-08-30 00:13:34] INFO     Loading sets
[2025-08-30 00:13:34] INFO     Loading parameters
[2025-08-30 00:14:10] INFO     constraints are loaded in the following order: ['energy_balance', 'dispatch', 'costs', 'capacity', 'network', 'policy', 'conversion', 'group', 'conversion_plus', 'milp', 'export']
[2025-08-30 00:14:10] INFO     creating energy_balance constraints
[2025-08-30 00:17:14] INFO     creating dispatch constraints
[2025-08-30 00:19:15] INFO     creating costs constraints
[2025-08-30 00:33:27] INFO     creating capacity constraints
[2025-08-30 00:33:27] INFO     creating network constraints
[2025-08-30 00:33:27] INFO     creating policy constraints
[2025-08-30 00:33:27] INFO     creating conversion constraints
[2025-08-30 00:33:27] INFO     creating group constraints
[2025-08-30 00:33:27] INFO     creating conversion_plus constraints
[2025-08-30 00:33:27] INFO     creating milp constraints
[2025-08-30 00:33:27] INFO     creating export constraints
[2025-08-30 00:46:15] DEBUG    Set parameter WLSAccessID
Set parameter WLSSecret
Set parameter LicenseID to value 2680226
[2025-08-30 00:46:15] DEBUG    Academic license 2680226 - for non-commercial use only - registered to an___@mail.polimi.it
[2025-08-30 00:46:50] DEBUG    Read LP format model from file /tmp/tmp2_cxm528.pyomo.lp
Reading time = 35.40 seconds
x17549459: 23497514 rows, 17549459 columns, 57144871 nonzeros
[2025-08-30 00:46:50] DEBUG    Set parameter NumericFocus to value 1
Gurobi Optimizer version 12.0.2 build v12.0.2rc0 (linux64 - "Debian GNU/Linux 11 (bullseye)")

CPU model: Intel(R) Xeon(R) Silver 4314 CPU @ 2.40GHz, instruction set [SSE2|AVX|AVX2|AVX512]
Thread count: 32 physical cores, 64 logical processors, using up to 32 threads

Non-default parameters:
NumericFocus  1
[2025-08-30 00:46:50] DEBUG    Academic license 2680226 - for non-commercial use only - registered to an___@mail.polimi.it
Optimize a model with 23497514 rows, 17549459 columns and 57144871 nonzeros
[2025-08-30 00:46:51] DEBUG    Model fingerprint: 0x580097b3
[2025-08-30 00:46:51] DEBUG    Coefficient statistics:
  Matrix range     [1e-07, 3e+02]
  Objective range  [1e+00, 1e+06]
  Bounds range     [0e+00, 0e+00]
  RHS range        [1e+00, 2e+08]
[2025-08-30 00:46:57] DEBUG    Presolve removed 19019459 rows and 10775840 columns (presolve time = 6s)...
[2025-08-30 00:47:01] DEBUG    Presolve removed 19021548 rows and 12630000 columns (presolve time = 10s)...
[2025-08-30 00:47:07] DEBUG    Presolve removed 21137602 rows and 14695275 columns (presolve time = 16s)...
[2025-08-30 00:47:11] DEBUG    Presolve removed 21824400 rows and 14712795 columns
[2025-08-30 00:47:11] DEBUG    Presolve time: 21.01s
Presolved: 1673114 rows, 2985567 columns, 8808865 nonzeros

Concurrent LP optimizer: primal simplex, dual simplex, and barrier
Showing barrier log only...
[2025-08-30 00:47:14] DEBUG    Ordering time: 0.97s
[2025-08-30 00:47:15] DEBUG    Barrier statistics:
 Dense cols : 144
 AA' NZ     : 8.759e+06
 Factor NZ  : 3.114e+07 (roughly 2.0 GB of memory)
 Factor Ops : 8.670e+08 (less than 1 second per iteration)
 Threads    : 30
[2025-08-30 00:47:18] DEBUG    Objective                Residual
[2025-08-30 00:47:18] DEBUG    Iter       Primal          Dual         Primal    Dual     Compl     Time
[2025-08-30 00:47:19] DEBUG    0   2.26701644e+21 -8.44673391e+18  6.99e+10 2.89e-11  4.24e+15    29s
[2025-08-30 00:47:24] DEBUG    1   1.81215866e+21 -8.44338498e+18  5.51e+10 2.69e+05  3.21e+15    34s
[2025-08-30 00:47:31] DEBUG    2   1.48442292e+21 -7.66866364e+18  4.45e+10 1.10e+05  2.30e+15    40s
[2025-08-30 00:47:39] DEBUG    3   1.14447987e+21 -6.78521075e+18  3.41e+10 3.09e+04  1.60e+15    49s
[2025-08-30 00:47:46] DEBUG    4   6.95012254e+20 -6.41999619e+18  2.09e+10 1.47e+04  9.71e+14    55s
[2025-08-30 00:47:50] DEBUG    5   6.16170746e+20 -6.19153164e+18  1.84e+10 8.09e+03  8.47e+14    60s
[2025-08-30 00:47:54] DEBUG    6   3.99955605e+20 -6.03148455e+18  1.18e+10 5.18e+03  5.55e+14    64s
[2025-08-30 00:47:59] DEBUG    7   2.67534743e+20 -5.84062196e+18  7.87e+09 3.19e+03  3.74e+14    69s
[2025-08-30 00:48:04] DEBUG    8   1.80999214e+20 -5.61851646e+18  5.37e+09 1.99e+03  2.56e+14    74s
[2025-08-30 00:48:10] DEBUG    9   5.04907070e+19 -5.06237024e+18  1.51e+09 8.17e+02  7.49e+13    80s
[2025-08-30 00:48:14] DEBUG    10   2.99190660e+19 -4.19970558e+18  9.10e+08 2.75e+02  4.42e+13    84s
[2025-08-30 00:48:22] DEBUG    11   1.49297647e+19 -3.58946681e+18  4.52e+08 6.93e+01  2.17e+13    91s
[2025-08-30 00:48:29] DEBUG    12   8.25876955e+18 -2.90457190e+18  2.49e+08 1.18e+01  1.17e+13    99s
[2025-08-30 00:48:36] DEBUG    13   6.72919790e+18 -2.53413863e+18  2.04e+08 6.62e+00  9.49e+12   105s
[2025-08-30 00:48:41] DEBUG    14   3.06551369e+18 -2.05864930e+18  9.14e+07 2.51e+00  4.34e+12   110s
[2025-08-30 00:48:45] DEBUG    15   9.89686289e+17 -1.28902422e+18  2.92e+07 5.12e-01  1.41e+12   115s
[2025-08-30 00:48:49] DEBUG    16   5.10163678e+16 -8.10263398e+17  1.44e+06 3.07e-01  1.92e+11   119s
[2025-08-30 00:48:54] DEBUG    17   6.64891767e+14 -4.90976491e+16  5.04e+03 5.97e-03  8.24e+09   123s
[2025-08-30 00:49:00] DEBUG    18   4.48739752e+14 -3.35845250e+15  8.04e+00 1.14e-02  5.85e+08   130s
[2025-08-30 00:49:05] DEBUG    19   4.30905722e+14 -1.40252580e+15  3.48e+00 1.37e-02  2.47e+08   134s
[2025-08-30 00:49:11] DEBUG    20   4.30066532e+14 -1.13664373e+15  3.35e+00 1.41e-02  2.01e+08   140s
[2025-08-30 00:49:15] DEBUG    21   4.27144591e+14 -1.04416712e+15  2.94e+00 3.31e-02  1.85e+08   145s
[2025-08-30 00:49:22] DEBUG    22   4.22871633e+14 -4.90993190e+14  2.37e+00 1.48e-02  9.03e+07   152s
[2025-08-30 00:49:27] DEBUG    23   4.21533950e+14 -4.58326128e+14  2.22e+00 1.76e-02  8.44e+07   156s
[2025-08-30 00:49:33] DEBUG    24   4.18831910e+14 -2.22432113e+14  1.92e+00 2.01e-02  4.23e+07   162s
[2025-08-30 00:49:42] DEBUG    25   4.05283792e+14 -6.70526970e+13  5.37e-01 1.66e-02  1.32e+07   171s
[2025-08-30 00:49:52] DEBUG    26   3.96984450e+14 -2.83813335e+13  2.35e-01 2.08e-02  5.65e+06   181s
[2025-08-30 00:49:59] DEBUG    27   3.95489943e+14 -2.58868296e+13  2.10e-01 1.60e-02  5.15e+06   188s
[2025-08-30 00:50:05] DEBUG    28   3.89685561e+14 -1.23397634e+12  1.21e-01 1.59e-02  3.59e+05   194s
[2025-08-30 00:50:10] DEBUG    29   3.88045229e+14 -9.81227955e+11  1.06e-01 1.56e-02  2.90e+05   200s
[2025-08-30 00:50:16] DEBUG    30   3.87871263e+14 -3.49799435e+11  1.04e-01 1.52e-02  1.42e+05   205s
[2025-08-30 00:50:21] DEBUG    31   3.84044224e+14 -2.39816050e+11  7.45e-02 1.51e-02  9.37e+04   211s
[2025-08-30 00:50:26] DEBUG    32   3.82801279e+14 -1.77133390e+11  6.75e-02 1.50e-02  7.24e+04   216s
[2025-08-30 00:50:33] DEBUG    33   3.77786392e+14 -1.46918746e+11  4.18e-02 1.50e-02  4.57e+04   223s
[2025-08-30 00:50:42] DEBUG    34   3.74024921e+14 -1.16477075e+11  2.98e-02 1.49e-02  2.81e+04   232s
[2025-08-30 00:50:49] DEBUG    35   3.73177342e+14 -1.11635198e+11  2.78e-02 1.49e-02  2.52e+04   239s
[2025-08-30 00:51:00] DEBUG    36   3.71657270e+14 -1.10734775e+11  2.46e-02 1.49e-02  2.23e+04   250s
[2025-08-30 00:51:06] DEBUG    37   3.70661078e+14 -1.10030587e+11  2.27e-02 1.49e-02  2.04e+04   256s
[2025-08-30 00:51:14] DEBUG    38   3.69350841e+14 -1.11357747e+11  2.04e-02 1.49e-02  1.83e+04   263s
[2025-08-30 00:51:23] DEBUG    39   3.68475611e+14 -1.14032306e+11  1.90e-02 1.49e-02  1.68e+04   273s
[2025-08-30 00:51:34] DEBUG    40   3.66089512e+14 -1.15430820e+11  1.55e-02 1.49e-02  1.39e+04   284s
[2025-08-30 00:51:46] DEBUG    41   3.64164620e+14 -1.17763144e+11  1.32e-02 1.49e-02  1.17e+04   296s
[2025-08-30 00:51:57] DEBUG    42   3.62594711e+14 -1.18862292e+11  1.16e-02 1.49e-02  1.04e+04   307s
[2025-08-30 00:52:08] DEBUG    43   3.61614884e+14 -1.19845474e+11  1.07e-02 1.49e-02  9.51e+03   318s
[2025-08-30 00:52:15] DEBUG    44   3.61200203e+14 -1.20747074e+11  1.04e-02 1.49e-02  9.12e+03   325s
[2025-08-30 00:52:27] DEBUG    45   3.59527314e+14 -1.21874320e+11  9.03e-03 1.49e-02  7.93e+03   337s
[2025-08-30 00:52:35] DEBUG    46   3.59050367e+14 -1.22262663e+11  8.71e-03 1.49e-02  7.63e+03   345s
[2025-08-30 00:52:43] DEBUG    47   3.58417295e+14 -1.22773281e+11  8.27e-03 1.49e-02  7.24e+03   353s
[2025-08-30 00:52:54] DEBUG    48   3.56834464e+14 -1.23599530e+11  7.25e-03 1.49e-02  6.34e+03   364s
[2025-08-30 00:53:05] DEBUG    49   3.55873325e+14 -1.24206364e+11  6.70e-03 1.50e-02  5.84e+03   375s
[2025-08-30 00:53:13] DEBUG    50   3.55284824e+14 -1.24627608e+11  6.39e-03 1.50e-02  5.55e+03   383s
[2025-08-30 00:53:24] DEBUG    51   3.53666460e+14 -1.25112243e+11  5.57e-03 1.50e-02  4.84e+03   394s
[2025-08-30 00:53:32] DEBUG    52   3.53429195e+14 -1.25343339e+11  5.46e-03 1.50e-02  4.73e+03   402s
[2025-08-30 00:53:40] DEBUG    53   3.53125628e+14 -1.25569334e+11  5.34e-03 1.50e-02  4.60e+03   410s
[2025-08-30 00:53:50] DEBUG    54   3.52423905e+14 -1.25820091e+11  5.06e-03 1.50e-02  4.35e+03   420s
[2025-08-30 00:53:58] DEBUG    55   3.51739822e+14 -1.26131063e+11  4.78e-03 1.50e-02  4.10e+03   427s
[2025-08-30 00:54:05] DEBUG    56   3.51055470e+14 -1.26269368e+11  4.52e-03 1.50e-02  3.89e+03   435s
[2025-08-30 00:54:17] DEBUG    57   3.50007222e+14 -1.26492218e+11  4.15e-03 1.50e-02  3.57e+03   446s
[2025-08-30 00:54:28] DEBUG    58   3.49228152e+14 -1.26784626e+11  3.90e-03 1.50e-02  3.32e+03   457s
[2025-08-30 00:54:36] DEBUG    59   3.48804840e+14 -1.26901341e+11  3.77e-03 1.50e-02  3.21e+03   465s
[2025-08-30 00:54:48] DEBUG    60   3.47855446e+14 -1.27142497e+11  3.49e-03 1.50e-02  2.96e+03   478s
[2025-08-30 00:54:55] DEBUG    61   3.47411395e+14 -1.27231545e+11  3.37e-03 1.50e-02  2.86e+03   485s
[2025-08-30 00:55:06] DEBUG    62   3.46284927e+14 -1.27414883e+11  3.08e-03 1.50e-02  2.61e+03   496s
[2025-08-30 00:55:17] DEBUG    63   3.45287669e+14 -1.27504971e+11  2.83e-03 1.50e-02  2.42e+03   507s
[2025-08-30 00:55:24] DEBUG    64   3.44901707e+14 -1.27563529e+11  2.76e-03 1.50e-02  2.35e+03   514s
[2025-08-30 00:55:35] DEBUG    65   3.44512767e+14 -1.27617473e+11  2.68e-03 1.50e-02  2.27e+03   525s
[2025-08-30 00:55:42] DEBUG    66   3.44073668e+14 -1.27673476e+11  2.59e-03 1.50e-02  2.20e+03   532s
[2025-08-30 00:55:50] DEBUG    67   3.43516175e+14 -1.27743728e+11  2.47e-03 1.50e-02  2.10e+03   540s
[2025-08-30 00:55:57] DEBUG    68   3.43260288e+14 -1.27789997e+11  2.43e-03 1.50e-02  2.06e+03   547s
[2025-08-30 00:56:05] DEBUG    69   3.43042873e+14 -1.27835411e+11  2.37e-03 1.50e-02  2.02e+03   554s
[2025-08-30 00:56:12] DEBUG    70   3.42778951e+14 -1.27867393e+11  2.34e-03 1.50e-02  1.98e+03   562s
[2025-08-30 00:56:23] DEBUG    71   3.41811393e+14 -1.27898946e+11  2.15e-03 1.49e-02  1.84e+03   572s
[2025-08-30 00:56:34] DEBUG    72   3.41468218e+14 -1.27945829e+11  2.10e-03 1.49e-02  1.78e+03   584s
[2025-08-30 00:56:42] DEBUG    73   3.41024594e+14 -1.27965901e+11  2.00e-03 1.49e-02  1.72e+03   592s
[2025-08-30 00:56:53] DEBUG    74   3.40317027e+14 -1.28003098e+11  1.90e-03 1.49e-02  1.63e+03   603s
[2025-08-30 00:57:02] DEBUG    75   3.39718949e+14 -1.28031346e+11  1.80e-03 1.48e-02  1.56e+03   611s
[2025-08-30 00:57:15] DEBUG    76   3.39714432e+14 -1.28054795e+11  1.80e-03 1.48e-02  1.55e+03   625s
[2025-08-30 00:57:27] DEBUG    77   3.39144158e+14 -1.28086341e+11  1.72e-03 1.48e-02  1.48e+03   636s
[2025-08-30 00:57:41] DEBUG    78   3.39114697e+14 -1.28117627e+11  1.73e-03 1.48e-02  1.84e+03   651s
[2025-08-30 00:57:51] DEBUG    79   3.39094655e+14 -1.28181716e+11  1.73e-03 1.48e-02  1.83e+03   661s
[2025-08-30 00:57:51] DEBUG    Barrier performed 79 iterations in 660.90 seconds (133.32 work units)
Numerical trouble encountered

Model may be infeasible or unbounded.  Consider using the
homogeneous algorithm (through parameter 'BarHomogeneous')
[2025-08-30 00:58:56] DEBUG    Waiting for other threads to finish...         725s
[2025-08-30 01:00:00] DEBUG    Waiting for other threads to finish...         790s
[2025-08-30 01:01:05] DEBUG    Waiting for other threads to finish...         854s
[2025-08-30 01:01:11] DEBUG    Solved with dual simplex
[2025-08-30 01:01:20] DEBUG    Iteration    Objective       Primal Inf.    Dual Inf.      Time
[2025-08-30 01:01:20] DEBUG    866500    1.8779552e+10   0.000000e+00   0.000000e+00    870s

Solved in 866500 iterations and 869.59 seconds (375.75 work units)
[2025-08-30 01:01:20] DEBUG    Optimal objective  1.877955221e+10
❌ Errore nel run di autarky_CG+VRES_2030_BESS: 'Model' object has no attribute 'backend_model'

🚀 Lancio scenario: autarky_CG+VRES_2030_nostorage
[2025-08-30 01:12:38] INFO     Loading sets
[2025-08-30 01:12:38] INFO     Loading parameters
[2025-08-30 01:13:13] INFO     constraints are loaded in the following order: ['energy_balance', 'dispatch', 'costs', 'capacity', 'network', 'policy', 'conversion', 'group', 'conversion_plus', 'milp', 'export']
[2025-08-30 01:13:13] INFO     creating energy_balance constraints
[2025-08-30 01:16:06] INFO     creating dispatch constraints
[2025-08-30 01:17:57] INFO     creating costs constraints
[2025-08-30 01:33:21] INFO     creating capacity constraints
[2025-08-30 01:33:21] INFO     creating network constraints
[2025-08-30 01:33:21] INFO     creating policy constraints
[2025-08-30 01:33:21] INFO     creating conversion constraints
[2025-08-30 01:33:21] INFO     creating group constraints
[2025-08-30 01:33:21] INFO     creating conversion_plus constraints
[2025-08-30 01:33:21] INFO     creating milp constraints
[2025-08-30 01:33:21] INFO     creating export constraints
[2025-08-30 01:45:16] DEBUG    Set parameter WLSAccessID
Set parameter WLSSecret
Set parameter LicenseID to value 2680226
[2025-08-30 01:45:17] DEBUG    Academic license 2680226 - for non-commercial use only - registered to an___@mail.polimi.it
[2025-08-30 01:45:49] DEBUG    Read LP format model from file /tmp/tmpg7kdribj.pyomo.lp
Reading time = 32.78 seconds
x16279085: 21719060 rows, 16279085 columns, 52571832 nonzeros
[2025-08-30 01:45:49] DEBUG    Set parameter NumericFocus to value 1
Gurobi Optimizer version 12.0.2 build v12.0.2rc0 (linux64 - "Debian GNU/Linux 11 (bullseye)")

CPU model: Intel(R) Xeon(R) Silver 4314 CPU @ 2.40GHz, instruction set [SSE2|AVX|AVX2|AVX512]
Thread count: 32 physical cores, 64 logical processors, using up to 32 threads

Non-default parameters:
NumericFocus  1
[2025-08-30 01:45:49] DEBUG    Academic license 2680226 - for non-commercial use only - registered to an___@mail.polimi.it
Optimize a model with 21719060 rows, 16279085 columns and 52571832 nonzeros
[2025-08-30 01:45:50] DEBUG    Model fingerprint: 0x7902e3c1
[2025-08-30 01:45:50] DEBUG    Coefficient statistics:
  Matrix range     [1e-07, 3e+02]
  Objective range  [1e+00, 1e+06]
  Bounds range     [0e+00, 0e+00]
  RHS range        [1e+00, 2e+08]
[2025-08-30 01:45:56] DEBUG    Presolve removed 18511263 rows and 10267644 columns (presolve time = 6s)...
[2025-08-30 01:46:01] DEBUG    Presolve removed 20375846 rows and 13984133 columns (presolve time = 11s)...
[2025-08-30 01:46:06] DEBUG    Presolve removed 20913683 rows and 14003320 columns (presolve time = 15s)...
[2025-08-30 01:46:07] DEBUG    Presolve removed 21062586 rows and 14003320 columns
[2025-08-30 01:46:07] DEBUG    Presolve time: 17.25s
Presolved: 656474 rows, 2424668 columns, 4538647 nonzeros

Concurrent LP optimizer: primal simplex, dual simplex, and barrier
Showing barrier log only...
[2025-08-30 01:46:08] DEBUG    Ordering time: 0.20s
[2025-08-30 01:46:08] DEBUG    Barrier statistics:
 Dense cols : 115
[2025-08-30 01:46:08] DEBUG    AA' NZ     : 1.799e+06
 Factor NZ  : 1.070e+07 (roughly 1.3 GB of memory)
 Factor Ops : 2.337e+08 (less than 1 second per iteration)
 Threads    : 1
[2025-08-30 01:46:09] DEBUG    Objective                Residual
Iter       Primal          Dual         Primal    Dual     Compl     Time
[2025-08-30 01:46:09] DEBUG    0   2.36403994e+21 -9.93093330e+18  6.99e+10 3.27e-03  4.99e+15    19s
[2025-08-30 01:46:09] DEBUG    1   1.87252629e+21 -1.00751778e+19  5.45e+10 3.88e+05  3.92e+15    20s
[2025-08-30 01:46:10] DEBUG    2   1.52560671e+21 -9.77720139e+18  4.40e+10 3.24e+05  3.20e+15    21s
[2025-08-30 01:46:11] DEBUG    3   1.37652280e+21 -9.03170664e+18  3.93e+10 2.25e+05  2.81e+15    22s
[2025-08-30 01:46:12] DEBUG    4   9.35859859e+20 -8.41461922e+18  2.55e+10 1.33e+05  1.84e+15    23s
[2025-08-30 01:46:13] DEBUG    5   6.23769488e+20 -7.57117296e+18  1.67e+10 3.29e+04  1.18e+15    24s
[2025-08-30 01:46:14] DEBUG    6   3.29776703e+20 -7.11693906e+18  8.17e+09 8.84e+03  5.91e+14    25s
[2025-08-30 01:46:15] DEBUG    7   1.07132303e+20 -6.38013692e+18  2.46e+09 1.10e+03  1.83e+14    26s
[2025-08-30 01:46:16] DEBUG    8   8.96890933e+19 -5.99098874e+18  2.06e+09 6.73e+02  1.52e+14    27s
[2025-08-30 01:46:17] DEBUG    9   4.36117949e+19 -5.06713076e+18  9.76e+08 8.86e+01  7.27e+13    28s
[2025-08-30 01:46:18] DEBUG    10   4.91698911e+18 -3.80984592e+18  1.09e+08 1.24e+01  8.69e+12    28s
[2025-08-30 01:46:18] DEBUG    11   1.55899296e+18 -2.47557048e+18  3.38e+07 3.51e+00  2.86e+12    29s
[2025-08-30 01:46:19] DEBUG    12   5.24697270e+17 -1.26745757e+18  1.16e+07 1.60e+00  9.91e+11    29s
[2025-08-30 01:46:19] DEBUG    13   2.03679682e+17 -4.71978744e+17  4.48e+06 2.84e+00  3.36e+11    30s
[2025-08-30 01:46:20] DEBUG    14   8.13174879e+16 -1.54572706e+17  1.82e+06 1.03e+00  1.10e+11    31s
[2025-08-30 01:46:21] DEBUG    15   2.36057175e+16 -5.29980964e+16  5.37e+05 4.67e-01  2.90e+10    31s
[2025-08-30 01:46:21] DEBUG    16   7.55554750e+15 -1.69075947e+16  1.72e+05 9.35e-02  7.80e+09    32s
[2025-08-30 01:46:22] DEBUG    17   2.03481265e+15 -4.00946487e+15  4.43e+04 1.51e-02  1.62e+09    33s
[2025-08-30 01:46:23] DEBUG    18   2.82790459e+14 -4.44882798e+14  3.34e+03 1.77e-02  1.37e+08    33s
[2025-08-30 01:46:23] DEBUG    19   1.34038511e+14 -3.43520141e+13  2.18e+01 1.84e-02  7.77e+06    34s
[2025-08-30 01:46:24] DEBUG    20   1.25346907e+14 -5.56419105e+12  1.50e+00 1.85e-02  1.25e+06    35s
[2025-08-30 01:46:25] DEBUG    21   1.17843953e+14 -6.43883248e+11  1.66e-01 1.85e-02  1.55e+05    35s
[2025-08-30 01:46:25] DEBUG    22   1.12135500e+14 -2.36850173e+11  5.28e-02 1.85e-02  6.05e+04    36s
[2025-08-30 01:46:26] DEBUG    23   1.05507230e+14 -1.64935487e+11  1.09e-02 1.85e-02  4.22e+04    37s
[2025-08-30 01:46:27] DEBUG    24   9.89511468e+13 -2.00505992e+10  2.35e-03 1.85e-02  9.09e+03    38s
[2025-08-30 01:46:28] DEBUG    25   9.42792650e+13  1.00047875e+09  1.97e-03 1.85e-02  3.98e+03    39s
[2025-08-30 01:46:29] DEBUG    26   9.03117156e+13  4.25734519e+09  1.94e-03 1.85e-02  3.00e+03    40s
[2025-08-30 01:46:30] DEBUG    27   8.79901457e+13  7.28869457e+09  8.27e-04 1.85e-02  2.24e+03    40s
[2025-08-30 01:46:30] DEBUG    28   8.42056501e+13  9.83444907e+09  9.62e-04 1.85e-02  1.56e+03    41s
[2025-08-30 01:46:31] DEBUG    29   8.12466945e+13  1.33411080e+10  9.62e-04 1.85e-02  7.23e+02    42s
[2025-08-30 01:46:32] DEBUG    30   7.81906583e+13  1.44377013e+10  9.62e-04 1.85e-02  4.27e+02    43s
[2025-08-30 01:46:33] DEBUG    31   7.65105544e+13  1.47154197e+10  9.48e-04 1.85e-02  3.46e+02    44s
[2025-08-30 01:46:34] DEBUG    32   7.50895021e+13  1.49474242e+10  9.62e-04 1.85e-02  2.80e+02    44s
[2025-08-30 01:46:35] DEBUG    33   7.44668335e+13  1.51048403e+10  1.13e-03 1.85e-02  2.40e+02    45s
[2025-08-30 01:46:35] DEBUG    34   7.17619654e+13  1.53038482e+10  6.38e-04 1.85e-02  1.73e+02    46s
[2025-08-30 01:46:37] DEBUG    35   7.09479559e+13  1.54771998e+10  1.94e-03 1.85e-02  1.29e+02    47s
[2025-08-30 01:46:38] DEBUG    36   6.80419026e+13  1.56441435e+10  9.91e-04 1.85e-02  7.49e+01    48s
[2025-08-30 01:46:39] DEBUG    37   6.55421617e+13  1.57273955e+10  8.27e-04 1.85e-02  4.49e+01    50s
[2025-08-30 01:46:41] DEBUG    38   6.56138991e+13  1.57281180e+10  4.60e-04 1.85e-02  3.34e+03    52s
[2025-08-30 01:46:42] DEBUG    39   6.46535828e+13  1.57475213e+10  9.62e-04 1.85e-02  3.21e+03    53s
[2025-08-30 01:46:43] DEBUG    40   6.39551981e+13  1.57299467e+10  9.62e-04 1.85e-02  4.63e+03    54s
[2025-08-30 01:46:45] DEBUG    41   6.21613912e+13  1.56823143e+10  6.44e-04 1.85e-02  2.20e+04    56s
[2025-08-30 01:46:47] DEBUG    42   5.80704580e+13  1.56047296e+10  1.94e-03 1.85e-02  4.04e+04    58s
[2025-08-30 01:46:49] DEBUG    43   5.45077795e+13  1.56131406e+10  5.58e-04 1.85e-02  8.41e+04    59s
[2025-08-30 01:46:50] DEBUG    44   5.11469861e+13  1.55863532e+10  9.62e-04 1.85e-02  7.05e+04    61s
[2025-08-30 01:46:52] DEBUG    45   5.05254056e+13  1.54413010e+10  1.32e-03 1.85e-02  8.17e+04    63s
[2025-08-30 01:46:54] DEBUG    46   5.01733559e+13  1.52480207e+10  9.62e-04 1.85e-02  9.69e+04    65s
[2025-08-30 01:46:56] DEBUG    47   4.52414966e+13  1.51827748e+10  9.62e-04 1.85e-02  8.78e+04    67s
[2025-08-30 01:46:59] DEBUG    48   4.35336277e+13  1.48707801e+10  6.38e-04 1.85e-02  8.14e+04    70s
[2025-08-30 01:47:01] DEBUG    49   4.21366223e+13  1.47760374e+10  9.62e-04 1.85e-02  7.45e+04    72s
[2025-08-30 01:47:03] DEBUG    50   4.13448371e+13  1.47231148e+10  9.62e-04 1.85e-02  7.60e+04    74s
[2025-08-30 01:47:03] DEBUG    Barrier performed 50 iterations in 73.91 seconds (68.83 work units)
Barrier solve interrupted - model solved by another algorithm
[2025-08-30 01:47:03] DEBUG    Solved with dual simplex
[2025-08-30 01:47:11] DEBUG    Iteration    Objective       Primal Inf.    Dual Inf.      Time
[2025-08-30 01:47:11] DEBUG    300790    1.8779552e+10   0.000000e+00   0.000000e+00     82s

Solved in 300790 iterations and 82.12 seconds (99.52 work units)
Optimal objective  1.877955221e+10
❌ Errore nel run di autarky_CG+VRES_2030_nostorage: 'Model' object has no attribute 'backend_model'

🚀 Lancio scenario: autarky_GT+VRES_2030_PHES
[2025-08-30 01:59:38] INFO     Loading sets
[2025-08-30 01:59:38] INFO     Loading parameters
[2025-08-30 02:00:15] INFO     constraints are loaded in the following order: ['energy_balance', 'dispatch', 'costs', 'capacity', 'network', 'policy', 'conversion', 'group', 'conversion_plus', 'milp', 'export']
[2025-08-30 02:00:15] INFO     creating energy_balance constraints
[2025-08-30 02:03:19] INFO     creating dispatch constraints
[2025-08-30 02:05:20] INFO     creating costs constraints
[2025-08-30 02:14:46] INFO     creating capacity constraints
[2025-08-30 02:14:46] INFO     creating network constraints
[2025-08-30 02:14:46] INFO     creating policy constraints
[2025-08-30 02:14:46] INFO     creating conversion constraints
[2025-08-30 02:14:46] INFO     creating group constraints
[2025-08-30 02:14:46] INFO     creating conversion_plus constraints
[2025-08-30 02:14:46] INFO     creating milp constraints
[2025-08-30 02:14:46] INFO     creating export constraints
[2025-08-30 02:27:36] DEBUG    Set parameter WLSAccessID
Set parameter WLSSecret
Set parameter LicenseID to value 2680226
[2025-08-30 02:27:37] DEBUG    Academic license 2680226 - for non-commercial use only - registered to an___@mail.polimi.it
[2025-08-30 02:28:13] DEBUG    Read LP format model from file /tmp/tmpcr_3ukdi.pyomo.lp
Reading time = 35.75 seconds
[2025-08-30 02:28:13] DEBUG    x17549459: 23497572 rows, 17549459 columns, 57398969 nonzeros
Set parameter NumericFocus to value 1
Gurobi Optimizer version 12.0.2 build v12.0.2rc0 (linux64 - "Debian GNU/Linux 11 (bullseye)")

CPU model: Intel(R) Xeon(R) Silver 4314 CPU @ 2.40GHz, instruction set [SSE2|AVX|AVX2|AVX512]
Thread count: 32 physical cores, 64 logical processors, using up to 32 threads

Non-default parameters:
NumericFocus  1
[2025-08-30 02:28:13] DEBUG    Academic license 2680226 - for non-commercial use only - registered to an___@mail.polimi.it
Optimize a model with 23497572 rows, 17549459 columns and 57398969 nonzeros
[2025-08-30 02:28:13] DEBUG    Model fingerprint: 0xab47c1b1
[2025-08-30 02:28:14] DEBUG    Coefficient statistics:
  Matrix range     [1e-07, 3e+02]
  Objective range  [1e+00, 1e+06]
  Bounds range     [0e+00, 0e+00]
  RHS range        [1e+00, 6e+09]
Warning: Model contains large rhs
[2025-08-30 02:28:20] DEBUG    Presolve removed 19150923 rows and 10854686 columns (presolve time = 6s)...
[2025-08-30 02:28:24] DEBUG    Presolve removed 19274192 rows and 12830000 columns (presolve time = 10s)...
[2025-08-30 02:28:29] DEBUG    Presolve removed 21242861 rows and 14753091 columns (presolve time = 16s)...
[2025-08-30 02:28:33] DEBUG    Presolve removed 21929653 rows and 14770611 columns
[2025-08-30 02:28:33] DEBUG    Presolve time: 20.81s
Presolved: 1567919 rows, 2927751 columns, 8367015 nonzeros

Concurrent LP optimizer: primal simplex, dual simplex, and barrier
Showing barrier log only...
[2025-08-30 02:28:36] DEBUG    Ordering time: 0.84s
[2025-08-30 02:28:37] DEBUG    Barrier statistics:
 Dense cols : 141
 AA' NZ     : 8.038e+06
[2025-08-30 02:28:37] DEBUG    Factor NZ  : 2.907e+07 (roughly 2.0 GB of memory)
 Factor Ops : 8.165e+08 (less than 1 second per iteration)
 Threads    : 30
[2025-08-30 02:28:42] DEBUG    Objective                Residual
Iter       Primal          Dual         Primal    Dual     Compl     Time
[2025-08-30 02:28:42] DEBUG    0   2.51706143e+21 -8.72036483e+18  6.99e+10 2.89e-11  4.53e+15    29s
[2025-08-30 02:28:47] DEBUG    1   2.29314632e+21 -1.00144058e+19  6.34e+10 2.86e+05  3.89e+15    34s
[2025-08-30 02:28:53] DEBUG    2   2.19000252e+21 -4.30185072e+19  6.06e+10 1.97e+05  3.71e+15    40s
[2025-08-30 02:29:02] DEBUG    3   1.86726946e+21 -1.11577517e+20  5.11e+10 7.62e+04  3.07e+15    49s
[2025-08-30 02:29:09] DEBUG    4   1.57223746e+21 -1.67152824e+20  4.29e+10 2.48e+04  2.59e+15    57s
[2025-08-30 02:29:17] DEBUG    5   8.75017875e+20 -1.50150067e+20  2.37e+10 1.04e+04  1.44e+15    64s
[2025-08-30 02:29:24] DEBUG    6   5.22947176e+20 -1.24296896e+20  1.38e+10 1.99e+03  8.33e+14    72s
[2025-08-30 02:29:30] DEBUG    7   4.59347736e+20 -1.08292222e+20  1.22e+10 1.09e+03  7.30e+14    77s
[2025-08-30 02:29:35] DEBUG    8   2.02559718e+20 -9.56980193e+19  5.21e+09 7.69e+02  3.20e+14    82s
[2025-08-30 02:29:38] DEBUG    9   5.73514674e+19 -5.99450106e+19  1.41e+09 1.42e+02  9.08e+13    85s
[2025-08-30 02:29:42] DEBUG    10   1.90676455e+19 -3.06672313e+19  4.59e+08 3.88e+01  3.03e+13    90s
[2025-08-30 02:29:47] DEBUG    11   7.33875512e+18 -1.41665615e+19  1.72e+08 1.13e+01  1.14e+13    95s
[2025-08-30 02:29:52] DEBUG    12   4.40561674e+18 -7.93101523e+18  1.02e+08 4.84e+00  6.48e+12    99s
[2025-08-30 02:29:56] DEBUG    13   2.58485609e+18 -3.61663916e+18  5.90e+07 1.30e+00  3.43e+12   104s
[2025-08-30 02:30:00] DEBUG    14   1.37733795e+18 -1.77783337e+18  3.16e+07 7.43e-01  1.72e+12   108s
[2025-08-30 02:30:04] DEBUG    15   2.55847951e+17 -8.22119550e+17  5.63e+06 5.86e-01  3.75e+11   112s
[2025-08-30 02:30:09] DEBUG    16   3.57136718e+16 -2.58793505e+17  7.49e+05 1.16e-01  6.97e+10   116s
[2025-08-30 02:30:13] DEBUG    17   7.26204363e+14 -3.02459112e+16  2.76e+03 8.54e-04  5.17e+09   121s
[2025-08-30 02:30:18] DEBUG    18   4.70841549e+14 -1.45021268e+15  1.96e-03 7.45e-04  2.45e+08   125s
[2025-08-30 02:30:25] DEBUG    19   4.61580772e+14 -1.01553250e+14  5.06e-04 3.64e-03  1.81e+07   133s
[2025-08-30 02:30:34] DEBUG    20   4.59423412e+14 -5.08532150e+13  3.74e-04 5.76e-03  9.27e+06   142s
[2025-08-30 02:30:45] DEBUG    21   4.57074724e+14 -3.65873135e+13  2.99e-04 3.12e-02  6.77e+06   152s
[2025-08-30 02:30:50] DEBUG    22   4.55445110e+14 -2.86909258e+13  2.46e-04 4.44e-02  5.37e+06   157s
[2025-08-30 02:30:55] DEBUG    23   4.52851186e+14 -2.18200147e+13  1.75e-04 5.60e-02  4.15e+06   163s
[2025-08-30 02:31:03] DEBUG    24   4.51917905e+14 -1.52191080e+13  1.59e-04 6.74e-02  2.97e+06   171s
[2025-08-30 02:31:13] DEBUG    25   4.50944647e+14 -1.22125475e+13  1.42e-04 7.31e-02  2.43e+06   180s
[2025-08-30 02:31:24] DEBUG    26   4.47950021e+14 -7.32441645e+12  9.90e-05 1.13e-01  1.52e+06   192s
[2025-08-30 02:31:35] DEBUG    27   4.45796848e+14 -3.32253736e+12  7.68e-05 9.07e-02  7.70e+05   203s
[2025-08-30 02:31:47] DEBUG    28   4.43525008e+14 -1.42787003e+12  5.92e-05 9.40e-02  3.96e+05   214s
[2025-08-30 02:31:58] DEBUG    29   4.40251575e+14 -9.28809485e+11  5.37e-05 9.50e-02  2.65e+05   225s
[2025-08-30 02:32:06] DEBUG    30   4.37586755e+14 -3.14577362e+11  6.29e-05 9.60e-02  1.28e+05   234s
[2025-08-30 02:32:13] DEBUG    31   4.36703228e+14 -2.73874943e+11  8.02e-05 9.61e-02  1.14e+05   241s
[2025-08-30 02:32:19] DEBUG    32   4.35953743e+14 -2.22621551e+11  9.52e-05 9.61e-02  1.00e+05   246s
[2025-08-30 02:32:24] DEBUG    33   4.35126478e+14 -1.76230194e+11  7.03e-05 9.62e-02  8.73e+04   251s
[2025-08-30 02:32:31] DEBUG    34   4.34558752e+14 -1.32375491e+11  8.31e-05 9.62e-02  7.59e+04   259s
[2025-08-30 02:32:40] DEBUG    35   4.31402273e+14 -5.58235287e+10  7.23e-05 9.62e-02  4.47e+04   267s
[2025-08-30 02:32:50] DEBUG    36   4.28110503e+14 -2.76261745e+10  6.15e-05 9.62e-02  2.79e+04   278s
[2025-08-30 02:33:02] DEBUG    37   4.25500729e+14 -8.90030451e+09  6.22e-05 9.59e-02  1.77e+04   289s
[2025-08-30 02:33:11] DEBUG    38   4.24129648e+14 -7.27507677e+09  7.15e-05 9.59e-02  1.52e+04   298s
[2025-08-30 02:33:18] DEBUG    39   4.23332744e+14 -5.42739441e+09  7.36e-05 9.58e-02  1.39e+04   305s
[2025-08-30 02:33:23] DEBUG    40   4.22933851e+14 -4.42717333e+09  8.49e-05 9.57e-02  1.32e+04   310s
[2025-08-30 02:33:30] DEBUG    41   4.22197722e+14 -4.02162288e+09  8.76e-05 9.57e-02  1.23e+04   318s
[2025-08-30 02:33:40] DEBUG    42   4.20987560e+14 -3.22657684e+09  8.91e-05 9.55e-02  1.08e+04   327s
[2025-08-30 02:33:47] DEBUG    43   4.20813702e+14 -2.55742746e+09  9.36e-05 9.52e-02  1.05e+04   334s
[2025-08-30 02:33:56] DEBUG    44   4.19753821e+14 -1.04251586e+09  7.69e-05 9.46e-02  9.15e+03   344s
[2025-08-30 02:34:03] DEBUG    45   4.19569965e+14  1.68637798e+08  9.42e-05 9.37e-02  8.89e+03   351s
[2025-08-30 02:34:12] DEBUG    46   4.19219212e+14  1.15110538e+09  1.14e-04 9.29e-02  8.52e+03   359s
[2025-08-30 02:34:21] DEBUG    47   4.18860262e+14  1.79670770e+09  1.15e-04 9.21e-02  8.20e+03   368s
[2025-08-30 02:34:28] DEBUG    48   4.18273436e+14  2.54577198e+09  1.19e-04 9.13e-02  7.70e+03   375s
[2025-08-30 02:34:35] DEBUG    49   4.17932289e+14  3.29150323e+09  1.25e-04 9.05e-02  7.40e+03   383s
[2025-08-30 02:34:45] DEBUG    50   4.17590178e+14  3.92356587e+09  9.94e-05 8.97e-02  7.11e+03   392s
[2025-08-30 02:34:54] DEBUG    51   4.17121742e+14  4.70317113e+09  1.17e-04 8.85e-02  6.76e+03   401s
[2025-08-30 02:35:04] DEBUG    52   4.16587820e+14  5.44629998e+09  1.05e-04 8.75e-02  6.38e+03   411s
[2025-08-30 02:35:13] DEBUG    53   4.16272054e+14  6.00272066e+09  1.15e-04 8.67e-02  6.16e+03   420s
[2025-08-30 02:35:21] DEBUG    54   4.15810716e+14  6.51468952e+09  1.04e-04 8.57e-02  5.86e+03   429s
[2025-08-30 02:35:32] DEBUG    55   4.15181034e+14  7.40282868e+09  1.04e-04 8.41e-02  5.41e+03   439s
[2025-08-30 02:35:39] DEBUG    56   4.14713674e+14  7.80877264e+09  1.02e-04 8.34e-02  5.16e+03   446s
[2025-08-30 02:35:50] DEBUG    57   4.13835973e+14  8.92994925e+09  1.06e-04 8.12e-02  4.61e+03   457s
[2025-08-30 02:35:57] DEBUG    58   4.13285617e+14  9.56512523e+09  1.05e-04 7.94e-02  4.35e+03   465s
[2025-08-30 02:36:07] DEBUG    59   4.12307177e+14  9.77528094e+09  9.42e-05 7.89e-02  3.91e+03   474s
[2025-08-30 02:36:15] DEBUG    60   4.12193487e+14  9.92494358e+09  1.07e-04 7.85e-02  3.86e+03   482s
[2025-08-30 02:36:24] DEBUG    61   4.12132265e+14  1.01593396e+10  1.15e-04 7.80e-02  3.83e+03   492s
[2025-08-30 02:36:31] DEBUG    62   4.11773151e+14  1.02103691e+10  1.01e-04 7.77e-02  3.69e+03   498s
[2025-08-30 02:36:37] DEBUG    63   4.11722581e+14  1.02804276e+10  1.25e-04 7.75e-02  3.90e+03   505s
[2025-08-30 02:36:53] DEBUG    64   4.11683815e+14  1.03383762e+10  1.25e-04 7.72e-02  3.88e+03   520s
[2025-08-30 02:37:03] DEBUG    65   4.11445759e+14  1.04011714e+10  1.14e-04 7.69e-02  3.81e+03   531s
[2025-08-30 02:37:10] DEBUG    66   4.11293102e+14  1.04267650e+10  1.56e-04 7.67e-02  3.75e+03   538s
[2025-08-30 02:37:21] DEBUG    67   4.11217009e+14  1.04525995e+10  1.20e-04 7.65e-02  3.72e+03   548s
[2025-08-30 02:37:30] DEBUG    68   4.11110401e+14  1.05453721e+10  1.61e-04 7.61e-02  3.67e+03   558s
[2025-08-30 02:37:42] DEBUG    69   4.10925279e+14  1.06353134e+10  1.79e-04 7.57e-02  3.60e+03   569s
[2025-08-30 02:37:42] DEBUG    Barrier performed 69 iterations in 569.38 seconds (116.86 work units)
[2025-08-30 02:37:42] DEBUG    Numerical trouble encountered
[2025-08-30 02:37:42] DEBUG    Model may be infeasible or unbounded.  Consider using the
[2025-08-30 02:37:42] DEBUG    homogeneous algorithm (through parameter 'BarHomogeneous')
[2025-08-30 02:38:47] DEBUG    Waiting for other threads to finish...         634s
[2025-08-30 02:39:51] DEBUG    Waiting for other threads to finish...         698s
[2025-08-30 02:40:33] DEBUG    Solved with dual simplex
[2025-08-30 02:40:42] DEBUG    Iteration    Objective       Primal Inf.    Dual Inf.      Time
[2025-08-30 02:40:42] DEBUG    737959    1.8779552e+10   0.000000e+00   0.000000e+00    750s

Solved in 737959 iterations and 749.56 seconds (354.40 work units)
[2025-08-30 02:40:42] DEBUG    Optimal objective  1.877955221e+10
❌ Errore nel run di autarky_GT+VRES_2030_PHES: 'Model' object has no attribute 'backend_model'
🏁 Tutti gli scenari sono stati processati.
