
🚀 Lancio scenario: existing_VRES_2030_BESS
[2025-08-06 20:28:00] INFO     Loading sets
[2025-08-06 20:28:00] INFO     Loading parameters
[2025-08-06 20:28:46] INFO     constraints are loaded in the following order: ['energy_balance', 'dispatch', 'costs', 'capacity', 'network', 'policy', 'conversion', 'group', 'conversion_plus', 'milp', 'export']
[2025-08-06 20:28:46] INFO     creating energy_balance constraints
[2025-08-06 20:32:29] INFO     creating dispatch constraints
[2025-08-06 20:35:31] INFO     creating costs constraints
[2025-08-06 20:44:44] INFO     creating capacity constraints
[2025-08-06 20:44:44] INFO     creating network constraints
[2025-08-06 20:44:44] INFO     creating policy constraints
[2025-08-06 20:44:44] INFO     creating conversion constraints
[2025-08-06 20:44:44] INFO     creating group constraints
[2025-08-06 20:44:44] INFO     creating conversion_plus constraints
[2025-08-06 20:44:44] INFO     creating milp constraints
[2025-08-06 20:44:44] INFO     creating export constraints
[2025-08-06 20:56:35] DEBUG    Set parameter WLSAccessID
Set parameter WLSSecret
Set parameter LicenseID to value 2680226
[2025-08-06 20:56:36] DEBUG    Academic license 2680226 - for non-commercial use only - registered to an___@mail.polimi.it
[2025-08-06 20:57:10] DEBUG    Read LP format model from file /tmp/tmp3sajro2c.pyomo.lp
Reading time = 33.95 seconds
x16419172: 22332233 rows, 16419172 columns, 53780685 nonzeros
[2025-08-06 20:57:10] DEBUG    Set parameter NumericFocus to value 1
Gurobi Optimizer version 12.0.2 build v12.0.2rc0 (linux64 - "Debian GNU/Linux 11 (bullseye)")

CPU model: Intel(R) Xeon(R) Silver 4314 CPU @ 2.40GHz, instruction set [SSE2|AVX|AVX2|AVX512]
Thread count: 32 physical cores, 64 logical processors, using up to 32 threads

Non-default parameters:
NumericFocus  1
[2025-08-06 20:57:10] DEBUG    Academic license 2680226 - for non-commercial use only - registered to an___@mail.polimi.it
Optimize a model with 22332233 rows, 16419172 columns and 53780685 nonzeros
[2025-08-06 20:57:10] DEBUG    Model fingerprint: 0x2a85824b
[2025-08-06 20:57:10] DEBUG    Coefficient statistics:
  Matrix range     [1e-07, 3e+02]
[2025-08-06 20:57:10] DEBUG    Objective range  [1e+00, 1e+06]
  Bounds range     [0e+00, 0e+00]
  RHS range        [1e+00, 2e+08]
[2025-08-06 20:57:16] DEBUG    Presolve removed 17810378 rows and 9207582 columns (presolve time = 6s)...
[2025-08-06 20:57:20] DEBUG    Presolve removed 18612045 rows and 11800000 columns (presolve time = 10s)...
[2025-08-06 20:57:26] DEBUG    Presolve removed 19688524 rows and 12825700 columns (presolve time = 16s)...
[2025-08-06 20:57:31] DEBUG    Presolve removed 19689100 rows and 12913300 columns (presolve time = 21s)...
[2025-08-06 20:57:32] DEBUG    Presolve removed 19838003 rows and 12913300 columns
[2025-08-06 20:58:00] DEBUG    Presolve time: 50.66s
Presolved: 2494230 rows, 3654775 columns, 10810257 nonzeros

Concurrent LP optimizer: primal simplex, dual simplex, and barrier
Showing barrier log only...
[2025-08-06 20:58:12] DEBUG    Elapsed ordering time = 10s
[2025-08-06 20:58:12] DEBUG    Elapsed ordering time = 10s
[2025-08-06 20:58:14] DEBUG    Ordering time: 11.60s
[2025-08-06 20:58:15] DEBUG    Barrier statistics:
 Dense cols : 115
 AA' NZ     : 1.051e+07
 Factor NZ  : 4.487e+07 (roughly 3.0 GB of memory)
 Factor Ops : 2.823e+09 (less than 1 second per iteration)
 Threads    : 30
[2025-08-06 20:58:20] DEBUG    Objective                Residual
[2025-08-06 20:58:20] DEBUG    Iter       Primal          Dual         Primal    Dual     Compl     Time
[2025-08-06 20:58:20] DEBUG    0   1.10221579e+19 -6.10427603e+17  2.02e+08 5.46e-02  5.55e+12    71s
[2025-08-06 20:58:25] DEBUG    1   8.70352747e+18 -5.34066317e+17  1.60e+08 5.31e+04  3.81e+12    76s
[2025-08-06 20:58:32] DEBUG    2   7.69381603e+18 -4.87987110e+17  1.44e+08 2.00e+04  3.19e+12    82s
[2025-08-06 20:58:40] DEBUG    3   5.77786566e+18 -4.51602436e+17  1.13e+08 5.65e+03  2.39e+12    91s
[2025-08-06 20:58:47] DEBUG    4   3.77248651e+18 -4.28644063e+17  7.83e+07 3.01e+03  1.63e+12    97s
[2025-08-06 20:58:52] DEBUG    5   3.26448292e+18 -4.03354280e+17  6.77e+07 2.02e+03  1.40e+12   102s
[2025-08-06 20:58:57] DEBUG    6   2.50158018e+18 -3.82501536e+17  5.19e+07 1.49e+03  1.07e+12   107s
[2025-08-06 20:59:01] DEBUG    7   1.61830410e+18 -3.60223470e+17  3.36e+07 1.18e+03  7.04e+11   112s
[2025-08-06 20:59:07] DEBUG    8   9.69281577e+17 -3.06230872e+17  2.14e+07 6.43e+02  4.37e+11   118s
[2025-08-06 20:59:15] DEBUG    9   2.10220190e+17 -2.07179202e+17  4.58e+06 1.41e+02  1.08e+11   126s
[2025-08-06 20:59:22] DEBUG    10   2.60143928e+16 -8.41696405e+16  5.47e+05 2.17e+01  1.93e+10   132s
[2025-08-06 20:59:26] DEBUG    11   5.62543665e+14 -2.48301162e+16  1.02e+04 4.19e+00  3.45e+09   137s
[2025-08-06 20:59:31] DEBUG    12   1.65553487e+12 -6.26231008e+14  7.34e+00 1.00e-01  8.42e+07   142s
[2025-08-06 20:59:36] DEBUG    13   1.42354550e+12 -3.21772319e+14  3.19e-01 4.87e-02  4.33e+07   147s
[2025-08-06 20:59:41] DEBUG    14   1.45845207e+12 -6.05595003e+13  2.37e-03 8.50e-03  8.29e+06   151s
[2025-08-06 20:59:45] DEBUG    15   1.16315635e+12 -2.97449720e+13  1.01e-03 3.88e-03  4.10e+06   156s
[2025-08-06 20:59:52] DEBUG    16   9.19923746e+11 -2.02137335e+13  8.91e-04 2.40e-03  2.79e+06   163s
[2025-08-06 20:59:57] DEBUG    17   8.08535327e+11 -1.51324750e+13  5.53e-04 1.65e-03  2.10e+06   167s
[2025-08-06 21:00:03] DEBUG    18   6.03342426e+11 -8.24894647e+12  4.97e-04 6.48e-04  1.16e+06   174s
[2025-08-06 21:00:11] DEBUG    19   4.49619243e+11 -6.41415763e+12  2.22e-04 4.23e-04  8.93e+05   182s
[2025-08-06 21:00:17] DEBUG    20   3.53274688e+11 -4.31740852e+12  9.57e-05 4.02e-04  6.07e+05   188s
[2025-08-06 21:00:22] DEBUG    21   2.50339482e+11 -2.00959505e+12  5.93e-05 3.49e-10  2.93e+05   193s
[2025-08-06 21:00:27] DEBUG    22   2.07393946e+11 -9.72684323e+11  4.09e-05 3.49e-10  1.53e+05   198s
[2025-08-06 21:00:32] DEBUG    23   1.41811330e+11 -6.85286327e+11  2.37e-05 3.49e-10  1.07e+05   202s
[2025-08-06 21:00:37] DEBUG    24   1.19643937e+11 -3.33847326e+11  1.95e-05 3.49e-10  5.86e+04   208s
[2025-08-06 21:00:45] DEBUG    25   1.02206488e+11 -1.81858722e+11  1.48e-05 3.49e-10  3.67e+04   215s
[2025-08-06 21:00:50] DEBUG    26   9.11228554e+10 -1.52074801e+11  1.25e-05 3.49e-10  3.14e+04   220s
[2025-08-06 21:00:56] DEBUG    27   8.29114423e+10 -1.00028814e+11  1.09e-05 3.49e-10  2.36e+04   226s
[2025-08-06 21:01:05] DEBUG    28   6.83478812e+10 -4.56444166e+10  1.00e-05 3.49e-10  1.47e+04   235s
[2025-08-06 21:01:15] DEBUG    29   5.01534924e+10 -1.03193819e+10  5.83e-05 3.49e-10  7.81e+03   245s
[2025-08-06 21:01:25] DEBUG    30   4.14534886e+10  2.47687347e+09  4.77e-05 3.49e-10  5.03e+03   255s
[2025-08-06 21:01:34] DEBUG    31   3.61436085e+10  8.35508684e+09  3.91e-05 3.49e-10  3.59e+03   264s
[2025-08-06 21:01:41] DEBUG    32   2.75939356e+10  1.09292106e+10  2.45e-05 2.33e-10  2.15e+03   272s
[2025-08-06 21:01:48] DEBUG    33   2.71677573e+10  1.22620475e+10  2.35e-05 2.33e-10  1.92e+03   278s
[2025-08-06 21:01:54] DEBUG    34   2.68272656e+10  1.24047068e+10  2.28e-05 3.49e-10  1.86e+03   285s
[2025-08-06 21:02:05] DEBUG    35   2.40446766e+10  1.30899181e+10  1.70e-05 2.33e-10  1.41e+03   295s
[2025-08-06 21:02:16] DEBUG    36   2.18805480e+10  1.44293833e+10  1.21e-05 2.56e-07  9.62e+02   307s
[2025-08-06 21:02:29] DEBUG    37   2.01712227e+10  1.48101704e+10  8.62e-06 1.85e-07  6.92e+02   319s
[2025-08-06 21:02:43] DEBUG    38   1.86538868e+10  1.51564763e+10  5.81e-06 2.50e-07  4.52e+02   334s
[2025-08-06 21:03:01] DEBUG    39   1.81443403e+10  1.52790623e+10  4.72e-06 2.60e-07  3.70e+02   352s
[2025-08-06 21:03:17] DEBUG    40   1.78462007e+10  1.53459343e+10  4.12e-06 2.47e-07  3.23e+02   368s
[2025-08-06 21:03:34] DEBUG    41   1.73913502e+10  1.54307727e+10  3.32e-06 2.35e-07  2.53e+02   384s
[2025-08-06 21:03:52] DEBUG    42   1.70893820e+10  1.54904820e+10  2.74e-06 2.68e-07  2.06e+02   403s
[2025-08-06 21:04:12] DEBUG    43   1.69414329e+10  1.55667524e+10  2.43e-06 3.71e-07  1.77e+02   422s
[2025-08-06 21:04:32] DEBUG    44   1.66837453e+10  1.56203390e+10  1.90e-06 4.57e-07  1.37e+02   442s
[2025-08-06 21:04:55] DEBUG    45   1.63901661e+10  1.56570000e+10  1.28e-06 5.44e-07  9.47e+01   465s
[2025-08-06 21:05:19] DEBUG    46   1.62145094e+10  1.56851856e+10  9.65e-07 6.95e-07  6.83e+01   490s
[2025-08-06 21:05:51] DEBUG    47   1.61314997e+10  1.56982405e+10  7.76e-07 6.69e-07  5.59e+01   521s
[2025-08-06 21:06:17] DEBUG    48   1.60881576e+10  1.57180787e+10  6.83e-07 7.40e-07  4.78e+01   547s
[2025-08-06 21:06:47] DEBUG    49   1.60403885e+10  1.57294438e+10  5.76e-07 7.99e-07  4.02e+01   578s
[2025-08-06 21:07:07] DEBUG    50   1.59978398e+10  1.57395383e+10  4.84e-07 8.48e-07  3.34e+01   597s
[2025-08-06 21:07:29] DEBUG    51   1.59649225e+10  1.57487979e+10  4.15e-07 8.93e-07  2.79e+01   620s
[2025-08-06 21:07:49] DEBUG    52   1.59257822e+10  1.57541129e+10  3.19e-07 9.17e-07  2.22e+01   639s
[2025-08-06 21:08:06] DEBUG    53   1.59195488e+10  1.57553031e+10  3.05e-07 9.20e-07  2.12e+01   657s
[2025-08-06 21:08:27] DEBUG    54   1.58812341e+10  1.57599859e+10  2.13e-07 9.22e-07  1.57e+01   677s
[2025-08-06 21:08:46] DEBUG    55   1.58638927e+10  1.57653975e+10  1.67e-07 8.98e-07  1.27e+01   697s
[2025-08-06 21:09:05] DEBUG    56   1.58487832e+10  1.57670609e+10  1.42e-07 8.73e-07  1.06e+01   716s
[2025-08-06 21:09:29] DEBUG    57   1.58330891e+10  1.57702016e+10  1.03e-07 8.04e-07  8.12e+00   739s
[2025-08-06 21:09:49] DEBUG    58   1.58247972e+10  1.57722563e+10  8.20e-08 7.35e-07  6.79e+00   759s
[2025-08-06 21:10:09] DEBUG    59   1.58150578e+10  1.57734745e+10  6.71e-08 7.23e-07  5.37e+00   779s
[2025-08-06 21:10:25] DEBUG    60   1.58093003e+10  1.57738828e+10  6.33e-08 7.25e-07  4.57e+00   795s
[2025-08-06 21:10:45] DEBUG    61   1.58039225e+10  1.57760778e+10  4.84e-08 7.26e-07  3.60e+00   816s
[2025-08-06 21:11:05] DEBUG    62   1.58002397e+10  1.57766846e+10  3.73e-08 7.20e-07  3.04e+00   835s
[2025-08-06 21:11:27] DEBUG    63   1.57961877e+10  1.57771852e+10  4.47e-08 7.09e-07  2.46e+00   857s
[2025-08-06 21:11:49] DEBUG    64   1.57941406e+10  1.57776705e+10  3.35e-08 6.86e-07  2.13e+00   879s
[2025-08-06 21:12:06] DEBUG    65   1.57933817e+10  1.57783246e+10  2.98e-08 6.37e-07  1.95e+00   896s
[2025-08-06 21:12:29] DEBUG    66   1.57923430e+10  1.57783902e+10  3.35e-08 6.31e-07  1.80e+00   919s
[2025-08-06 21:12:52] DEBUG    67   1.57921210e+10  1.57785979e+10  4.10e-08 6.09e-07  1.75e+00   943s
[2025-08-06 21:13:14] DEBUG    68   1.57903974e+10  1.57789873e+10  3.73e-08 5.58e-07  1.47e+00   965s
[2025-08-06 21:13:36] DEBUG    69   1.57878967e+10  1.57796761e+10  9.52e-08 4.59e-07  1.06e+00   986s
[2025-08-06 21:13:57] DEBUG    70   1.57854533e+10  1.57802880e+10  5.12e-08 4.22e-07  6.68e-01  1008s
[2025-08-06 21:14:16] DEBUG    71   1.57843940e+10  1.57810981e+10  3.35e-08 4.24e-07  4.27e-01  1026s
[2025-08-06 21:14:39] DEBUG    72   1.57835051e+10  1.57816873e+10  4.10e-08 4.04e-07  2.36e-01  1049s
[2025-08-06 21:15:06] DEBUG    73   1.57830929e+10  1.57821393e+10  3.35e-08 3.13e-07  1.24e-01  1076s
[2025-08-06 21:15:28] DEBUG    74   1.57828337e+10  1.57822310e+10  3.35e-08 2.61e-07  7.84e-02  1099s
[2025-08-06 21:15:43] DEBUG    75   1.57827064e+10  1.57824058e+10  9.42e-08 2.22e-07  3.91e-02  1113s
[2025-08-06 21:15:56] DEBUG    76   1.57826673e+10  1.57824099e+10  7.11e-08 2.21e-07  3.35e-02  1126s
[2025-08-06 21:16:09] DEBUG    77   1.57826304e+10  1.57824336e+10  4.67e-08 2.16e-07  2.57e-02  1139s
[2025-08-06 21:16:21] DEBUG    78   1.57825990e+10  1.57825059e+10  4.47e-08 2.25e-07  1.22e-02  1151s
[2025-08-06 21:16:34] DEBUG    79   1.57825765e+10  1.57825313e+10  2.98e-08 2.34e-07  5.95e-03  1164s
[2025-08-06 21:16:48] DEBUG    80   1.57825685e+10  1.57825373e+10  4.10e-08 2.34e-07  4.14e-03  1179s
[2025-08-06 21:17:01] DEBUG    81   1.57825641e+10  1.57825412e+10  4.47e-08 2.33e-07  3.05e-03  1191s
[2025-08-06 21:17:11] DEBUG    82   1.57825591e+10  1.57825453e+10  3.35e-08 2.28e-07  1.85e-03  1201s
[2025-08-06 21:17:21] DEBUG    83   1.57825525e+10  1.57825461e+10  4.10e-08 2.26e-07  8.95e-04  1211s
[2025-08-06 21:17:31] DEBUG    84   1.57825507e+10  1.57825467e+10  3.35e-08 2.12e-07  5.77e-04  1221s
[2025-08-06 21:17:44] DEBUG    85   1.57825500e+10  1.57825468e+10  4.10e-08 1.88e-07  4.74e-04  1235s
[2025-08-06 21:17:57] DEBUG    86   1.57825498e+10  1.57825468e+10  3.73e-08 1.83e-07  4.44e-04  1248s
[2025-08-06 21:18:11] DEBUG    87   1.57825493e+10  1.57825469e+10  2.98e-08 1.58e-07  3.70e-04  1261s
[2025-08-06 21:18:17] DEBUG    88   1.57825484e+10  1.57825469e+10  3.35e-08 1.55e-07  2.48e-04  1267s
[2025-08-06 21:18:26] DEBUG    89   1.57825481e+10  1.57825469e+10  3.35e-08 1.49e-07  2.10e-04  1276s
[2025-08-06 21:18:33] DEBUG    90   1.57825477e+10  1.57825469e+10  3.35e-08 1.52e-07  1.71e-04  1283s
[2025-08-06 21:18:41] DEBUG    91   1.57825476e+10  1.57825469e+10  4.10e-08 1.50e-07  1.44e-04  1291s
[2025-08-06 21:18:48] DEBUG    92   1.57825472e+10  1.57825469e+10  3.35e-08 1.48e-07  1.06e-04  1298s
[2025-08-06 21:18:54] DEBUG    93   1.57825471e+10  1.57825469e+10  3.35e-08 1.48e-07  8.97e-05  1305s
[2025-08-06 21:19:01] DEBUG    94   1.57825469e+10  1.57825469e+10  3.35e-08 1.48e-07  5.59e-05  1312s
[2025-08-06 21:19:01] DEBUG    Barrier solved model in 94 iterations and 1311.81 seconds (320.00 work units)
[2025-08-06 21:19:01] DEBUG    Optimal objective 1.57825469e+10
[2025-08-06 21:19:02] DEBUG    Crossover log...
[2025-08-06 21:19:03] DEBUG    425543 DPushes remaining with DInf 1.6770006e-05              1313s
[2025-08-06 21:19:05] DEBUG    208594 DPushes remaining with DInf 2.5603859e-05              1315s
[2025-08-06 21:19:10] DEBUG    203423 DPushes remaining with DInf 2.5603859e-05              1321s
[2025-08-06 21:19:15] DEBUG    194815 DPushes remaining with DInf 2.5603859e-05              1325s
[2025-08-06 21:19:20] DEBUG    187976 DPushes remaining with DInf 2.5603859e-05              1330s
[2025-08-06 21:19:25] DEBUG    182815 DPushes remaining with DInf 2.5603859e-05              1336s
[2025-08-06 21:19:30] DEBUG    177086 DPushes remaining with DInf 2.5603859e-05              1340s
[2025-08-06 21:19:35] DEBUG    170499 DPushes remaining with DInf 2.5603859e-05              1345s
[2025-08-06 21:19:40] DEBUG    164798 DPushes remaining with DInf 2.5603859e-05              1350s
[2025-08-06 21:19:45] DEBUG    160605 DPushes remaining with DInf 2.5603859e-05              1355s
[2025-08-06 21:19:50] DEBUG    156394 DPushes remaining with DInf 2.5603859e-05              1360s
[2025-08-06 21:19:55] DEBUG    151732 DPushes remaining with DInf 2.5603859e-05              1365s
[2025-08-06 21:20:00] DEBUG    145055 DPushes remaining with DInf 2.5603859e-05              1370s
[2025-08-06 21:20:05] DEBUG    137198 DPushes remaining with DInf 2.5603859e-05              1376s
[2025-08-06 21:20:10] DEBUG    130987 DPushes remaining with DInf 2.5603859e-05              1381s
[2025-08-06 21:20:15] DEBUG    125569 DPushes remaining with DInf 2.5603859e-05              1385s
[2025-08-06 21:20:20] DEBUG    116294 DPushes remaining with DInf 2.5603859e-05              1391s
[2025-08-06 21:20:25] DEBUG    108325 DPushes remaining with DInf 2.5603859e-05              1396s
[2025-08-06 21:20:30] DEBUG    99471 DPushes remaining with DInf 2.5603859e-05              1400s
[2025-08-06 21:20:35] DEBUG    91029 DPushes remaining with DInf 2.5603859e-05              1405s
[2025-08-06 21:20:40] DEBUG    84226 DPushes remaining with DInf 2.5603859e-05              1410s
[2025-08-06 21:20:45] DEBUG    77905 DPushes remaining with DInf 2.5603859e-05              1415s
[2025-08-06 21:20:50] DEBUG    71518 DPushes remaining with DInf 2.5603859e-05              1420s
[2025-08-06 21:20:55] DEBUG    64378 DPushes remaining with DInf 2.5603859e-05              1426s
[2025-08-06 21:21:00] DEBUG    58081 DPushes remaining with DInf 2.5603859e-05              1430s
[2025-08-06 21:21:06] DEBUG    53985 DPushes remaining with DInf 2.5603859e-05              1436s
[2025-08-06 21:21:10] DEBUG    49800 DPushes remaining with DInf 2.5603859e-05              1441s
[2025-08-06 21:21:15] DEBUG    44364 DPushes remaining with DInf 2.5603859e-05              1446s
[2025-08-06 21:21:20] DEBUG    39830 DPushes remaining with DInf 2.5603859e-05              1450s
[2025-08-06 21:21:25] DEBUG    33108 DPushes remaining with DInf 2.5603859e-05              1455s
[2025-08-06 21:21:30] DEBUG    28462 DPushes remaining with DInf 2.5603859e-05              1461s
[2025-08-06 21:21:35] DEBUG    23580 DPushes remaining with DInf 2.5603859e-05              1466s
[2025-08-06 21:21:40] DEBUG    12042 DPushes remaining with DInf 2.5603859e-05              1470s
[2025-08-06 21:21:44] DEBUG    0 DPushes remaining with DInf 2.5603859e-05              1475s
[2025-08-06 21:21:45] DEBUG    2692938 PPushes remaining with PInf 0.0000000e+00              1475s
[2025-08-06 21:21:50] DEBUG    276186 PPushes remaining with PInf 0.0000000e+00              1480s
[2025-08-06 21:21:55] DEBUG    28662 PPushes remaining with PInf 0.0000000e+00              1485s
[2025-08-06 21:21:59] DEBUG    0 PPushes remaining with PInf 0.0000000e+00              1489s
[2025-08-06 21:21:59] DEBUG    Push phase complete: Pinf 0.0000000e+00, Dinf 1.6136538e+04   1490s
[2025-08-06 21:22:00] DEBUG    Iteration    Objective       Primal Inf.    Dual Inf.      Time
[2025-08-06 21:22:00] DEBUG    3048730    1.5782546e+10   0.000000e+00   1.613654e+04   1490s
[2025-08-06 21:22:05] DEBUG    3057739    1.5782546e+10   0.000000e+00   3.189625e+01   1495s
[2025-08-06 21:22:10] DEBUG    3065747    1.5782546e+10   0.000000e+00   2.194175e+01   1500s
[2025-08-06 21:22:15] DEBUG    3073755    1.5782546e+10   0.000000e+00   1.698964e+01   1505s
[2025-08-06 21:22:20] DEBUG    3081763    1.5782546e+10   0.000000e+00   1.285143e+01   1510s
[2025-08-06 21:22:25] DEBUG    3090772    1.5782546e+10   0.000000e+00   8.329063e+00   1515s
[2025-08-06 21:22:30] DEBUG    3099781    1.5782546e+10   0.000000e+00   4.286750e+00   1520s
[2025-08-06 21:22:35] DEBUG    3110792    1.5782546e+10   0.000000e+00   1.617564e-01   1525s
[2025-08-06 21:22:36] DEBUG    Solved with barrier
[2025-08-06 21:22:47] DEBUG    3113178    1.5782546e+10   0.000000e+00   1.421448e-05   1537s
[2025-08-06 21:22:51] DEBUG    Extra simplex iterations after uncrush: 3
[2025-08-06 21:22:51] DEBUG    3113181    1.5782546e+10   0.000000e+00   0.000000e+00   1542s

Solved in 3113181 iterations and 1541.87 seconds (572.24 work units)
[2025-08-06 21:22:51] DEBUG    Optimal objective  1.578254635e+10
Warning: unscaled dual violation = 3.11483e-06 and residual = 2.50111e-12
✅ Scenario completato: existing_VRES_2030_BESS

🚀 Lancio scenario: existing_VRES_2030_PHES
[2025-08-06 21:29:51] INFO     Loading sets
[2025-08-06 21:29:51] INFO     Loading parameters
[2025-08-06 21:30:25] INFO     constraints are loaded in the following order: ['energy_balance', 'dispatch', 'costs', 'capacity', 'network', 'policy', 'conversion', 'group', 'conversion_plus', 'milp', 'export']
[2025-08-06 21:30:25] INFO     creating energy_balance constraints
[2025-08-06 21:34:54] INFO     creating dispatch constraints
[2025-08-06 21:38:29] INFO     creating costs constraints
[2025-08-06 21:48:36] INFO     creating capacity constraints
[2025-08-06 21:48:36] INFO     creating network constraints
[2025-08-06 21:48:36] INFO     creating policy constraints
[2025-08-06 21:48:36] INFO     creating conversion constraints
[2025-08-06 21:48:36] INFO     creating group constraints
[2025-08-06 21:48:36] INFO     creating conversion_plus constraints
[2025-08-06 21:48:36] INFO     creating milp constraints
[2025-08-06 21:48:36] INFO     creating export constraints
[2025-08-06 22:00:20] DEBUG    Set parameter WLSAccessID
Set parameter WLSSecret
Set parameter LicenseID to value 2680226
[2025-08-06 22:00:20] DEBUG    Academic license 2680226 - for non-commercial use only - registered to an___@mail.polimi.it
[2025-08-06 22:00:54] DEBUG    Read LP format model from file /tmp/tmpumghohnk.pyomo.lp
Reading time = 33.61 seconds
x16419172: 22332291 rows, 16419172 columns, 54034783 nonzeros
[2025-08-06 22:00:54] DEBUG    Set parameter NumericFocus to value 1
Gurobi Optimizer version 12.0.2 build v12.0.2rc0 (linux64 - "Debian GNU/Linux 11 (bullseye)")

CPU model: Intel(R) Xeon(R) Silver 4314 CPU @ 2.40GHz, instruction set [SSE2|AVX|AVX2|AVX512]
Thread count: 32 physical cores, 64 logical processors, using up to 32 threads

Non-default parameters:
NumericFocus  1
[2025-08-06 22:00:54] DEBUG    Academic license 2680226 - for non-commercial use only - registered to an___@mail.polimi.it
Optimize a model with 22332291 rows, 16419172 columns and 54034783 nonzeros
[2025-08-06 22:00:54] DEBUG    Model fingerprint: 0xff0fda26
[2025-08-06 22:00:54] DEBUG    Coefficient statistics:
  Matrix range     [1e-07, 3e+02]
  Objective range  [1e+00, 1e+06]
  Bounds range     [0e+00, 0e+00]
  RHS range        [1e+00, 6e+09]
Warning: Model contains large rhs
[2025-08-06 22:01:00] DEBUG    Presolve removed 17941842 rows and 9286428 columns (presolve time = 6s)...
[2025-08-06 22:01:04] DEBUG    Presolve removed 19224689 rows and 12360000 columns (presolve time = 10s)...
[2025-08-06 22:01:10] DEBUG    Presolve removed 19793783 rows and 12883516 columns (presolve time = 15s)...
[2025-08-06 22:01:14] DEBUG    Presolve removed 19794353 rows and 12971116 columns (presolve time = 20s)...
[2025-08-06 22:01:15] DEBUG    Presolve removed 19943256 rows and 12971116 columns
[2025-08-06 22:01:43] DEBUG    Presolve time: 49.31s
Presolved: 2389035 rows, 3596959 columns, 10368407 nonzeros

Concurrent LP optimizer: primal simplex, dual simplex, and barrier
Showing barrier log only...
[2025-08-06 22:01:53] DEBUG    Elapsed ordering time = 8s
[2025-08-06 22:01:55] DEBUG    Ordering time: 10.63s
[2025-08-06 22:01:57] DEBUG    Barrier statistics:
 Dense cols : 112
 AA' NZ     : 9.794e+06
 Factor NZ  : 4.280e+07 (roughly 3.0 GB of memory)
[2025-08-06 22:01:57] DEBUG    Factor Ops : 2.757e+09 (less than 1 second per iteration)
 Threads    : 30
[2025-08-06 22:02:01] DEBUG    Objective                Residual
[2025-08-06 22:02:01] DEBUG    Iter       Primal          Dual         Primal    Dual     Compl     Time
[2025-08-06 22:02:01] DEBUG    0   9.70416432e+18 -8.53202422e+17  1.62e+08 7.07e-02  6.24e+12    68s
[2025-08-06 22:02:06] DEBUG    1   7.74210433e+18 -7.37936043e+17  1.29e+08 8.94e+04  4.32e+12    72s
[2025-08-06 22:02:12] DEBUG    2   6.75502925e+18 -6.54353883e+17  1.16e+08 3.23e+04  3.54e+12    79s
[2025-08-06 22:02:21] DEBUG    3   4.64383708e+18 -5.91709993e+17  8.44e+07 9.77e+03  2.46e+12    87s
[2025-08-06 22:02:27] DEBUG    4   3.63884944e+18 -5.47757699e+17  6.73e+07 4.03e+03  1.93e+12    94s
[2025-08-06 22:02:31] DEBUG    5   2.95847465e+18 -5.26236905e+17  5.47e+07 3.20e+03  1.57e+12    97s
[2025-08-06 22:02:36] DEBUG    6   2.34505650e+18 -5.03624095e+17  4.34e+07 2.69e+03  1.24e+12   102s
[2025-08-06 22:02:41] DEBUG    7   1.91085329e+18 -4.72836267e+17  3.54e+07 2.05e+03  1.01e+12   107s
[2025-08-06 22:02:47] DEBUG    8   6.75368042e+17 -4.10040350e+17  1.40e+07 1.18e+03  4.14e+11   114s
[2025-08-06 22:02:56] DEBUG    9   2.47599720e+17 -2.40397942e+17  5.43e+06 1.93e+02  1.53e+11   122s
[2025-08-06 22:03:02] DEBUG    10   8.83240602e+16 -1.41433452e+17  1.92e+06 6.39e+01  5.70e+10   129s
[2025-08-06 22:03:07] DEBUG    11   3.60972402e+16 -8.35557559e+16  7.83e+05 2.74e+01  2.47e+10   134s
[2025-08-06 22:03:12] DEBUG    12   1.95006924e+16 -4.76535368e+16  4.22e+05 1.19e+01  1.26e+10   139s
[2025-08-06 22:03:16] DEBUG    13   1.09817154e+16 -2.41302320e+16  2.37e+05 4.34e+00  6.14e+09   143s
[2025-08-06 22:03:20] DEBUG    14   8.09956439e+15 -1.41807572e+16  1.74e+05 2.15e+00  3.75e+09   147s
[2025-08-06 22:03:25] DEBUG    15   3.40476162e+15 -7.44895153e+15  7.28e+04 9.34e-01  1.67e+09   151s
[2025-08-06 22:03:31] DEBUG    16   3.31248403e+14 -1.29019157e+15  6.83e+03 8.71e-02  2.25e+08   158s
[2025-08-06 22:03:37] DEBUG    17   1.66229915e+14 -2.87275784e+14  3.39e+03 1.63e-02  6.19e+07   163s
[2025-08-06 22:03:43] DEBUG    18   1.63974151e+13 -1.36213904e+14  2.82e+02 7.04e-03  2.04e+07   170s
[2025-08-06 22:03:51] DEBUG    19   1.91181966e+12 -4.27524022e+13  1.70e+00 1.73e-03  5.93e+06   177s
[2025-08-06 22:03:57] DEBUG    20   1.59846207e+12 -2.27246293e+13  1.28e-01 6.32e-04  3.22e+06   184s
[2025-08-06 22:04:02] DEBUG    21   1.37668543e+12 -1.41863130e+13  5.60e-02 1.90e-04  2.06e+06   189s
[2025-08-06 22:04:06] DEBUG    22   1.14921866e+12 -9.27227969e+12  2.54e-02 9.66e-09  1.38e+06   193s
[2025-08-06 22:04:11] DEBUG    23   1.01123570e+12 -6.62498672e+12  1.46e-02 7.87e-09  1.01e+06   198s
[2025-08-06 22:04:15] DEBUG    24   9.41677701e+11 -5.71797751e+12  1.04e-02 5.92e-09  8.79e+05   202s
[2025-08-06 22:04:22] DEBUG    25   7.90982045e+11 -3.93240843e+12  2.96e-03 4.16e-09  6.23e+05   209s
[2025-08-06 22:04:27] DEBUG    26   7.20605436e+11 -2.90417425e+12  1.48e-03 3.16e-09  4.78e+05   213s
[2025-08-06 22:04:34] DEBUG    27   6.46937700e+11 -1.23680186e+12  5.09e-04 1.51e-09  2.48e+05   220s
[2025-08-06 22:04:38] DEBUG    28   6.09804392e+11 -4.86460437e+11  3.25e-04 4.36e-09  1.45e+05   224s
[2025-08-06 22:04:44] DEBUG    29   5.96756932e+11 -3.05289910e+11  2.81e-04 7.91e-10  1.19e+05   231s
[2025-08-06 22:04:52] DEBUG    30   5.73155781e+11  3.12582726e+10  2.09e-04 9.94e-09  7.14e+04   239s
[2025-08-06 22:04:58] DEBUG    31   5.71607758e+11  9.26259418e+10  2.04e-04 1.16e-08  6.31e+04   245s
[2025-08-06 22:05:06] DEBUG    32   5.56236648e+11  1.63937316e+11  1.63e-04 1.81e-08  5.17e+04   253s
[2025-08-06 22:05:16] DEBUG    33   5.39735553e+11  2.78405500e+11  1.18e-04 2.81e-08  3.44e+04   262s
[2025-08-06 22:05:26] DEBUG    34   5.09570119e+11  3.77814040e+11  5.11e-05 2.62e-08  1.74e+04   273s
[2025-08-06 22:05:37] DEBUG    35   4.99063079e+11  4.40211634e+11  2.35e-05 1.76e-08  7.76e+03   283s
[2025-08-06 22:05:44] DEBUG    36   4.91383477e+11  4.53705213e+11  4.02e-05 2.00e-08  4.97e+03   291s
[2025-08-06 22:05:52] DEBUG    37   4.86998797e+11  4.68781700e+11  9.19e-05 1.07e-08  2.40e+03   299s
[2025-08-06 22:05:59] DEBUG    38   4.85584307e+11  4.72884110e+11  5.49e-05 7.13e-09  1.67e+03   305s
[2025-08-06 22:06:05] DEBUG    39   4.84411299e+11  4.75462056e+11  2.55e-05 2.13e-09  1.18e+03   311s
[2025-08-06 22:06:11] DEBUG    40   4.84156427e+11  4.76709292e+11  2.32e-05 5.39e-09  9.82e+02   318s
[2025-08-06 22:06:17] DEBUG    41   4.84015503e+11  4.77405851e+11  2.20e-05 3.81e-09  8.71e+02   324s
[2025-08-06 22:06:26] DEBUG    42   4.83135387e+11  4.78864330e+11  1.43e-05 3.41e-09  5.63e+02   332s
[2025-08-06 22:06:36] DEBUG    43   4.82929231e+11  4.79778383e+11  1.36e-05 7.80e-08  4.15e+02   342s
[2025-08-06 22:06:48] DEBUG    44   4.82334232e+11  4.80171260e+11  8.42e-06 2.48e-07  2.85e+02   355s
[2025-08-06 22:07:06] DEBUG    45   4.81970851e+11  4.80541851e+11  1.01e-05 9.77e-07  1.88e+02   372s
[2025-08-06 22:07:19] DEBUG    46   4.81748650e+11  4.80830286e+11  6.85e-06 8.61e-07  1.21e+02   386s
[2025-08-06 22:07:32] DEBUG    47   4.81615722e+11  4.80938868e+11  4.92e-06 1.01e-06  8.92e+01   399s
[2025-08-06 22:07:46] DEBUG    48   4.81547277e+11  4.81018450e+11  4.04e-06 9.10e-07  6.97e+01   413s
[2025-08-06 22:08:01] DEBUG    49   4.81494111e+11  4.81044146e+11  3.36e-06 8.29e-07  5.93e+01   428s
[2025-08-06 22:08:19] DEBUG    50   4.81416674e+11  4.81100678e+11  2.41e-06 5.68e-07  4.16e+01   445s
[2025-08-06 22:08:43] DEBUG    51   4.81381987e+11  4.81132256e+11  1.98e-06 3.96e-07  3.29e+01   470s
[2025-08-06 22:09:08] DEBUG    52   4.81347748e+11  4.81150478e+11  1.56e-06 3.41e-07  2.60e+01   494s
[2025-08-06 22:09:32] DEBUG    53   4.81320823e+11  4.81164287e+11  1.24e-06 3.37e-07  2.06e+01   518s
[2025-08-06 22:09:54] DEBUG    54   4.81299537e+11  4.81172830e+11  9.87e-07 3.13e-07  1.67e+01   540s
[2025-08-06 22:10:17] DEBUG    55   4.81277174e+11  4.81182525e+11  7.19e-07 2.86e-07  1.25e+01   564s
[2025-08-06 22:10:41] DEBUG    56   4.81260659e+11  4.81189585e+11  5.14e-07 2.59e-07  9.37e+00   588s
[2025-08-06 22:11:02] DEBUG    57   4.81252576e+11  4.81197212e+11  4.32e-07 3.09e-07  7.30e+00   609s
[2025-08-06 22:11:28] DEBUG    58   4.81243285e+11  4.81201120e+11  3.20e-07 3.98e-07  5.56e+00   634s
[2025-08-06 22:11:49] DEBUG    59   4.81234829e+11  4.81203408e+11  2.38e-07 4.66e-07  4.14e+00   655s
[2025-08-06 22:12:12] DEBUG    60   4.81225214e+11  4.81206001e+11  8.20e-08 5.08e-07  2.53e+00   678s
[2025-08-06 22:12:36] DEBUG    61   4.81221096e+11  4.81208422e+11  5.22e-08 4.68e-07  1.67e+00   703s
[2025-08-06 22:13:00] DEBUG    62   4.81220236e+11  4.81210118e+11  4.47e-08 3.90e-07  1.33e+00   727s
[2025-08-06 22:13:26] DEBUG    63   4.81218648e+11  4.81211578e+11  3.35e-08 3.02e-07  9.32e-01   752s
[2025-08-06 22:13:52] DEBUG    64   4.81217589e+11  4.81212681e+11  3.35e-08 2.04e-07  6.47e-01   779s
[2025-08-06 22:14:17] DEBUG    65   4.81216562e+11  4.81213197e+11  2.79e-08 1.83e-07  4.44e-01   803s
[2025-08-06 22:14:41] DEBUG    66   4.81216160e+11  4.81213470e+11  2.98e-08 1.64e-07  3.55e-01   827s
[2025-08-06 22:15:02] DEBUG    67   4.81215897e+11  4.81213879e+11  3.35e-08 1.32e-07  2.66e-01   849s
[2025-08-06 22:15:22] DEBUG    68   4.81215430e+11  4.81214219e+11  3.35e-08 1.18e-07  1.60e-01   869s
[2025-08-06 22:15:43] DEBUG    69   4.81215342e+11  4.81214323e+11  3.35e-08 1.09e-07  1.34e-01   889s
[2025-08-06 22:16:03] DEBUG    70   4.81215118e+11  4.81214408e+11  3.35e-08 1.07e-07  9.36e-02   909s
[2025-08-06 22:16:24] DEBUG    71   4.81215059e+11  4.81214579e+11  3.35e-08 8.58e-08  6.32e-02   930s
[2025-08-06 22:16:41] DEBUG    72   4.81215016e+11  4.81214633e+11  4.10e-08 7.64e-08  5.04e-02   948s
[2025-08-06 22:16:57] DEBUG    73   4.81215014e+11  4.81214702e+11  3.35e-08 6.06e-08  4.11e-02   963s
[2025-08-06 22:17:20] DEBUG    74   4.81214962e+11  4.81214734e+11  2.98e-08 5.22e-08  3.00e-02   986s
[2025-08-06 22:17:49] DEBUG    75   4.81214953e+11  4.81214767e+11  3.35e-08 4.53e-08  2.46e-02  1016s
[2025-08-06 22:18:10] DEBUG    76   4.81214950e+11  4.81214798e+11  3.73e-08 3.81e-08  2.01e-02  1036s
[2025-08-06 22:18:26] DEBUG    77   4.81214948e+11  4.81214835e+11  2.98e-08 2.79e-08  1.50e-02  1053s
[2025-08-06 22:18:45] DEBUG    78   4.81214936e+11  4.81214911e+11  4.10e-08 1.91e-08  3.39e-03  1071s
[2025-08-06 22:19:01] DEBUG    79   4.81214932e+11  4.81214925e+11  4.10e-08 1.39e-08  9.37e-04  1087s
[2025-08-06 22:19:16] DEBUG    80   4.81214931e+11  4.81214929e+11  3.73e-08 1.42e-08  3.09e-04  1103s
[2025-08-06 22:19:30] DEBUG    81   4.81214931e+11  4.81214931e+11  4.47e-08 3.03e-08  3.15e-05  1117s
[2025-08-06 22:19:39] DEBUG    82   4.81214931e+11  4.81214931e+11  5.22e-08 1.76e-08  2.09e-06  1125s
[2025-08-06 22:19:45] DEBUG    83   4.81214931e+11  4.81214931e+11  3.73e-08 1.49e-08  1.73e-08  1132s
[2025-08-06 22:19:51] DEBUG    84   4.81214931e+11  4.81214931e+11  2.64e-07 1.47e-08  1.95e-09  1138s
[2025-08-06 22:19:51] DEBUG    Barrier solved model in 84 iterations and 1137.77 seconds (271.46 work units)
Optimal objective 4.81214931e+11
[2025-08-06 22:19:52] DEBUG    Crossover log...
[2025-08-06 22:19:53] DEBUG    435400 DPushes remaining with DInf 0.0000000e+00              1139s
[2025-08-06 22:19:54] DEBUG    304483 DPushes remaining with DInf 0.0000000e+00              1140s
[2025-08-06 22:19:59] DEBUG    267293 DPushes remaining with DInf 0.0000000e+00              1145s
[2025-08-06 22:20:04] DEBUG    248142 DPushes remaining with DInf 0.0000000e+00              1150s
[2025-08-06 22:20:09] DEBUG    222810 DPushes remaining with DInf 0.0000000e+00              1155s
[2025-08-06 22:20:14] DEBUG    173132 DPushes remaining with DInf 0.0000000e+00              1160s
[2025-08-06 22:20:19] DEBUG    126397 DPushes remaining with DInf 0.0000000e+00              1165s
[2025-08-06 22:20:24] DEBUG    83487 DPushes remaining with DInf 0.0000000e+00              1170s
[2025-08-06 22:20:29] DEBUG    43664 DPushes remaining with DInf 0.0000000e+00              1175s
[2025-08-06 22:20:34] DEBUG    17796 DPushes remaining with DInf 0.0000000e+00              1180s
[2025-08-06 22:20:39] DEBUG    2653 DPushes remaining with DInf 0.0000000e+00              1185s
[2025-08-06 22:20:40] DEBUG    0 DPushes remaining with DInf 0.0000000e+00              1186s
[2025-08-06 22:20:40] DEBUG    282475 PPushes remaining with PInf 4.9869780e-03              1186s
[2025-08-06 22:20:43] DEBUG    0 PPushes remaining with PInf 0.0000000e+00              1189s
[2025-08-06 22:20:43] DEBUG    Push phase complete: Pinf 0.0000000e+00, Dinf 2.7660581e-03   1189s
[2025-08-06 22:20:43] DEBUG    Iteration    Objective       Primal Inf.    Dual Inf.      Time
[2025-08-06 22:20:43] DEBUG    540822    4.8121493e+11   0.000000e+00   2.766058e-03   1190s
[2025-08-06 22:20:44] DEBUG    Solved with barrier
[2025-08-06 22:20:56] DEBUG    540841    4.8121493e+11   0.000000e+00   0.000000e+00   1202s
[2025-08-06 22:20:56] DEBUG    Solved in 540841 iterations and 1202.39 seconds (333.70 work units)
[2025-08-06 22:20:56] DEBUG    Optimal objective  4.812149308e+11
✅ Scenario completato: existing_VRES_2030_PHES

🚀 Lancio scenario: existing_VRES_2030_nostorage
[2025-08-06 22:30:39] INFO     Loading sets
[2025-08-06 22:30:39] INFO     Loading parameters
[2025-08-06 22:31:12] INFO     constraints are loaded in the following order: ['energy_balance', 'dispatch', 'costs', 'capacity', 'network', 'policy', 'conversion', 'group', 'conversion_plus', 'milp', 'export']
[2025-08-06 22:31:12] INFO     creating energy_balance constraints
[2025-08-06 22:33:57] INFO     creating dispatch constraints
[2025-08-06 22:38:43] INFO     creating costs constraints
[2025-08-06 22:46:31] INFO     creating capacity constraints
[2025-08-06 22:46:31] INFO     creating network constraints
[2025-08-06 22:46:31] INFO     creating policy constraints
[2025-08-06 22:46:31] INFO     creating conversion constraints
[2025-08-06 22:46:31] INFO     creating group constraints
[2025-08-06 22:46:31] INFO     creating conversion_plus constraints
[2025-08-06 22:46:31] INFO     creating milp constraints
[2025-08-06 22:46:31] INFO     creating export constraints
[2025-08-06 22:57:24] DEBUG    Set parameter WLSAccessID
Set parameter WLSSecret
Set parameter LicenseID to value 2680226
[2025-08-06 22:57:24] DEBUG    Academic license 2680226 - for non-commercial use only - registered to an___@mail.polimi.it
[2025-08-06 22:57:55] DEBUG    Read LP format model from file /tmp/tmpk_2_67cb.pyomo.lp
Reading time = 30.68 seconds
x15148798: 20553779 rows, 15148798 columns, 49207646 nonzeros
[2025-08-06 22:57:55] DEBUG    Set parameter NumericFocus to value 1
Gurobi Optimizer version 12.0.2 build v12.0.2rc0 (linux64 - "Debian GNU/Linux 11 (bullseye)")

CPU model: Intel(R) Xeon(R) Silver 4314 CPU @ 2.40GHz, instruction set [SSE2|AVX|AVX2|AVX512]
Thread count: 32 physical cores, 64 logical processors, using up to 32 threads

Non-default parameters:
NumericFocus  1
[2025-08-06 22:57:55] DEBUG    Academic license 2680226 - for non-commercial use only - registered to an___@mail.polimi.it
Optimize a model with 20553779 rows, 15148798 columns and 49207646 nonzeros
[2025-08-06 22:57:56] DEBUG    Model fingerprint: 0xed6245c7
[2025-08-06 22:57:56] DEBUG    Coefficient statistics:
  Matrix range     [1e-07, 3e+02]
  Objective range  [1e+00, 1e+06]
  Bounds range     [0e+00, 0e+00]
  RHS range        [1e+00, 2e+08]
[2025-08-06 22:58:01] DEBUG    Presolve removed 17302182 rows and 8699386 columns (presolve time = 5s)...
[2025-08-06 22:58:06] DEBUG    Presolve removed 18926259 rows and 12114214 columns (presolve time = 10s)...
[2025-08-06 22:58:11] DEBUG    Presolve removed 18926777 rows and 12201814 columns (presolve time = 15s)...
[2025-08-06 22:58:13] DEBUG    Presolve removed 19075680 rows and 12201814 columns
[2025-08-06 22:58:13] DEBUG    Presolve time: 18.06s
Presolved: 1478099 rows, 3095887 columns, 6542559 nonzeros

Concurrent LP optimizer: primal simplex, dual simplex, and barrier
Showing barrier log only...
[2025-08-06 22:58:15] DEBUG    Ordering time: 0.79s
[2025-08-06 22:58:16] DEBUG    Barrier statistics:
 Dense cols : 86
[2025-08-06 22:58:16] DEBUG    AA' NZ     : 3.555e+06
 Factor NZ  : 2.182e+07 (roughly 2.0 GB of memory)
 Factor Ops : 1.123e+09 (less than 1 second per iteration)
 Threads    : 30
[2025-08-06 22:58:20] DEBUG    Objective                Residual
[2025-08-06 22:58:20] DEBUG    Iter       Primal          Dual         Primal    Dual     Compl     Time
[2025-08-06 22:58:20] DEBUG    0   1.21650655e+19 -6.76406737e+17  2.20e+08 5.45e-02  6.92e+12    25s
[2025-08-06 22:58:25] DEBUG    1   9.71312925e+18 -5.99864315e+17  1.75e+08 5.08e+04  5.10e+12    30s
[2025-08-06 22:58:30] DEBUG    2   8.80796060e+18 -5.41154423e+17  1.62e+08 1.11e+04  4.57e+12    35s
[2025-08-06 22:58:37] DEBUG    3   6.22840130e+18 -5.10951599e+17  1.21e+08 2.44e+03  3.37e+12    42s
[2025-08-06 22:58:42] DEBUG    4   4.86601981e+18 -4.72271911e+17  9.59e+07 9.10e+02  2.64e+12    47s
[2025-08-06 22:58:45] DEBUG    5   3.61893444e+18 -4.40193569e+17  7.13e+07 5.41e+02  1.96e+12    50s
[2025-08-06 22:58:49] DEBUG    6   3.33969398e+18 -4.10785476e+17  6.58e+07 3.43e+02  1.79e+12    54s
[2025-08-06 22:58:52] DEBUG    7   2.62534664e+18 -3.59476534e+17  5.17e+07 1.10e+02  1.39e+12    57s
[2025-08-06 22:58:56] DEBUG    8   1.78119914e+18 -2.77542710e+17  3.50e+07 5.98e+00  9.15e+11    61s
[2025-08-06 22:59:01] DEBUG    9   2.91750302e+17 -1.99385252e+17  5.64e+06 3.44e-05  1.66e+11    66s
[2025-08-06 22:59:05] DEBUG    10   1.81153518e+17 -1.29358626e+17  3.50e+06 2.18e-05  9.69e+10    70s
[2025-08-06 22:59:11] DEBUG    11   1.00466670e+17 -8.31031450e+16  1.94e+06 2.33e-05  5.18e+10    76s
[2025-08-06 22:59:14] DEBUG    12   7.37498590e+16 -4.89356043e+16  1.41e+06 2.07e-05  3.26e+10    79s
[2025-08-06 22:59:19] DEBUG    13   2.86125431e+16 -2.77370323e+16  5.33e+05 7.59e-06  1.28e+10    84s
[2025-08-06 22:59:25] DEBUG    14   2.99789210e+15 -6.97047749e+15  5.05e+04 7.88e-06  1.79e+09    90s
[2025-08-06 22:59:29] DEBUG    15   7.59176152e+14 -1.49952970e+15  1.20e+04 1.75e-06  3.80e+08    94s
[2025-08-06 22:59:33] DEBUG    16   2.26050777e+14 -5.02943506e+14  3.10e+03 5.37e-07  1.19e+08    97s
[2025-08-06 22:59:36] DEBUG    17   6.89936815e+13 -1.54766229e+14  5.19e+02 1.92e-07  3.61e+07   101s
[2025-08-06 22:59:40] DEBUG    18   4.02614113e+13 -8.13467830e+12  6.17e+01 4.11e-08  7.78e+06   105s
[2025-08-06 22:59:43] DEBUG    19   3.64167956e+13 -3.44805710e+12  9.07e-03 3.41e-08  6.41e+06   108s
[2025-08-06 22:59:49] DEBUG    20   3.63370996e+13  1.16927878e+13  1.63e-03 3.45e-08  3.96e+06   114s
[2025-08-06 22:59:53] DEBUG    21   3.62251077e+13  1.78894628e+13  7.85e-04 2.10e-08  2.95e+06   118s
[2025-08-06 22:59:57] DEBUG    22   3.61476250e+13  2.37724323e+13  3.45e-04 2.85e-08  1.99e+06   122s
[2025-08-06 23:00:01] DEBUG    23   3.61333829e+13  2.47881353e+13  2.90e-04 2.01e-08  1.82e+06   126s
[2025-08-06 23:00:07] DEBUG    24   3.60667807e+13  2.86761320e+13  6.41e-05 8.43e-09  1.19e+06   132s
[2025-08-06 23:00:10] DEBUG    25   3.60162034e+13  3.12890232e+13  3.71e-05 1.91e-08  7.60e+05   135s
[2025-08-06 23:00:16] DEBUG    26   3.59442142e+13  3.25636331e+13  1.54e-05 5.95e-09  5.43e+05   141s
[2025-08-06 23:00:20] DEBUG    27   3.59189762e+13  3.34733320e+13  1.14e-05 1.10e-08  3.93e+05   145s
[2025-08-06 23:00:24] DEBUG    28   3.58895342e+13  3.36269915e+13  7.35e-06 1.48e-08  3.64e+05   149s
[2025-08-06 23:00:30] DEBUG    29   3.58823677e+13  3.46544314e+13  6.59e-06 1.75e-07  1.97e+05   155s
[2025-08-06 23:00:38] DEBUG    30   3.58616182e+13  3.49564430e+13  5.04e-06 2.27e-07  1.46e+05   163s
[2025-08-06 23:00:47] DEBUG    31   3.58576463e+13  3.51300934e+13  5.45e-06 1.22e-07  1.17e+05   172s
[2025-08-06 23:00:56] DEBUG    32   3.58309411e+13  3.54091611e+13  4.16e-05 1.23e-07  6.78e+04   181s
[2025-08-06 23:01:05] DEBUG    33   3.58148843e+13  3.55742437e+13  3.90e-05 2.22e-07  3.87e+04   190s
[2025-08-06 23:01:14] DEBUG    34   3.58085072e+13  3.56500327e+13  3.43e-05 3.45e-07  2.55e+04   199s
[2025-08-06 23:01:23] DEBUG    35   3.58056118e+13  3.57059467e+13  3.16e-05 1.77e-07  1.60e+04   208s
[2025-08-06 23:01:30] DEBUG    36   3.57859398e+13  3.57247872e+13  7.83e-06 1.03e-07  9.83e+03   214s
[2025-08-06 23:01:38] DEBUG    37   3.57727595e+13  3.57320651e+13  2.10e-06 8.86e-08  6.54e+03   223s
[2025-08-06 23:01:48] DEBUG    38   3.57696240e+13  3.57536047e+13  1.18e-06 2.13e-08  2.58e+03   233s
[2025-08-06 23:01:54] DEBUG    39   3.57676660e+13  3.57581856e+13  6.74e-07 3.06e-08  1.52e+03   239s
[2025-08-06 23:01:58] DEBUG    40   3.57667612e+13  3.57602822e+13  4.69e-07 3.01e-08  1.04e+03   243s
[2025-08-06 23:02:03] DEBUG    41   3.57662266e+13  3.57611348e+13  3.50e-07 1.64e-08  8.18e+02   248s
[2025-08-06 23:02:09] DEBUG    42   3.57658340e+13  3.57624416e+13  2.83e-07 2.29e-08  5.45e+02   254s
[2025-08-06 23:02:14] DEBUG    43   3.57653730e+13  3.57630666e+13  1.83e-07 1.10e-08  3.71e+02   259s
[2025-08-06 23:02:20] DEBUG    44   3.57650180e+13  3.57636725e+13  1.45e-07 2.76e-08  2.16e+02   265s
[2025-08-06 23:02:31] DEBUG    45   3.57647296e+13  3.57639004e+13  8.94e-08 1.69e-08  1.33e+02   276s
[2025-08-06 23:02:41] DEBUG    46   3.57645969e+13  3.57640308e+13  4.56e-08 1.53e-08  9.10e+01   286s
[2025-08-06 23:02:51] DEBUG    47   3.57645091e+13  3.57640716e+13  3.35e-08 1.46e-08  7.03e+01   296s
[2025-08-06 23:03:00] DEBUG    48   3.57644439e+13  3.57640915e+13  3.35e-08 1.32e-08  5.66e+01   305s
[2025-08-06 23:03:10] DEBUG    49   3.57643767e+13  3.57641372e+13  2.98e-08 1.16e-08  3.85e+01   315s
[2025-08-06 23:03:22] DEBUG    50   3.57643253e+13  3.57641624e+13  3.73e-08 1.71e-08  2.62e+01   327s
[2025-08-06 23:03:38] DEBUG    51   3.57642983e+13  3.57641773e+13  2.98e-08 1.84e-08  1.94e+01   343s
[2025-08-06 23:04:00] DEBUG    52   3.57642849e+13  3.57641967e+13  3.73e-08 1.67e-08  1.42e+01   365s
[2025-08-06 23:04:20] DEBUG    53   3.57642758e+13  3.57642032e+13  2.98e-08 1.57e-08  1.17e+01   385s
[2025-08-06 23:04:39] DEBUG    54   3.57642691e+13  3.57642131e+13  3.35e-08 1.33e-08  9.01e+00   404s
[2025-08-06 23:04:57] DEBUG    55   3.57642635e+13  3.57642201e+13  2.98e-08 1.38e-08  6.98e+00   421s
[2025-08-06 23:05:15] DEBUG    56   3.57642616e+13  3.57642250e+13  3.35e-08 1.29e-08  5.87e+00   440s
[2025-08-06 23:05:36] DEBUG    57   3.57642551e+13  3.57642283e+13  3.35e-08 1.60e-08  4.30e+00   461s
[2025-08-06 23:05:51] DEBUG    58   3.57642528e+13  3.57642332e+13  5.59e-08 1.40e-08  3.15e+00   476s
[2025-08-06 23:06:10] DEBUG    59   3.57642504e+13  3.57642379e+13  4.84e-08 1.76e-08  2.01e+00   495s
[2025-08-06 23:06:32] DEBUG    60   3.57642489e+13  3.57642398e+13  2.98e-08 1.46e-08  1.45e+00   517s
[2025-08-06 23:06:44] DEBUG    61   3.57642483e+13  3.57642407e+13  4.10e-08 1.28e-08  1.23e+00   529s
[2025-08-06 23:06:57] DEBUG    62   3.57642477e+13  3.57642418e+13  3.35e-08 1.06e-08  9.43e-01   542s
[2025-08-06 23:07:06] DEBUG    63   3.57642474e+13  3.57642447e+13  4.10e-08 1.14e-08  4.38e-01   551s
[2025-08-06 23:07:15] DEBUG    64   3.57642471e+13  3.57642450e+13  4.10e-08 1.29e-08  3.37e-01   560s
[2025-08-06 23:07:22] DEBUG    65   3.57642470e+13  3.57642455e+13  5.22e-08 1.07e-08  2.34e-01   567s
[2025-08-06 23:07:30] DEBUG    66   3.57642469e+13  3.57642457e+13  3.35e-08 9.34e-09  2.01e-01   575s
[2025-08-06 23:07:35] DEBUG    67   3.57642469e+13  3.57642462e+13  4.84e-08 5.54e-09  1.07e-01   580s
[2025-08-06 23:07:35] DEBUG    Barrier performed 67 iterations in 580.10 seconds (118.03 work units)
Barrier solve interrupted - model solved by another algorithm
[2025-08-06 23:07:35] DEBUG    Solved with dual simplex
[2025-08-06 23:07:43] DEBUG    Iteration    Objective       Primal Inf.    Dual Inf.      Time
[2025-08-06 23:07:43] DEBUG    533880    3.5764247e+13   0.000000e+00   0.000000e+00    588s

Solved in 533880 iterations and 587.60 seconds (193.45 work units)
[2025-08-06 23:07:43] DEBUG    Optimal objective  3.576424681e+13
✅ Scenario completato: existing_VRES_2030_nostorage

🚀 Lancio scenario: existing_CG+VRES_2030_BESS
[2025-08-06 23:19:50] INFO     Loading sets
[2025-08-06 23:19:51] INFO     Loading parameters
[2025-08-06 23:20:25] INFO     constraints are loaded in the following order: ['energy_balance', 'dispatch', 'costs', 'capacity', 'network', 'policy', 'conversion', 'group', 'conversion_plus', 'milp', 'export']
[2025-08-06 23:20:25] INFO     creating energy_balance constraints
[2025-08-06 23:23:24] INFO     creating dispatch constraints
[2025-08-06 23:25:20] INFO     creating costs constraints
[2025-08-06 23:38:39] INFO     creating capacity constraints
[2025-08-06 23:38:39] INFO     creating network constraints
[2025-08-06 23:38:39] INFO     creating policy constraints
[2025-08-06 23:38:39] INFO     creating conversion constraints
[2025-08-06 23:38:39] INFO     creating group constraints
[2025-08-06 23:38:39] INFO     creating conversion_plus constraints
[2025-08-06 23:38:39] INFO     creating milp constraints
[2025-08-06 23:38:39] INFO     creating export constraints
[2025-08-06 23:50:55] DEBUG    Set parameter WLSAccessID
Set parameter WLSSecret
Set parameter LicenseID to value 2680226
[2025-08-06 23:50:55] DEBUG    Academic license 2680226 - for non-commercial use only - registered to an___@mail.polimi.it
[2025-08-06 23:51:30] DEBUG    Read LP format model from file /tmp/tmpzp_f9ogj.pyomo.lp
Reading time = 34.75 seconds
x17181437: 23094469 rows, 17181437 columns, 56067248 nonzeros
[2025-08-06 23:51:30] DEBUG    Set parameter NumericFocus to value 1
Gurobi Optimizer version 12.0.2 build v12.0.2rc0 (linux64 - "Debian GNU/Linux 11 (bullseye)")

CPU model: Intel(R) Xeon(R) Silver 4314 CPU @ 2.40GHz, instruction set [SSE2|AVX|AVX2|AVX512]
Thread count: 32 physical cores, 64 logical processors, using up to 32 threads

Non-default parameters:
NumericFocus  1
[2025-08-06 23:51:30] DEBUG    Academic license 2680226 - for non-commercial use only - registered to an___@mail.polimi.it
Optimize a model with 23094469 rows, 17181437 columns and 56067248 nonzeros
[2025-08-06 23:51:31] DEBUG    Model fingerprint: 0x33f2efa8
[2025-08-06 23:51:31] DEBUG    Coefficient statistics:
  Matrix range     [1e-07, 3e+02]
  Objective range  [1e+00, 1e+06]
  Bounds range     [0e+00, 0e+00]
  RHS range        [1e+00, 2e+08]
[2025-08-06 23:51:37] DEBUG    Presolve removed 18318574 rows and 9969818 columns (presolve time = 6s)...
[2025-08-06 23:51:41] DEBUG    Presolve removed 18368005 rows and 11810000 columns (presolve time = 10s)...
[2025-08-06 23:51:46] DEBUG    Presolve removed 20196720 rows and 13587936 columns (presolve time = 15s)...
[2025-08-06 23:51:51] DEBUG    Presolve removed 20197296 rows and 13675536 columns (presolve time = 20s)...
[2025-08-06 23:51:53] DEBUG    Presolve removed 20346199 rows and 13675536 columns
[2025-08-06 23:52:23] DEBUG    Presolve time: 52.79s
Presolved: 2748270 rows, 3654804 columns, 11318337 nonzeros

Concurrent LP optimizer: primal simplex, dual simplex, and barrier
Showing barrier log only...
[2025-08-06 23:52:34] DEBUG    Elapsed ordering time = 9s
[2025-08-06 23:52:34] DEBUG    Elapsed ordering time = 10s
[2025-08-06 23:52:38] DEBUG    Ordering time: 13.25s
[2025-08-06 23:52:40] DEBUG    Barrier statistics:
 Dense cols : 144
 AA' NZ     : 1.102e+07
[2025-08-06 23:52:40] DEBUG    Factor NZ  : 4.873e+07 (roughly 3.0 GB of memory)
 Factor Ops : 3.179e+09 (less than 1 second per iteration)
 Threads    : 30
[2025-08-06 23:52:44] DEBUG    Objective                Residual
[2025-08-06 23:52:44] DEBUG    Iter       Primal          Dual         Primal    Dual     Compl     Time
[2025-08-06 23:52:44] DEBUG    0   5.44247264e+18 -4.32394334e+17  1.93e+08 1.43e-11  3.67e+12    75s
[2025-08-06 23:52:50] DEBUG    1   4.32758830e+18 -3.79826783e+17  1.51e+08 3.85e+04  2.42e+12    80s
[2025-08-06 23:52:57] DEBUG    2   3.83022869e+18 -3.45789953e+17  1.35e+08 1.34e+04  1.97e+12    87s
[2025-08-06 23:53:05] DEBUG    3   2.86597774e+18 -3.18740081e+17  1.05e+08 4.02e+03  1.45e+12    95s
[2025-08-06 23:53:12] DEBUG    4   1.80843563e+18 -3.03105819e+17  6.95e+07 2.35e+03  9.57e+11   102s
[2025-08-06 23:53:17] DEBUG    5   1.58428674e+18 -2.90056345e+17  6.10e+07 1.78e+03  8.35e+11   107s
[2025-08-06 23:53:22] DEBUG    6   1.32233653e+18 -2.73615211e+17  5.11e+07 1.28e+03  6.93e+11   112s
[2025-08-06 23:53:27] DEBUG    7   8.74099159e+17 -2.57761227e+17  3.42e+07 1.03e+03  4.70e+11   117s
[2025-08-06 23:53:34] DEBUG    8   4.16083183e+17 -2.20558576e+17  1.75e+07 6.12e+02  2.45e+11   124s
[2025-08-06 23:53:42] DEBUG    9   7.24818102e+16 -1.32768626e+17  4.40e+06 1.18e+02  6.28e+10   132s
[2025-08-06 23:53:49] DEBUG    10   1.55434161e+16 -4.84116103e+16  9.24e+05 8.06e+00  1.34e+10   139s
[2025-08-06 23:53:53] DEBUG    11   4.81457453e+13 -1.18644807e+16  2.15e+03 7.11e-01  1.53e+09   144s
[2025-08-06 23:53:58] DEBUG    12   2.26077239e+12 -3.41158934e+14  1.59e+01 1.87e-02  4.38e+07   149s
[2025-08-06 23:54:03] DEBUG    13   1.77271512e+12 -6.20572860e+13  1.21e+00 2.97e-03  8.13e+06   153s
[2025-08-06 23:54:07] DEBUG    14   1.24209365e+12 -3.87316201e+13  1.14e-04 1.57e-03  5.06e+06   158s
[2025-08-06 23:54:12] DEBUG    15   1.04395426e+12 -2.83918513e+13  7.18e-05 1.00e-03  3.72e+06   162s
[2025-08-06 23:54:19] DEBUG    16   7.39898895e+11 -2.12924709e+13  2.43e-05 6.36e-04  2.77e+06   169s
[2025-08-06 23:54:28] DEBUG    17   5.66478008e+11 -1.03055360e+13  2.09e-05 1.17e-04  1.36e+06   178s
[2025-08-06 23:54:35] DEBUG    18   4.55575356e+11 -5.42872869e+12  1.43e-05 7.13e-10  7.38e+05   186s
[2025-08-06 23:54:41] DEBUG    19   3.43611542e+11 -4.11077749e+12  9.28e-06 5.64e-10  5.58e+05   191s
[2025-08-06 23:54:46] DEBUG    20   2.31466817e+11 -2.37253687e+12  3.96e-06 4.66e-10  3.26e+05   196s
[2025-08-06 23:54:52] DEBUG    21   2.03096220e+11 -1.52801809e+12  2.73e-06 3.49e-10  2.17e+05   202s
[2025-08-06 23:54:57] DEBUG    22   1.67426759e+11 -1.09173618e+12  2.12e-06 3.49e-10  1.58e+05   207s
[2025-08-06 23:55:04] DEBUG    23   1.16938838e+11 -6.93334113e+11  1.93e-06 3.49e-10  1.01e+05   214s
[2025-08-06 23:55:09] DEBUG    24   1.03435581e+11 -5.08284039e+11  1.81e-06 2.33e-10  7.65e+04   219s
[2025-08-06 23:55:13] DEBUG    25   9.15391438e+10 -3.91605874e+11  1.62e-06 2.33e-10  6.04e+04   223s
[2025-08-06 23:55:23] DEBUG    26   8.28590092e+10 -3.45773730e+11  1.43e-06 2.33e-10  5.36e+04   233s
[2025-08-06 23:55:31] DEBUG    27   7.85607917e+10 -2.09373519e+11  7.56e-06 2.33e-10  3.60e+04   241s
[2025-08-06 23:55:42] DEBUG    28   5.64892632e+10 -7.29647895e+10  9.95e-06 3.49e-10  1.62e+04   252s
[2025-08-06 23:55:54] DEBUG    29   4.76162717e+10 -4.53564639e+10  8.27e-06 2.33e-10  1.16e+04   264s
[2025-08-06 23:56:03] DEBUG    30   4.32688125e+10 -4.26769210e+10  6.52e-06 3.49e-10  1.07e+04   273s
[2025-08-06 23:56:08] DEBUG    31   3.76674566e+10 -1.57209522e+10  9.20e-06 3.49e-10  6.67e+03   278s
[2025-08-06 23:56:13] DEBUG    32   3.26458180e+10 -1.14051430e+10  8.49e-06 3.49e-10  5.51e+03   283s
[2025-08-06 23:56:19] DEBUG    33   2.88460864e+10 -1.35747958e+09  5.25e-06 2.33e-10  3.78e+03   289s
[2025-08-06 23:56:28] DEBUG    34   2.33487176e+10  8.19043168e+09  1.78e-05 3.49e-10  1.89e+03   298s
[2025-08-06 23:56:45] DEBUG    35   1.99077226e+10  1.02315576e+10  1.14e-05 3.49e-10  1.21e+03   315s
[2025-08-06 23:56:58] DEBUG    36   1.80442404e+10  1.18457394e+10  7.63e-06 2.33e-10  7.75e+02   328s
[2025-08-06 23:57:08] DEBUG    37   1.66235948e+10  1.28323232e+10  4.84e-06 2.33e-10  4.74e+02   338s
[2025-08-06 23:57:17] DEBUG    38   1.62897539e+10  1.29254342e+10  4.21e-06 2.33e-10  4.21e+02   347s
[2025-08-06 23:57:24] DEBUG    39   1.62079959e+10  1.31416494e+10  4.06e-06 3.49e-10  3.83e+02   354s
[2025-08-06 23:57:31] DEBUG    40   1.59086974e+10  1.32168055e+10  3.51e-06 3.49e-10  3.37e+02   361s
[2025-08-06 23:57:41] DEBUG    41   1.56285969e+10  1.32877069e+10  3.00e-06 3.49e-10  2.93e+02   371s
[2025-08-06 23:57:54] DEBUG    42   1.52934660e+10  1.34581467e+10  2.34e-06 2.33e-10  2.29e+02   384s
[2025-08-06 23:58:09] DEBUG    43   1.50939239e+10  1.35508030e+10  2.15e-06 1.60e-09  1.93e+02   400s
[2025-08-06 23:58:23] DEBUG    44   1.47521755e+10  1.36489401e+10  1.40e-06 1.36e-08  1.38e+02   413s
[2025-08-06 23:58:34] DEBUG    45   1.45637505e+10  1.37328881e+10  9.54e-07 5.85e-08  1.04e+02   424s
[2025-08-06 23:58:53] DEBUG    46   1.44127596e+10  1.37923097e+10  6.80e-07 6.75e-08  7.76e+01   443s
[2025-08-06 23:59:12] DEBUG    47   1.42797391e+10  1.38303780e+10  4.97e-07 1.24e-07  5.62e+01   462s
[2025-08-06 23:59:31] DEBUG    48   1.41937613e+10  1.38532956e+10  3.69e-07 1.80e-07  4.26e+01   482s
[2025-08-06 23:59:45] DEBUG    49   1.41129599e+10  1.38687835e+10  2.55e-07 2.25e-07  3.05e+01   495s
[2025-08-07 00:00:01] DEBUG    50   1.40657700e+10  1.38872248e+10  1.90e-07 2.54e-07  2.23e+01   512s
[2025-08-07 00:00:16] DEBUG    51   1.40399169e+10  1.38900678e+10  1.49e-07 2.51e-07  1.87e+01   526s
[2025-08-07 00:00:35] DEBUG    52   1.40193443e+10  1.38982132e+10  1.30e-07 2.30e-07  1.51e+01   545s
[2025-08-07 00:00:54] DEBUG    53   1.40006009e+10  1.39028484e+10  1.06e-07 2.12e-07  1.22e+01   564s
[2025-08-07 00:01:06] DEBUG    54   1.39900345e+10  1.39037982e+10  8.94e-08 2.07e-07  1.08e+01   576s
[2025-08-07 00:01:26] DEBUG    55   1.39760758e+10  1.39083719e+10  7.64e-08 1.76e-07  8.46e+00   596s
[2025-08-07 00:01:40] DEBUG    56   1.39711965e+10  1.39114177e+10  6.33e-08 1.49e-07  7.47e+00   610s
[2025-08-07 00:01:58] DEBUG    57   1.39622596e+10  1.39133214e+10  6.15e-08 1.32e-07  6.12e+00   628s
[2025-08-07 00:02:16] DEBUG    58   1.39568672e+10  1.39148141e+10  5.22e-08 1.16e-07  5.26e+00   647s
[2025-08-07 00:02:34] DEBUG    59   1.39539309e+10  1.39162214e+10  4.47e-08 1.05e-07  4.71e+00   665s
[2025-08-07 00:02:52] DEBUG    60   1.39487655e+10  1.39176058e+10  4.66e-08 9.03e-08  3.90e+00   682s
[2025-08-07 00:03:07] DEBUG    61   1.39444591e+10  1.39185359e+10  3.54e-08 8.04e-08  3.24e+00   697s
[2025-08-07 00:03:21] DEBUG    62   1.39434061e+10  1.39190384e+10  4.10e-08 7.42e-08  3.05e+00   711s
[2025-08-07 00:03:37] DEBUG    63   1.39403665e+10  1.39192392e+10  3.73e-08 7.14e-08  2.64e+00   728s
[2025-08-07 00:03:56] DEBUG    64   1.39385404e+10  1.39200821e+10  2.98e-08 6.01e-08  2.31e+00   746s
[2025-08-07 00:04:14] DEBUG    65   1.39362705e+10  1.39205597e+10  3.35e-08 5.30e-08  1.96e+00   764s
[2025-08-07 00:04:21] DEBUG    66   1.39351299e+10  1.39206696e+10  3.73e-08 5.14e-08  1.81e+00   772s
[2025-08-07 00:04:36] DEBUG    67   1.39336069e+10  1.39210255e+10  5.22e-08 4.60e-08  1.57e+00   786s
[2025-08-07 00:04:53] DEBUG    68   1.39317700e+10  1.39214221e+10  4.84e-08 3.98e-08  1.29e+00   803s
[2025-08-07 00:05:10] DEBUG    69   1.39310666e+10  1.39218059e+10  3.35e-08 3.42e-08  1.16e+00   820s
[2025-08-07 00:05:23] DEBUG    70   1.39298323e+10  1.39221662e+10  3.73e-08 2.86e-08  9.58e-01   833s
[2025-08-07 00:05:41] DEBUG    71   1.39294567e+10  1.39223897e+10  4.10e-08 2.53e-08  8.83e-01   851s
[2025-08-07 00:05:56] DEBUG    72   1.39285719e+10  1.39226931e+10  4.10e-08 2.08e-08  7.35e-01   867s
[2025-08-07 00:06:13] DEBUG    73   1.39277769e+10  1.39229176e+10  2.98e-08 1.74e-08  6.07e-01   883s
[2025-08-07 00:06:30] DEBUG    74   1.39269561e+10  1.39231383e+10  3.35e-08 1.41e-08  4.77e-01   900s
[2025-08-07 00:06:45] DEBUG    75   1.39263760e+10  1.39232668e+10  3.73e-08 1.22e-08  3.89e-01   916s
[2025-08-07 00:07:00] DEBUG    76   1.39257701e+10  1.39234211e+10  3.73e-08 1.01e-08  2.94e-01   930s
[2025-08-07 00:07:13] DEBUG    77   1.39254282e+10  1.39235262e+10  3.35e-08 9.51e-09  2.38e-01   943s
[2025-08-07 00:07:28] DEBUG    78   1.39251088e+10  1.39236065e+10  3.73e-08 8.70e-09  1.88e-01   958s
[2025-08-07 00:07:43] DEBUG    79   1.39248394e+10  1.39237156e+10  4.10e-08 7.22e-09  1.40e-01   974s
[2025-08-07 00:07:58] DEBUG    80   1.39247597e+10  1.39238065e+10  4.47e-08 5.76e-09  1.19e-01   989s
[2025-08-07 00:08:17] DEBUG    81   1.39245465e+10  1.39238623e+10  3.35e-08 4.79e-09  8.55e-02  1007s
[2025-08-07 00:08:36] DEBUG    82   1.39244996e+10  1.39238767e+10  4.84e-08 4.49e-09  7.79e-02  1026s
[2025-08-07 00:08:53] DEBUG    83   1.39243966e+10  1.39239412e+10  4.47e-08 3.14e-09  5.69e-02  1043s
[2025-08-07 00:09:10] DEBUG    84   1.39242510e+10  1.39239770e+10  4.10e-08 2.33e-09  3.43e-02  1060s
[2025-08-07 00:09:27] DEBUG    85   1.39241931e+10  1.39239890e+10  4.84e-08 2.04e-09  2.55e-02  1077s
[2025-08-07 00:09:47] DEBUG    86   1.39241273e+10  1.39240032e+10  3.73e-08 1.69e-09  1.55e-02  1097s
[2025-08-07 00:10:04] DEBUG    87   1.39241084e+10  1.39240200e+10  4.84e-08 1.30e-09  1.10e-02  1114s
[2025-08-07 00:10:20] DEBUG    88   1.39240926e+10  1.39240528e+10  4.10e-08 1.10e-09  4.98e-03  1130s
[2025-08-07 00:10:36] DEBUG    89   1.39240775e+10  1.39240604e+10  3.73e-08 1.52e-09  2.14e-03  1147s
[2025-08-07 00:10:49] DEBUG    90   1.39240711e+10  1.39240695e+10  4.10e-08 3.46e-09  2.04e-04  1159s
[2025-08-07 00:10:58] DEBUG    91   1.39240705e+10  1.39240705e+10  4.84e-08 1.39e-08  9.34e-06  1168s
[2025-08-07 00:11:03] DEBUG    92   1.39240705e+10  1.39240705e+10  4.84e-08 1.11e-09  3.53e-07  1173s
[2025-08-07 00:11:08] DEBUG    93   1.39240705e+10  1.39240705e+10  4.47e-08 4.66e-10  3.30e-11  1178s
[2025-08-07 00:11:08] DEBUG    Barrier solved model in 93 iterations and 1178.07 seconds (296.92 work units)
[2025-08-07 00:11:08] DEBUG    Optimal objective 1.39240705e+10
[2025-08-07 00:11:09] DEBUG    Crossover log...
[2025-08-07 00:11:10] DEBUG    480378 DPushes remaining with DInf 4.3475086e-01              1180s
[2025-08-07 00:11:15] DEBUG    0 DPushes remaining with DInf 1.9888980e-01              1185s
[2025-08-07 00:11:15] DEBUG    98964 PPushes remaining with PInf 1.0256044e-05              1185s
[2025-08-07 00:11:17] DEBUG    0 PPushes remaining with PInf 0.0000000e+00              1187s
[2025-08-07 00:11:17] DEBUG    Push phase complete: Pinf 0.0000000e+00, Dinf 2.9069555e-01   1187s
[2025-08-07 00:11:17] DEBUG    Iteration    Objective       Primal Inf.    Dual Inf.      Time
  387102    1.3924070e+10   0.000000e+00   2.906956e-01   1188s
[2025-08-07 00:11:19] DEBUG    Solved with barrier
[2025-08-07 00:11:31] DEBUG    389612    1.3924070e+10   0.000000e+00   0.000000e+00   1202s

Solved in 389612 iterations and 1201.64 seconds (317.95 work units)
[2025-08-07 00:11:31] DEBUG    Optimal objective  1.392407048e+10
✅ Scenario completato: existing_CG+VRES_2030_BESS

🚀 Lancio scenario: existing_CG+VRES_2030_nostorage
[2025-08-07 00:22:17] INFO     Loading sets
[2025-08-07 00:22:17] INFO     Loading parameters
[2025-08-07 00:22:51] INFO     constraints are loaded in the following order: ['energy_balance', 'dispatch', 'costs', 'capacity', 'network', 'policy', 'conversion', 'group', 'conversion_plus', 'milp', 'export']
[2025-08-07 00:22:51] INFO     creating energy_balance constraints
[2025-08-07 00:25:37] INFO     creating dispatch constraints
[2025-08-07 00:27:24] INFO     creating costs constraints
[2025-08-07 00:41:54] INFO     creating capacity constraints
[2025-08-07 00:41:54] INFO     creating network constraints
[2025-08-07 00:41:54] INFO     creating policy constraints
[2025-08-07 00:41:54] INFO     creating conversion constraints
[2025-08-07 00:41:54] INFO     creating group constraints
[2025-08-07 00:41:54] INFO     creating conversion_plus constraints
[2025-08-07 00:41:54] INFO     creating milp constraints
[2025-08-07 00:41:54] INFO     creating export constraints
[2025-08-07 00:53:24] DEBUG    Set parameter WLSAccessID
Set parameter WLSSecret
Set parameter LicenseID to value 2680226
[2025-08-07 00:53:24] DEBUG    Academic license 2680226 - for non-commercial use only - registered to an___@mail.polimi.it
[2025-08-07 00:53:56] DEBUG    Read LP format model from file /tmp/tmpfzzmj2a8.pyomo.lp
[2025-08-07 00:53:56] DEBUG    Reading time = 31.75 seconds
x15911063: 21316015 rows, 15911063 columns, 51494209 nonzeros
[2025-08-07 00:53:56] DEBUG    Set parameter NumericFocus to value 1
[2025-08-07 00:53:56] DEBUG    Gurobi Optimizer version 12.0.2 build v12.0.2rc0 (linux64 - "Debian GNU/Linux 11 (bullseye)")

CPU model: Intel(R) Xeon(R) Silver 4314 CPU @ 2.40GHz, instruction set [SSE2|AVX|AVX2|AVX512]
Thread count: 32 physical cores, 64 logical processors, using up to 32 threads
[2025-08-07 00:53:56] DEBUG    Non-default parameters:
NumericFocus  1
[2025-08-07 00:53:56] DEBUG    Academic license 2680226 - for non-commercial use only - registered to an___@mail.polimi.it
[2025-08-07 00:53:56] DEBUG    Optimize a model with 21316015 rows, 15911063 columns and 51494209 nonzeros
[2025-08-07 00:53:57] DEBUG    Model fingerprint: 0xb7693dd2
[2025-08-07 00:53:57] DEBUG    Coefficient statistics:
  Matrix range     [1e-07, 3e+02]
[2025-08-07 00:53:57] DEBUG    Objective range  [1e+00, 1e+06]
  Bounds range     [0e+00, 0e+00]
  RHS range        [1e+00, 2e+08]
[2025-08-07 00:54:02] DEBUG    Presolve removed 17810378 rows and 9461622 columns (presolve time = 6s)...
[2025-08-07 00:54:08] DEBUG    Presolve removed 19434455 rows and 12876450 columns (presolve time = 11s)...
[2025-08-07 00:54:12] DEBUG    Presolve removed 19434455 rows and 12876450 columns (presolve time = 15s)...
[2025-08-07 00:54:15] DEBUG    Presolve removed 19583876 rows and 12964050 columns
[2025-08-07 00:54:15] DEBUG    Presolve time: 19.21s
Presolved: 1732139 rows, 3095916 columns, 7050639 nonzeros
[2025-08-07 00:54:15] DEBUG    Concurrent LP optimizer: primal simplex, dual simplex, and barrier
Showing barrier log only...
[2025-08-07 00:54:18] DEBUG    Ordering time: 0.75s
[2025-08-07 00:54:19] DEBUG    Barrier statistics:
 Dense cols : 115
 AA' NZ     : 4.063e+06
 Factor NZ  : 2.562e+07 (roughly 2.0 GB of memory)
 Factor Ops : 1.303e+09 (less than 1 second per iteration)
 Threads    : 30
[2025-08-07 00:54:23] DEBUG    Objective                Residual
[2025-08-07 00:54:23] DEBUG    Iter       Primal          Dual         Primal    Dual     Compl     Time
[2025-08-07 00:54:23] DEBUG    0   6.00004288e+18 -4.75649919e+17  2.10e+08 8.49e-12  4.53e+12    27s
[2025-08-07 00:54:28] DEBUG    1   4.83466118e+18 -4.18857923e+17  1.65e+08 3.52e+04  3.21e+12    32s
[2025-08-07 00:54:34] DEBUG    2   3.99008833e+18 -3.84077771e+17  1.40e+08 8.01e+03  2.66e+12    37s
[2025-08-07 00:54:40] DEBUG    3   2.61722460e+18 -3.66341695e+17  9.68e+07 1.35e+03  1.84e+12    44s
[2025-08-07 00:54:46] DEBUG    4   2.04077730e+18 -3.35170669e+17  7.65e+07 4.63e+02  1.43e+12    50s
[2025-08-07 00:54:49] DEBUG    5   1.55580648e+18 -3.12179664e+17  5.83e+07 3.18e+02  1.09e+12    53s
[2025-08-07 00:54:54] DEBUG    6   1.25504248e+18 -2.83923023e+17  4.71e+07 1.69e+02  8.71e+11    58s
[2025-08-07 00:54:58] DEBUG    7   1.07237974e+18 -2.54372527e+17  4.02e+07 8.14e+01  7.33e+11    62s
[2025-08-07 00:55:02] DEBUG    8   2.50635299e+17 -1.79834104e+17  9.55e+06 1.14e+01  1.82e+11    66s
[2025-08-07 00:55:07] DEBUG    9   3.11667986e+16 -8.71635966e+16  1.20e+06 6.48e-01  3.01e+10    71s
[2025-08-07 00:55:11] DEBUG    10   5.39262206e+15 -5.48324387e+16  2.20e+05 4.20e-01  1.10e+10    75s
[2025-08-07 00:55:17] DEBUG    11   3.27788996e+14 -2.67878140e+15  1.32e+04 4.41e-06  4.88e+08    80s
[2025-08-07 00:55:22] DEBUG    12   2.30231911e+12 -1.45535245e+14  4.83e+01 3.67e-07  2.28e+07    86s
[2025-08-07 00:55:27] DEBUG    13   1.53392849e+12 -9.37656803e+13  2.61e+01 2.27e-07  1.47e+07    91s
[2025-08-07 00:55:31] DEBUG    14   8.42423935e+11 -6.78297662e+13  2.58e+00 1.60e-07  1.06e+07    95s
[2025-08-07 00:55:34] DEBUG    15   6.72772474e+11 -2.08838336e+13  1.34e+00 3.59e-08  3.33e+06    98s
[2025-08-07 00:55:40] DEBUG    16   5.36667751e+11 -1.10829736e+13  7.04e-01 2.01e-08  1.79e+06   104s
[2025-08-07 00:55:45] DEBUG    17   4.54016476e+11 -8.13864832e+12  4.58e-01 1.30e-08  1.33e+06   108s
[2025-08-07 00:55:51] DEBUG    18   3.37171483e+11 -3.49383092e+12  2.30e-01 5.26e-09  5.92e+05   115s
[2025-08-07 00:55:54] DEBUG    19   2.80497775e+11 -2.53575488e+12  1.67e-01 3.79e-09  4.35e+05   118s
[2025-08-07 00:55:59] DEBUG    20   1.75836827e+11 -9.34551676e+11  6.85e-02 1.22e-09  1.71e+05   123s
[2025-08-07 00:56:05] DEBUG    21   1.32665730e+11 -4.81596277e+11  4.42e-02 5.23e-10  9.49e+04   129s
[2025-08-07 00:56:11] DEBUG    22   1.09719779e+11 -3.34913031e+11  3.35e-02 3.29e-10  6.87e+04   135s
[2025-08-07 00:56:15] DEBUG    23   9.83562163e+10 -2.72934128e+11  2.84e-02 2.60e-10  5.73e+04   139s
[2025-08-07 00:56:19] DEBUG    24   9.09324385e+10 -2.10202265e+11  2.52e-02 2.42e-10  4.65e+04   143s
[2025-08-07 00:56:24] DEBUG    25   8.72057567e+10 -1.89597165e+11  2.37e-02 3.49e-10  4.27e+04   148s
[2025-08-07 00:56:32] DEBUG    26   6.87642463e+10 -1.49592031e+11  1.64e-02 3.49e-10  3.37e+04   156s
[2025-08-07 00:56:41] DEBUG    27   5.70827889e+10 -8.29102462e+10  1.20e-02 2.33e-10  2.16e+04   165s
[2025-08-07 00:56:51] DEBUG    28   5.16894642e+10 -3.69776988e+10  1.02e-02 2.33e-10  1.37e+04   175s
[2025-08-07 00:56:58] DEBUG    29   3.54804971e+10 -2.23809791e+10  4.98e-03 2.33e-10  8.94e+03   182s
[2025-08-07 00:57:07] DEBUG    30   3.28232595e+10 -3.59555709e+09  4.28e-03 3.49e-10  5.62e+03   191s
[2025-08-07 00:57:14] DEBUG    31   2.92787051e+10  2.83426813e+09  3.40e-03 3.49e-10  4.08e+03   198s
[2025-08-07 00:57:20] DEBUG    32   2.49654913e+10  4.42138647e+09  2.36e-03 2.33e-10  3.17e+03   204s
[2025-08-07 00:57:24] DEBUG    33   2.08850254e+10  9.39547997e+09  1.42e-03 3.49e-10  1.77e+03   208s
[2025-08-07 00:57:30] DEBUG    34   2.01100649e+10  1.12487042e+10  1.26e-03 3.49e-10  1.37e+03   214s
[2025-08-07 00:57:34] DEBUG    35   1.83851832e+10  1.17826299e+10  8.90e-04 2.33e-10  1.02e+03   218s
[2025-08-07 00:57:37] DEBUG    36   1.73401625e+10  1.23106653e+10  6.69e-04 2.33e-10  7.77e+02   221s
[2025-08-07 00:57:41] DEBUG    37   1.71348317e+10  1.27769175e+10  6.27e-04 3.49e-10  6.73e+02   225s
[2025-08-07 00:57:46] DEBUG    38   1.64061197e+10  1.31581975e+10  4.81e-04 5.78e-09  5.02e+02   230s
[2025-08-07 00:57:54] DEBUG    39   1.57782301e+10  1.33685000e+10  3.56e-04 1.48e-07  3.72e+02   238s
[2025-08-07 00:58:04] DEBUG    40   1.50160904e+10  1.35435257e+10  2.04e-04 3.18e-07  2.27e+02   248s
[2025-08-07 00:58:15] DEBUG    41   1.46856873e+10  1.37447490e+10  3.44e-04 2.28e-07  1.45e+02   259s
[2025-08-07 00:58:22] DEBUG    42   1.44998011e+10  1.38207485e+10  2.90e-04 7.14e-07  1.05e+02   266s
[2025-08-07 00:58:29] DEBUG    43   1.42919879e+10  1.38556263e+10  2.37e-04 1.16e-06  6.74e+01   273s
[2025-08-07 00:58:34] DEBUG    44   1.42118871e+10  1.38741147e+10  2.02e-04 1.37e-06  5.22e+01   278s
[2025-08-07 00:58:39] DEBUG    45   1.41698026e+10  1.38797237e+10  1.82e-04 1.44e-06  4.48e+01   283s
[2025-08-07 00:58:42] DEBUG    46   1.41088406e+10  1.38919232e+10  1.26e-04 1.58e-06  3.35e+01   286s
[2025-08-07 00:58:46] DEBUG    47   1.40707411e+10  1.38988677e+10  9.64e-05 1.67e-06  2.65e+01   290s
[2025-08-07 00:58:49] DEBUG    48   1.40366466e+10  1.39071626e+10  7.31e-05 1.75e-06  2.00e+01   293s
[2025-08-07 00:58:57] DEBUG    49   1.39966011e+10  1.39099096e+10  4.59e-05 1.79e-06  1.34e+01   301s
[2025-08-07 00:59:03] DEBUG    50   1.39859316e+10  1.39112399e+10  3.74e-05 1.79e-06  1.15e+01   307s
[2025-08-07 00:59:09] DEBUG    51   1.39745559e+10  1.39149239e+10  3.06e-05 1.78e-06  9.21e+00   313s
[2025-08-07 00:59:16] DEBUG    52   1.39659533e+10  1.39173981e+10  2.61e-05 1.77e-06  7.50e+00   320s
[2025-08-07 00:59:23] DEBUG    53   1.39551101e+10  1.39197085e+10  1.90e-05 1.76e-06  5.47e+00   327s
[2025-08-07 00:59:30] DEBUG    54   1.39492263e+10  1.39207154e+10  1.50e-05 1.75e-06  4.40e+00   334s
[2025-08-07 00:59:35] DEBUG    55   1.39454186e+10  1.39215984e+10  1.28e-05 1.72e-06  3.68e+00   339s
[2025-08-07 00:59:42] DEBUG    56   1.39418168e+10  1.39219632e+10  1.05e-05 1.68e-06  3.07e+00   346s
[2025-08-07 00:59:50] DEBUG    57   1.39370097e+10  1.39222743e+10  1.11e-05 1.64e-06  2.28e+00   354s
[2025-08-07 00:59:56] DEBUG    58   1.39342365e+10  1.39225091e+10  9.31e-06 1.56e-06  1.81e+00   360s
[2025-08-07 01:00:04] DEBUG    59   1.39326359e+10  1.39231030e+10  7.38e-06 1.32e-06  1.47e+00   368s
[2025-08-07 01:00:11] DEBUG    60   1.39299938e+10  1.39231832e+10  7.48e-06 1.25e-06  1.05e+00   375s
[2025-08-07 01:00:18] DEBUG    61   1.39289115e+10  1.39233766e+10  6.09e-06 1.07e-06  8.55e-01   382s
[2025-08-07 01:00:26] DEBUG    62   1.39281867e+10  1.39235212e+10  5.16e-06 9.02e-07  7.21e-01   390s
[2025-08-07 01:00:33] DEBUG    63   1.39272457e+10  1.39235716e+10  3.96e-06 8.28e-07  5.68e-01   396s
[2025-08-07 01:00:39] DEBUG    64   1.39264600e+10  1.39236257e+10  2.96e-06 7.44e-07  4.38e-01   403s
[2025-08-07 01:00:46] DEBUG    65   1.39259725e+10  1.39237086e+10  2.35e-06 6.24e-07  3.50e-01   410s
[2025-08-07 01:00:53] DEBUG    66   1.39256464e+10  1.39237450e+10  2.26e-06 5.63e-07  2.94e-01   417s
[2025-08-07 01:01:02] DEBUG    67   1.39252444e+10  1.39238128e+10  1.70e-06 4.46e-07  2.21e-01   425s
[2025-08-07 01:01:11] DEBUG    68   1.39249825e+10  1.39238711e+10  1.40e-06 3.45e-07  1.72e-01   435s
[2025-08-07 01:01:18] DEBUG    69   1.39248155e+10  1.39239106e+10  1.14e-06 2.77e-07  1.40e-01   442s
[2025-08-07 01:01:27] DEBUG    70   1.39247136e+10  1.39239281e+10  9.85e-07 2.44e-07  1.21e-01   451s
[2025-08-07 01:01:35] DEBUG    71   1.39246069e+10  1.39239591e+10  9.64e-07 1.96e-07  1.00e-01   459s
[2025-08-07 01:01:43] DEBUG    72   1.39244279e+10  1.39239847e+10  1.01e-06 1.55e-07  6.85e-02   467s
[2025-08-07 01:01:50] DEBUG    73   1.39243258e+10  1.39239952e+10  7.15e-07 1.36e-07  5.11e-02   474s
[2025-08-07 01:01:58] DEBUG    74   1.39242397e+10  1.39240137e+10  4.69e-07 1.03e-07  3.49e-02   482s
[2025-08-07 01:02:06] DEBUG    75   1.39241446e+10  1.39240194e+10  1.99e-07 9.22e-08  1.93e-02   490s
[2025-08-07 01:02:16] DEBUG    76   1.39241426e+10  1.39240235e+10  1.93e-07 8.48e-08  1.84e-02   500s
[2025-08-07 01:02:26] DEBUG    77   1.39241187e+10  1.39240283e+10  1.27e-07 7.60e-08  1.40e-02   510s
[2025-08-07 01:02:36] DEBUG    78   1.39241168e+10  1.39240306e+10  1.22e-07 7.19e-08  1.33e-02   520s
[2025-08-07 01:02:45] DEBUG    79   1.39241070e+10  1.39240343e+10  9.55e-08 6.53e-08  1.12e-02   529s
[2025-08-07 01:02:55] DEBUG    80   1.39240817e+10  1.39240436e+10  4.10e-08 4.82e-08  5.90e-03   539s
[2025-08-07 01:02:55] DEBUG    Barrier performed 80 iterations in 538.54 seconds (121.63 work units)
Barrier solve interrupted - model solved by another algorithm
[2025-08-07 01:02:55] DEBUG    Solved with dual simplex
[2025-08-07 01:03:03] DEBUG    Iteration    Objective       Primal Inf.    Dual Inf.      Time
  608732    1.3924070e+10   0.000000e+00   0.000000e+00    547s
[2025-08-07 01:03:03] DEBUG    Solved in 608732 iterations and 546.57 seconds (225.78 work units)
[2025-08-07 01:03:03] DEBUG    Optimal objective  1.392407048e+10
✅ Scenario completato: existing_CG+VRES_2030_nostorage

🚀 Lancio scenario: existing_GT+VRES_2030_PHES
[2025-08-07 01:14:53] INFO     Loading sets
[2025-08-07 01:14:53] INFO     Loading parameters
[2025-08-07 01:15:28] INFO     constraints are loaded in the following order: ['energy_balance', 'dispatch', 'costs', 'capacity', 'network', 'policy', 'conversion', 'group', 'conversion_plus', 'milp', 'export']
[2025-08-07 01:15:28] INFO     creating energy_balance constraints
[2025-08-07 01:18:26] INFO     creating dispatch constraints
[2025-08-07 01:20:23] INFO     creating costs constraints
[2025-08-07 01:29:14] INFO     creating capacity constraints
[2025-08-07 01:29:15] INFO     creating network constraints
[2025-08-07 01:29:15] INFO     creating policy constraints
[2025-08-07 01:29:15] INFO     creating conversion constraints
[2025-08-07 01:29:15] INFO     creating group constraints
[2025-08-07 01:29:15] INFO     creating conversion_plus constraints
[2025-08-07 01:29:15] INFO     creating milp constraints
[2025-08-07 01:29:15] INFO     creating export constraints
[2025-08-07 01:41:36] DEBUG    Set parameter WLSAccessID
Set parameter WLSSecret
Set parameter LicenseID to value 2680226
[2025-08-07 01:41:36] DEBUG    Academic license 2680226 - for non-commercial use only - registered to an___@mail.polimi.it
[2025-08-07 01:42:11] DEBUG    Read LP format model from file /tmp/tmp063mel2e.pyomo.lp
Reading time = 34.94 seconds
x17181437: 23094527 rows, 17181437 columns, 56321346 nonzeros
[2025-08-07 01:42:11] DEBUG    Set parameter NumericFocus to value 1
Gurobi Optimizer version 12.0.2 build v12.0.2rc0 (linux64 - "Debian GNU/Linux 11 (bullseye)")

CPU model: Intel(R) Xeon(R) Silver 4314 CPU @ 2.40GHz, instruction set [SSE2|AVX|AVX2|AVX512]
Thread count: 32 physical cores, 64 logical processors, using up to 32 threads

Non-default parameters:
NumericFocus  1
[2025-08-07 01:42:11] DEBUG    Academic license 2680226 - for non-commercial use only - registered to an___@mail.polimi.it
Optimize a model with 23094527 rows, 17181437 columns and 56321346 nonzeros
[2025-08-07 01:42:12] DEBUG    Model fingerprint: 0xbf907347
[2025-08-07 01:42:12] DEBUG    Coefficient statistics:
  Matrix range     [1e-07, 3e+02]
  Objective range  [1e+00, 1e+06]
  Bounds range     [0e+00, 0e+00]
  RHS range        [1e+00, 6e+09]
Warning: Model contains large rhs
[2025-08-07 01:42:18] DEBUG    Presolve removed 18450038 rows and 10048664 columns (presolve time = 6s)...
[2025-08-07 01:42:22] DEBUG    Presolve removed 18610649 rows and 12000000 columns (presolve time = 10s)...
[2025-08-07 01:42:28] DEBUG    Presolve removed 20301979 rows and 13645752 columns (presolve time = 16s)...
[2025-08-07 01:42:32] DEBUG    Presolve removed 20302549 rows and 13733352 columns (presolve time = 20s)...
[2025-08-07 01:42:34] DEBUG    Presolve removed 20451452 rows and 13733352 columns
[2025-08-07 01:43:03] DEBUG    Presolve time: 51.94s
Presolved: 2643075 rows, 3596988 columns, 10876487 nonzeros

Concurrent LP optimizer: primal simplex, dual simplex, and barrier
Showing barrier log only...
[2025-08-07 01:43:11] DEBUG    Elapsed ordering time = 6s
[2025-08-07 01:43:18] DEBUG    Ordering time: 12.73s
[2025-08-07 01:43:20] DEBUG    Barrier statistics:
 Dense cols : 141
 AA' NZ     : 1.030e+07
 Factor NZ  : 4.662e+07 (roughly 3.0 GB of memory)
 Factor Ops : 3.070e+09 (less than 1 second per iteration)
 Threads    : 30
[2025-08-07 01:43:24] DEBUG    Objective                Residual
Iter       Primal          Dual         Primal    Dual     Compl     Time
[2025-08-07 01:43:25] DEBUG    0   4.77646122e+18 -4.26429323e+17  1.54e+08 1.43e-11  3.14e+12    74s
[2025-08-07 01:43:30] DEBUG    1   3.83109596e+18 -3.70588670e+17  1.22e+08 4.44e+04  2.11e+12    79s
[2025-08-07 01:43:37] DEBUG    2   3.37676361e+18 -3.30458196e+17  1.09e+08 1.61e+04  1.71e+12    85s
[2025-08-07 01:43:44] DEBUG    3   2.31682653e+18 -2.98786946e+17  7.86e+07 4.69e+03  1.18e+12    92s
[2025-08-07 01:43:50] DEBUG    4   1.58119885e+18 -2.80369789e+17  5.49e+07 2.53e+03  8.13e+11    99s
[2025-08-07 01:43:56] DEBUG    5   1.32505891e+18 -2.66759615e+17  4.61e+07 1.92e+03  6.82e+11   105s
[2025-08-07 01:44:01] DEBUG    6   1.14992407e+18 -2.54295806e+17  4.02e+07 1.51e+03  5.90e+11   110s
[2025-08-07 01:44:06] DEBUG    7   9.65667185e+17 -2.37833175e+17  3.39e+07 1.12e+03  4.92e+11   115s
[2025-08-07 01:44:12] DEBUG    8   5.57000264e+17 -2.06332919e+17  2.10e+07 6.32e+02  2.99e+11   121s
[2025-08-07 01:44:19] DEBUG    9   2.99319278e+17 -1.47797977e+17  1.15e+07 1.73e+02  1.56e+11   128s
[2025-08-07 01:44:29] DEBUG    10   1.47431236e+17 -9.35842277e+16  5.65e+06 2.79e+01  7.29e+10   138s
[2025-08-07 01:44:38] DEBUG    11   4.78056303e+16 -4.65722330e+16  1.88e+06 3.81e+00  2.30e+10   147s
[2025-08-07 01:44:46] DEBUG    12   4.10183109e+16 -3.23949148e+16  1.61e+06 2.15e+00  1.72e+10   155s
[2025-08-07 01:44:51] DEBUG    13   2.92851276e+16 -2.11045941e+16  1.15e+06 1.02e+00  1.11e+10   160s
[2025-08-07 01:44:56] DEBUG    14   1.26161701e+16 -1.14246450e+16  4.96e+05 3.72e-01  4.60e+09   165s
[2025-08-07 01:45:01] DEBUG    15   9.04159660e+14 -3.87215546e+15  3.54e+04 6.59e-02  6.77e+08   170s
[2025-08-07 01:45:05] DEBUG    16   4.73275472e+14 -3.78008519e+14  1.85e+04 2.78e-03  1.17e+08   174s
[2025-08-07 01:45:10] DEBUG    17   1.94072979e+12 -6.31982554e+13  2.84e-01 9.29e-09  8.32e+06   178s
[2025-08-07 01:45:14] DEBUG    18   1.66249596e+12 -4.36093070e+13  1.73e-01 3.93e-05  5.78e+06   183s
[2025-08-07 01:45:19] DEBUG    19   1.51845675e+12 -2.67273326e+13  1.24e-01 2.01e-04  3.60e+06   188s
[2025-08-07 01:45:24] DEBUG    20   1.20574556e+12 -1.97017040e+13  1.10e-02 2.80e-04  2.67e+06   193s
[2025-08-07 01:45:29] DEBUG    21   9.48349634e+11 -1.23960529e+13  3.91e-03 1.72e-04  1.70e+06   198s
[2025-08-07 01:45:34] DEBUG    22   7.37220953e+11 -1.08322683e+13  2.25e-03 1.89e-04  1.48e+06   203s
[2025-08-07 01:45:40] DEBUG    23   5.06306325e+11 -5.47766018e+12  5.87e-04 2.07e-04  7.63e+05   209s
[2025-08-07 01:45:45] DEBUG    24   3.27726294e+11 -3.41693896e+12  2.21e-04 1.26e-04  4.78e+05   214s
[2025-08-07 01:45:49] DEBUG    25   2.66729679e+11 -2.88732472e+12  1.55e-04 1.06e-04  4.02e+05   218s
[2025-08-07 01:45:56] DEBUG    26   1.42335526e+11 -1.07958909e+12  3.36e-05 3.76e-05  1.56e+05   225s
[2025-08-07 01:46:01] DEBUG    27   1.26655766e+11 -7.34833237e+11  2.72e-05 2.57e-05  1.10e+05   229s
[2025-08-07 01:46:07] DEBUG    28   8.49604100e+10 -3.49493748e+11  1.37e-05 1.25e-05  5.54e+04   236s
[2025-08-07 01:46:12] DEBUG    29   7.96613487e+10 -3.09440865e+11  1.24e-05 1.12e-05  4.96e+04   241s
[2025-08-07 01:46:20] DEBUG    30   7.66739069e+10 -2.40532817e+11  1.17e-05 8.94e-06  4.05e+04   249s
[2025-08-07 01:46:29] DEBUG    31   6.84090045e+10 -1.71348600e+11  9.77e-06 6.66e-06  3.06e+04   258s
[2025-08-07 01:46:39] DEBUG    32   6.29705799e+10 -1.00774735e+11  8.59e-06 4.37e-06  2.09e+04   268s
[2025-08-07 01:46:49] DEBUG    33   5.42389477e+10 -4.38970867e+10  9.37e-06 2.32e-06  1.25e+04   278s
[2025-08-07 01:46:57] DEBUG    34   4.35323198e+10 -2.88732898e+10  8.29e-06 1.75e-06  9.23e+03   286s
[2025-08-07 01:47:06] DEBUG    35   4.12217275e+10 -1.32957492e+10  7.76e-06 1.14e-06  6.95e+03   294s
[2025-08-07 01:47:16] DEBUG    36   3.86079814e+10 -4.28321431e+09  6.56e-06 7.83e-07  5.47e+03   305s
[2025-08-07 01:47:26] DEBUG    37   3.55341607e+10  5.71367388e+07  5.32e-06 6.04e-07  4.52e+03   315s
[2025-08-07 01:47:36] DEBUG    38   2.71986515e+10  9.49155859e+09  3.49e-06 1.80e-07  2.26e+03   325s
[2025-08-07 01:47:47] DEBUG    39   2.49558080e+10  1.16115335e+10  2.93e-06 1.01e-07  1.70e+03   336s
[2025-08-07 01:47:58] DEBUG    40   2.02180345e+10  1.23024025e+10  1.65e-06 6.99e-08  1.01e+03   347s
[2025-08-07 01:48:06] DEBUG    41   1.99219460e+10  1.24801096e+10  1.56e-06 6.28e-08  9.49e+02   355s
[2025-08-07 01:48:14] DEBUG    42   1.79555020e+10  1.27324391e+10  1.04e-06 5.17e-08  6.66e+02   363s
[2025-08-07 01:48:20] DEBUG    43   1.72895376e+10  1.28826462e+10  8.62e-07 4.49e-08  5.62e+02   369s
[2025-08-07 01:48:27] DEBUG    44   1.68651166e+10  1.30236370e+10  7.54e-07 3.92e-08  4.90e+02   376s
[2025-08-07 01:48:34] DEBUG    45   1.63754314e+10  1.31318850e+10  6.28e-07 3.48e-08  4.14e+02   383s
[2025-08-07 01:48:45] DEBUG    46   1.59496175e+10  1.33780466e+10  5.05e-07 2.45e-08  3.28e+02   394s
[2025-08-07 01:48:56] DEBUG    47   1.56875999e+10  1.35129824e+10  4.92e-07 1.87e-08  2.77e+02   405s
[2025-08-07 01:49:05] DEBUG    48   1.55975168e+10  1.35519200e+10  4.53e-07 1.69e-08  2.61e+02   414s
[2025-08-07 01:49:18] DEBUG    49   1.53590666e+10  1.36658011e+10  4.10e-07 1.41e-08  2.16e+02   427s
[2025-08-07 01:49:34] DEBUG    50   1.48539592e+10  1.37318892e+10  2.57e-07 5.84e-08  1.43e+02   443s
[2025-08-07 01:49:48] DEBUG    51   1.46426726e+10  1.38179381e+10  1.96e-07 1.57e-07  1.05e+02   456s
[2025-08-07 01:49:58] DEBUG    52   1.44643330e+10  1.38444492e+10  1.47e-07 2.53e-07  7.91e+01   467s
[2025-08-07 01:50:10] DEBUG    53   1.42821053e+10  1.38683351e+10  2.61e-07 3.94e-07  5.28e+01   479s
[2025-08-07 01:50:23] DEBUG    54   1.41440099e+10  1.38834685e+10  1.57e-07 4.03e-07  3.32e+01   492s
[2025-08-07 01:50:43] DEBUG    55   1.40894662e+10  1.38993723e+10  1.18e-07 3.62e-07  2.42e+01   512s
[2025-08-07 01:51:01] DEBUG    56   1.40337374e+10  1.39033385e+10  7.76e-08 3.32e-07  1.66e+01   530s
[2025-08-07 01:51:16] DEBUG    57   1.40149365e+10  1.39099751e+10  6.50e-08 2.58e-07  1.34e+01   545s
[2025-08-07 01:51:30] DEBUG    58   1.40058229e+10  1.39120167e+10  5.81e-08 2.21e-07  1.20e+01   559s
[2025-08-07 01:51:42] DEBUG    59   1.39881750e+10  1.39140232e+10  4.58e-08 1.84e-07  9.46e+00   571s
[2025-08-07 01:51:54] DEBUG    60   1.39764489e+10  1.39168291e+10  3.74e-08 1.39e-07  7.60e+00   583s
[2025-08-07 01:52:08] DEBUG    61   1.39671083e+10  1.39182086e+10  4.10e-08 1.09e-07  6.24e+00   597s
[2025-08-07 01:52:22] DEBUG    62   1.39607544e+10  1.39187252e+10  4.10e-08 1.00e-07  5.36e+00   611s
[2025-08-07 01:52:35] DEBUG    63   1.39562059e+10  1.39193217e+10  3.35e-08 8.75e-08  4.70e+00   624s
[2025-08-07 01:52:46] DEBUG    64   1.39523295e+10  1.39204430e+10  3.73e-08 6.74e-08  4.07e+00   635s
[2025-08-07 01:52:59] DEBUG    65   1.39476613e+10  1.39209912e+10  3.35e-08 5.77e-08  3.40e+00   648s
[2025-08-07 01:53:12] DEBUG    66   1.39449019e+10  1.39214059e+10  2.79e-08 5.13e-08  3.00e+00   660s
[2025-08-07 01:53:27] DEBUG    67   1.39397498e+10  1.39221469e+10  3.73e-08 3.92e-08  2.24e+00   675s
[2025-08-07 01:53:42] DEBUG    68   1.39362139e+10  1.39223739e+10  3.73e-08 3.47e-08  1.76e+00   691s
[2025-08-07 01:53:56] DEBUG    69   1.39345530e+10  1.39228113e+10  4.10e-08 2.63e-08  1.50e+00   705s
[2025-08-07 01:54:11] DEBUG    70   1.39311185e+10  1.39229095e+10  3.35e-08 2.41e-08  1.05e+00   720s
[2025-08-07 01:54:27] DEBUG    71   1.39304064e+10  1.39231842e+10  3.35e-08 1.85e-08  9.21e-01   735s
[2025-08-07 01:54:42] DEBUG    72   1.39288676e+10  1.39233579e+10  3.73e-08 1.50e-08  7.03e-01   751s
[2025-08-07 01:54:57] DEBUG    73   1.39281077e+10  1.39234948e+10  3.35e-08 1.30e-08  5.88e-01   766s
[2025-08-07 01:55:13] DEBUG    74   1.39270521e+10  1.39235782e+10  2.98e-08 1.09e-08  4.43e-01   782s
[2025-08-07 01:55:27] DEBUG    75   1.39265092e+10  1.39236219e+10  4.47e-08 1.01e-08  3.68e-01   796s
[2025-08-07 01:55:41] DEBUG    76   1.39260745e+10  1.39237161e+10  4.47e-08 8.41e-09  3.01e-01   810s
[2025-08-07 01:55:55] DEBUG    77   1.39256284e+10  1.39237903e+10  3.73e-08 7.22e-09  2.34e-01   824s
[2025-08-07 01:56:07] DEBUG    78   1.39251757e+10  1.39238345e+10  3.35e-08 6.36e-09  1.71e-01   836s
[2025-08-07 01:56:18] DEBUG    79   1.39249580e+10  1.39238842e+10  2.61e-08 5.22e-09  1.37e-01   847s
[2025-08-07 01:56:30] DEBUG    80   1.39247915e+10  1.39239204e+10  2.61e-08 4.33e-09  1.11e-01   859s
[2025-08-07 01:56:42] DEBUG    81   1.39246557e+10  1.39239442e+10  3.73e-08 3.71e-09  9.07e-02   871s
[2025-08-07 01:56:53] DEBUG    82   1.39245181e+10  1.39239665e+10  3.35e-08 3.11e-09  7.03e-02   882s
[2025-08-07 01:57:07] DEBUG    83   1.39244460e+10  1.39239813e+10  2.61e-08 2.67e-09  5.93e-02   896s
[2025-08-07 01:57:20] DEBUG    84   1.39242882e+10  1.39240000e+10  2.61e-08 2.14e-09  3.68e-02   909s
[2025-08-07 01:57:32] DEBUG    85   1.39242421e+10  1.39240149e+10  4.10e-08 1.70e-09  2.90e-02   921s
[2025-08-07 01:57:45] DEBUG    86   1.39242105e+10  1.39240211e+10  3.35e-08 1.51e-09  2.42e-02   934s
[2025-08-07 01:57:57] DEBUG    87   1.39241811e+10  1.39240241e+10  3.35e-08 1.42e-09  2.00e-02   946s
[2025-08-07 01:58:13] DEBUG    88   1.39241615e+10  1.39240279e+10  4.47e-08 1.31e-09  1.70e-02   961s
[2025-08-07 01:58:26] DEBUG    89   1.39241179e+10  1.39240466e+10  3.73e-08 1.01e-09  9.10e-03   975s
[2025-08-07 01:58:41] DEBUG    90   1.39240891e+10  1.39240500e+10  5.59e-08 9.91e-10  4.98e-03   990s
[2025-08-07 01:58:51] DEBUG    91   1.39240820e+10  1.39240557e+10  4.10e-08 7.66e-10  3.36e-03  1000s
[2025-08-07 01:59:05] DEBUG    92   1.39240812e+10  1.39240565e+10  4.10e-08 7.25e-10  3.15e-03  1014s
[2025-08-07 01:59:12] DEBUG    93   1.39240750e+10  1.39240620e+10  4.10e-08 4.63e-10  1.67e-03  1021s
[2025-08-07 01:59:20] DEBUG    94   1.39240726e+10  1.39240626e+10  3.73e-08 4.29e-10  1.27e-03  1029s
[2025-08-07 01:59:26] DEBUG    95   1.39240717e+10  1.39240649e+10  2.61e-08 3.36e-10  8.67e-04  1035s
[2025-08-07 01:59:33] DEBUG    96   1.39240712e+10  1.39240688e+10  3.35e-08 3.49e-10  3.02e-04  1042s
[2025-08-07 01:59:39] DEBUG    97   1.39240706e+10  1.39240692e+10  5.22e-08 2.33e-10  1.80e-04  1047s
[2025-08-07 01:59:46] DEBUG    98   1.39240705e+10  1.39240694e+10  5.59e-08 2.33e-10  1.44e-04  1055s
[2025-08-07 01:59:53] DEBUG    99   1.39240705e+10  1.39240702e+10  4.10e-08 4.66e-10  3.93e-05  1062s
[2025-08-07 01:59:59] DEBUG    100   1.39240705e+10  1.39240705e+10  5.96e-08 3.49e-10  3.28e-07  1068s
[2025-08-07 02:00:05] DEBUG    101   1.39240705e+10  1.39240705e+10  2.98e-08 4.66e-10  4.93e-13  1073s
[2025-08-07 02:00:05] DEBUG    Barrier solved model in 101 iterations and 1073.47 seconds (268.47 work units)
Optimal objective 1.39240705e+10
[2025-08-07 02:00:05] DEBUG    Crossover log...
[2025-08-07 02:00:06] DEBUG    499198 DPushes remaining with DInf 2.0189294e-01              1075s
[2025-08-07 02:00:07] DEBUG    212931 DPushes remaining with DInf 1.1362508e-01              1076s
[2025-08-07 02:00:11] DEBUG    1283 DPushes remaining with DInf 1.0670751e-01              1080s
[2025-08-07 02:00:12] DEBUG    0 DPushes remaining with DInf 1.0670751e-01              1081s
[2025-08-07 02:00:12] DEBUG    91043 PPushes remaining with PInf 0.0000000e+00              1081s
[2025-08-07 02:00:13] DEBUG    0 PPushes remaining with PInf 0.0000000e+00              1082s
[2025-08-07 02:00:14] DEBUG    Push phase complete: Pinf 0.0000000e+00, Dinf 2.4316799e-01   1082s
[2025-08-07 02:00:14] DEBUG    Iteration    Objective       Primal Inf.    Dual Inf.      Time
[2025-08-07 02:00:14] DEBUG    397402    1.3924070e+10   0.000000e+00   2.431680e-01   1083s
[2025-08-07 02:00:16] DEBUG    Solved with barrier
[2025-08-07 02:00:28] DEBUG    398759    1.3924070e+10   0.000000e+00   0.000000e+00   1097s
[2025-08-07 02:00:28] DEBUG    Solved in 398759 iterations and 1097.04 seconds (290.36 work units)
[2025-08-07 02:00:28] DEBUG    Optimal objective  1.392407048e+10
✅ Scenario completato: existing_GT+VRES_2030_PHES
🏁 Tutti gli scenari sono stati processati.
