
🚀 Lancio scenario: existing_VRES_2030_BESS
[2025-08-20 16:04:28] INFO     Loading sets
[2025-08-20 16:04:28] INFO     Loading parameters
[2025-08-20 16:05:15] INFO     constraints are loaded in the following order: ['energy_balance', 'dispatch', 'costs', 'capacity', 'network', 'policy', 'conversion', 'group', 'conversion_plus', 'milp', 'export']
[2025-08-20 16:05:15] INFO     creating energy_balance constraints
[2025-08-20 16:09:03] INFO     creating dispatch constraints
[2025-08-20 16:12:09] INFO     creating costs constraints
[2025-08-20 16:21:45] INFO     creating capacity constraints
[2025-08-20 16:21:45] INFO     creating network constraints
[2025-08-20 16:21:45] INFO     creating policy constraints
[2025-08-20 16:21:45] INFO     creating conversion constraints
[2025-08-20 16:21:45] INFO     creating group constraints
[2025-08-20 16:21:45] INFO     creating conversion_plus constraints
[2025-08-20 16:21:45] INFO     creating milp constraints
[2025-08-20 16:21:45] INFO     creating export constraints
[2025-08-20 16:33:53] DEBUG    Set parameter WLSAccessID
Set parameter WLSSecret
Set parameter LicenseID to value 2680226
[2025-08-20 16:33:54] DEBUG    Academic license 2680226 - for non-commercial use only - registered to an___@mail.polimi.it
[2025-08-20 16:34:28] DEBUG    Read LP format model from file /tmp/tmpj9jypj6p.pyomo.lp
Reading time = 34.52 seconds
x16839688: 22857881 rows, 16839688 columns, 55147305 nonzeros
[2025-08-20 16:34:28] DEBUG    Set parameter NumericFocus to value 1
Gurobi Optimizer version 12.0.2 build v12.0.2rc0 (linux64 - "Debian GNU/Linux 11 (bullseye)")

CPU model: Intel(R) Xeon(R) Silver 4314 CPU @ 2.40GHz, instruction set [SSE2|AVX|AVX2|AVX512]
Thread count: 32 physical cores, 64 logical processors, using up to 32 threads

Non-default parameters:
NumericFocus  1
[2025-08-20 16:34:28] DEBUG    Academic license 2680226 - for non-commercial use only - registered to an___@mail.polimi.it
Optimize a model with 22857881 rows, 16839688 columns and 55147305 nonzeros
[2025-08-20 16:34:29] DEBUG    Model fingerprint: 0x9820a48d
[2025-08-20 16:34:29] DEBUG    Coefficient statistics:
  Matrix range     [1e-07, 3e+02]
  Objective range  [1e+00, 1e+06]
  Bounds range     [0e+00, 0e+00]
  RHS range        [1e+00, 2e+08]
[2025-08-20 16:34:35] DEBUG    Presolve removed 18230906 rows and 9417858 columns (presolve time = 6s)...
[2025-08-20 16:34:39] DEBUG    Presolve removed 18472297 rows and 11450000 columns (presolve time = 10s)...
[2025-08-20 16:34:44] DEBUG    Presolve removed 20752009 rows and 13678933 columns (presolve time = 15s)...
[2025-08-20 16:34:50] DEBUG    Presolve removed 21289904 rows and 13784053 columns (presolve time = 21s)...
[2025-08-20 16:34:50] DEBUG    Presolve removed 21438807 rows and 13784053 columns
[2025-08-20 16:34:50] DEBUG    Presolve time: 21.84s
Presolved: 1419074 rows, 3204538 columns, 8835145 nonzeros

Concurrent LP optimizer: primal simplex, dual simplex, and barrier
Showing barrier log only...
[2025-08-20 16:35:03] DEBUG    Elapsed ordering time = 11s
[2025-08-20 16:35:04] DEBUG    Ordering time: 12.90s
[2025-08-20 16:35:06] DEBUG    Barrier statistics:
 Dense cols : 115
 AA' NZ     : 8.409e+06
 Factor NZ  : 4.309e+07 (roughly 2.0 GB of memory)
 Factor Ops : 4.815e+09 (less than 1 second per iteration)
 Threads    : 30
[2025-08-20 16:35:09] DEBUG    Objective                Residual
[2025-08-20 16:35:09] DEBUG    Iter       Primal          Dual         Primal    Dual     Compl     Time
[2025-08-20 16:35:09] DEBUG    0   4.34848370e+21 -1.21711070e+19  6.48e+10 1.61e-01  5.66e+15    41s
[2025-08-20 16:35:13] DEBUG    1   1.59329879e+21 -1.21575936e+19  2.10e+10 3.15e+05  2.19e+15    45s
[2025-08-20 16:35:20] DEBUG    2   9.54589259e+20 -9.54930467e+18  1.19e+10 5.30e+04  9.59e+14    51s
[2025-08-20 16:35:26] DEBUG    3   5.85837056e+20 -8.67812500e+18  7.17e+09 1.50e+04  5.46e+14    58s
[2025-08-20 16:35:32] DEBUG    4   4.00485137e+20 -8.40020958e+18  4.95e+09 1.05e+04  3.78e+14    64s
[2025-08-20 16:35:36] DEBUG    5   3.28322145e+20 -7.87335462e+18  4.04e+09 3.29e+03  2.99e+14    68s
[2025-08-20 16:35:40] DEBUG    6   2.26323454e+20 -7.52930363e+18  2.74e+09 1.36e+03  2.04e+14    72s
[2025-08-20 16:35:44] DEBUG    7   1.91501607e+20 -7.20149962e+18  2.31e+09 6.10e+02  1.73e+14    76s
[2025-08-20 16:35:48] DEBUG    8   1.29187701e+20 -6.85830853e+18  1.56e+09 2.95e+02  1.17e+14    80s
[2025-08-20 16:35:53] DEBUG    9   1.79668135e+19 -5.94516584e+18  2.07e+08 8.13e+01  1.65e+13    84s
[2025-08-20 16:35:57] DEBUG    10   4.33795476e+18 -4.45694998e+18  4.92e+07 3.67e+01  4.39e+12    88s
[2025-08-20 16:36:01] DEBUG    11   1.39730805e+18 -2.66092779e+18  1.52e+07 1.10e+01  1.50e+12    93s
[2025-08-20 16:36:04] DEBUG    12   3.72264392e+17 -1.10038449e+18  4.03e+06 2.90e+00  4.19e+11    96s
[2025-08-20 16:36:09] DEBUG    13   6.37302552e+16 -3.19704871e+17  6.57e+05 7.18e-01  8.27e+10   101s
[2025-08-20 16:36:16] DEBUG    14   1.92515563e+15 -2.63848253e+16  1.63e+04 2.14e-01  4.71e+09   108s
[2025-08-20 16:36:21] DEBUG    15   9.95102175e+13 -2.24466984e+15  1.53e+02 1.41e-02  3.72e+08   113s
[2025-08-20 16:36:25] DEBUG    16   7.61824699e+13 -3.45061558e+14  6.45e+01 2.10e-02  6.20e+07   117s
[2025-08-20 16:36:29] DEBUG    17   6.15276606e+13 -9.17053713e+13  3.37e+01 2.29e-02  1.81e+07   120s
[2025-08-20 16:36:32] DEBUG    18   5.96246337e+13 -8.16992885e+13  3.02e+01 2.33e-02  1.61e+07   124s
[2025-08-20 16:36:36] DEBUG    19   4.93740670e+13 -6.04889101e+13  1.13e+01 2.41e-02  1.12e+07   128s
[2025-08-20 16:36:41] DEBUG    20   4.61890266e+13 -3.98439615e+13  7.20e+00 2.45e-02  7.38e+06   132s
[2025-08-20 16:36:45] DEBUG    21   4.51706719e+13 -2.76673245e+13  6.15e+00 2.49e-02  5.24e+06   136s
[2025-08-20 16:36:48] DEBUG    22   4.23347847e+13 -1.86624570e+13  3.48e+00 2.76e-02  3.48e+06   139s
[2025-08-20 16:36:52] DEBUG    23   4.20404831e+13 -1.52522730e+13  3.28e+00 2.85e-02  2.88e+06   143s
[2025-08-20 16:36:57] DEBUG    24   4.11005329e+13 -1.15072464e+13  2.67e+00 2.91e-02  2.19e+06   148s
[2025-08-20 16:37:03] DEBUG    25   4.01069803e+13 -8.86044674e+12  2.10e+00 2.94e-02  1.69e+06   155s
[2025-08-20 16:37:11] DEBUG    26   3.94336115e+13 -6.09250427e+12  1.78e+00 2.94e-02  1.19e+06   163s
[2025-08-20 16:37:19] DEBUG    27   3.84052963e+13 -5.34774759e+12  1.34e+00 2.92e-02  1.02e+06   171s
[2025-08-20 16:37:27] DEBUG    28   3.72789999e+13 -2.28400139e+12  9.43e-01 2.78e-02  4.62e+05   179s
[2025-08-20 16:37:32] DEBUG    29   3.68493565e+13 -1.69535624e+12  8.30e-01 2.76e-02  3.51e+05   183s
[2025-08-20 16:37:37] DEBUG    30   3.59270504e+13 -1.47087050e+12  6.10e-01 2.75e-02  2.92e+05   189s
[2025-08-20 16:37:45] DEBUG    31   3.52682622e+13 -9.38808572e+11  4.87e-01 2.72e-02  1.89e+05   196s
[2025-08-20 16:37:53] DEBUG    32   3.47893511e+13 -8.02904046e+11  4.17e-01 2.71e-02  1.56e+05   205s
[2025-08-20 16:38:02] DEBUG    33   3.44835550e+13 -5.81459157e+11  3.77e-01 2.69e-02  1.15e+05   213s
[2025-08-20 16:38:10] DEBUG    34   3.38949496e+13 -4.43542429e+11  3.05e-01 2.68e-02  9.13e+04   222s
[2025-08-20 16:38:17] DEBUG    35   3.36610208e+13 -4.15283662e+11  2.82e-01 2.68e-02  8.28e+04   229s
[2025-08-20 16:38:27] DEBUG    36   3.29548155e+13 -3.54445370e+11  2.16e-01 2.67e-02  6.52e+04   238s
[2025-08-20 16:38:34] DEBUG    37   3.24304152e+13 -2.59934638e+11  1.77e-01 2.65e-02  4.61e+04   246s
[2025-08-20 16:38:42] DEBUG    38   3.21080525e+13 -2.10493325e+11  1.57e-01 2.64e-02  3.66e+04   254s
[2025-08-20 16:38:50] DEBUG    39   3.17639684e+13 -1.94857416e+11  1.38e-01 2.64e-02  3.25e+04   262s
[2025-08-20 16:38:57] DEBUG    40   3.16222168e+13 -1.93428079e+11  1.32e-01 2.64e-02  3.14e+04   269s
[2025-08-20 16:39:07] DEBUG    41   3.13282847e+13 -1.78012557e+11  1.18e-01 2.64e-02  2.78e+04   279s
[2025-08-20 16:39:14] DEBUG    42   3.11355957e+13 -1.74214274e+11  1.10e-01 2.64e-02  2.63e+04   286s
[2025-08-20 16:39:22] DEBUG    43   3.10174604e+13 -1.52811687e+11  1.05e-01 2.63e-02  2.31e+04   293s
[2025-08-20 16:39:30] DEBUG    44   3.06517839e+13 -1.44435550e+11  9.12e-02 2.63e-02  2.07e+04   302s
[2025-08-20 16:39:39] DEBUG    45   3.03886842e+13 -1.30978560e+11  8.25e-02 2.63e-02  1.81e+04   311s
[2025-08-20 16:39:46] DEBUG    46   3.01957912e+13 -1.25508014e+11  7.67e-02 2.63e-02  1.68e+04   318s
[2025-08-20 16:39:53] DEBUG    47   3.00422493e+13 -1.18689886e+11  7.24e-02 2.62e-02  1.54e+04   325s
[2025-08-20 16:39:59] DEBUG    48   2.99513275e+13 -1.15021736e+11  7.00e-02 2.62e-02  1.47e+04   330s
[2025-08-20 16:40:07] DEBUG    49   2.98233120e+13 -1.11445771e+11  6.67e-02 2.62e-02  1.40e+04   338s
[2025-08-20 16:40:16] DEBUG    50   2.96825749e+13 -1.06542359e+11  6.33e-02 2.62e-02  1.30e+04   347s
[2025-08-20 16:40:22] DEBUG    51   2.96301804e+13 -1.04901634e+11  6.20e-02 2.62e-02  1.27e+04   353s
[2025-08-20 16:40:30] DEBUG    52   2.93644912e+13 -1.01429657e+11  5.60e-02 2.62e-02  1.16e+04   361s
[2025-08-20 16:40:39] DEBUG    53   2.92212708e+13 -9.71251076e+10  5.30e-02 2.62e-02  1.08e+04   371s
[2025-08-20 16:40:45] DEBUG    54   2.90490724e+13 -9.33284802e+10  4.96e-02 2.62e-02  9.98e+03   377s
[2025-08-20 16:40:53] DEBUG    55   2.89017620e+13 -9.00948583e+10  4.69e-02 2.62e-02  9.30e+03   384s
[2025-08-20 16:41:00] DEBUG    56   2.87804012e+13 -8.81130256e+10  4.47e-02 2.62e-02  8.84e+03   392s
[2025-08-20 16:41:08] DEBUG    57   2.86861858e+13 -8.55457410e+10  4.32e-02 2.61e-02  8.39e+03   400s
[2025-08-20 16:41:16] DEBUG    58   2.85470680e+13 -8.35223746e+10  4.09e-02 2.61e-02  7.94e+03   407s
[2025-08-20 16:41:23] DEBUG    59   2.84552707e+13 -8.26528363e+10  3.95e-02 2.61e-02  7.71e+03   414s
[2025-08-20 16:41:32] DEBUG    60   2.83146220e+13 -8.05058980e+10  3.74e-02 2.61e-02  7.25e+03   424s
[2025-08-20 16:41:40] DEBUG    61   2.81988929e+13 -7.95991872e+10  3.58e-02 2.61e-02  6.98e+03   432s
[2025-08-20 16:41:48] DEBUG    62   2.80811037e+13 -7.77667053e+10  3.42e-02 2.61e-02  6.62e+03   440s
[2025-08-20 16:41:58] DEBUG    63   2.80250524e+13 -7.64343480e+10  3.35e-02 2.61e-02  6.40e+03   449s
[2025-08-20 16:42:05] DEBUG    64   2.79778984e+13 -7.55350777e+10  3.29e-02 2.61e-02  6.24e+03   457s
[2025-08-20 16:42:13] DEBUG    65   2.79300981e+13 -7.45615336e+10  3.23e-02 2.61e-02  6.07e+03   464s
[2025-08-20 16:42:21] DEBUG    66   2.78812807e+13 -7.37938103e+10  3.17e-02 2.61e-02  5.92e+03   473s
[2025-08-20 16:42:28] DEBUG    67   2.78364497e+13 -7.31171157e+10  3.11e-02 2.61e-02  5.79e+03   480s
[2025-08-20 16:42:37] DEBUG    68   2.77804090e+13 -7.22057077e+10  3.05e-02 2.61e-02  5.63e+03   488s
[2025-08-20 16:42:44] DEBUG    69   2.77232431e+13 -7.13077118e+10  2.98e-02 2.61e-02  5.46e+03   496s
[2025-08-20 16:42:51] DEBUG    70   2.76830150e+13 -7.06431485e+10  2.94e-02 2.61e-02  5.34e+03   503s
[2025-08-20 16:42:58] DEBUG    71   2.76431284e+13 -6.99504074e+10  2.89e-02 2.61e-02  5.22e+03   510s
[2025-08-20 16:43:05] DEBUG    72   2.76006844e+13 -6.92842819e+10  2.85e-02 2.61e-02  5.10e+03   517s
[2025-08-20 16:43:14] DEBUG    73   2.75395175e+13 -6.87145908e+10  2.78e-02 2.61e-02  4.97e+03   526s
[2025-08-20 16:43:20] DEBUG    74   2.74438884e+13 -6.79232141e+10  2.68e-02 2.61e-02  4.78e+03   532s
[2025-08-20 16:43:28] DEBUG    75   2.73882716e+13 -6.71935994e+10  2.62e-02 2.61e-02  4.64e+03   540s
[2025-08-20 16:43:36] DEBUG    76   2.73399118e+13 -6.64787763e+10  2.57e-02 2.61e-02  4.52e+03   547s
[2025-08-20 16:43:41] DEBUG    77   2.72911805e+13 -6.62349195e+10  2.53e-02 2.61e-02  4.44e+03   553s
[2025-08-20 16:43:50] DEBUG    78   2.72352995e+13 -6.56535460e+10  2.47e-02 2.61e-02  4.32e+03   561s
[2025-08-20 16:43:57] DEBUG    79   2.71717505e+13 -6.50015322e+10  2.41e-02 2.61e-02  4.20e+03   569s
[2025-08-20 16:44:05] DEBUG    80   2.71218208e+13 -6.44789518e+10  2.37e-02 2.61e-02  4.10e+03   576s
[2025-08-20 16:44:12] DEBUG    81   2.70871008e+13 -6.41397089e+10  2.33e-02 2.61e-02  4.04e+03   584s
[2025-08-20 16:44:20] DEBUG    82   2.70584386e+13 -6.37469484e+10  2.31e-02 2.61e-02  3.97e+03   591s
[2025-08-20 16:44:27] DEBUG    83   2.70351848e+13 -6.34124476e+10  2.29e-02 2.61e-02  3.92e+03   599s
[2025-08-20 16:44:35] DEBUG    84   2.69686335e+13 -6.30346877e+10  2.23e-02 2.61e-02  3.83e+03   606s
[2025-08-20 16:44:41] DEBUG    85   2.69371560e+13 -6.25791379e+10  2.20e-02 2.61e-02  3.76e+03   613s
[2025-08-20 16:44:49] DEBUG    86   2.68650695e+13 -6.20482934e+10  2.14e-02 2.61e-02  3.64e+03   621s
[2025-08-20 16:44:56] DEBUG    87   2.68186567e+13 -6.16612593e+10  2.10e-02 2.61e-02  3.56e+03   628s
[2025-08-20 16:45:03] DEBUG    88   2.67868967e+13 -6.12371789e+10  2.08e-02 2.61e-02  3.49e+03   635s
[2025-08-20 16:45:10] DEBUG    89   2.67474851e+13 -6.08854850e+10  2.05e-02 2.61e-02  3.43e+03   641s
[2025-08-20 16:45:17] DEBUG    90   2.66944468e+13 -6.03629057e+10  2.01e-02 2.61e-02  3.33e+03   648s
[2025-08-20 16:45:24] DEBUG    91   2.66607190e+13 -6.01922286e+10  1.98e-02 2.61e-02  3.29e+03   656s
[2025-08-20 16:45:32] DEBUG    92   2.65960097e+13 -5.98841324e+10  1.93e-02 2.60e-02  3.20e+03   663s
[2025-08-20 16:45:41] DEBUG    93   2.65166839e+13 -5.94417959e+10  1.87e-02 2.60e-02  3.10e+03   673s
[2025-08-20 16:45:49] DEBUG    94   2.64745480e+13 -5.91929372e+10  1.84e-02 2.60e-02  3.05e+03   681s
[2025-08-20 16:45:58] DEBUG    95   2.64051458e+13 -5.88322553e+10  1.79e-02 2.60e-02  2.96e+03   690s
[2025-08-20 16:46:05] DEBUG    96   2.63445124e+13 -5.84461256e+10  1.75e-02 2.60e-02  2.88e+03   697s
[2025-08-20 16:46:13] DEBUG    97   2.62776928e+13 -5.80724715e+10  1.70e-02 2.60e-02  2.80e+03   705s
[2025-08-20 16:46:20] DEBUG    98   2.62329004e+13 -5.77957848e+10  1.67e-02 2.60e-02  2.75e+03   712s
[2025-08-20 16:46:27] DEBUG    99   2.61891895e+13 -5.75308151e+10  1.65e-02 2.60e-02  2.69e+03   719s
[2025-08-20 16:46:34] DEBUG    100   2.61433578e+13 -5.72175151e+10  1.62e-02 2.60e-02  2.64e+03   726s
[2025-08-20 16:46:41] DEBUG    101   2.61101959e+13 -5.69349014e+10  1.60e-02 2.60e-02  2.59e+03   733s
[2025-08-20 16:46:46] DEBUG    102   2.60657957e+13 -5.66994762e+10  1.57e-02 2.60e-02  2.54e+03   738s
[2025-08-20 16:46:52] DEBUG    103   2.60374834e+13 -5.64536394e+10  1.55e-02 2.60e-02  2.50e+03   744s
[2025-08-20 16:46:58] DEBUG    104   2.60070066e+13 -5.62368413e+10  1.53e-02 2.60e-02  2.47e+03   750s
[2025-08-20 16:47:05] DEBUG    105   2.59762168e+13 -5.60842953e+10  1.52e-02 2.60e-02  2.43e+03   756s
[2025-08-20 16:47:10] DEBUG    106   2.59401828e+13 -5.58915059e+10  1.49e-02 2.60e-02  2.40e+03   762s
[2025-08-20 16:47:17] DEBUG    107   2.59091599e+13 -5.56939406e+10  1.48e-02 2.60e-02  2.36e+03   769s
[2025-08-20 16:47:27] DEBUG    108   2.58831002e+13 -5.55011590e+10  1.46e-02 2.60e-02  2.33e+03   779s
[2025-08-20 16:47:36] DEBUG    109   2.58258516e+13 -5.51727363e+10  1.43e-02 2.60e-02  2.26e+03   787s
[2025-08-20 16:47:44] DEBUG    110   2.57577423e+13 -5.48655503e+10  1.39e-02 2.60e-02  2.20e+03   796s
[2025-08-20 16:47:50] DEBUG    111   2.57345817e+13 -5.47445131e+10  1.38e-02 2.60e-02  2.18e+03   802s
[2025-08-20 16:47:58] DEBUG    112   2.57008691e+13 -5.45731903e+10  1.36e-02 2.60e-02  2.15e+03   809s
[2025-08-20 16:48:04] DEBUG    113   2.56627716e+13 -5.44033375e+10  1.34e-02 2.60e-02  2.34e+03   815s
[2025-08-20 16:48:04] DEBUG    Barrier performed 113 iterations in 815.38 seconds (212.12 work units)
Numerical trouble encountered

Model may be infeasible or unbounded.  Consider using the
homogeneous algorithm (through parameter 'BarHomogeneous')
[2025-08-20 16:49:09] DEBUG    Waiting for other threads to finish...         880s
[2025-08-20 16:50:13] DEBUG    Waiting for other threads to finish...         945s
[2025-08-20 16:51:10] DEBUG    Solved with dual simplex
[2025-08-20 16:51:19] DEBUG    Iteration    Objective       Primal Inf.    Dual Inf.      Time
[2025-08-20 16:51:19] DEBUG    760747    1.5720802e+10   0.000000e+00   0.000000e+00   1011s

Solved in 760747 iterations and 1011.02 seconds (520.73 work units)
[2025-08-20 16:51:19] DEBUG    Optimal objective  1.572080208e+10
✅ Scenario completato: existing_VRES_2030_BESS

🚀 Lancio scenario: existing_VRES_2030_PHES
[2025-08-20 16:58:30] INFO     Loading sets
[2025-08-20 16:58:30] INFO     Loading parameters
[2025-08-20 16:59:05] INFO     constraints are loaded in the following order: ['energy_balance', 'dispatch', 'costs', 'capacity', 'network', 'policy', 'conversion', 'group', 'conversion_plus', 'milp', 'export']
[2025-08-20 16:59:05] INFO     creating energy_balance constraints
[2025-08-20 17:03:42] INFO     creating dispatch constraints
[2025-08-20 17:07:23] INFO     creating costs constraints
[2025-08-20 17:17:58] INFO     creating capacity constraints
[2025-08-20 17:17:58] INFO     creating network constraints
[2025-08-20 17:17:58] INFO     creating policy constraints
[2025-08-20 17:17:58] INFO     creating conversion constraints
[2025-08-20 17:17:58] INFO     creating group constraints
[2025-08-20 17:17:58] INFO     creating conversion_plus constraints
[2025-08-20 17:17:58] INFO     creating milp constraints
[2025-08-20 17:17:58] INFO     creating export constraints
[2025-08-20 17:29:54] DEBUG    Set parameter WLSAccessID
Set parameter WLSSecret
Set parameter LicenseID to value 2680226
[2025-08-20 17:29:54] DEBUG    Academic license 2680226 - for non-commercial use only - registered to an___@mail.polimi.it
[2025-08-20 17:30:29] DEBUG    Read LP format model from file /tmp/tmpewwh0x0n.pyomo.lp
Reading time = 34.80 seconds
x16839688: 22857939 rows, 16839688 columns, 55401403 nonzeros
[2025-08-20 17:30:29] DEBUG    Set parameter NumericFocus to value 1
Gurobi Optimizer version 12.0.2 build v12.0.2rc0 (linux64 - "Debian GNU/Linux 11 (bullseye)")

CPU model: Intel(R) Xeon(R) Silver 4314 CPU @ 2.40GHz, instruction set [SSE2|AVX|AVX2|AVX512]
Thread count: 32 physical cores, 64 logical processors, using up to 32 threads

Non-default parameters:
NumericFocus  1
[2025-08-20 17:30:29] DEBUG    Academic license 2680226 - for non-commercial use only - registered to an___@mail.polimi.it
Optimize a model with 22857939 rows, 16839688 columns and 55401403 nonzeros
[2025-08-20 17:30:30] DEBUG    Model fingerprint: 0x3b43088a
[2025-08-20 17:30:30] DEBUG    Coefficient statistics:
  Matrix range     [1e-07, 3e+02]
  Objective range  [1e+00, 1e+06]
  Bounds range     [0e+00, 0e+00]
  RHS range        [1e+00, 6e+09]
Warning: Model contains large rhs
[2025-08-20 17:30:36] DEBUG    Presolve removed 18362370 rows and 9496704 columns (presolve time = 6s)...
[2025-08-20 17:30:40] DEBUG    Presolve removed 18804941 rows and 11730000 columns (presolve time = 10s)...
[2025-08-20 17:30:46] DEBUG    Presolve removed 20857268 rows and 13736749 columns (presolve time = 16s)...
[2025-08-20 17:30:50] DEBUG    Presolve removed 21395157 rows and 13841869 columns (presolve time = 20s)...
[2025-08-20 17:30:51] DEBUG    Presolve removed 21544060 rows and 13841869 columns
[2025-08-20 17:30:51] DEBUG    Presolve time: 21.51s
Presolved: 1313879 rows, 3146722 columns, 8393295 nonzeros

Concurrent LP optimizer: primal simplex, dual simplex, and barrier
Showing barrier log only...
[2025-08-20 17:31:11] DEBUG    Elapsed ordering time = 19s
[2025-08-20 17:31:12] DEBUG    Elapsed ordering time = 20s
[2025-08-20 17:31:28] DEBUG    Ordering time: 36.50s
[2025-08-20 17:31:30] DEBUG    Barrier statistics:
 Dense cols : 112
[2025-08-20 17:31:30] DEBUG    AA' NZ     : 7.688e+06
 Factor NZ  : 4.083e+07 (roughly 2.0 GB of memory)
 Factor Ops : 4.692e+09 (less than 1 second per iteration)
 Threads    : 30
[2025-08-20 17:31:33] DEBUG    Objective                Residual
[2025-08-20 17:31:33] DEBUG    Iter       Primal          Dual         Primal    Dual     Compl     Time
[2025-08-20 17:31:33] DEBUG    0   4.61771808e+21 -1.22676701e+19  6.48e+10 1.73e-01  5.93e+15    64s
[2025-08-20 17:31:37] DEBUG    1   4.24297206e+21 -1.25907535e+19  5.91e+10 2.96e+05  5.09e+15    68s
[2025-08-20 17:31:43] DEBUG    2   3.99405391e+21 -4.22586559e+19  5.59e+10 2.29e+05  4.85e+15    74s
[2025-08-20 17:31:48] DEBUG    3   3.38780219e+21 -2.23248199e+20  4.73e+10 4.64e+04  4.30e+15    79s
[2025-08-20 17:31:52] DEBUG    4   5.98152536e+20 -1.97131823e+20  7.80e+09 1.33e+04  7.38e+14    83s
[2025-08-20 17:31:59] DEBUG    5   2.04986476e+20 -1.17639909e+20  2.56e+09 2.16e+03  2.48e+14    90s
[2025-08-20 17:32:04] DEBUG    6   8.64474197e+19 -5.33810173e+19  1.03e+09 3.16e+02  1.00e+14    95s
[2025-08-20 17:32:08] DEBUG    7   3.99017004e+19 -2.56671497e+19  4.63e+08 2.64e+01  4.49e+13    99s
[2025-08-20 17:32:12] DEBUG    8   2.56850556e+19 -1.46976787e+19  2.94e+08 7.97e+00  2.79e+13   103s
[2025-08-20 17:32:15] DEBUG    9   1.48409729e+19 -1.25620920e+19  1.67e+08 5.49e-05  1.66e+13   106s
[2025-08-20 17:32:18] DEBUG    10   9.86935511e+18 -8.85953685e+18  1.10e+08 1.72e-04  1.09e+13   109s
[2025-08-20 17:32:22] DEBUG    11   6.94940039e+18 -4.58224198e+18  7.60e+07 9.88e-01  7.05e+12   113s
[2025-08-20 17:32:26] DEBUG    12   5.56861813e+18 -2.97071496e+18  6.06e+07 1.41e-04  5.35e+12   117s
[2025-08-20 17:32:29] DEBUG    13   3.63262916e+18 -1.78055417e+18  3.87e+07 5.97e-04  3.28e+12   120s
[2025-08-20 17:32:33] DEBUG    14   9.75446985e+17 -1.26873188e+18  9.33e+06 1.25e-03  9.15e+11   124s
[2025-08-20 17:32:38] DEBUG    15   2.18681553e+17 -6.86353033e+17  1.87e+06 8.54e-04  2.43e+11   129s
[2025-08-20 17:32:41] DEBUG    16   7.65883268e+16 -3.01617670e+17  6.30e+05 2.74e-04  8.47e+10   132s
[2025-08-20 17:32:46] DEBUG    17   1.20940527e+16 -4.83943576e+16  9.17e+04 1.11e-04  1.17e+10   137s
[2025-08-20 17:32:49] DEBUG    18   3.20771484e+15 -1.12025602e+16  2.31e+04 5.32e-05  2.55e+09   140s
[2025-08-20 17:32:55] DEBUG    19   5.36723735e+14 -7.92719867e+14  3.74e+03 1.30e-04  2.25e+08   146s
[2025-08-20 17:33:02] DEBUG    20   2.76698158e+14 -5.28653935e+14  1.92e+03 3.05e-02  1.34e+08   153s
[2025-08-20 17:33:07] DEBUG    21   3.82651450e+13 -2.47277589e+14  2.43e+02 1.85e-02  4.65e+07   158s
[2025-08-20 17:33:10] DEBUG    22   3.41771419e+13 -2.26692419e+14  2.14e+02 1.79e-02  4.23e+07   161s
[2025-08-20 17:33:14] DEBUG    23   3.28402014e+13 -1.49780436e+14  2.04e+02 1.44e-02  2.96e+07   165s
[2025-08-20 17:33:18] DEBUG    24   2.29660633e+13 -1.08356662e+14  1.36e+02 1.29e-02  2.12e+07   169s
[2025-08-20 17:33:21] DEBUG    25   1.89365631e+13 -8.24456338e+13  1.09e+02 1.22e-02  1.64e+07   172s
[2025-08-20 17:33:27] DEBUG    26   1.77678071e+13 -5.53014710e+13  1.01e+02 1.16e-02  1.17e+07   178s
[2025-08-20 17:33:34] DEBUG    27   1.08397538e+13 -4.18456621e+13  5.61e+01 1.19e-02  8.43e+06   185s
[2025-08-20 17:33:43] DEBUG    28   9.84506773e+12 -3.76412867e+13  4.98e+01 1.31e-02  7.59e+06   194s
[2025-08-20 17:33:51] DEBUG    29   6.88200529e+12 -2.86631509e+13  3.20e+01 1.52e-02  5.65e+06   202s
[2025-08-20 17:34:01] DEBUG    30   5.96740666e+12 -1.92040425e+13  2.67e+01 1.70e-02  3.97e+06   212s
[2025-08-20 17:34:10] DEBUG    31   5.02814582e+12 -1.39121731e+13  2.14e+01 1.93e-02  2.96e+06   221s
[2025-08-20 17:34:18] DEBUG    32   4.35229953e+12 -1.12500724e+13  1.78e+01 2.58e-02  2.41e+06   229s
[2025-08-20 17:34:25] DEBUG    33   4.23842403e+12 -1.06114217e+13  1.72e+01 2.61e-02  2.29e+06   236s
[2025-08-20 17:34:32] DEBUG    34   3.82950405e+12 -9.53718208e+12  1.50e+01 2.64e-02  2.05e+06   243s
[2025-08-20 17:34:41] DEBUG    35   3.36907592e+12 -6.94531953e+12  1.26e+01 4.44e-02  1.55e+06   252s
[2025-08-20 17:34:47] DEBUG    36   3.22739872e+12 -6.11836233e+12  1.18e+01 4.88e-02  1.40e+06   258s
[2025-08-20 17:34:55] DEBUG    37   2.68563169e+12 -3.18926889e+12  9.08e+00 6.35e-02  8.29e+05   266s
[2025-08-20 17:35:04] DEBUG    38   2.38901096e+12 -2.38736405e+12  7.66e+00 6.79e-02  6.52e+05   275s
[2025-08-20 17:35:14] DEBUG    39   2.18215815e+12 -1.89985426e+12  6.65e+00 7.07e-02  5.40e+05   285s
[2025-08-20 17:35:23] DEBUG    40   1.94826640e+12 -1.06248000e+12  5.51e+00 7.51e-02  3.65e+05   294s
[2025-08-20 17:35:30] DEBUG    41   1.75351773e+12 -6.58711815e+11  4.57e+00 7.63e-02  2.69e+05   301s
[2025-08-20 17:35:37] DEBUG    42   1.57246837e+12 -3.81940410e+11  3.63e+00 7.63e-02  1.97e+05   308s
[2025-08-20 17:35:44] DEBUG    43   1.48509229e+12 -2.81302798e+11  3.20e+00 7.47e-02  1.68e+05   315s
[2025-08-20 17:35:53] DEBUG    44   1.40929190e+12 -2.07266421e+11  2.81e+00 7.22e-02  1.45e+05   324s
[2025-08-20 17:36:00] DEBUG    45   1.34436959e+12 -1.58298254e+11  2.47e+00 7.02e-02  1.29e+05   331s
[2025-08-20 17:36:07] DEBUG    46   1.30080119e+12 -1.34576276e+11  2.26e+00 6.93e-02  1.19e+05   338s
[2025-08-20 17:36:15] DEBUG    47   1.23023062e+12  2.18829054e+10  1.90e+00 6.17e-02  8.37e+04   346s
[2025-08-20 17:36:24] DEBUG    48   1.14637035e+12  7.67132466e+10  1.50e+00 5.88e-02  6.41e+04   355s
[2025-08-20 17:36:33] DEBUG    49   1.12263045e+12  1.21816155e+11  1.39e+00 5.61e-02  5.38e+04   364s
[2025-08-20 17:36:39] DEBUG    50   1.10060373e+12  1.38516168e+11  1.28e+00 5.51e-02  4.86e+04   370s
[2025-08-20 17:36:47] DEBUG    51   1.04908814e+12  1.70011600e+11  1.05e+00 5.31e-02  3.75e+04   378s
[2025-08-20 17:36:56] DEBUG    52   1.01267508e+12  1.87156159e+11  8.93e-01 5.18e-02  3.09e+04   387s
[2025-08-20 17:37:04] DEBUG    53   9.87554393e+11  2.12864246e+11  7.85e-01 4.98e-02  2.42e+04   395s
[2025-08-20 17:37:10] DEBUG    54   9.57418920e+11  2.20199277e+11  6.59e-01 4.89e-02  2.03e+04   401s
[2025-08-20 17:37:16] DEBUG    55   9.45096306e+11  2.28530737e+11  6.12e-01 4.81e-02  1.79e+04   407s
[2025-08-20 17:37:23] DEBUG    56   9.32411853e+11  2.33274287e+11  5.63e-01 4.73e-02  1.62e+04   414s
[2025-08-20 17:37:31] DEBUG    57   9.22893773e+11  2.40279785e+11  5.30e-01 4.63e-02  1.43e+04   422s
[2025-08-20 17:37:40] DEBUG    58   9.10808125e+11  2.42909871e+11  4.85e-01 4.59e-02  1.30e+04   431s
[2025-08-20 17:37:49] DEBUG    59   8.97325288e+11  2.46688765e+11  4.38e-01 4.50e-02  1.15e+04   440s
[2025-08-20 17:37:55] DEBUG    60   8.93166721e+11  2.47415259e+11  4.24e-01 4.49e-02  1.11e+04   446s
[2025-08-20 17:38:02] DEBUG    61   8.89241534e+11  2.47904382e+11  4.11e-01 4.47e-02  1.08e+04   453s
[2025-08-20 17:38:08] DEBUG    62   8.80403453e+11  2.49300158e+11  3.82e-01 4.44e-02  1.00e+04   459s
[2025-08-20 17:38:15] DEBUG    63   8.77857600e+11  2.49839434e+11  3.74e-01 4.42e-02  9.76e+03   466s
[2025-08-20 17:38:23] DEBUG    64   8.66500508e+11  2.50595799e+11  3.40e-01 4.40e-02  8.95e+03   474s
[2025-08-20 17:38:31] DEBUG    65   8.61160605e+11  2.52137820e+11  3.26e-01 4.35e-02  8.38e+03   482s
[2025-08-20 17:38:41] DEBUG    66   8.57538388e+11  2.53138722e+11  3.15e-01 4.32e-02  8.02e+03   492s
[2025-08-20 17:38:49] DEBUG    67   8.52308262e+11  2.54306343e+11  3.01e-01 4.27e-02  7.55e+03   500s
[2025-08-20 17:38:56] DEBUG    68   8.46403594e+11  2.55085327e+11  2.85e-01 4.23e-02  7.10e+03   507s
[2025-08-20 17:39:02] DEBUG    69   8.43566339e+11  2.55842298e+11  2.78e-01 4.19e-02  6.83e+03   513s
[2025-08-20 17:39:11] DEBUG    70   8.39957912e+11  2.56264670e+11  2.68e-01 4.17e-02  6.59e+03   521s
[2025-08-20 17:39:20] DEBUG    71   8.33914444e+11  2.57150404e+11  2.53e-01 4.12e-02  6.15e+03   531s
[2025-08-20 17:39:29] DEBUG    72   8.29138976e+11  2.58247510e+11  2.41e-01 4.05e-02  5.71e+03   540s
[2025-08-20 17:39:37] DEBUG    73   8.24345385e+11  2.58879585e+11  2.30e-01 4.00e-02  5.38e+03   548s
[2025-08-20 17:39:44] DEBUG    74   8.18735343e+11  2.59156931e+11  2.16e-01 3.96e-02  5.08e+03   555s
[2025-08-20 17:39:53] DEBUG    75   8.16268278e+11  2.59999732e+11  2.11e-01 3.89e-02  4.85e+03   564s
[2025-08-20 17:40:00] DEBUG    76   8.09949481e+11  2.60261529e+11  1.96e-01 3.86e-02  4.53e+03   571s
[2025-08-20 17:40:07] DEBUG    77   8.06227348e+11  2.60872794e+11  1.88e-01 3.81e-02  4.28e+03   578s
[2025-08-20 17:40:15] DEBUG    78   8.00273316e+11  2.61343974e+11  1.75e-01 3.76e-02  3.95e+03   586s
[2025-08-20 17:40:19] DEBUG    79   7.97039611e+11  2.61574117e+11  1.68e-01 3.74e-02  3.79e+03   590s
[2025-08-20 17:40:26] DEBUG    80   7.95142283e+11  2.61859298e+11  1.64e-01 3.71e-02  3.68e+03   597s
[2025-08-20 17:40:33] DEBUG    81   7.93246840e+11  2.62059375e+11  1.60e-01 3.68e-02  3.58e+03   604s
[2025-08-20 17:40:40] DEBUG    82   7.91165598e+11  2.62250000e+11  1.56e-01 3.66e-02  3.47e+03   611s
[2025-08-20 17:40:45] DEBUG    83   7.89751682e+11  2.62462122e+11  1.53e-01 3.62e-02  3.39e+03   616s
[2025-08-20 17:40:53] DEBUG    84   7.84501092e+11  2.62888627e+11  1.43e-01 3.56e-02  3.14e+03   624s
[2025-08-20 17:40:59] DEBUG    85   7.80890801e+11  2.63334036e+11  1.37e-01 3.50e-02  2.93e+03   630s
[2025-08-20 17:41:08] DEBUG    86   7.78194731e+11  2.63829363e+11  1.32e-01 3.43e-02  2.77e+03   639s
[2025-08-20 17:41:13] DEBUG    87   7.69490051e+11  2.64107242e+11  1.16e-01 3.37e-02  2.46e+03   644s
[2025-08-20 17:41:18] DEBUG    88   7.67026469e+11  2.64278396e+11  1.12e-01 3.34e-02  2.37e+03   649s
[2025-08-20 17:41:26] DEBUG    89   7.63006576e+11  2.64507837e+11  1.06e-01 3.30e-02  2.21e+03   657s
[2025-08-20 17:41:33] DEBUG    90   7.57047647e+11  2.64880826e+11  9.76e-02 3.23e-02  1.99e+03   664s
[2025-08-20 17:41:41] DEBUG    91   7.51475811e+11  2.65114763e+11  8.99e-02 3.18e-02  1.82e+03   672s
[2025-08-20 17:41:50] DEBUG    92   7.46898753e+11  2.65346929e+11  8.40e-02 3.14e-02  1.68e+03   681s
[2025-08-20 17:41:56] DEBUG    93   7.43360817e+11  2.65472330e+11  7.96e-02 3.10e-02  1.58e+03   687s
[2025-08-20 17:42:04] DEBUG    94   7.38600656e+11  2.65697738e+11  7.41e-02 3.06e-02  1.44e+03   695s
[2025-08-20 17:42:13] DEBUG    95   7.31791681e+11  2.65827186e+11  6.66e-02 3.03e-02  1.29e+03   704s
[2025-08-20 17:42:22] DEBUG    96   7.29873077e+11  2.66014962e+11  6.46e-02 2.99e-02  1.23e+03   713s
[2025-08-20 17:42:32] DEBUG    97   7.26837637e+11  2.66111286e+11  6.16e-02 2.97e-02  1.16e+03   723s
[2025-08-20 17:42:41] DEBUG    98   7.25503532e+11  2.66157598e+11  6.03e-02 2.96e-02  1.14e+03   732s
[2025-08-20 17:42:49] DEBUG    99   7.22926060e+11  2.66192886e+11  5.79e-02 2.95e-02  1.09e+03   739s
[2025-08-20 17:42:57] DEBUG    100   7.21892800e+11  2.66228609e+11  5.70e-02 2.95e-02  1.07e+03   748s
[2025-08-20 17:43:05] DEBUG    101   7.20227117e+11  2.66369051e+11  5.55e-02 2.91e-02  1.02e+03   756s
[2025-08-20 17:43:13] DEBUG    102   7.17004075e+11  2.66467556e+11  5.27e-02 2.89e-02  9.62e+02   764s
[2025-08-20 17:43:19] DEBUG    103   7.15456140e+11  2.66522302e+11  5.14e-02 2.88e-02  9.32e+02   770s
[2025-08-20 17:43:28] DEBUG    104   7.13361904e+11  2.66584763e+11  4.97e-02 2.86e-02  8.92e+02   779s
[2025-08-20 17:43:38] DEBUG    105   7.12535542e+11  2.66662967e+11  4.91e-02 2.84e-02  8.71e+02   789s
[2025-08-20 17:43:44] DEBUG    106   7.10710930e+11  2.66685072e+11  4.76e-02 2.83e-02  8.47e+02   795s
[2025-08-20 17:43:53] DEBUG    107   7.06743977e+11  2.66776655e+11  4.46e-02 2.80e-02  7.86e+02   804s
[2025-08-20 17:44:02] DEBUG    108   7.04692698e+11  2.66835975e+11  4.31e-02 2.79e-02  7.57e+02   813s
[2025-08-20 17:44:11] DEBUG    109   7.03410519e+11  2.66882669e+11  4.22e-02 2.79e-02  7.37e+02   822s
[2025-08-20 17:44:19] DEBUG    110   7.02471060e+11  2.66912478e+11  4.16e-02 2.80e-02  7.24e+02   830s
[2025-08-20 17:44:26] DEBUG    111   7.02331610e+11  2.66930879e+11  4.15e-02 2.80e-02  7.20e+02   837s
[2025-08-20 17:44:33] DEBUG    112   6.99610202e+11  2.66959219e+11  3.96e-02 2.81e-02  6.89e+02   844s
[2025-08-20 17:44:42] DEBUG    113   6.97677879e+11  2.67003212e+11  3.83e-02 2.82e-02  6.80e+02   853s
[2025-08-20 17:44:47] DEBUG    114   6.97264103e+11  2.67014758e+11  3.81e-02 2.82e-02  6.75e+02   858s
[2025-08-20 17:44:52] DEBUG    115   6.96557142e+11  2.67024663e+11  3.76e-02 2.82e-02  6.67e+02   863s
[2025-08-20 17:44:58] DEBUG    116   6.95754869e+11  2.67044832e+11  3.71e-02 2.83e-02  6.58e+02   869s
[2025-08-20 17:45:06] DEBUG    117   6.95117324e+11  2.67074906e+11  3.67e-02 2.83e-02  6.50e+02   877s
[2025-08-20 17:45:13] DEBUG    118   6.94834920e+11  2.67089172e+11  3.65e-02 2.83e-02  6.47e+02   883s
[2025-08-20 17:45:19] DEBUG    119   6.94370964e+11  2.67105441e+11  3.63e-02 2.83e-02  6.42e+02   890s
[2025-08-20 17:45:25] DEBUG    120   6.94113579e+11  2.67113124e+11  3.61e-02 2.83e-02  6.39e+02   896s
[2025-08-20 17:45:33] DEBUG    121   6.92921514e+11  2.67183038e+11  3.54e-02 2.84e-02  6.23e+02   904s
[2025-08-20 17:45:41] DEBUG    122   6.92532133e+11  2.67209004e+11  3.51e-02 2.84e-02  6.18e+02   911s
[2025-08-20 17:45:48] DEBUG    123   6.91067082e+11  2.67256556e+11  3.43e-02 2.85e-02  6.00e+02   919s
[2025-08-20 17:45:56] DEBUG    124   6.89747826e+11  2.67289261e+11  3.35e-02 2.86e-02  5.84e+02   927s
[2025-08-20 17:46:04] DEBUG    125   6.88341220e+11  2.67323581e+11  3.27e-02 2.86e-02  5.68e+02   935s
[2025-08-20 17:46:09] DEBUG    126   6.86779972e+11  2.67339206e+11  3.18e-02 2.86e-02  5.54e+02   940s
[2025-08-20 17:46:15] DEBUG    127   6.86685587e+11  2.67340709e+11  3.14e-02 2.86e-02  5.48e+02   946s
[2025-08-20 17:46:24] DEBUG    128   6.85386640e+11  2.67369915e+11  3.07e-02 2.86e-02  5.34e+02   955s
[2025-08-20 17:46:31] DEBUG    129   6.85001257e+11  2.67374475e+11  3.05e-02 2.86e-02  5.30e+02   962s
[2025-08-20 17:46:37] DEBUG    130   6.84558220e+11  2.67378392e+11  3.02e-02 2.86e-02  5.26e+02   968s
[2025-08-20 17:46:51] DEBUG    131   6.84440873e+11  2.67385113e+11  3.01e-02 2.85e-02  5.24e+02   982s
[2025-08-20 17:47:07] DEBUG    132   6.84329189e+11  2.67388505e+11  3.00e-02 2.85e-02  5.23e+02   998s
[2025-08-20 17:47:20] DEBUG    133   6.83656152e+11  2.67424984e+11  2.95e-02 2.81e-02  5.13e+02  1011s
[2025-08-20 17:47:28] DEBUG    134   6.82419663e+11  2.67457669e+11  2.87e-02 2.77e-02  4.98e+02  1019s
[2025-08-20 17:47:41] DEBUG    135   6.81435583e+11  2.67508482e+11  2.80e-02 2.70e-02  4.81e+02  1032s
[2025-08-20 17:47:57] DEBUG    136   6.79952262e+11  2.67540968e+11  2.70e-02 2.65e-02  4.61e+02  1048s
[2025-08-20 17:48:10] DEBUG    137   6.79344432e+11  2.67572051e+11  2.66e-02 2.61e-02  4.52e+02  1061s
[2025-08-20 17:48:15] DEBUG    138   6.78260035e+11  2.67610794e+11  2.59e-02 2.57e-02  4.39e+02  1066s
[2025-08-20 17:48:22] DEBUG    139   6.77564646e+11  2.67650849e+11  2.54e-02 2.54e-02  4.31e+02  1073s
[2025-08-20 17:48:28] DEBUG    140   6.77275057e+11  2.67671603e+11  2.52e-02 2.53e-02  4.27e+02  1079s
[2025-08-20 17:48:33] DEBUG    141   6.76986578e+11  2.67682886e+11  2.50e-02 2.53e-02  4.24e+02  1084s
[2025-08-20 17:48:39] DEBUG    142   6.76195383e+11  2.67712550e+11  2.46e-02 2.52e-02  4.16e+02  1090s
[2025-08-20 17:48:46] DEBUG    143   6.75474316e+11  2.67749095e+11  2.41e-02 2.51e-02  4.07e+02  1097s
[2025-08-20 17:48:55] DEBUG    144   6.74743396e+11  2.67780459e+11  2.37e-02 2.50e-02  3.99e+02  1106s
[2025-08-20 17:49:03] DEBUG    145   6.74534110e+11  2.67796861e+11  2.35e-02 2.50e-02  3.96e+02  1114s
[2025-08-20 17:49:12] DEBUG    146   6.73972067e+11  2.67834834e+11  2.32e-02 2.49e-02  3.89e+02  1123s
[2025-08-20 17:49:17] DEBUG    147   6.73674431e+11  2.67838065e+11  2.30e-02 2.49e-02  3.86e+02  1128s
[2025-08-20 17:49:22] DEBUG    148   6.72977025e+11  2.67849332e+11  2.26e-02 2.48e-02  3.80e+02  1133s
[2025-08-20 17:49:30] DEBUG    149   6.72067243e+11  2.67878926e+11  2.20e-02 2.51e-02  3.69e+02  1141s
[2025-08-20 17:49:37] DEBUG    150   6.71222517e+11  2.67892094e+11  2.16e-02 2.57e-02  3.61e+02  1148s
[2025-08-20 17:49:46] DEBUG    151   6.70595076e+11  2.67914712e+11  2.12e-02 2.69e-02  3.54e+02  1157s
[2025-08-20 17:49:53] DEBUG    152   6.69867819e+11  2.67925659e+11  2.08e-02 2.75e-02  3.47e+02  1163s
[2025-08-20 17:50:01] DEBUG    153   6.69334247e+11  2.67949290e+11  2.05e-02 2.87e-02  3.40e+02  1172s
[2025-08-20 17:50:08] DEBUG    154   6.68491009e+11  2.67991297e+11  2.00e-02 2.96e-02  3.31e+02  1179s
[2025-08-20 17:50:15] DEBUG    155   6.67572941e+11  2.68011722e+11  1.95e-02 3.01e-02  3.22e+02  1186s
[2025-08-20 17:50:23] DEBUG    156   6.66747841e+11  2.68017663e+11  1.91e-02 3.03e-02  3.15e+02  1193s
[2025-08-20 17:50:32] DEBUG    157   6.66669644e+11  2.68021160e+11  1.90e-02 3.05e-02  3.14e+02  1203s
[2025-08-20 17:50:41] DEBUG    158   6.65984494e+11  2.68034726e+11  1.87e-02 3.10e-02  3.07e+02  1212s
[2025-08-20 17:50:49] DEBUG    159   6.65135687e+11  2.68046329e+11  1.83e-02 3.15e-02  3.01e+02  1220s
[2025-08-20 17:50:57] DEBUG    160   6.64649619e+11  2.68064971e+11  1.80e-02 3.22e-02  2.95e+02  1228s
[2025-08-20 17:51:05] DEBUG    161   6.63612297e+11  2.68084260e+11  1.75e-02 3.29e-02  2.86e+02  1236s
[2025-08-20 17:51:10] DEBUG    162   6.63205890e+11  2.68101111e+11  1.73e-02 3.33e-02  2.82e+02  1241s
[2025-08-20 17:51:17] DEBUG    163   6.62696147e+11  2.68110781e+11  1.71e-02 3.36e-02  2.78e+02  1248s
[2025-08-20 17:51:24] DEBUG    164   6.62253120e+11  2.68122536e+11  1.68e-02 3.39e-02  2.74e+02  1255s
[2025-08-20 17:51:30] DEBUG    165   6.61565113e+11  2.68132588e+11  1.65e-02 3.40e-02  2.69e+02  1261s
[2025-08-20 17:51:36] DEBUG    166   6.61437063e+11  2.68147685e+11  1.65e-02 3.42e-02  2.68e+02  1267s
[2025-08-20 17:51:36] DEBUG    Barrier performed 166 iterations in 1266.93 seconds (301.54 work units)
Barrier solve interrupted - model solved by another algorithm
[2025-08-20 17:51:36] DEBUG    Solved with dual simplex
[2025-08-20 17:51:46] DEBUG    Iteration    Objective       Primal Inf.    Dual Inf.      Time
[2025-08-20 17:51:46] DEBUG    742181    2.7232653e+11   0.000000e+00   0.000000e+00   1277s

Solved in 742181 iterations and 1277.11 seconds (383.09 work units)
[2025-08-20 17:51:46] DEBUG    Optimal objective  2.723265299e+11
✅ Scenario completato: existing_VRES_2030_PHES

🚀 Lancio scenario: existing_VRES_2030_nostorage
[2025-08-20 18:01:47] INFO     Loading sets
[2025-08-20 18:01:47] INFO     Loading parameters
[2025-08-20 18:02:21] INFO     constraints are loaded in the following order: ['energy_balance', 'dispatch', 'costs', 'capacity', 'network', 'policy', 'conversion', 'group', 'conversion_plus', 'milp', 'export']
[2025-08-20 18:02:21] INFO     creating energy_balance constraints
[2025-08-20 18:05:12] INFO     creating dispatch constraints
[2025-08-20 18:10:08] INFO     creating costs constraints
[2025-08-20 18:18:17] INFO     creating capacity constraints
[2025-08-20 18:18:17] INFO     creating network constraints
[2025-08-20 18:18:17] INFO     creating policy constraints
[2025-08-20 18:18:17] INFO     creating conversion constraints
[2025-08-20 18:18:17] INFO     creating group constraints
[2025-08-20 18:18:17] INFO     creating conversion_plus constraints
[2025-08-20 18:18:17] INFO     creating milp constraints
[2025-08-20 18:18:17] INFO     creating export constraints
[2025-08-20 18:29:24] DEBUG    Set parameter WLSAccessID
Set parameter WLSSecret
Set parameter LicenseID to value 2680226
[2025-08-20 18:29:24] DEBUG    Academic license 2680226 - for non-commercial use only - registered to an___@mail.polimi.it
[2025-08-20 18:29:55] DEBUG    Read LP format model from file /tmp/tmpk4txgmlt.pyomo.lp
Reading time = 31.26 seconds
x15569314: 21079427 rows, 15569314 columns, 50574266 nonzeros
[2025-08-20 18:29:55] DEBUG    Set parameter NumericFocus to value 1
Gurobi Optimizer version 12.0.2 build v12.0.2rc0 (linux64 - "Debian GNU/Linux 11 (bullseye)")

CPU model: Intel(R) Xeon(R) Silver 4314 CPU @ 2.40GHz, instruction set [SSE2|AVX|AVX2|AVX512]
Thread count: 32 physical cores, 64 logical processors, using up to 32 threads

Non-default parameters:
NumericFocus  1
[2025-08-20 18:29:55] DEBUG    Academic license 2680226 - for non-commercial use only - registered to an___@mail.polimi.it
Optimize a model with 21079427 rows, 15569314 columns and 50574266 nonzeros
[2025-08-20 18:29:56] DEBUG    Model fingerprint: 0x8f16a772
[2025-08-20 18:29:56] DEBUG    Coefficient statistics:
  Matrix range     [1e-07, 3e+02]
  Objective range  [1e+00, 1e+06]
  Bounds range     [0e+00, 0e+00]
  RHS range        [1e+00, 2e+08]
[2025-08-20 18:30:01] DEBUG    Presolve removed 17722710 rows and 8909662 columns (presolve time = 5s)...
[2025-08-20 18:30:06] DEBUG    Presolve removed 19989744 rows and 12967447 columns (presolve time = 10s)...
[2025-08-20 18:30:11] DEBUG    Presolve removed 20527583 rows and 12982183 columns (presolve time = 15s)...
[2025-08-20 18:30:13] DEBUG    Presolve removed 20676486 rows and 13072579 columns
[2025-08-20 18:30:13] DEBUG    Presolve time: 17.89s
Presolved: 402941 rows, 2645638 columns, 4567425 nonzeros

Concurrent LP optimizer: primal simplex, dual simplex, and barrier
Showing barrier log only...
[2025-08-20 18:30:17] DEBUG    Ordering time: 3.37s
[2025-08-20 18:30:18] DEBUG    Barrier statistics:
 Dense cols : 86
[2025-08-20 18:30:18] DEBUG    AA' NZ     : 1.449e+06
 Factor NZ  : 1.424e+07 (roughly 1.3 GB of memory)
 Factor Ops : 1.112e+09 (less than 1 second per iteration)
 Threads    : 30
[2025-08-20 18:30:20] DEBUG    Objective                Residual
[2025-08-20 18:30:20] DEBUG    Iter       Primal          Dual         Primal    Dual     Compl     Time
[2025-08-20 18:30:20] DEBUG    0   4.40169347e+21 -4.55135218e+19  6.48e+10 9.31e-10  1.94e+16    25s
[2025-08-20 18:30:23] DEBUG    1   2.52192647e+21 -4.81186129e+19  2.77e+10 5.11e+05  8.27e+15    28s
[2025-08-20 18:30:27] DEBUG    2   8.48281989e+20 -3.61338747e+19  6.53e+09 3.10e+04  1.98e+15    31s
[2025-08-20 18:30:31] DEBUG    3   3.66360830e+19 -2.65664047e+19  1.93e+08 4.87e+02  6.57e+13    36s
[2025-08-20 18:30:33] DEBUG    4   1.67310777e+19 -1.15142103e+19  8.25e+07 2.40e-06  2.76e+13    38s
[2025-08-20 18:30:36] DEBUG    5   1.09182532e+19 -6.18137557e+18  5.17e+07 5.09e-05  1.66e+13    41s
[2025-08-20 18:30:39] DEBUG    6   4.80307091e+18 -3.86654432e+18  2.17e+07 1.39e-03  6.91e+12    44s
[2025-08-20 18:30:42] DEBUG    7   1.69619401e+18 -2.24845319e+18  7.11e+06 1.50e-04  2.33e+12    46s
[2025-08-20 18:30:44] DEBUG    8   8.15641202e+17 -1.19681093e+18  3.27e+06 2.15e-03  1.01e+12    49s
[2025-08-20 18:30:47] DEBUG    9   2.63986501e+17 -7.25600967e+17  9.85e+05 1.26e-04  3.55e+11    52s
[2025-08-20 18:30:50] DEBUG    10   9.58727355e+16 -3.46712080e+17  3.41e+05 4.27e-05  1.29e+11    55s
[2025-08-20 18:30:53] DEBUG    11   4.48809573e+16 -1.71327812e+17  1.53e+05 1.72e-05  5.69e+10    58s
[2025-08-20 18:30:56] DEBUG    12   1.55346415e+16 -7.95197367e+16  5.11e+04 6.82e-06  2.24e+10    60s
[2025-08-20 18:30:58] DEBUG    13   1.25457640e+16 -5.76428545e+16  4.10e+04 4.72e-06  1.63e+10    63s
[2025-08-20 18:31:01] DEBUG    14   1.11790541e+16 -5.51528964e+16  3.65e+04 4.56e-06  1.53e+10    66s
[2025-08-20 18:31:03] DEBUG    15   9.15707566e+15 -4.71787415e+16  2.97e+04 3.81e-06  1.28e+10    68s
[2025-08-20 18:31:06] DEBUG    16   6.53623671e+15 -4.55314414e+16  2.11e+04 3.71e-06  1.16e+10    71s
[2025-08-20 18:31:10] DEBUG    17   4.85362189e+15 -2.70410453e+16  1.60e+04 2.07e-06  7.05e+09    75s
[2025-08-20 18:31:15] DEBUG    18   3.57913486e+15 -1.43553381e+16  1.17e+04 1.05e-06  3.94e+09    80s
[2025-08-20 18:31:21] DEBUG    19   3.09293514e+15 -1.16915941e+16  1.02e+04 8.72e-07  3.23e+09    86s
[2025-08-20 18:31:24] DEBUG    20   2.46807976e+15 -1.11439023e+16  8.06e+03 8.24e-07  2.95e+09    89s
[2025-08-20 18:31:28] DEBUG    21   2.13834473e+15 -6.77331078e+15  7.11e+03 4.84e-07  1.93e+09    93s
[2025-08-20 18:31:35] DEBUG    22   1.75076560e+15 -4.19771823e+15  5.98e+03 2.88e-07  1.29e+09    99s
[2025-08-20 18:31:38] DEBUG    23   1.55350265e+15 -3.30882377e+15  5.29e+03 3.01e-07  1.05e+09   103s
[2025-08-20 18:31:43] DEBUG    24   1.29581633e+15 -1.18789781e+15  4.54e+03 6.57e-06  5.34e+08   108s
[2025-08-20 18:31:47] DEBUG    25   1.00873377e+15 -1.15842331e+15  3.49e+03 6.51e-06  4.64e+08   112s
[2025-08-20 18:31:52] DEBUG    26   7.60508742e+14 -6.98795462e+14  2.82e+03 1.84e-05  3.12e+08   116s
[2025-08-20 18:31:56] DEBUG    27   6.52434412e+14 -5.73825877e+14  2.52e+03 1.64e-05  2.62e+08   121s
[2025-08-20 18:32:00] DEBUG    28   5.63197229e+14 -3.85914903e+14  2.21e+03 1.38e-05  2.02e+08   125s
[2025-08-20 18:32:04] DEBUG    29   4.29011649e+14 -2.46805777e+14  1.75e+03 1.34e-05  1.43e+08   129s
[2025-08-20 18:32:09] DEBUG    30   3.48240866e+14 -1.18612908e+14  1.48e+03 3.10e-05  9.89e+07   134s
[2025-08-20 18:32:09] DEBUG    Barrier performed 30 iterations in 133.69 seconds (44.99 work units)
[2025-08-20 18:32:09] DEBUG    Barrier solve interrupted - model solved by another algorithm
[2025-08-20 18:32:09] DEBUG    Solved with dual simplex
[2025-08-20 18:32:17] DEBUG    Iteration    Objective       Primal Inf.    Dual Inf.      Time
[2025-08-20 18:32:17] DEBUG    242842    3.8632826e+13   0.000000e+00   0.000000e+00    142s

Solved in 242842 iterations and 141.78 seconds (55.97 work units)
Optimal objective  3.863282551e+13
✅ Scenario completato: existing_VRES_2030_nostorage

🚀 Lancio scenario: existing_CG+VRES_2030_BESS
[2025-08-20 18:44:47] INFO     Loading sets
[2025-08-20 18:44:47] INFO     Loading parameters
[2025-08-20 18:45:23] INFO     constraints are loaded in the following order: ['energy_balance', 'dispatch', 'costs', 'capacity', 'network', 'policy', 'conversion', 'group', 'conversion_plus', 'milp', 'export']
[2025-08-20 18:45:23] INFO     creating energy_balance constraints
[2025-08-20 18:48:26] INFO     creating dispatch constraints
[2025-08-20 18:50:27] INFO     creating costs constraints
[2025-08-20 19:04:19] INFO     creating capacity constraints
[2025-08-20 19:04:19] INFO     creating network constraints
[2025-08-20 19:04:19] INFO     creating policy constraints
[2025-08-20 19:04:19] INFO     creating conversion constraints
[2025-08-20 19:04:19] INFO     creating group constraints
[2025-08-20 19:04:19] INFO     creating conversion_plus constraints
[2025-08-20 19:04:19] INFO     creating milp constraints
[2025-08-20 19:04:19] INFO     creating export constraints
[2025-08-20 19:16:52] DEBUG    Set parameter WLSAccessID
Set parameter WLSSecret
Set parameter LicenseID to value 2680226
[2025-08-20 19:16:52] DEBUG    Academic license 2680226 - for non-commercial use only - registered to an___@mail.polimi.it
[2025-08-20 19:17:27] DEBUG    Read LP format model from file /tmp/tmpfod38kiq.pyomo.lp
Reading time = 35.64 seconds
x17601953: 23620117 rows, 17601953 columns, 57433868 nonzeros
[2025-08-20 19:17:27] DEBUG    Set parameter NumericFocus to value 1
Gurobi Optimizer version 12.0.2 build v12.0.2rc0 (linux64 - "Debian GNU/Linux 11 (bullseye)")

CPU model: Intel(R) Xeon(R) Silver 4314 CPU @ 2.40GHz, instruction set [SSE2|AVX|AVX2|AVX512]
Thread count: 32 physical cores, 64 logical processors, using up to 32 threads

Non-default parameters:
NumericFocus  1
[2025-08-20 19:17:27] DEBUG    Academic license 2680226 - for non-commercial use only - registered to an___@mail.polimi.it
Optimize a model with 23620117 rows, 17601953 columns and 57433868 nonzeros
[2025-08-20 19:17:28] DEBUG    Model fingerprint: 0x0b5599e0
[2025-08-20 19:17:28] DEBUG    Coefficient statistics:
  Matrix range     [1e-07, 3e+02]
  Objective range  [1e+00, 1e+06]
  Bounds range     [0e+00, 0e+00]
  RHS range        [1e+00, 2e+08]
[2025-08-20 19:17:35] DEBUG    Presolve removed 18739102 rows and 10180094 columns (presolve time = 6s)...
[2025-08-20 19:17:39] DEBUG    Presolve removed 18748257 rows and 11980000 columns (presolve time = 10s)...
[2025-08-20 19:17:43] DEBUG    Presolve removed 21260205 rows and 14441169 columns (presolve time = 15s)...
[2025-08-20 19:17:49] DEBUG    Presolve removed 21798100 rows and 14546289 columns (presolve time = 20s)...
[2025-08-20 19:17:50] DEBUG    Presolve removed 21947003 rows and 14546289 columns
[2025-08-20 19:17:50] DEBUG    Presolve time: 22.81s
Presolved: 1673114 rows, 3204567 columns, 9343225 nonzeros

Concurrent LP optimizer: primal simplex, dual simplex, and barrier
Showing barrier log only...
[2025-08-20 19:18:04] DEBUG    Elapsed ordering time = 12s
[2025-08-20 19:18:06] DEBUG    Ordering time: 14.20s
[2025-08-20 19:18:08] DEBUG    Barrier statistics:
 Dense cols : 144
 AA' NZ     : 8.917e+06
 Factor NZ  : 4.754e+07 (roughly 2.4 GB of memory)
 Factor Ops : 5.508e+09 (less than 1 second per iteration)
 Threads    : 30
[2025-08-20 19:18:11] DEBUG    Objective                Residual
[2025-08-20 19:18:11] DEBUG    Iter       Primal          Dual         Primal    Dual     Compl     Time
[2025-08-20 19:18:12] DEBUG    0   2.17509247e+21 -8.53687854e+18  6.48e+10 2.90e-11  3.91e+15    44s
[2025-08-20 19:18:16] DEBUG    1   1.83260650e+21 -8.54286315e+18  5.40e+10 2.14e+05  3.04e+15    49s
[2025-08-20 19:18:22] DEBUG    2   1.49794784e+21 -8.14279900e+18  4.44e+10 9.68e+04  2.30e+15    55s
[2025-08-20 19:18:30] DEBUG    3   1.13167797e+21 -7.14798693e+18  3.38e+10 2.89e+04  1.62e+15    63s
[2025-08-20 19:18:36] DEBUG    4   7.97817902e+20 -6.93313350e+18  2.34e+10 1.38e+04  1.12e+15    69s
[2025-08-20 19:18:40] DEBUG    5   4.81305230e+20 -6.61785304e+18  1.38e+10 6.86e+03  6.71e+14    73s
[2025-08-20 19:18:44] DEBUG    6   1.45836517e+20 -6.12883401e+18  4.22e+09 2.63e+03  2.11e+14    77s
[2025-08-20 19:18:49] DEBUG    7   3.53370717e+19 -5.38866091e+18  1.09e+09 1.04e+03  5.75e+13    81s
[2025-08-20 19:18:53] DEBUG    8   2.82261861e+19 -4.13763584e+18  8.66e+08 2.12e+02  4.26e+13    85s
[2025-08-20 19:18:58] DEBUG    9   1.54690182e+19 -3.35087013e+18  4.73e+08 2.06e+01  2.28e+13    90s
[2025-08-20 19:19:02] DEBUG    10   4.85779186e+18 -2.93467180e+18  1.44e+08 6.87e+00  7.24e+12    95s
[2025-08-20 19:19:08] DEBUG    11   2.07526042e+18 -2.07163294e+18  6.03e+07 6.92e-01  3.03e+12   101s
[2025-08-20 19:19:15] DEBUG    12   2.93892180e+16 -1.09090125e+18  6.45e+05 4.60e-01  1.98e+11   108s
[2025-08-20 19:19:21] DEBUG    13   7.22757657e+14 -4.60456835e+16  1.54e+03 1.24e-02  7.21e+09   114s
[2025-08-20 19:19:25] DEBUG    14   6.32061544e+14 -8.15626592e+15  1.81e+02 2.05e-02  1.29e+09   118s
[2025-08-20 19:19:29] DEBUG    15   5.99264620e+14 -3.26332586e+15  4.54e+01 2.26e-02  5.23e+08   122s
[2025-08-20 19:19:33] DEBUG    16   5.94795285e+14 -1.76783722e+15  3.76e+01 2.32e-02  2.88e+08   126s
[2025-08-20 19:19:37] DEBUG    17   5.91495206e+14 -1.45119773e+15  3.34e+01 4.41e-02  2.37e+08   129s
[2025-08-20 19:19:43] DEBUG    18   5.80139582e+14 -8.06398985e+14  1.99e+01 2.39e-02  1.34e+08   135s
[2025-08-20 19:19:47] DEBUG    19   5.74133347e+14 -5.18177566e+14  1.52e+01 2.42e-02  8.76e+07   140s
[2025-08-20 19:19:52] DEBUG    20   5.67872422e+14 -2.23419891e+14  1.10e+01 2.47e-02  3.92e+07   145s
[2025-08-20 19:19:57] DEBUG    21   5.59079009e+14 -7.58264086e+13  6.70e+00 2.77e-02  1.38e+07   149s
[2025-08-20 19:20:03] DEBUG    22   5.52651490e+14 -3.16773140e+13  4.77e+00 2.56e-02  6.00e+06   156s
[2025-08-20 19:20:07] DEBUG    23   5.47497031e+14 -6.62508536e+12  3.63e+00 2.53e-02  1.47e+06   160s
[2025-08-20 19:20:12] DEBUG    24   5.34857171e+14 -5.78381707e+11  1.47e+00 2.46e-02  1.89e+05   165s
[2025-08-20 19:20:19] DEBUG    25   5.32405715e+14 -4.16169355e+11  1.30e+00 2.46e-02  1.44e+05   172s
[2025-08-20 19:20:24] DEBUG    26   5.32138147e+14 -3.90823991e+11  1.28e+00 2.47e-02  1.38e+05   176s
[2025-08-20 19:20:28] DEBUG    27   5.28691801e+14 -2.44066006e+11  1.07e+00 2.47e-02  9.44e+04   180s
[2025-08-20 19:20:32] DEBUG    28   5.23410683e+14 -1.80632349e+11  7.91e-01 2.47e-02  6.40e+04   185s
[2025-08-20 19:20:38] DEBUG    29   5.19390336e+14 -1.36910733e+11  6.34e-01 2.47e-02  4.44e+04   190s
[2025-08-20 19:20:43] DEBUG    30   5.16995586e+14 -1.27751756e+11  5.59e-01 2.48e-02  3.77e+04   196s
[2025-08-20 19:20:49] DEBUG    31   5.16744697e+14 -1.26844328e+11  5.52e-01 2.48e-02  3.64e+04   202s
[2025-08-20 19:20:57] DEBUG    32   5.11560988e+14 -1.28298608e+11  4.11e-01 2.49e-02  2.70e+04   210s
[2025-08-20 19:21:05] DEBUG    33   5.09111410e+14 -1.30055416e+11  3.61e-01 2.50e-02  2.37e+04   217s
[2025-08-20 19:21:14] DEBUG    34   5.08008129e+14 -1.32121876e+11  3.41e-01 2.50e-02  2.23e+04   227s
[2025-08-20 19:21:23] DEBUG    35   5.04435824e+14 -1.33853618e+11  2.81e-01 2.49e-02  1.84e+04   235s
[2025-08-20 19:21:29] DEBUG    36   5.02975436e+14 -1.34350620e+11  2.60e-01 2.49e-02  1.70e+04   241s
[2025-08-20 19:21:38] DEBUG    37   5.01633842e+14 -1.34890026e+11  2.43e-01 2.48e-02  1.58e+04   251s
[2025-08-20 19:21:47] DEBUG    38   4.99355533e+14 -1.35661340e+11  2.15e-01 2.48e-02  1.40e+04   259s
[2025-08-20 19:21:56] DEBUG    39   4.98335308e+14 -1.37061030e+11  2.04e-01 2.47e-02  1.29e+04   268s
[2025-08-20 19:22:04] DEBUG    40   4.95779459e+14 -1.37564859e+11  1.78e-01 2.46e-02  1.12e+04   277s
[2025-08-20 19:22:12] DEBUG    41   4.95092266e+14 -1.37823144e+11  1.72e-01 2.46e-02  1.07e+04   284s
[2025-08-20 19:22:18] DEBUG    42   4.94248077e+14 -1.38201965e+11  1.65e-01 2.46e-02  1.02e+04   291s
[2025-08-20 19:22:29] DEBUG    43   4.93427411e+14 -1.38614659e+11  1.58e-01 2.45e-02  9.70e+03   302s
[2025-08-20 19:22:39] DEBUG    44   4.92747765e+14 -1.38863140e+11  1.53e-01 2.45e-02  9.32e+03   312s
[2025-08-20 19:22:50] DEBUG    45   4.91993044e+14 -1.39163423e+11  1.47e-01 2.45e-02  8.92e+03   323s
[2025-08-20 19:22:57] DEBUG    46   4.91731093e+14 -1.39241557e+11  1.45e-01 2.45e-02  8.82e+03   329s
[2025-08-20 19:23:04] DEBUG    47   4.91506477e+14 -1.39300761e+11  1.43e-01 2.45e-02  8.73e+03   337s
[2025-08-20 19:23:13] DEBUG    48   4.90783964e+14 -1.39363115e+11  1.38e-01 2.45e-02  8.41e+03   346s
[2025-08-20 19:23:25] DEBUG    49   4.90759490e+14 -1.39443832e+11  1.38e-01 2.45e-02  1.06e+04   358s
[2025-08-20 19:23:31] DEBUG    50   4.90708858e+14 -1.39572031e+11  1.38e-01 2.45e-02  1.06e+04   364s
[2025-08-20 19:23:31] DEBUG    Barrier performed 50 iterations in 363.79 seconds (98.18 work units)
Numerical trouble encountered
[2025-08-20 19:23:31] DEBUG    Model may be infeasible or unbounded.  Consider using the
homogeneous algorithm (through parameter 'BarHomogeneous')
[2025-08-20 19:24:35] DEBUG    Waiting for other threads to finish...         428s
[2025-08-20 19:25:40] DEBUG    Waiting for other threads to finish...         493s
[2025-08-20 19:26:13] DEBUG    Solved with dual simplex
[2025-08-20 19:26:24] DEBUG    Iteration    Objective       Primal Inf.    Dual Inf.      Time
[2025-08-20 19:26:24] DEBUG    695363    1.3853469e+10   0.000000e+00   0.000000e+00    536s

Solved in 695363 iterations and 536.20 seconds (289.78 work units)
[2025-08-20 19:26:24] DEBUG    Optimal objective  1.385346925e+10
✅ Scenario completato: existing_CG+VRES_2030_BESS

🚀 Lancio scenario: existing_CG+VRES_2030_nostorage
[2025-08-20 19:37:31] INFO     Loading sets
[2025-08-20 19:37:31] INFO     Loading parameters
[2025-08-20 19:38:06] INFO     constraints are loaded in the following order: ['energy_balance', 'dispatch', 'costs', 'capacity', 'network', 'policy', 'conversion', 'group', 'conversion_plus', 'milp', 'export']
[2025-08-20 19:38:06] INFO     creating energy_balance constraints
[2025-08-20 19:40:59] INFO     creating dispatch constraints
[2025-08-20 19:42:49] INFO     creating costs constraints
[2025-08-20 19:57:49] INFO     creating capacity constraints
[2025-08-20 19:57:49] INFO     creating network constraints
[2025-08-20 19:57:49] INFO     creating policy constraints
[2025-08-20 19:57:49] INFO     creating conversion constraints
[2025-08-20 19:57:49] INFO     creating group constraints
[2025-08-20 19:57:49] INFO     creating conversion_plus constraints
[2025-08-20 19:57:49] INFO     creating milp constraints
[2025-08-20 19:57:49] INFO     creating export constraints
[2025-08-20 20:09:27] DEBUG    Set parameter WLSAccessID
Set parameter WLSSecret
Set parameter LicenseID to value 2680226
[2025-08-20 20:09:28] DEBUG    Academic license 2680226 - for non-commercial use only - registered to an___@mail.polimi.it
[2025-08-20 20:10:01] DEBUG    Read LP format model from file /tmp/tmpcoe2s7jk.pyomo.lp
Reading time = 33.00 seconds
x16331579: 21841663 rows, 16331579 columns, 52860829 nonzeros
[2025-08-20 20:10:01] DEBUG    Set parameter NumericFocus to value 1
Gurobi Optimizer version 12.0.2 build v12.0.2rc0 (linux64 - "Debian GNU/Linux 11 (bullseye)")

CPU model: Intel(R) Xeon(R) Silver 4314 CPU @ 2.40GHz, instruction set [SSE2|AVX|AVX2|AVX512]
Thread count: 32 physical cores, 64 logical processors, using up to 32 threads

Non-default parameters:
NumericFocus  1
[2025-08-20 20:10:01] DEBUG    Academic license 2680226 - for non-commercial use only - registered to an___@mail.polimi.it
Optimize a model with 21841663 rows, 16331579 columns and 52860829 nonzeros
[2025-08-20 20:10:01] DEBUG    Model fingerprint: 0xfee9bf88
[2025-08-20 20:10:01] DEBUG    Coefficient statistics:
  Matrix range     [1e-07, 3e+02]
  Objective range  [1e+00, 1e+06]
  Bounds range     [0e+00, 0e+00]
  RHS range        [1e+00, 2e+08]
[2025-08-20 20:10:07] DEBUG    Presolve removed 18230906 rows and 9671898 columns (presolve time = 6s)...
[2025-08-20 20:10:11] DEBUG    Presolve removed 19478257 rows and 12710000 columns (presolve time = 10s)...
[2025-08-20 20:10:17] DEBUG    Presolve removed 21035779 rows and 13729687 columns (presolve time = 15s)...
[2025-08-20 20:10:20] DEBUG    Presolve removed 21184682 rows and 13834807 columns
[2025-08-20 20:10:20] DEBUG    Presolve time: 19.09s
Presolved: 656981 rows, 2645675 columns, 5075521 nonzeros

Concurrent LP optimizer: primal simplex, dual simplex, and barrier
Showing barrier log only...
[2025-08-20 20:10:21] DEBUG    Ordering time: 0.33s
[2025-08-20 20:10:22] DEBUG    Barrier statistics:
 Dense cols : 115
[2025-08-20 20:10:22] DEBUG    AA' NZ     : 1.957e+06
 Factor NZ  : 1.806e+07 (roughly 1.5 GB of memory)
 Factor Ops : 1.354e+09 (less than 1 second per iteration)
 Threads    : 30
[2025-08-20 20:10:24] DEBUG    Objective                Residual
[2025-08-20 20:10:24] DEBUG    Iter       Primal          Dual         Primal    Dual     Compl     Time
[2025-08-20 20:10:24] DEBUG    0   2.21615558e+21 -9.85851464e+18  6.48e+10 3.27e-03  4.51e+15    23s
[2025-08-20 20:10:27] DEBUG    1   1.86323154e+21 -1.14021630e+19  5.38e+10 2.43e+05  3.72e+15    26s
[2025-08-20 20:10:30] DEBUG    2   1.40686491e+21 -1.44915728e+19  4.08e+10 1.15e+05  2.83e+15    29s
[2025-08-20 20:10:35] DEBUG    3   1.02824523e+21 -9.98164258e+18  2.91e+10 3.39e+04  2.01e+15    35s
[2025-08-20 20:10:39] DEBUG    4   7.93222912e+20 -8.19072724e+18  2.21e+10 6.84e+03  1.54e+15    39s
[2025-08-20 20:10:42] DEBUG    5   1.39439786e+20 -7.51533600e+18  3.29e+09 2.41e+03  2.37e+14    42s
[2025-08-20 20:10:45] DEBUG    6   3.71690174e+18 -5.71330072e+18  7.39e+07 2.11e+02  6.68e+12    44s
[2025-08-20 20:10:48] DEBUG    7   8.08819492e+17 -2.07147199e+18  1.38e+07 2.45e+01  1.36e+12    47s
[2025-08-20 20:10:50] DEBUG    8   4.00829586e+17 -6.61900056e+17  7.02e+06 3.08e+00  5.17e+11    50s
[2025-08-20 20:10:52] DEBUG    9   1.60922004e+17 -3.04403020e+17  2.89e+06 5.25e-01  1.96e+11    52s
[2025-08-20 20:10:56] DEBUG    10   6.51726000e+16 -1.18352105e+17  1.17e+06 4.78e-02  6.82e+10    56s
[2025-08-20 20:10:59] DEBUG    11   1.56736496e+16 -7.36173935e+16  2.75e+05 1.84e-02  2.40e+10    59s
[2025-08-20 20:11:03] DEBUG    12   8.94357959e+14 -1.00780541e+16  1.10e+04 8.74e-03  2.28e+09    62s
[2025-08-20 20:11:06] DEBUG    13   1.14914635e+14 -1.56086020e+14  3.12e+01 5.48e-03  3.23e+07    65s
[2025-08-20 20:11:09] DEBUG    14   9.80778555e+13 -8.20302399e+12  4.32e-02 5.34e-03  1.69e+06    69s
[2025-08-20 20:11:14] DEBUG    15   8.38232663e+13 -3.57510667e+11  1.11e-04 5.33e-03  8.32e+04    74s
[2025-08-20 20:11:18] DEBUG    16   7.20880674e+13 -9.41710333e+10  3.11e-05 5.33e-03  2.48e+04    77s
[2025-08-20 20:11:21] DEBUG    17   6.78820191e+13 -6.96432120e+10  1.58e-05 5.33e-03  1.92e+04    81s
[2025-08-20 20:11:25] DEBUG    18   6.23029248e+13 -2.04049454e+10  3.11e-05 5.33e-03  8.21e+03    84s
[2025-08-20 20:11:28] DEBUG    19   9.84656084e+13 -1.09748162e+10  3.11e-05 5.33e-03  2.26e+06    87s
[2025-08-20 20:11:31] DEBUG    20   9.52347802e+13 -1.83236616e+10  1.58e-05 5.33e-03  1.55e+06    91s
[2025-08-20 20:11:39] DEBUG    21   8.01295204e+13 -3.69965778e+09  3.11e-05 5.32e-03  5.04e+05    98s
[2025-08-20 20:11:48] DEBUG    22   7.63172678e+13 -2.19868409e+08  1.58e-05 5.33e-03  5.44e+05   108s
[2025-08-20 20:12:00] DEBUG    23   6.40213035e+13 -1.48747257e+10  4.63e-05 5.33e-03  1.05e+06   120s
[2025-08-20 20:12:11] DEBUG    24   5.12085920e+13 -9.51870317e+10  1.58e-05 5.33e-03  9.20e+05   131s
[2025-08-20 20:12:19] DEBUG    25   4.42136977e+13 -1.22432386e+11  1.58e-05 5.32e-03  8.23e+05   138s
[2025-08-20 20:12:25] DEBUG    26   4.00453624e+13 -1.38120403e+11  1.91e-06 5.33e-03  1.23e+06   145s
[2025-08-20 20:12:32] DEBUG    27   3.23654077e+13 -3.48254375e+11  1.47e-05 1.10e-02  2.22e+06   152s
[2025-08-20 20:12:40] DEBUG    28   2.27213600e+13 -1.41121415e+11  7.07e-06 5.33e-03  5.00e+05   159s
[2025-08-20 20:12:47] DEBUG    29   1.66321665e+13 -8.13998882e+10  7.07e-06 5.33e-03  2.78e+05   166s
[2025-08-20 20:12:52] DEBUG    30   9.60808182e+12 -4.51179276e+10  8.19e-06 5.33e-03  9.90e+04   171s
[2025-08-20 20:12:59] DEBUG    31   4.69859321e+12 -1.94134162e+10  1.58e-05 5.33e-03  4.16e+04   178s
[2025-08-20 20:12:59] DEBUG    Barrier performed 31 iterations in 178.16 seconds (51.76 work units)
[2025-08-20 20:12:59] DEBUG    Barrier solve interrupted - model solved by another algorithm
[2025-08-20 20:12:59] DEBUG    Solved with dual simplex
[2025-08-20 20:13:07] DEBUG    Iteration    Objective       Primal Inf.    Dual Inf.      Time
[2025-08-20 20:13:07] DEBUG    260219    1.3853469e+10   0.000000e+00   0.000000e+00    187s

Solved in 260219 iterations and 186.64 seconds (61.90 work units)
Optimal objective  1.385346925e+10
✅ Scenario completato: existing_CG+VRES_2030_nostorage

🚀 Lancio scenario: existing_GT+VRES_2030_PHES
[2025-08-20 20:25:23] INFO     Loading sets
[2025-08-20 20:25:23] INFO     Loading parameters
[2025-08-20 20:25:59] INFO     constraints are loaded in the following order: ['energy_balance', 'dispatch', 'costs', 'capacity', 'network', 'policy', 'conversion', 'group', 'conversion_plus', 'milp', 'export']
[2025-08-20 20:25:59] INFO     creating energy_balance constraints
[2025-08-20 20:29:04] INFO     creating dispatch constraints
[2025-08-20 20:31:04] INFO     creating costs constraints
[2025-08-20 20:40:18] INFO     creating capacity constraints
[2025-08-20 20:40:18] INFO     creating network constraints
[2025-08-20 20:40:18] INFO     creating policy constraints
[2025-08-20 20:40:18] INFO     creating conversion constraints
[2025-08-20 20:40:18] INFO     creating group constraints
[2025-08-20 20:40:18] INFO     creating conversion_plus constraints
[2025-08-20 20:40:18] INFO     creating milp constraints
[2025-08-20 20:40:18] INFO     creating export constraints
[2025-08-20 20:53:36] DEBUG    Set parameter WLSAccessID
Set parameter WLSSecret
Set parameter LicenseID to value 2680226
[2025-08-20 20:53:36] DEBUG    Academic license 2680226 - for non-commercial use only - registered to an___@mail.polimi.it
[2025-08-20 20:54:12] DEBUG    Read LP format model from file /tmp/tmp6e4w67ai.pyomo.lp
Reading time = 36.03 seconds
x17601953: 23620175 rows, 17601953 columns, 57687966 nonzeros
[2025-08-20 20:54:12] DEBUG    Set parameter NumericFocus to value 1
Gurobi Optimizer version 12.0.2 build v12.0.2rc0 (linux64 - "Debian GNU/Linux 11 (bullseye)")

CPU model: Intel(R) Xeon(R) Silver 4314 CPU @ 2.40GHz, instruction set [SSE2|AVX|AVX2|AVX512]
Thread count: 32 physical cores, 64 logical processors, using up to 32 threads

Non-default parameters:
NumericFocus  1
[2025-08-20 20:54:12] DEBUG    Academic license 2680226 - for non-commercial use only - registered to an___@mail.polimi.it
Optimize a model with 23620175 rows, 17601953 columns and 57687966 nonzeros
[2025-08-20 20:54:13] DEBUG    Model fingerprint: 0xee901f94
[2025-08-20 20:54:13] DEBUG    Coefficient statistics:
  Matrix range     [1e-07, 3e+02]
  Objective range  [1e+00, 1e+06]
  Bounds range     [0e+00, 0e+00]
  RHS range        [1e+00, 6e+09]
Warning: Model contains large rhs
[2025-08-20 20:54:20] DEBUG    Presolve removed 18870566 rows and 10258940 columns (presolve time = 6s)...
[2025-08-20 20:54:24] DEBUG    Presolve removed 18870901 rows and 12050000 columns (presolve time = 10s)...
[2025-08-20 20:54:28] DEBUG    Presolve removed 21365464 rows and 14498985 columns (presolve time = 15s)...
[2025-08-20 20:54:34] DEBUG    Presolve removed 21903353 rows and 14604105 columns (presolve time = 20s)...
[2025-08-20 20:54:35] DEBUG    Presolve removed 22052256 rows and 14604105 columns
[2025-08-20 20:54:35] DEBUG    Presolve time: 22.66s
Presolved: 1567919 rows, 3146751 columns, 8901375 nonzeros

Concurrent LP optimizer: primal simplex, dual simplex, and barrier
Showing barrier log only...
[2025-08-20 20:55:01] DEBUG    Elapsed ordering time = 24s
[2025-08-20 20:55:02] DEBUG    Elapsed ordering time = 25s
[2025-08-20 20:55:07] DEBUG    Elapsed ordering time = 30s
[2025-08-20 20:55:13] DEBUG    Ordering time: 36.33s
[2025-08-20 20:55:15] DEBUG    Barrier statistics:
[2025-08-20 20:55:15] DEBUG    Dense cols : 141
 AA' NZ     : 8.196e+06
 Factor NZ  : 4.546e+07 (roughly 2.3 GB of memory)
 Factor Ops : 5.373e+09 (less than 1 second per iteration)
 Threads    : 30
[2025-08-20 20:55:19] DEBUG    Objective                Residual
[2025-08-20 20:55:19] DEBUG    Iter       Primal          Dual         Primal    Dual     Compl     Time
[2025-08-20 20:55:19] DEBUG    0   2.30885640e+21 -8.59382556e+18  6.48e+10 2.90e-11  4.08e+15    67s
[2025-08-20 20:55:23] DEBUG    1   2.11646028e+21 -8.79312662e+18  5.91e+10 2.11e+05  3.44e+15    70s
[2025-08-20 20:55:29] DEBUG    2   2.01000931e+21 -3.15385576e+19  5.61e+10 1.58e+05  3.27e+15    76s
[2025-08-20 20:55:36] DEBUG    3   1.70554419e+21 -8.97921643e+19  4.80e+10 6.14e+04  2.75e+15    84s
[2025-08-20 20:55:42] DEBUG    4   1.17506318e+21 -1.07654642e+20  3.32e+10 1.76e+04  1.90e+15    90s
[2025-08-20 20:55:49] DEBUG    5   8.91508140e+20 -1.06843126e+20  2.51e+10 3.44e+03  1.46e+15    97s
[2025-08-20 20:55:55] DEBUG    6   8.26745741e+19 -9.24880656e+19  1.78e+09 8.30e+02  1.21e+14   103s
[2025-08-20 20:55:59] DEBUG    7   2.63568781e+19 -4.04474590e+19  5.49e+08 1.27e+02  3.76e+13   106s
[2025-08-20 20:56:03] DEBUG    8   8.09590389e+18 -1.83267462e+19  1.64e+08 3.73e+01  1.19e+13   110s
[2025-08-20 20:56:07] DEBUG    9   3.58254439e+18 -8.48491075e+18  7.16e+07 1.28e+01  5.06e+12   114s
[2025-08-20 20:56:11] DEBUG    10   1.87395842e+18 -3.75916311e+18  3.78e+07 3.52e+00  2.43e+12   119s
[2025-08-20 20:56:16] DEBUG    11   9.24872833e+17 -1.77355721e+18  1.88e+07 1.04e+00  1.12e+12   123s
[2025-08-20 20:56:20] DEBUG    12   2.06245282e+17 -8.51943493e+17  4.31e+06 2.77e-01  3.08e+11   127s
[2025-08-20 20:56:23] DEBUG    13   2.11749312e+16 -2.18960683e+17  4.24e+05 6.23e-02  4.75e+10   131s
[2025-08-20 20:56:27] DEBUG    14   2.28962513e+14 -1.25340335e+16  7.98e+02 5.96e-04  1.98e+09   135s
[2025-08-20 20:56:32] DEBUG    15   1.45051324e+14 -1.63303716e+15  7.37e-04 3.61e-04  2.57e+08   140s
[2025-08-20 20:56:47] DEBUG    16   9.28793093e+13 -1.13568010e+15  3.06e-04 3.77e-03  1.79e+08   154s
[2025-08-20 20:57:05] DEBUG    17   6.10821106e+13 -3.36883466e+14  8.20e-05 2.40e-03  5.57e+07   173s
[2025-08-20 20:57:31] DEBUG    18   4.18664505e+13 -3.17976069e+13  3.24e-05 1.04e-02  6.83e+06   199s
[2025-08-20 20:57:50] DEBUG    19   3.21954059e+13 -1.56293017e+13  2.03e-05 6.97e-03  3.92e+06   218s
[2025-08-20 20:58:01] DEBUG    20   2.62000263e+13 -8.64098362e+12  2.67e-05 6.23e-03  2.64e+06   228s
[2025-08-20 20:58:14] DEBUG    21   2.53738514e+13 -5.00538734e+12  2.48e-05 5.34e-02  2.11e+06   241s
[2025-08-20 20:58:29] DEBUG    22   1.77566243e+13 -3.55949212e+12  5.10e-05 3.80e-02  1.38e+06   257s
[2025-08-20 20:58:42] DEBUG    23   1.41459231e+13 -2.16298743e+12  2.81e-05 2.56e-02  9.73e+05   269s
[2025-08-20 20:58:54] DEBUG    24   1.31466495e+13 -1.26991681e+12  2.24e-05 2.03e-02  7.84e+05   282s
[2025-08-20 20:59:13] DEBUG    25   1.08950328e+13 -5.03663313e+11  2.86e-05 1.18e-02  5.56e+05   301s
[2025-08-20 20:59:27] DEBUG    26   8.55533797e+12 -2.92693612e+11  3.15e-05 1.17e-02  4.06e+05   315s
[2025-08-20 20:59:39] DEBUG    27   8.32243453e+12 -2.73854323e+11  4.34e-05 1.15e-02  3.87e+05   326s
[2025-08-20 20:59:53] DEBUG    28   8.14409046e+12 -2.47071496e+11  4.96e-05 1.10e-02  3.70e+05   340s
[2025-08-20 21:00:06] DEBUG    29   6.73748416e+12 -1.08932887e+11  2.15e-05 1.23e-02  2.49e+05   354s
[2025-08-20 21:00:15] DEBUG    30   6.16313713e+12 -6.95042314e+10  4.15e-05 1.43e-02  2.00e+05   363s
[2025-08-20 21:00:24] DEBUG    31   5.61302564e+12 -4.87605196e+10  2.19e-05 1.52e-02  1.62e+05   371s
[2025-08-20 21:00:32] DEBUG    32   5.18801105e+12 -1.33818247e+10  2.77e-05 1.67e-02  1.31e+05   380s
[2025-08-20 21:00:49] DEBUG    33   4.68326537e+12 -7.69350632e+09  2.72e-05 1.63e-02  1.19e+05   396s
[2025-08-20 21:01:08] DEBUG    34   4.63536058e+12 -7.39725163e+09  3.24e-05 1.63e-02  1.18e+05   416s
[2025-08-20 21:01:31] DEBUG    35   4.58416028e+12 -6.86745511e+09  4.77e-05 1.61e-02  1.17e+05   439s
[2025-08-20 21:01:57] DEBUG    36   4.50027941e+12 -5.34804553e+09  3.62e-05 1.57e-02  1.17e+05   465s
[2025-08-20 21:02:29] DEBUG    37   4.07364288e+12 -4.26135421e+09  4.01e-05 1.46e-02  1.06e+05   496s
[2025-08-20 21:02:41] DEBUG    38   3.44452370e+12 -3.72723041e+08  3.34e-05 1.41e-02  7.96e+04   508s
[2025-08-20 21:02:50] DEBUG    39   2.86700483e+12  2.31946908e+08  2.62e-05 1.84e-02  4.40e+04   518s
[2025-08-20 21:03:01] DEBUG    40   2.71198490e+12  5.26705788e+09  3.29e-05 2.07e-02  3.27e+04   528s
[2025-08-20 21:03:08] DEBUG    41   2.57575192e+12  7.78945818e+09  2.29e-05 2.15e-02  2.46e+04   535s
[2025-08-20 21:03:16] DEBUG    42   2.52178182e+12  8.54890723e+09  2.38e-05 2.15e-02  2.20e+04   543s
[2025-08-20 21:03:21] DEBUG    43   2.47564274e+12  8.29382926e+09  2.62e-05 2.14e-02  2.00e+04   549s
[2025-08-20 21:03:27] DEBUG    44   2.40833960e+12  8.26916196e+09  2.96e-05 2.13e-02  1.73e+04   554s
[2025-08-20 21:03:36] DEBUG    45   2.30534836e+12  8.51215678e+09  2.67e-05 2.12e-02  1.35e+04   563s
[2025-08-20 21:03:42] DEBUG    46   2.27967038e+12  8.64296030e+09  2.50e-05 2.11e-02  1.27e+04   570s
[2025-08-20 21:03:52] DEBUG    47   2.23181953e+12  8.98009135e+09  2.23e-05 2.10e-02  1.13e+04   580s
[2025-08-20 21:04:02] DEBUG    48   2.15837497e+12  9.79543687e+09  2.67e-05 2.07e-02  9.28e+03   589s
[2025-08-20 21:04:12] DEBUG    49   2.05118930e+12  1.02524161e+10  7.75e-05 2.06e-02  6.81e+03   599s
[2025-08-20 21:04:21] DEBUG    50   1.99676417e+12  1.05191499e+10  4.54e-05 2.04e-02  5.86e+03   609s
[2025-08-20 21:04:30] DEBUG    51   1.95717025e+12  1.09011857e+10  3.38e-05 2.03e-02  5.21e+03   618s
[2025-08-20 21:04:39] DEBUG    52   1.92775913e+12  1.11832583e+10  5.11e-05 2.01e-02  4.74e+03   627s
[2025-08-20 21:04:47] DEBUG    53   1.89562095e+12  1.14052809e+10  3.55e-05 1.99e-02  4.30e+03   634s
[2025-08-20 21:04:58] DEBUG    54   1.84194389e+12  1.15038474e+10  3.71e-05 1.94e-02  3.68e+03   645s
[2025-08-20 21:05:08] DEBUG    55   1.78548917e+12  1.16281311e+10  4.44e-05 1.80e-02  3.10e+03   655s
[2025-08-20 21:05:19] DEBUG    56   1.73454647e+12  1.17152545e+10  3.34e-05 1.64e-02  2.67e+03   666s
[2025-08-20 21:05:30] DEBUG    57   1.71874657e+12  1.17998416e+10  2.60e-05 1.52e-02  2.54e+03   677s
[2025-08-20 21:05:39] DEBUG    58   1.69393508e+12  1.18792609e+10  3.91e-05 1.40e-02  2.35e+03   687s
[2025-08-20 21:05:49] DEBUG    59   1.64433471e+12  1.21329449e+10  5.76e-04 1.26e-02  2.03e+03   697s
[2025-08-20 21:06:00] DEBUG    60   1.61315961e+12  1.25346668e+10  5.50e-04 9.70e-03  1.79e+03   708s
[2025-08-20 21:06:11] DEBUG    61   1.56688142e+12  1.26643661e+10  3.97e-04 8.13e-03  1.55e+03   718s
[2025-08-20 21:06:22] DEBUG    62   1.51077186e+12  1.29501611e+10  2.24e-04 5.76e-03  1.26e+03   730s
[2025-08-20 21:06:33] DEBUG    63   1.48974655e+12  1.30459944e+10  1.87e-04 5.54e-03  1.17e+03   740s
[2025-08-20 21:06:41] DEBUG    64   1.46150060e+12  1.30871197e+10  1.72e-04 5.54e-03  1.08e+03   749s
[2025-08-20 21:06:48] DEBUG    65   1.45059401e+12  1.31358081e+10  1.58e-04 5.54e-03  1.04e+03   756s
[2025-08-20 21:06:59] DEBUG    66   1.44403361e+12  1.31349711e+10  1.57e-04 5.54e-03  1.02e+03   766s
[2025-08-20 21:07:10] DEBUG    67   1.42897668e+12  1.31806173e+10  1.37e-04 5.53e-03  9.69e+02   778s
[2025-08-20 21:07:10] DEBUG    Barrier performed 67 iterations in 777.81 seconds (171.57 work units)
[2025-08-20 21:07:10] DEBUG    Barrier solve interrupted - model solved by another algorithm
[2025-08-20 21:07:10] DEBUG    Solved with dual simplex
[2025-08-20 21:07:21] DEBUG    Iteration    Objective       Primal Inf.    Dual Inf.      Time
[2025-08-20 21:07:21] DEBUG    584473    1.3853469e+10   0.000000e+00   0.000000e+00    789s

Solved in 584473 iterations and 788.66 seconds (226.23 work units)
[2025-08-20 21:07:21] DEBUG    Optimal objective  1.385346925e+10
✅ Scenario completato: existing_GT+VRES_2030_PHES
🏁 Tutti gli scenari sono stati processati.
