
🚀 Lancio scenario: existing_VRES_2030_BESS
[2025-09-14 17:30:13] INFO     Loading sets
[2025-09-14 17:30:13] INFO     Loading parameters
[2025-09-14 17:30:59] INFO     constraints are loaded in the following order: ['energy_balance', 'dispatch', 'costs', 'capacity', 'network', 'policy', 'conversion', 'group', 'conversion_plus', 'milp', 'export']
[2025-09-14 17:30:59] INFO     creating energy_balance constraints
[2025-09-14 17:34:48] INFO     creating dispatch constraints
[2025-09-14 17:37:34] INFO     creating costs constraints
[2025-09-14 17:47:25] INFO     creating capacity constraints
[2025-09-14 17:47:25] INFO     creating network constraints
[2025-09-14 17:47:25] INFO     creating policy constraints
[2025-09-14 17:47:25] INFO     creating conversion constraints
[2025-09-14 17:47:25] INFO     creating group constraints
[2025-09-14 17:47:25] INFO     creating conversion_plus constraints
[2025-09-14 17:47:25] INFO     creating milp constraints
[2025-09-14 17:47:25] INFO     creating export constraints
[2025-09-14 17:59:17] DEBUG    Set parameter WLSAccessID
Set parameter WLSSecret
Set parameter LicenseID to value 2680226
[2025-09-14 17:59:17] DEBUG    Academic license 2680226 - for non-commercial use only - registered to an___@mail.polimi.it
[2025-09-14 17:59:52] DEBUG    Read LP format model from file /tmp/tmp1jb3rtq_.pyomo.lp
[2025-09-14 17:59:52] DEBUG    Reading time = 34.78 seconds
x16506728: 22384763 rows, 16506728 columns, 54034349 nonzeros
Set parameter NumericFocus to value 1
Gurobi Optimizer version 12.0.2 build v12.0.2rc0 (linux64 - "Debian GNU/Linux 11 (bullseye)")

CPU model: Intel(R) Xeon(R) Silver 4314 CPU @ 2.40GHz, instruction set [SSE2|AVX|AVX2|AVX512]
Thread count: 32 physical cores, 64 logical processors, using up to 32 threads

Non-default parameters:
NumericFocus  1
[2025-09-14 17:59:52] DEBUG    Academic license 2680226 - for non-commercial use only - registered to an___@mail.polimi.it
Optimize a model with 22384763 rows, 16506728 columns and 54034349 nonzeros
[2025-09-14 17:59:53] DEBUG    Model fingerprint: 0x79d73af2
[2025-09-14 17:59:53] DEBUG    Coefficient statistics:
  Matrix range     [1e-07, 3e+02]
  Objective range  [1e+00, 1e+06]
  Bounds range     [0e+00, 0e+00]
  RHS range        [1e+00, 2e+08]
[2025-09-14 17:59:59] DEBUG    Presolve removed 17775306 rows and 9207852 columns (presolve time = 6s)...
[2025-09-14 18:00:03] DEBUG    Presolve removed 18023717 rows and 11150000 columns (presolve time = 10s)...
[2025-09-14 18:00:08] DEBUG    Presolve removed 20296409 rows and 13371913 columns (presolve time = 15s)...
[2025-09-14 18:00:13] DEBUG    Presolve removed 20834304 rows and 13477033 columns (presolve time = 20s)...
[2025-09-14 18:00:14] DEBUG    Presolve removed 20974448 rows and 13477033 columns
[2025-09-14 18:00:14] DEBUG    Presolve time: 21.72s
Presolved: 1410315 rows, 3169839 columns, 8782928 nonzeros

Concurrent LP optimizer: primal simplex, dual simplex, and barrier
Showing barrier log only...
[2025-09-14 18:00:28] DEBUG    Elapsed ordering time = 12s
[2025-09-14 18:00:30] DEBUG    Elapsed ordering time = 15s
[2025-09-14 18:00:30] DEBUG    Ordering time: 15.12s
[2025-09-14 18:00:32] DEBUG    Barrier statistics:
[2025-09-14 18:00:32] DEBUG    Dense cols : 115
 AA' NZ     : 8.382e+06
 Factor NZ  : 4.233e+07 (roughly 2.0 GB of memory)
 Factor Ops : 4.601e+09 (less than 1 second per iteration)
 Threads    : 30
[2025-09-14 18:00:36] DEBUG    Objective                Residual
[2025-09-14 18:00:36] DEBUG    Iter       Primal          Dual         Primal    Dual     Compl     Time
[2025-09-14 18:00:36] DEBUG    0   4.34848370e+21 -1.15822479e+19  6.48e+10 1.28e-01  5.69e+15    44s
[2025-09-14 18:00:40] DEBUG    1   1.59567239e+21 -1.15791735e+19  2.10e+10 3.17e+05  2.21e+15    48s
[2025-09-14 18:00:45] DEBUG    2   9.56752524e+20 -9.00664495e+18  1.19e+10 5.32e+04  9.64e+14    53s
[2025-09-14 18:00:52] DEBUG    3   5.86817990e+20 -8.16863199e+18  7.17e+09 1.51e+04  5.48e+14    60s
[2025-09-14 18:00:56] DEBUG    4   4.01553181e+20 -7.90290241e+18  4.96e+09 1.05e+04  3.79e+14    64s
[2025-09-14 18:01:00] DEBUG    5   3.24977635e+20 -7.41527323e+18  3.98e+09 3.30e+03  2.96e+14    68s
[2025-09-14 18:01:03] DEBUG    6   2.27393839e+20 -7.10321078e+18  2.75e+09 1.36e+03  2.05e+14    71s
[2025-09-14 18:01:07] DEBUG    7   1.92312193e+20 -6.80989789e+18  2.32e+09 6.11e+02  1.74e+14    75s
[2025-09-14 18:01:11] DEBUG    8   1.29032149e+20 -6.48948282e+18  1.55e+09 2.91e+02  1.17e+14    79s
[2025-09-14 18:01:16] DEBUG    9   1.74380976e+19 -5.63155980e+18  2.00e+08 8.05e+01  1.61e+13    84s
[2025-09-14 18:01:20] DEBUG    10   4.37623078e+18 -4.22518365e+18  4.94e+07 3.64e+01  4.39e+12    88s
[2025-09-14 18:01:25] DEBUG    11   1.41104604e+18 -2.54308817e+18  1.52e+07 1.09e+01  1.50e+12    93s
[2025-09-14 18:01:29] DEBUG    12   4.67004691e+17 -1.06814457e+18  5.01e+06 2.93e+00  4.77e+11    97s
[2025-09-14 18:01:34] DEBUG    13   8.44285105e+16 -3.29987225e+17  8.64e+05 4.68e-01  9.62e+10   102s
[2025-09-14 18:01:41] DEBUG    14   4.08953706e+15 -3.57960505e+16  3.54e+04 1.57e-01  6.98e+09   109s
[2025-09-14 18:01:47] DEBUG    15   6.92016356e+13 -9.13943439e+14  5.49e+01 2.36e-02  1.54e+08   115s
[2025-09-14 18:01:50] DEBUG    16   5.69496985e+13 -1.77209873e+14  1.96e+01 2.25e-02  3.17e+07   118s
[2025-09-14 18:01:54] DEBUG    17   4.98410789e+13 -1.02833065e+14  4.52e+00 2.31e-02  1.81e+07   122s
[2025-09-14 18:01:58] DEBUG    18   4.96186202e+13 -5.87481596e+13  4.34e+00 2.44e-02  1.06e+07   126s
[2025-09-14 18:02:02] DEBUG    19   4.62528918e+13 -3.56344029e+13  1.69e+00 2.51e-02  6.37e+06   130s
[2025-09-14 18:02:08] DEBUG    20   4.49689635e+13 -2.65679879e+13  1.21e+00 2.40e-02  4.75e+06   136s
[2025-09-14 18:02:11] DEBUG    21   4.37347372e+13 -2.40369901e+13  8.52e-01 2.42e-02  4.26e+06   139s
[2025-09-14 18:02:16] DEBUG    22   4.29371509e+13 -1.59951459e+13  6.77e-01 2.71e-02  2.86e+06   144s
[2025-09-14 18:02:22] DEBUG    23   4.18617501e+13 -1.55592892e+13  6.06e-01 2.71e-02  2.76e+06   150s
[2025-09-14 18:02:35] DEBUG    24   4.16609700e+13 -1.38190846e+13  5.99e-01 2.64e-02  2.48e+06   163s
[2025-09-14 18:02:47] DEBUG    25   3.84526229e+13 -1.01228832e+13  4.75e-01 2.58e-02  1.82e+06   175s
[2025-09-14 18:02:57] DEBUG    26   3.81895713e+13 -8.68444080e+12  4.65e-01 2.58e-02  1.58e+06   185s
[2025-09-14 18:03:08] DEBUG    27   3.70655552e+13 -6.17585550e+12  4.21e-01 2.58e-02  1.15e+06   196s
[2025-09-14 18:03:21] DEBUG    28   3.57291886e+13 -5.31361753e+12  3.58e-01 2.58e-02  9.83e+05   209s
[2025-09-14 18:03:34] DEBUG    29   3.39285176e+13 -4.44935535e+12  2.85e-01 2.59e-02  8.20e+05   222s
[2025-09-14 18:03:44] DEBUG    30   3.18089010e+13 -3.72033284e+12  2.15e-01 2.59e-02  6.77e+05   232s
[2025-09-14 18:03:54] DEBUG    31   3.02228878e+13 -1.58935622e+12  1.56e-01 2.59e-02  2.99e+05   242s
[2025-09-14 18:04:05] DEBUG    32   2.95507951e+13 -1.33783334e+12  1.37e-01 2.59e-02  2.49e+05   253s
[2025-09-14 18:04:16] DEBUG    33   2.90378285e+13 -8.61589756e+11  1.25e-01 2.60e-02  1.65e+05   264s
[2025-09-14 18:04:25] DEBUG    34   2.79133372e+13 -6.31206540e+11  9.90e-02 2.60e-02  1.19e+05   273s
[2025-09-14 18:04:34] DEBUG    35   2.78407285e+13 -5.20065821e+11  9.77e-02 2.60e-02  1.02e+05   282s
[2025-09-14 18:04:41] DEBUG    36   2.65368911e+13 -4.82360826e+11  7.40e-02 2.60e-02  8.73e+04   289s
[2025-09-14 18:04:48] DEBUG    37   2.56300451e+13 -2.70600063e+11  4.87e-02 2.61e-02  4.85e+04   296s
[2025-09-14 18:04:56] DEBUG    38   2.48641389e+13 -1.89568720e+11  3.45e-02 2.61e-02  3.18e+04   304s
[2025-09-14 18:05:03] DEBUG    39   2.45296989e+13 -1.68621613e+11  3.00e-02 2.61e-02  2.74e+04   311s
[2025-09-14 18:05:10] DEBUG    40   2.42765614e+13 -1.54596432e+11  2.71e-02 2.61e-02  2.45e+04   318s
[2025-09-14 18:05:17] DEBUG    41   2.39732565e+13 -1.32789853e+11  2.40e-02 2.61e-02  2.04e+04   325s
[2025-09-14 18:05:23] DEBUG    42   2.37853400e+13 -1.26288667e+11  2.22e-02 2.61e-02  1.89e+04   331s
[2025-09-14 18:05:29] DEBUG    43   2.36556723e+13 -1.13861417e+11  2.11e-02 2.61e-02  1.68e+04   337s
[2025-09-14 18:05:35] DEBUG    44   2.33352787e+13 -1.05253878e+11  1.84e-02 2.61e-02  1.46e+04   343s
[2025-09-14 18:05:41] DEBUG    45   2.31436471e+13 -9.87105416e+10  1.71e-02 2.61e-02  1.33e+04   349s
[2025-09-14 18:05:48] DEBUG    46   2.29477302e+13 -9.27318774e+10  1.58e-02 2.61e-02  1.21e+04   356s
[2025-09-14 18:05:53] DEBUG    47   2.27677178e+13 -8.67269570e+10  1.46e-02 2.61e-02  1.09e+04   361s
[2025-09-14 18:06:00] DEBUG    48   2.26357715e+13 -8.29839179e+10  1.39e-02 2.61e-02  1.02e+04   368s
[2025-09-14 18:06:05] DEBUG    49   2.24644167e+13 -8.21068378e+10  1.29e-02 2.61e-02  9.72e+03   373s
[2025-09-14 18:06:10] DEBUG    50   2.23559270e+13 -8.00297069e+10  1.24e-02 2.61e-02  9.28e+03   378s
[2025-09-14 18:06:16] DEBUG    51   2.22619100e+13 -7.81367249e+10  1.19e-02 2.60e-02  8.91e+03   384s
[2025-09-14 18:06:23] DEBUG    52   2.22088713e+13 -7.76165552e+10  1.17e-02 2.60e-02  8.77e+03   391s
[2025-09-14 18:06:29] DEBUG    53   2.21062934e+13 -7.58654219e+10  1.12e-02 2.60e-02  8.42e+03   397s
[2025-09-14 18:06:36] DEBUG    54   2.20123028e+13 -7.48875565e+10  1.08e-02 2.60e-02  8.17e+03   403s
[2025-09-14 18:06:40] DEBUG    55   2.19415964e+13 -7.40998781e+10  1.05e-02 2.60e-02  7.97e+03   408s
[2025-09-14 18:06:46] DEBUG    56   2.17566316e+13 -6.97861659e+10  9.70e-03 2.60e-02  7.25e+03   414s
[2025-09-14 18:06:51] DEBUG    57   2.16410027e+13 -6.94486787e+10  9.24e-03 2.60e-02  7.04e+03   419s
[2025-09-14 18:06:58] DEBUG    58   2.15070462e+13 -6.81313109e+10  8.72e-03 2.60e-02  6.72e+03   426s
[2025-09-14 18:07:03] DEBUG    59   2.13844284e+13 -6.52154156e+10  8.28e-03 2.60e-02  6.28e+03   431s
[2025-09-14 18:07:09] DEBUG    60   2.13040254e+13 -6.28692028e+10  8.01e-03 2.60e-02  5.93e+03   437s
[2025-09-14 18:07:16] DEBUG    61   2.12001702e+13 -6.23515406e+10  7.67e-03 2.60e-02  5.72e+03   444s
[2025-09-14 18:07:23] DEBUG    62   2.10662756e+13 -6.15027194e+10  7.27e-03 2.60e-02  5.47e+03   451s
[2025-09-14 18:07:30] DEBUG    63   2.09151386e+13 -5.95021575e+10  6.80e-03 2.60e-02  5.12e+03   458s
[2025-09-14 18:07:35] DEBUG    64   2.07961768e+13 -5.84461564e+10  6.50e-03 2.60e-02  4.88e+03   463s
[2025-09-14 18:07:41] DEBUG    65   2.06749160e+13 -5.65172852e+10  6.24e-03 2.60e-02  4.60e+03   469s
[2025-09-14 18:07:47] DEBUG    66   2.05334479e+13 -5.50253391e+10  5.88e-03 2.60e-02  4.33e+03   475s
[2025-09-14 18:07:53] DEBUG    67   2.04178218e+13 -5.34459550e+10  5.60e-03 2.60e-02  4.08e+03   481s
[2025-09-14 18:07:58] DEBUG    68   2.03431313e+13 -5.22939693e+10  5.43e-03 2.60e-02  3.92e+03   486s
[2025-09-14 18:08:04] DEBUG    69   2.02766284e+13 -5.16998550e+10  5.29e-03 2.60e-02  3.80e+03   492s
[2025-09-14 18:08:13] DEBUG    70   2.00242245e+13 -5.01285807e+10  4.86e-03 2.60e-02  3.47e+03   501s
[2025-09-14 18:08:21] DEBUG    71   1.99473999e+13 -4.94333809e+10  4.70e-03 2.60e-02  3.36e+03   509s
[2025-09-14 18:08:30] DEBUG    72   1.97579428e+13 -4.83029152e+10  4.37e-03 2.60e-02  3.15e+03   518s
[2025-09-14 18:08:41] DEBUG    73   1.96293621e+13 -4.63797117e+10  4.18e-03 2.60e-02  2.93e+03   528s
[2025-09-14 18:08:47] DEBUG    74   1.95582918e+13 -4.59546571e+10  4.06e-03 2.60e-02  2.84e+03   535s
[2025-09-14 18:08:55] DEBUG    75   1.94269934e+13 -4.46209393e+10  3.86e-03 2.60e-02  2.67e+03   543s
[2025-09-14 18:09:05] DEBUG    76   1.93042851e+13 -4.33135299e+10  3.67e-03 2.60e-02  2.51e+03   553s
[2025-09-14 18:09:12] DEBUG    77   1.92437485e+13 -4.28886330e+10  3.57e-03 2.60e-02  2.45e+03   560s
[2025-09-14 18:09:21] DEBUG    78   1.91421886e+13 -4.18716467e+10  3.43e-03 2.60e-02  2.35e+03   569s
[2025-09-14 18:09:28] DEBUG    79   1.90898603e+13 -4.13825254e+10  3.35e-03 2.60e-02  2.29e+03   576s
[2025-09-14 18:09:40] DEBUG    80   1.90444781e+13 -4.08599468e+10  3.28e-03 2.60e-02  2.25e+03   588s
[2025-09-14 18:09:49] DEBUG    81   1.89673992e+13 -4.04777766e+10  3.17e-03 2.60e-02  2.19e+03   597s
[2025-09-14 18:09:58] DEBUG    82   1.89114672e+13 -3.99355126e+10  3.10e-03 2.60e-02  2.13e+03   606s
[2025-09-14 18:10:07] DEBUG    83   1.88217934e+13 -3.93440917e+10  2.97e-03 2.60e-02  2.06e+03   615s
[2025-09-14 18:10:16] DEBUG    84   1.87583668e+13 -3.85005069e+10  2.89e-03 2.60e-02  1.98e+03   623s
[2025-09-14 18:10:21] DEBUG    85   1.86958697e+13 -3.83206204e+10  2.81e-03 2.60e-02  1.94e+03   629s
[2025-09-14 18:10:31] DEBUG    86   1.86006974e+13 -3.70383393e+10  2.68e-03 2.60e-02  1.84e+03   639s
[2025-09-14 18:10:41] DEBUG    87   1.85438012e+13 -3.63651402e+10  2.63e-03 2.60e-02  1.78e+03   649s
[2025-09-14 18:10:52] DEBUG    88   1.84744827e+13 -3.55728511e+10  2.56e-03 2.60e-02  1.70e+03   660s
[2025-09-14 18:11:00] DEBUG    89   1.83998343e+13 -3.55344436e+10  2.49e-03 2.60e-02  1.67e+03   668s
[2025-09-14 18:11:10] DEBUG    90   1.83161163e+13 -3.49630302e+10  2.43e-03 2.60e-02  1.61e+03   678s
[2025-09-14 18:11:19] DEBUG    91   1.82548165e+13 -3.44552928e+10  2.36e-03 2.60e-02  1.56e+03   687s
[2025-09-14 18:11:26] DEBUG    92   1.82192821e+13 -3.40195928e+10  2.33e-03 2.60e-02  1.52e+03   694s
[2025-09-14 18:11:34] DEBUG    93   1.81854554e+13 -3.37326132e+10  2.30e-03 2.60e-02  1.49e+03   702s
[2025-09-14 18:11:41] DEBUG    94   1.81540644e+13 -3.34996038e+10  2.27e-03 2.60e-02  1.47e+03   709s
[2025-09-14 18:11:49] DEBUG    95   1.81237244e+13 -3.34428624e+10  2.25e-03 2.60e-02  1.45e+03   717s
[2025-09-14 18:11:58] DEBUG    96   1.80138904e+13 -3.29696370e+10  2.17e-03 2.60e-02  1.39e+03   726s
[2025-09-14 18:12:07] DEBUG    97   1.79844977e+13 -3.26865393e+10  2.15e-03 2.60e-02  1.36e+03   735s
[2025-09-14 18:12:15] DEBUG    98   1.79343702e+13 -3.24145548e+10  2.10e-03 2.60e-02  1.33e+03   743s
[2025-09-14 18:12:24] DEBUG    99   1.78983341e+13 -3.21432601e+10  2.07e-03 2.60e-02  1.31e+03   752s
[2025-09-14 18:12:33] DEBUG    100   1.78688532e+13 -3.19584665e+10  2.04e-03 2.60e-02  1.29e+03   761s
[2025-09-14 18:12:42] DEBUG    101   1.78443654e+13 -3.18246227e+10  2.02e-03 2.60e-02  1.27e+03   770s
[2025-09-14 18:12:51] DEBUG    102   1.78084111e+13 -3.16119216e+10  1.99e-03 2.60e-02  1.25e+03   779s
[2025-09-14 18:12:58] DEBUG    103   1.77926602e+13 -3.15010072e+10  1.98e-03 2.60e-02  1.24e+03   786s
[2025-09-14 18:13:08] DEBUG    104   1.77796770e+13 -3.13554960e+10  1.97e-03 2.60e-02  1.22e+03   796s
[2025-09-14 18:13:18] DEBUG    105   1.77272978e+13 -3.10906133e+10  1.92e-03 2.60e-02  1.29e+03   806s
[2025-09-14 18:13:28] DEBUG    106   1.76993783e+13 -3.08603612e+10  1.90e-03 2.60e-02  1.27e+03   816s
[2025-09-14 18:13:28] DEBUG    Barrier performed 106 iterations in 816.01 seconds (190.90 work units)
[2025-09-14 18:13:28] DEBUG    Numerical trouble encountered
[2025-09-14 18:13:28] DEBUG    Model may be infeasible or unbounded.  Consider using the
[2025-09-14 18:13:28] DEBUG    homogeneous algorithm (through parameter 'BarHomogeneous')
[2025-09-14 18:14:33] DEBUG    Waiting for other threads to finish...         881s
[2025-09-14 18:15:37] DEBUG    Waiting for other threads to finish...         945s
[2025-09-14 18:16:41] DEBUG    Waiting for other threads to finish...        1009s
[2025-09-14 18:17:18] DEBUG    Solved with dual simplex
[2025-09-14 18:17:28] DEBUG    Iteration    Objective       Primal Inf.    Dual Inf.      Time
[2025-09-14 18:17:28] DEBUG    1054616    1.1302691e+10   0.000000e+00   0.000000e+00   1056s

Solved in 1054616 iterations and 1055.70 seconds (427.98 work units)
[2025-09-14 18:17:28] DEBUG    Optimal objective  1.130269107e+10
✅ Scenario completato: existing_VRES_2030_BESS

🚀 Lancio scenario: existing_VRES_2030_PHES
[2025-09-14 18:24:25] INFO     Loading sets
[2025-09-14 18:24:25] INFO     Loading parameters
[2025-09-14 18:24:59] INFO     constraints are loaded in the following order: ['energy_balance', 'dispatch', 'costs', 'capacity', 'network', 'policy', 'conversion', 'group', 'conversion_plus', 'milp', 'export']
[2025-09-14 18:24:59] INFO     creating energy_balance constraints
[2025-09-14 18:29:28] INFO     creating dispatch constraints
[2025-09-14 18:33:05] INFO     creating costs constraints
[2025-09-14 18:43:12] INFO     creating capacity constraints
[2025-09-14 18:43:12] INFO     creating network constraints
[2025-09-14 18:43:12] INFO     creating policy constraints
[2025-09-14 18:43:12] INFO     creating conversion constraints
[2025-09-14 18:43:12] INFO     creating group constraints
[2025-09-14 18:43:12] INFO     creating conversion_plus constraints
[2025-09-14 18:43:12] INFO     creating milp constraints
[2025-09-14 18:43:12] INFO     creating export constraints
[2025-09-14 18:55:03] DEBUG    Set parameter WLSAccessID
Set parameter WLSSecret
Set parameter LicenseID to value 2680226
[2025-09-14 18:55:03] DEBUG    Academic license 2680226 - for non-commercial use only - registered to an___@mail.polimi.it
[2025-09-14 18:55:37] DEBUG    Read LP format model from file /tmp/tmp57ymu8jr.pyomo.lp
[2025-09-14 18:55:37] DEBUG    Reading time = 34.05 seconds
x16506728: 22384821 rows, 16506728 columns, 54288447 nonzeros
[2025-09-14 18:55:37] DEBUG    Set parameter NumericFocus to value 1
[2025-09-14 18:55:37] DEBUG    Gurobi Optimizer version 12.0.2 build v12.0.2rc0 (linux64 - "Debian GNU/Linux 11 (bullseye)")

CPU model: Intel(R) Xeon(R) Silver 4314 CPU @ 2.40GHz, instruction set [SSE2|AVX|AVX2|AVX512]
Thread count: 32 physical cores, 64 logical processors, using up to 32 threads
[2025-09-14 18:55:37] DEBUG    Non-default parameters:
NumericFocus  1
[2025-09-14 18:55:37] DEBUG    Academic license 2680226 - for non-commercial use only - registered to an___@mail.polimi.it
[2025-09-14 18:55:37] DEBUG    Optimize a model with 22384821 rows, 16506728 columns and 54288447 nonzeros
[2025-09-14 18:55:38] DEBUG    Model fingerprint: 0xdff98c8e
[2025-09-14 18:55:38] DEBUG    Coefficient statistics:
  Matrix range     [1e-07, 3e+02]
[2025-09-14 18:55:38] DEBUG    Objective range  [1e+00, 1e+06]
  Bounds range     [0e+00, 0e+00]
  RHS range        [1e+00, 6e+09]
Warning: Model contains large rhs
[2025-09-14 18:55:44] DEBUG    Presolve removed 17906770 rows and 9286698 columns (presolve time = 6s)...
[2025-09-14 18:55:48] DEBUG    Presolve removed 18756361 rows and 11830000 columns (presolve time = 10s)...
[2025-09-14 18:55:54] DEBUG    Presolve removed 20401668 rows and 13429729 columns (presolve time = 16s)...
[2025-09-14 18:55:58] DEBUG    Presolve removed 21079701 rows and 13534849 columns
[2025-09-14 18:55:58] DEBUG    Presolve time: 21.07s
Presolved: 1305120 rows, 3112023 columns, 8341078 nonzeros
[2025-09-14 18:55:58] DEBUG    Concurrent LP optimizer: primal simplex, dual simplex, and barrier
Showing barrier log only...
[2025-09-14 18:56:32] DEBUG    Elapsed ordering time = 32s
[2025-09-14 18:56:35] DEBUG    Elapsed ordering time = 35s
[2025-09-14 18:56:36] DEBUG    Ordering time: 36.33s
[2025-09-14 18:56:37] DEBUG    Barrier statistics:
 Dense cols : 112
 AA' NZ     : 7.662e+06
 Factor NZ  : 3.997e+07 (roughly 2.0 GB of memory)
 Factor Ops : 4.415e+09 (less than 1 second per iteration)
 Threads    : 30
[2025-09-14 18:56:40] DEBUG    Objective                Residual
[2025-09-14 18:56:40] DEBUG    Iter       Primal          Dual         Primal    Dual     Compl     Time
[2025-09-14 18:56:40] DEBUG    0   4.61771808e+21 -1.16727533e+19  6.48e+10 1.58e-01  5.97e+15    63s
[2025-09-14 18:56:44] DEBUG    1   4.24336346e+21 -1.20024407e+19  5.91e+10 2.98e+05  5.12e+15    67s
[2025-09-14 18:56:49] DEBUG    2   3.99451376e+21 -4.18326712e+19  5.59e+10 2.31e+05  4.87e+15    72s
[2025-09-14 18:56:57] DEBUG    3   3.38855128e+21 -2.23889135e+20  4.73e+10 4.66e+04  4.33e+15    80s
[2025-09-14 18:57:02] DEBUG    4   5.99433160e+20 -1.97686249e+20  7.81e+09 1.34e+04  7.43e+14    85s
[2025-09-14 18:57:09] DEBUG    5   2.05949742e+20 -1.17940056e+20  2.57e+09 2.29e+03  2.51e+14    92s
[2025-09-14 18:57:15] DEBUG    6   8.87036144e+19 -5.04331525e+19  1.05e+09 2.02e+02  1.03e+14    98s
[2025-09-14 18:57:17] DEBUG    7   4.05422656e+19 -2.64632014e+19  4.70e+08 3.35e+01  4.57e+13   100s
[2025-09-14 18:57:21] DEBUG    8   2.65868045e+19 -1.63252051e+19  3.04e+08 4.91e+00  2.91e+13   104s
[2025-09-14 18:57:25] DEBUG    9   1.58719549e+19 -1.34117418e+19  1.75e+08 1.00e+01  1.74e+13   108s
[2025-09-14 18:57:28] DEBUG    10   1.16052928e+19 -9.23258220e+18  1.27e+08 1.59e+00  1.23e+13   111s
[2025-09-14 18:57:31] DEBUG    11   7.75256828e+18 -5.23148315e+18  8.41e+07 2.89e-05  7.84e+12   114s
[2025-09-14 18:57:36] DEBUG    12   6.30633740e+18 -2.82828653e+18  6.80e+07 3.14e-03  5.94e+12   118s
[2025-09-14 18:57:39] DEBUG    13   3.94823532e+18 -2.09789741e+18  4.19e+07 2.42e-02  3.65e+12   122s
[2025-09-14 18:57:43] DEBUG    14   2.03787930e+18 -1.29778871e+18  2.09e+07 7.80e-04  1.80e+12   126s
[2025-09-14 18:57:49] DEBUG    15   4.37629672e+17 -7.81955323e+17  4.29e+06 8.08e-04  4.34e+11   132s
[2025-09-14 18:57:53] DEBUG    16   1.52003915e+17 -4.26429875e+17  1.45e+06 4.94e-04  1.61e+11   136s
[2025-09-14 18:57:58] DEBUG    17   5.00642430e+16 -1.18220855e+17  4.54e+05 2.27e-04  4.14e+10   141s
[2025-09-14 18:58:02] DEBUG    18   2.30050613e+16 -3.67791929e+16  2.07e+05 5.01e-05  1.35e+10   145s
[2025-09-14 18:58:08] DEBUG    19   4.87919008e+14 -6.56700290e+15  2.43e+03 1.26e-04  1.18e+09   151s
[2025-09-14 18:58:14] DEBUG    20   6.33395822e+12 -1.09746879e+15  5.85e-02 1.13e-04  1.82e+08   157s
[2025-09-14 18:58:26] DEBUG    21   4.18966369e+12 -4.38022522e+14  1.82e-03 3.61e-03  7.27e+07   169s
[2025-09-14 18:58:44] DEBUG    22   3.81967650e+12 -3.25210036e+14  5.15e-04 4.12e-03  5.41e+07   187s
[2025-09-14 18:58:58] DEBUG    23   3.59892379e+12 -1.02889681e+14  3.81e-04 5.99e-03  1.75e+07   201s
[2025-09-14 18:59:11] DEBUG    24   3.18244972e+12 -4.90497687e+13  2.94e-04 1.59e-02  8.56e+06   214s
[2025-09-14 18:59:21] DEBUG    25   2.87338641e+12 -4.71261500e+13  2.63e-04 1.56e-02  8.20e+06   224s
[2025-09-14 18:59:32] DEBUG    26   2.70856754e+12 -4.53389549e+13  2.35e-04 1.54e-02  7.88e+06   235s
[2025-09-14 18:59:44] DEBUG    27   2.66411652e+12 -3.37920818e+13  2.25e-04 1.36e-02  5.97e+06   247s
[2025-09-14 19:00:04] DEBUG    28   2.27493221e+12 -2.90439649e+13  1.65e-04 1.26e-02  5.13e+06   266s
[2025-09-14 19:00:17] DEBUG    29   2.22496985e+12 -2.76806235e+13  1.57e-04 1.23e-02  4.90e+06   280s
[2025-09-14 19:00:41] DEBUG    30   1.96483739e+12 -1.57657436e+13  1.27e-04 1.38e-02  2.89e+06   304s
[2025-09-14 19:01:11] DEBUG    31   1.72542948e+12 -1.23367470e+13  1.03e-04 1.52e-02  2.29e+06   334s
[2025-09-14 19:01:35] DEBUG    32   1.67081689e+12 -1.00887938e+13  9.87e-05 1.60e-02  1.91e+06   358s
[2025-09-14 19:01:55] DEBUG    33   1.24335636e+12 -7.96453724e+12  6.96e-05 1.70e-02  1.49e+06   377s
[2025-09-14 19:02:17] DEBUG    34   9.80542977e+11 -3.34334183e+12  6.01e-05 1.88e-02  6.86e+05   400s
[2025-09-14 19:02:37] DEBUG    35   8.57001251e+11 -2.60496143e+12  6.01e-05 1.92e-02  5.44e+05   420s
[2025-09-14 19:02:55] DEBUG    36   7.14519904e+11 -1.43056322e+12  3.40e-05 1.97e-02  3.25e+05   438s
[2025-09-14 19:03:16] DEBUG    37   5.53239072e+11 -6.95974566e+11  5.53e-05 1.99e-02  1.77e+05   459s
[2025-09-14 19:03:31] DEBUG    38   5.01111282e+11 -4.23893280e+11  6.96e-05 2.01e-02  1.24e+05   474s
[2025-09-14 19:03:43] DEBUG    39   3.85086018e+11 -2.19449546e+11  5.25e-05 1.96e-02  7.43e+04   486s
[2025-09-14 19:03:59] DEBUG    40   3.40563125e+11 -1.66183072e+11  6.96e-05 1.89e-02  6.01e+04   502s
[2025-09-14 19:04:09] DEBUG    41   3.07747680e+11 -1.39778225e+11  6.10e-05 1.82e-02  5.20e+04   512s
[2025-09-14 19:04:20] DEBUG    42   2.80821859e+11 -1.27271317e+11  6.01e-05 1.76e-02  4.68e+04   523s
[2025-09-14 19:04:30] DEBUG    43   2.54865179e+11 -1.18032277e+11  8.96e-05 1.68e-02  4.25e+04   533s
[2025-09-14 19:04:42] DEBUG    44   2.41878968e+11 -9.82253206e+10  1.04e-04 1.55e-02  3.77e+04   545s
[2025-09-14 19:04:56] DEBUG    45   2.21888630e+11 -5.48784261e+10  8.77e-05 1.15e-02  2.84e+04   559s
[2025-09-14 19:05:13] DEBUG    46   1.96680669e+11 -2.81808236e+10  7.15e-05 7.83e-03  2.10e+04   576s
[2025-09-14 19:05:29] DEBUG    47   1.80217998e+11 -1.44705807e+10  6.63e-05 6.20e-03  1.67e+04   592s
[2025-09-14 19:05:47] DEBUG    48   1.59981270e+11 -2.51219894e+09  5.05e-05 5.37e-03  1.22e+04   610s
[2025-09-14 19:06:01] DEBUG    49   1.40664421e+11  1.28739029e+09  5.15e-05 5.36e-03  9.11e+03   623s
[2025-09-14 19:06:16] DEBUG    50   1.30612540e+11  3.21021773e+09  5.25e-05 5.31e-03  7.51e+03   639s
[2025-09-14 19:06:35] DEBUG    51   1.23808912e+11  5.44430672e+09  5.91e-05 5.20e-03  6.28e+03   658s
[2025-09-14 19:06:49] DEBUG    52   1.11793064e+11  6.92540590e+09  6.87e-05 5.07e-03  4.56e+03   672s
[2025-09-14 19:07:03] DEBUG    53   1.07489980e+11  7.63239737e+09  5.05e-05 4.87e-03  3.95e+03   686s
[2025-09-14 19:07:18] DEBUG    54   1.03365478e+11  8.20791180e+09  8.11e-05 4.55e-03  3.39e+03   701s
[2025-09-14 19:07:32] DEBUG    55   1.01329696e+11  8.42393903e+09  7.15e-05 4.39e-03  3.13e+03   715s
[2025-09-14 19:07:47] DEBUG    56   9.84287786e+10  8.87819608e+09  1.38e-04 3.76e-03  2.74e+03   730s
[2025-09-14 19:08:02] DEBUG    57   9.39029117e+10  9.35733618e+09  9.82e-05 3.33e-03  2.17e+03   745s
[2025-09-14 19:08:12] DEBUG    58   9.22055501e+10  9.72601383e+09  8.30e-05 3.30e-03  1.91e+03   755s
[2025-09-14 19:08:23] DEBUG    59   8.99515959e+10  9.91560478e+09  4.05e-05 3.27e-03  1.60e+03   766s
[2025-09-14 19:08:36] DEBUG    60   8.86856960e+10  1.01048037e+10  6.58e-05 3.25e-03  1.42e+03   779s
[2025-09-14 19:08:47] DEBUG    61   8.67248531e+10  1.02938536e+10  7.44e-05 3.22e-03  1.15e+03   790s
[2025-09-14 19:08:56] DEBUG    62   8.45916112e+10  1.04348557e+10  4.96e-05 3.20e-03  8.63e+02   799s
[2025-09-14 19:09:15] DEBUG    63   8.38999265e+10  1.05599738e+10  4.96e-05 3.17e-03  7.59e+02   818s
[2025-09-14 19:09:25] DEBUG    64   8.27862931e+10  1.06325158e+10  5.91e-05 3.16e-03  6.23e+02   828s
[2025-09-14 19:09:39] DEBUG    65   8.26159322e+10  1.06680329e+10  6.87e-05 3.13e-03  6.01e+02   842s
[2025-09-14 19:09:53] DEBUG    66   8.19108798e+10  1.07288734e+10  1.09e-04 3.09e-03  5.16e+02   856s
[2025-09-14 19:10:03] DEBUG    67   8.13389833e+10  1.07846412e+10  1.00e-04 3.04e-03  4.50e+02   866s
[2025-09-14 19:10:12] DEBUG    68   8.08418466e+10  1.08385363e+10  8.35e-05 3.02e-03  3.82e+02   875s
[2025-09-14 19:10:22] DEBUG    69   8.04465374e+10  1.08954104e+10  1.07e-04 3.00e-03  3.28e+02   885s
[2025-09-14 19:10:28] DEBUG    70   7.97426808e+10  1.09317217e+10  8.43e-05 2.99e-03  2.48e+02   891s
[2025-09-14 19:10:38] DEBUG    71   7.94991179e+10  1.09682642e+10  1.17e-04 2.97e-03  2.18e+02   901s
[2025-09-14 19:10:45] DEBUG    72   7.92792527e+10  1.09839794e+10  1.28e-04 2.96e-03  1.96e+02   908s
[2025-09-14 19:10:51] DEBUG    73   7.88140188e+10  1.10055854e+10  8.25e-05 2.94e-03  1.53e+02   913s
[2025-09-14 19:10:56] DEBUG    74   7.86133484e+10  1.10143953e+10  2.21e-04 2.93e-03  1.37e+02   919s
[2025-09-14 19:11:05] DEBUG    75   7.84250615e+10  1.10298933e+10  1.92e-04 2.92e-03  1.21e+02   928s
[2025-09-14 19:11:16] DEBUG    76   7.81707881e+10  1.10419168e+10  1.43e-04 2.89e-03  1.01e+02   939s
[2025-09-14 19:11:26] DEBUG    77   7.78784608e+10  1.10551985e+10  1.24e-04 2.86e-03  8.15e+01   949s
[2025-09-14 19:11:33] DEBUG    78   7.76512921e+10  1.10629682e+10  1.20e-04 2.84e-03  6.85e+01   956s
[2025-09-14 19:11:43] DEBUG    79   7.73598305e+10  1.10700545e+10  1.08e-04 2.82e-03  5.27e+01   966s
[2025-09-14 19:11:51] DEBUG    80   7.71680473e+10  1.10752327e+10  9.70e-05 2.79e-03  4.41e+01   974s
[2025-09-14 19:12:03] DEBUG    81   7.70823609e+10  1.10778318e+10  8.93e-05 2.77e-03  4.03e+01   986s
[2025-09-14 19:12:12] DEBUG    82   7.68542250e+10  1.10806450e+10  6.97e-05 2.75e-03  3.20e+01   995s
[2025-09-14 19:12:21] DEBUG    83   7.66641534e+10  1.10840529e+10  6.77e-05 2.73e-03  2.64e+01  1003s
[2025-09-14 19:12:29] DEBUG    84   7.64856464e+10  1.10856093e+10  5.05e-05 2.72e-03  2.19e+01  1012s
[2025-09-14 19:12:38] DEBUG    85   7.63704731e+10  1.10866398e+10  5.34e-05 2.71e-03  1.95e+01  1021s
[2025-09-14 19:12:46] DEBUG    86   7.62798751e+10  1.10871749e+10  1.10e-04 2.71e-03  1.78e+01  1028s
[2025-09-14 19:12:52] DEBUG    87   7.62473995e+10  1.10882222e+10  7.53e-05 2.70e-03  1.71e+01  1035s
[2025-09-14 19:13:04] DEBUG    88   7.61698167e+10  1.10882607e+10  6.01e-05 2.70e-03  1.59e+01  1047s
[2025-09-14 19:13:12] DEBUG    89   7.60726429e+10  1.10891871e+10  5.05e-05 2.69e-03  1.43e+01  1055s
[2025-09-14 19:13:20] DEBUG    90   7.59488721e+10  1.10903405e+10  4.86e-05 2.69e-03  1.25e+01  1063s
[2025-09-14 19:13:29] DEBUG    91   7.58541718e+10  1.10907649e+10  6.91e-05 2.68e-03  1.13e+01  1072s
[2025-09-14 19:13:37] DEBUG    92   7.57854857e+10  1.10918815e+10  5.87e-05 2.68e-03  1.04e+01  1080s
[2025-09-14 19:13:46] DEBUG    93   7.56144342e+10  1.10923967e+10  4.39e-05 2.68e-03  8.68e+00  1089s
[2025-09-14 19:13:55] DEBUG    94   7.55006549e+10  1.10927874e+10  4.24e-05 2.67e-03  7.71e+00  1098s
[2025-09-14 19:14:05] DEBUG    95   7.54466255e+10  1.10935557e+10  4.96e-05 2.67e-03  7.26e+00  1108s
[2025-09-14 19:14:14] DEBUG    96   7.53374404e+10  1.10940786e+10  7.30e-05 2.67e-03  6.46e+00  1117s
[2025-09-14 19:14:22] DEBUG    97   7.52649523e+10  1.10948267e+10  6.72e-05 2.67e-03  5.91e+00  1125s
[2025-09-14 19:14:31] DEBUG    98   7.51784636e+10  1.10951606e+10  7.39e-05 2.66e-03  5.40e+00  1134s
[2025-09-14 19:14:39] DEBUG    99   7.50852902e+10  1.10956030e+10  5.15e-05 2.66e-03  4.89e+00  1142s
[2025-09-14 19:14:49] DEBUG    100   7.49923481e+10  1.10961860e+10  6.48e-05 2.66e-03  4.42e+00  1151s
[2025-09-14 19:14:56] DEBUG    101   7.49761403e+10  1.10964193e+10  1.00e-04 2.66e-03  4.34e+00  1159s
[2025-09-14 19:15:04] DEBUG    102   7.49023908e+10  1.10968501e+10  7.72e-05 2.66e-03  4.02e+00  1167s
[2025-09-14 19:15:17] DEBUG    103   7.48915452e+10  1.10971551e+10  7.01e-05 2.66e-03  3.96e+00  1180s
[2025-09-14 19:15:24] DEBUG    104   7.48058866e+10  1.10975690e+10  8.11e-05 2.66e-03  3.62e+00  1187s
[2025-09-14 19:15:32] DEBUG    105   7.47833050e+10  1.10977901e+10  6.58e-05 2.66e-03  3.54e+00  1195s
[2025-09-14 19:15:42] DEBUG    106   7.47326767e+10  1.10980865e+10  6.34e-05 2.66e-03  3.35e+00  1205s
[2025-09-14 19:15:51] DEBUG    107   7.46855663e+10  1.10986715e+10  7.15e-05 2.66e-03  3.18e+00  1214s
[2025-09-14 19:16:00] DEBUG    108   7.46270717e+10  1.10990517e+10  6.53e-05 2.66e-03  2.97e+00  1223s
[2025-09-14 19:16:09] DEBUG    109   7.45518755e+10  1.10994215e+10  8.87e-05 2.66e-03  2.74e+00  1232s
[2025-09-14 19:16:19] DEBUG    110   7.45062868e+10  1.10998811e+10  5.34e-05 2.66e-03  2.60e+00  1242s
[2025-09-14 19:16:28] DEBUG    111   7.44628477e+10  1.11001694e+10  5.72e-05 2.66e-03  2.48e+00  1251s
[2025-09-14 19:16:41] DEBUG    112   7.44437521e+10  1.11007304e+10  6.58e-05 2.65e-03  2.41e+00  1264s
[2025-09-14 19:16:52] DEBUG    113   7.43883035e+10  1.11009893e+10  8.30e-05 2.65e-03  2.28e+00  1275s
[2025-09-14 19:17:01] DEBUG    114   7.43787267e+10  1.11012767e+10  8.15e-05 2.65e-03  2.25e+00  1284s
[2025-09-14 19:17:11] DEBUG    115   7.43137513e+10  1.11017721e+10  7.01e-05 2.64e-03  2.10e+00  1294s
[2025-09-14 19:17:20] DEBUG    116   7.42986204e+10  1.11017721e+10  5.82e-05 2.64e-03  2.07e+00  1303s
[2025-09-14 19:17:27] DEBUG    117   7.42480166e+10  1.11020941e+10  7.72e-05 2.63e-03  1.96e+00  1310s
[2025-09-14 19:17:32] DEBUG    118   7.42063812e+10  1.11024230e+10  5.82e-05 2.63e-03  1.87e+00  1315s
[2025-09-14 19:17:41] DEBUG    119   7.41610868e+10  1.11030343e+10  9.82e-05 2.62e-03  1.77e+00  1324s
[2025-09-14 19:17:50] DEBUG    120   7.41207819e+10  1.11035326e+10  8.68e-05 2.62e-03  1.69e+00  1333s
[2025-09-14 19:17:58] DEBUG    121   7.40746059e+10  1.11037856e+10  1.04e-04 2.61e-03  1.61e+00  1341s
[2025-09-14 19:18:06] DEBUG    122   7.40125692e+10  1.11041239e+10  7.82e-05 2.61e-03  1.50e+00  1349s
[2025-09-14 19:18:15] DEBUG    123   7.39685919e+10  1.11044661e+10  1.09e-04 2.60e-03  1.42e+00  1358s
[2025-09-14 19:18:23] DEBUG    124   7.39153119e+10  1.11047520e+10  1.01e-04 2.60e-03  1.34e+00  1366s
[2025-09-14 19:18:33] DEBUG    125   7.38582216e+10  1.11050112e+10  1.17e-04 2.60e-03  1.25e+00  1376s
[2025-09-14 19:18:43] DEBUG    126   7.38451193e+10  1.11054332e+10  1.38e-04 2.59e-03  1.23e+00  1386s
[2025-09-14 19:18:53] DEBUG    127   7.37901696e+10  1.11057211e+10  1.55e-04 2.59e-03  1.16e+00  1396s
[2025-09-14 19:18:59] DEBUG    128   7.37704051e+10  1.11058738e+10  2.43e-04 2.59e-03  1.13e+00  1401s
[2025-09-14 19:19:06] DEBUG    129   7.37491717e+10  1.11061256e+10  2.40e-04 2.58e-03  1.11e+00  1409s
[2025-09-14 19:19:14] DEBUG    130   7.37268327e+10  1.11065377e+10  1.89e-04 2.58e-03  1.08e+00  1417s
[2025-09-14 19:19:26] DEBUG    131   7.37048917e+10  1.11066495e+10  2.32e-04 2.58e-03  1.05e+00  1429s
[2025-09-14 19:19:35] DEBUG    132   7.36922242e+10  1.11068042e+10  2.20e-04 2.58e-03  1.04e+00  1438s
[2025-09-14 19:19:44] DEBUG    133   7.36562486e+10  1.11068970e+10  1.96e-04 2.58e-03  1.00e+00  1447s
[2025-09-14 19:19:53] DEBUG    134   7.36297973e+10  1.11070326e+10  1.53e-04 2.58e-03  9.73e-01  1456s
[2025-09-14 19:20:02] DEBUG    135   7.36069745e+10  1.11072252e+10  1.28e-04 2.58e-03  9.49e-01  1465s
[2025-09-14 19:20:12] DEBUG    136   7.35777899e+10  1.11074841e+10  2.21e-04 2.57e-03  9.18e-01  1475s
[2025-09-14 19:20:22] DEBUG    137   7.35518407e+10  1.11075624e+10  2.47e-04 2.57e-03  8.91e-01  1485s
[2025-09-14 19:20:35] DEBUG    138   7.35443223e+10  1.11077099e+10  1.75e-04 2.57e-03  8.83e-01  1498s
[2025-09-14 19:20:43] DEBUG    139   7.35207789e+10  1.11078986e+10  2.16e-04 2.57e-03  8.60e-01  1506s
[2025-09-14 19:20:54] DEBUG    140   7.34909862e+10  1.11081770e+10  1.95e-04 2.57e-03  8.47e-01  1517s
[2025-09-14 19:21:01] DEBUG    141   7.34666564e+10  1.11083767e+10  2.72e-04 2.57e-03  8.26e-01  1524s
[2025-09-14 19:21:09] DEBUG    142   7.34426892e+10  1.11085885e+10  2.06e-04 2.57e-03  8.05e-01  1532s
[2025-09-14 19:21:19] DEBUG    143   7.34125356e+10  1.11086805e+10  2.47e-04 2.57e-03  7.80e-01  1542s
[2025-09-14 19:21:27] DEBUG    144   7.33789680e+10  1.11090032e+10  1.70e-04 2.56e-03  7.50e-01  1550s
[2025-09-14 19:21:28] DEBUG    Barrier performed 144 iterations in 1550.41 seconds (343.03 work units)
[2025-09-14 19:21:28] DEBUG    Barrier solve interrupted - model solved by another algorithm
[2025-09-14 19:21:28] DEBUG    Solved with dual simplex
[2025-09-14 19:21:37] DEBUG    Iteration    Objective       Primal Inf.    Dual Inf.      Time
[2025-09-14 19:21:37] DEBUG    878503    1.1477383e+10   0.000000e+00   0.000000e+00   1559s

Solved in 878503 iterations and 1559.46 seconds (432.55 work units)
[2025-09-14 19:21:37] DEBUG    Optimal objective  1.147738329e+10
✅ Scenario completato: existing_VRES_2030_PHES

🚀 Lancio scenario: existing_VRES_2030_nostorage
[2025-09-14 19:31:20] INFO     Loading sets
[2025-09-14 19:31:20] INFO     Loading parameters
[2025-09-14 19:31:52] INFO     constraints are loaded in the following order: ['energy_balance', 'dispatch', 'costs', 'capacity', 'network', 'policy', 'conversion', 'group', 'conversion_plus', 'milp', 'export']
[2025-09-14 19:31:52] INFO     creating energy_balance constraints
[2025-09-14 19:34:38] INFO     creating dispatch constraints
[2025-09-14 19:39:26] INFO     creating costs constraints
[2025-09-14 19:47:11] INFO     creating capacity constraints
[2025-09-14 19:47:11] INFO     creating network constraints
[2025-09-14 19:47:11] INFO     creating policy constraints
[2025-09-14 19:47:11] INFO     creating conversion constraints
[2025-09-14 19:47:11] INFO     creating group constraints
[2025-09-14 19:47:11] INFO     creating conversion_plus constraints
[2025-09-14 19:47:11] INFO     creating milp constraints
[2025-09-14 19:47:11] INFO     creating export constraints
[2025-09-14 19:58:09] DEBUG    Set parameter WLSAccessID
Set parameter WLSSecret
Set parameter LicenseID to value 2680226
[2025-09-14 19:58:09] DEBUG    Academic license 2680226 - for non-commercial use only - registered to an___@mail.polimi.it
[2025-09-14 19:58:39] DEBUG    Read LP format model from file /tmp/tmpsmoozkcx.pyomo.lp
Reading time = 30.51 seconds
x15236354: 20606309 rows, 15236354 columns, 49461310 nonzeros
[2025-09-14 19:58:39] DEBUG    Set parameter NumericFocus to value 1
Gurobi Optimizer version 12.0.2 build v12.0.2rc0 (linux64 - "Debian GNU/Linux 11 (bullseye)")

CPU model: Intel(R) Xeon(R) Silver 4314 CPU @ 2.40GHz, instruction set [SSE2|AVX|AVX2|AVX512]
Thread count: 32 physical cores, 64 logical processors, using up to 32 threads

Non-default parameters:
NumericFocus  1
[2025-09-14 19:58:39] DEBUG    Academic license 2680226 - for non-commercial use only - registered to an___@mail.polimi.it
Optimize a model with 20606309 rows, 15236354 columns and 49461310 nonzeros
[2025-09-14 19:58:40] DEBUG    Model fingerprint: 0xc9ace3ae
[2025-09-14 19:58:40] DEBUG    Coefficient statistics:
  Matrix range     [1e-07, 3e+02]
  Objective range  [1e+00, 1e+06]
  Bounds range     [0e+00, 0e+00]
  RHS range        [1e+00, 2e+08]
[2025-09-14 19:58:45] DEBUG    Presolve removed 17267110 rows and 8699656 columns (presolve time = 5s)...
[2025-09-14 19:58:51] DEBUG    Presolve removed 19534146 rows and 12660429 columns (presolve time = 11s)...
[2025-09-14 19:58:56] DEBUG    Presolve removed 20071983 rows and 12765559 columns (presolve time = 15s)...
[2025-09-14 19:58:57] DEBUG    Presolve removed 20212127 rows and 12765559 columns
[2025-09-14 19:58:57] DEBUG    Presolve time: 17.31s
Presolved: 394182 rows, 2610939 columns, 4515208 nonzeros

Concurrent LP optimizer: primal simplex, dual simplex, and barrier
Showing barrier log only...
[2025-09-14 19:59:02] DEBUG    Ordering time: 4.92s
[2025-09-14 19:59:03] DEBUG    Barrier statistics:
 Dense cols : 86
[2025-09-14 19:59:03] DEBUG    AA' NZ     : 1.423e+06
 Factor NZ  : 1.417e+07 (roughly 1.3 GB of memory)
 Factor Ops : 1.163e+09 (less than 1 second per iteration)
 Threads    : 30
[2025-09-14 19:59:05] DEBUG    Objective                Residual
[2025-09-14 19:59:05] DEBUG    Iter       Primal          Dual         Primal    Dual     Compl     Time
[2025-09-14 19:59:06] DEBUG    0   4.40169347e+21 -4.31594015e+19  6.48e+10 9.31e-10  1.94e+16    26s
[2025-09-14 19:59:09] DEBUG    1   2.52297815e+21 -4.58400288e+19  2.77e+10 5.12e+05  8.28e+15    29s
[2025-09-14 19:59:12] DEBUG    2   8.48930761e+20 -3.40382971e+19  6.53e+09 3.05e+04  1.98e+15    32s
[2025-09-14 19:59:16] DEBUG    3   2.76371746e+19 -2.48642040e+19  1.26e+08 4.74e+02  4.53e+13    36s
[2025-09-14 19:59:19] DEBUG    4   1.45852384e+19 -1.02057868e+19  6.38e+07 2.14e-06  2.16e+13    40s
[2025-09-14 19:59:22] DEBUG    5   5.71168736e+18 -5.74799133e+18  2.22e+07 3.72e-06  7.91e+12    42s
[2025-09-14 19:59:25] DEBUG    6   2.06575716e+18 -3.80092471e+18  7.17e+06 4.07e-06  2.88e+12    45s
[2025-09-14 19:59:27] DEBUG    7   9.02859817e+17 -1.96745675e+18  3.00e+06 3.50e-06  1.19e+12    48s
[2025-09-14 19:59:29] DEBUG    8   3.62087691e+17 -1.02474864e+18  1.18e+06 7.19e-06  4.81e+11    50s
[2025-09-14 19:59:32] DEBUG    9   1.26443664e+17 -3.62601040e+17  3.80e+05 1.20e-05  1.45e+11    53s
[2025-09-14 19:59:35] DEBUG    10   2.20102418e+16 -1.05046207e+17  6.00e+04 2.92e-06  3.07e+10    56s
[2025-09-14 19:59:38] DEBUG    11   1.06130965e+16 -2.64823463e+16  2.86e+04 5.35e-07  8.69e+09    59s
[2025-09-14 19:59:42] DEBUG    12   3.92737496e+15 -2.89552583e+15  1.04e+04 1.19e-07  1.56e+09    62s
[2025-09-14 19:59:44] DEBUG    13   8.57335252e+14 -5.20273885e+14  2.23e+03 9.82e-06  3.02e+08    65s
[2025-09-14 19:59:47] DEBUG    14   1.65552560e+14 -3.90605491e+13  4.25e+02 4.37e-05  4.40e+07    67s
[2025-09-14 19:59:49] DEBUG    15   1.18282069e+12 -3.11174191e+12  3.81e-06 4.25e-05  9.11e+05    70s
[2025-09-14 19:59:56] DEBUG    16   8.05209977e+11 -6.43164711e+11  2.86e-06 5.15e-05  3.07e+05    76s
[2025-09-14 20:00:01] DEBUG    17   6.33594620e+11 -4.91165752e+11  3.81e-06 5.67e-05  2.39e+05    81s
[2025-09-14 20:00:09] DEBUG    18   4.52244925e+11 -3.49219366e+11  2.38e-06 6.03e-05  1.70e+05    89s
[2025-09-14 20:00:15] DEBUG    19   4.11413613e+11 -1.51351882e+11  1.91e-06 6.14e-05  1.19e+05    95s
[2025-09-14 20:00:21] DEBUG    20   3.03633183e+11 -6.93914133e+10  2.86e-06 4.77e-05  7.91e+04   102s
[2025-09-14 20:00:32] DEBUG    21   2.63374595e+11 -1.16375288e+10  2.86e-06 3.87e-05  5.83e+04   113s
[2025-09-14 20:00:48] DEBUG    22   2.35074178e+11  1.46559487e+10  1.91e-06 3.11e-05  4.68e+04   129s
[2025-09-14 20:01:03] DEBUG    23   1.96370937e+11  2.70911799e+10  2.86e-06 2.54e-05  3.59e+04   144s
[2025-09-14 20:01:16] DEBUG    24   1.68530992e+11  3.55223832e+10  1.91e-06 2.66e-05  2.82e+04   156s
[2025-09-14 20:01:28] DEBUG    25   1.47236858e+11  4.15555425e+10  2.86e-06 3.16e-05  2.24e+04   168s
[2025-09-14 20:01:28] DEBUG    Barrier performed 25 iterations in 168.16 seconds (47.19 work units)
Barrier solve interrupted - model solved by another algorithm
[2025-09-14 20:01:28] DEBUG    Solved with dual simplex
[2025-09-14 20:01:36] DEBUG    Iteration    Objective       Primal Inf.    Dual Inf.      Time
[2025-09-14 20:01:36] DEBUG    307608    5.0714800e+10   0.000000e+00   0.000000e+00    176s

Solved in 307608 iterations and 176.12 seconds (66.20 work units)
Optimal objective  5.071479954e+10
✅ Scenario completato: existing_VRES_2030_nostorage

🚀 Lancio scenario: existing_CG+VRES_2030_BESS
[2025-09-14 20:13:45] INFO     Loading sets
[2025-09-14 20:13:45] INFO     Loading parameters
[2025-09-14 20:14:19] INFO     constraints are loaded in the following order: ['energy_balance', 'dispatch', 'costs', 'capacity', 'network', 'policy', 'conversion', 'group', 'conversion_plus', 'milp', 'export']
[2025-09-14 20:14:19] INFO     creating energy_balance constraints
[2025-09-14 20:17:18] INFO     creating dispatch constraints
[2025-09-14 20:19:16] INFO     creating costs constraints
[2025-09-14 20:32:35] INFO     creating capacity constraints
[2025-09-14 20:32:35] INFO     creating network constraints
[2025-09-14 20:32:35] INFO     creating policy constraints
[2025-09-14 20:32:35] INFO     creating conversion constraints
[2025-09-14 20:32:35] INFO     creating group constraints
[2025-09-14 20:32:35] INFO     creating conversion_plus constraints
[2025-09-14 20:32:35] INFO     creating milp constraints
[2025-09-14 20:32:35] INFO     creating export constraints
[2025-09-14 20:45:03] DEBUG    Set parameter WLSAccessID
Set parameter WLSSecret
[2025-09-14 20:45:03] DEBUG    Set parameter LicenseID to value 2680226
[2025-09-14 20:45:04] DEBUG    Academic license 2680226 - for non-commercial use only - registered to an___@mail.polimi.it
[2025-09-14 20:45:39] DEBUG    Read LP format model from file /tmp/tmpn0e7d2lm.pyomo.lp
[2025-09-14 20:45:39] DEBUG    Reading time = 35.07 seconds
x17268993: 23146999 rows, 17268993 columns, 56320912 nonzeros
[2025-09-14 20:45:39] DEBUG    Set parameter NumericFocus to value 1
[2025-09-14 20:45:39] DEBUG    Gurobi Optimizer version 12.0.2 build v12.0.2rc0 (linux64 - "Debian GNU/Linux 11 (bullseye)")

CPU model: Intel(R) Xeon(R) Silver 4314 CPU @ 2.40GHz, instruction set [SSE2|AVX|AVX2|AVX512]
Thread count: 32 physical cores, 64 logical processors, using up to 32 threads
[2025-09-14 20:45:39] DEBUG    Non-default parameters:
NumericFocus  1
[2025-09-14 20:45:39] DEBUG    Academic license 2680226 - for non-commercial use only - registered to an___@mail.polimi.it
[2025-09-14 20:45:39] DEBUG    Optimize a model with 23146999 rows, 17268993 columns and 56320912 nonzeros
[2025-09-14 20:45:39] DEBUG    Model fingerprint: 0xd16cd52d
[2025-09-14 20:45:40] DEBUG    Coefficient statistics:
  Matrix range     [1e-07, 3e+02]
[2025-09-14 20:45:40] DEBUG    Objective range  [1e+00, 1e+06]
  Bounds range     [0e+00, 0e+00]
  RHS range        [1e+00, 2e+08]
[2025-09-14 20:45:46] DEBUG    Presolve removed 18283502 rows and 9970088 columns (presolve time = 6s)...
[2025-09-14 20:45:50] DEBUG    Presolve removed 18289677 rows and 11670000 columns (presolve time = 10s)...
[2025-09-14 20:45:55] DEBUG    Presolve removed 20804605 rows and 14134149 columns (presolve time = 15s)...
[2025-09-14 20:46:00] DEBUG    Presolve removed 21342500 rows and 14239269 columns (presolve time = 20s)...
[2025-09-14 20:46:01] DEBUG    Presolve removed 21482644 rows and 14239269 columns
[2025-09-14 20:46:01] DEBUG    Presolve time: 22.31s
Presolved: 1664355 rows, 3169868 columns, 9291008 nonzeros
[2025-09-14 20:46:01] DEBUG    Concurrent LP optimizer: primal simplex, dual simplex, and barrier
Showing barrier log only...
[2025-09-14 20:46:15] DEBUG    Elapsed ordering time = 13s
[2025-09-14 20:46:17] DEBUG    Elapsed ordering time = 15s
[2025-09-14 20:46:19] DEBUG    Ordering time: 16.54s
[2025-09-14 20:46:21] DEBUG    Barrier statistics:
 Dense cols : 144
 AA' NZ     : 8.891e+06
[2025-09-14 20:46:21] DEBUG    Factor NZ  : 4.661e+07 (roughly 2.3 GB of memory)
 Factor Ops : 5.193e+09 (less than 1 second per iteration)
 Threads    : 30
[2025-09-14 20:46:24] DEBUG    Objective                Residual
[2025-09-14 20:46:24] DEBUG    Iter       Primal          Dual         Primal    Dual     Compl     Time
[2025-09-14 20:46:25] DEBUG    0   2.17509247e+21 -8.13228078e+18  6.48e+10 2.89e-11  3.93e+15    46s
[2025-09-14 20:46:30] DEBUG    1   1.83326599e+21 -8.14676181e+18  5.40e+10 2.15e+05  3.06e+15    52s
[2025-09-14 20:46:36] DEBUG    2   1.49900452e+21 -7.75809574e+18  4.44e+10 9.71e+04  2.31e+15    58s
[2025-09-14 20:46:41] DEBUG    3   1.12514588e+21 -6.77691035e+18  3.36e+10 2.90e+04  1.61e+15    62s
[2025-09-14 20:46:47] DEBUG    4   7.99904634e+20 -6.56562214e+18  2.35e+10 1.37e+04  1.13e+15    69s
[2025-09-14 20:46:52] DEBUG    5   4.72784559e+20 -6.25916655e+18  1.36e+10 6.85e+03  6.61e+14    74s
[2025-09-14 20:46:56] DEBUG    6   1.43095842e+20 -5.78376459e+18  4.14e+09 2.61e+03  2.08e+14    78s
[2025-09-14 20:47:01] DEBUG    7   3.48357601e+19 -5.15531443e+18  1.07e+09 1.06e+03  5.68e+13    82s
[2025-09-14 20:47:05] DEBUG    8   2.75335790e+19 -3.94075003e+18  8.58e+08 2.16e+02  4.22e+13    86s
[2025-09-14 20:47:12] DEBUG    9   1.52718114e+19 -3.24941394e+18  4.71e+08 3.46e+01  2.28e+13    93s
[2025-09-14 20:47:15] DEBUG    10   6.00242832e+18 -2.78971486e+18  1.81e+08 8.46e+00  8.94e+12    97s
[2025-09-14 20:47:21] DEBUG    11   2.31467540e+18 -2.01218140e+18  6.84e+07 6.95e-01  3.40e+12   103s
[2025-09-14 20:47:29] DEBUG    12   3.33352130e+16 -1.16120290e+18  7.59e+05 5.39e-01  2.17e+11   110s
[2025-09-14 20:47:35] DEBUG    13   6.99764784e+14 -4.53521941e+16  1.63e+03 1.12e-02  7.18e+09   116s
[2025-09-14 20:47:38] DEBUG    14   6.04486753e+14 -8.14782000e+15  1.94e+02 2.00e-02  1.31e+09   119s
[2025-09-14 20:47:43] DEBUG    15   5.67726986e+14 -2.87748448e+15  3.95e+01 2.31e-02  4.64e+08   124s
[2025-09-14 20:47:47] DEBUG    16   5.52405579e+14 -1.50625885e+15  1.49e+01 2.35e-02  2.47e+08   129s
[2025-09-14 20:47:52] DEBUG    17   5.48518476e+14 -9.77252222e+14  1.26e+01 3.01e-02  1.61e+08   133s
[2025-09-14 20:47:58] DEBUG    18   5.44430570e+14 -4.24084417e+14  1.06e+01 2.43e-02  7.29e+07   140s
[2025-09-14 20:48:03] DEBUG    19   5.42336312e+14 -2.93936972e+14  9.64e+00 2.45e-02  5.12e+07   145s
[2025-09-14 20:48:09] DEBUG    20   5.37884243e+14 -8.77073598e+13  7.83e+00 2.50e-02  1.64e+07   150s
[2025-09-14 20:48:17] DEBUG    21   5.18054872e+14 -2.33711157e+13  1.08e+00 2.53e-02  4.43e+06   159s
[2025-09-14 20:48:28] DEBUG    22   5.07051321e+14 -1.15651516e+12  5.02e-01 2.44e-02  2.96e+05   169s
[2025-09-14 20:48:35] DEBUG    23   5.00582922e+14 -6.73770102e+11  3.43e-01 2.46e-02  1.72e+05   176s
[2025-09-14 20:48:41] DEBUG    24   4.91141968e+14 -5.99132121e+11  1.83e-01 2.46e-02  1.43e+05   183s
[2025-09-14 20:48:45] DEBUG    25   4.89884940e+14 -2.51304500e+11  1.71e-01 2.48e-02  6.44e+04   187s
[2025-09-14 20:48:50] DEBUG    26   4.88540006e+14 -2.16254116e+11  1.60e-01 2.49e-02  5.51e+04   191s
[2025-09-14 20:48:57] DEBUG    27   4.81354939e+14 -1.34880819e+11  1.03e-01 2.50e-02  2.99e+04   198s
[2025-09-14 20:49:06] DEBUG    28   4.80544643e+14 -9.61124314e+10  9.84e-02 2.46e-02  1.98e+04   207s
[2025-09-14 20:49:16] DEBUG    29   4.72239210e+14 -8.87020614e+10  5.77e-02 2.45e-02  1.18e+04   217s
[2025-09-14 20:49:25] DEBUG    30   4.69662390e+14 -8.43685142e+10  5.03e-02 2.45e-02  9.35e+03   226s
[2025-09-14 20:49:37] DEBUG    31   4.67522673e+14 -8.52034448e+10  4.49e-02 2.44e-02  7.81e+03   238s
[2025-09-14 20:49:46] DEBUG    32   4.65052976e+14 -8.55212049e+10  3.93e-02 2.44e-02  6.24e+03   247s
[2025-09-14 20:49:57] DEBUG    33   4.64570177e+14 -8.61325924e+10  3.84e-02 2.44e-02  5.91e+03   258s
[2025-09-14 20:50:06] DEBUG    34   4.63638849e+14 -8.66887395e+10  3.66e-02 2.44e-02  5.61e+03   268s
[2025-09-14 20:50:18] DEBUG    35   4.63400608e+14 -8.71473027e+10  3.61e-02 2.44e-02  5.53e+03   279s
[2025-09-14 20:50:25] DEBUG    36   4.63351524e+14 -8.73467989e+10  3.60e-02 2.44e-02  5.53e+03   287s
[2025-09-14 20:50:36] DEBUG    37   4.63071968e+14 -8.76851506e+10  3.55e-02 2.44e-02  5.51e+03   298s
[2025-09-14 20:50:43] DEBUG    38   4.62998992e+14 -8.80535511e+10  3.54e-02 2.44e-02  6.61e+03   304s
[2025-09-14 20:50:51] DEBUG    39   4.62640715e+14 -8.85332550e+10  3.47e-02 2.51e-02  6.91e+03   312s
[2025-09-14 20:50:59] DEBUG    40   4.62501704e+14 -8.87789561e+10  3.45e-02 2.84e-02  7.00e+03   320s
[2025-09-14 20:51:05] DEBUG    41   4.62416054e+14 -8.90252376e+10  3.43e-02 3.29e-02  7.05e+03   327s
[2025-09-14 20:51:05] DEBUG    Barrier performed 41 iterations in 326.54 seconds (86.74 work units)
[2025-09-14 20:51:05] DEBUG    Numerical trouble encountered
[2025-09-14 20:51:05] DEBUG    Model may be infeasible or unbounded.  Consider using the
[2025-09-14 20:51:05] DEBUG    homogeneous algorithm (through parameter 'BarHomogeneous')
[2025-09-14 20:52:10] DEBUG    Waiting for other threads to finish...         391s
[2025-09-14 20:53:14] DEBUG    Waiting for other threads to finish...         456s
[2025-09-14 20:54:19] DEBUG    Waiting for other threads to finish...         520s
[2025-09-14 20:55:23] DEBUG    Waiting for other threads to finish...         584s
[2025-09-14 20:56:09] DEBUG    Solved with dual simplex
[2025-09-14 20:56:20] DEBUG    Iteration    Objective       Primal Inf.    Dual Inf.      Time
[2025-09-14 20:56:20] DEBUG    902114    1.0948834e+10   0.000000e+00   0.000000e+00    641s

Solved in 902114 iterations and 641.18 seconds (402.65 work units)
[2025-09-14 20:56:20] DEBUG    Optimal objective  1.094883367e+10
✅ Scenario completato: existing_CG+VRES_2030_BESS

🚀 Lancio scenario: existing_CG+VRES_2030_nostorage
[2025-09-14 21:07:09] INFO     Loading sets
[2025-09-14 21:07:09] INFO     Loading parameters
[2025-09-14 21:07:42] INFO     constraints are loaded in the following order: ['energy_balance', 'dispatch', 'costs', 'capacity', 'network', 'policy', 'conversion', 'group', 'conversion_plus', 'milp', 'export']
[2025-09-14 21:07:42] INFO     creating energy_balance constraints
[2025-09-14 21:10:29] INFO     creating dispatch constraints
[2025-09-14 21:12:16] INFO     creating costs constraints
[2025-09-14 21:26:44] INFO     creating capacity constraints
[2025-09-14 21:26:44] INFO     creating network constraints
[2025-09-14 21:26:44] INFO     creating policy constraints
[2025-09-14 21:26:44] INFO     creating conversion constraints
[2025-09-14 21:26:44] INFO     creating group constraints
[2025-09-14 21:26:44] INFO     creating conversion_plus constraints
[2025-09-14 21:26:44] INFO     creating milp constraints
[2025-09-14 21:26:44] INFO     creating export constraints
[2025-09-14 21:38:17] DEBUG    Set parameter WLSAccessID
Set parameter WLSSecret
[2025-09-14 21:38:17] DEBUG    Set parameter LicenseID to value 2680226
[2025-09-14 21:38:17] DEBUG    Academic license 2680226 - for non-commercial use only - registered to an___@mail.polimi.it
[2025-09-14 21:38:50] DEBUG    Read LP format model from file /tmp/tmpjous4jf3.pyomo.lp
[2025-09-14 21:38:50] DEBUG    Reading time = 32.33 seconds
x15998619: 21368545 rows, 15998619 columns, 51747873 nonzeros
[2025-09-14 21:38:50] DEBUG    Set parameter NumericFocus to value 1
[2025-09-14 21:38:50] DEBUG    Gurobi Optimizer version 12.0.2 build v12.0.2rc0 (linux64 - "Debian GNU/Linux 11 (bullseye)")

CPU model: Intel(R) Xeon(R) Silver 4314 CPU @ 2.40GHz, instruction set [SSE2|AVX|AVX2|AVX512]
Thread count: 32 physical cores, 64 logical processors, using up to 32 threads
[2025-09-14 21:38:50] DEBUG    Non-default parameters:
NumericFocus  1
[2025-09-14 21:38:50] DEBUG    Academic license 2680226 - for non-commercial use only - registered to an___@mail.polimi.it
[2025-09-14 21:38:50] DEBUG    Optimize a model with 21368545 rows, 15998619 columns and 51747873 nonzeros
[2025-09-14 21:38:50] DEBUG    Model fingerprint: 0x923cdf68
[2025-09-14 21:38:51] DEBUG    Coefficient statistics:
  Matrix range     [1e-07, 3e+02]
[2025-09-14 21:38:51] DEBUG    Objective range  [1e+00, 1e+06]
  Bounds range     [0e+00, 0e+00]
  RHS range        [1e+00, 2e+08]
[2025-09-14 21:38:56] DEBUG    Presolve removed 17775306 rows and 9461892 columns (presolve time = 6s)...
[2025-09-14 21:39:01] DEBUG    Presolve removed 19819677 rows and 13200000 columns (presolve time = 10s)...
[2025-09-14 21:39:06] DEBUG    Presolve removed 20580179 rows and 13422667 columns (presolve time = 15s)...
[2025-09-14 21:39:08] DEBUG    Presolve removed 20720323 rows and 13527787 columns
[2025-09-14 21:39:08] DEBUG    Presolve time: 18.53s
Presolved: 648222 rows, 2610976 columns, 5023304 nonzeros
[2025-09-14 21:39:08] DEBUG    Concurrent LP optimizer: primal simplex, dual simplex, and barrier
Showing barrier log only...
[2025-09-14 21:39:09] DEBUG    Ordering time: 0.32s
[2025-09-14 21:39:10] DEBUG    Barrier statistics:
 Dense cols : 115
[2025-09-14 21:39:10] DEBUG    AA' NZ     : 1.931e+06
 Factor NZ  : 1.823e+07 (roughly 1.5 GB of memory)
 Factor Ops : 1.487e+09 (less than 1 second per iteration)
 Threads    : 30
[2025-09-14 21:39:13] DEBUG    Objective                Residual
[2025-09-14 21:39:13] DEBUG    Iter       Primal          Dual         Primal    Dual     Compl     Time
[2025-09-14 21:39:13] DEBUG    0   2.21615558e+21 -9.40554218e+18  6.48e+10 3.27e-03  4.55e+15    24s
[2025-09-14 21:39:16] DEBUG    1   1.86372342e+21 -1.09719640e+19  5.38e+10 2.44e+05  3.75e+15    26s
[2025-09-14 21:39:20] DEBUG    2   1.40840584e+21 -1.41140768e+19  4.08e+10 1.15e+05  2.85e+15    31s
[2025-09-14 21:39:26] DEBUG    3   1.03141895e+21 -9.59723957e+18  2.92e+10 3.42e+04  2.03e+15    36s
[2025-09-14 21:39:30] DEBUG    4   7.93955609e+20 -7.79153875e+18  2.20e+10 6.91e+03  1.55e+15    40s
[2025-09-14 21:39:33] DEBUG    5   1.41868716e+20 -7.12777489e+18  3.34e+09 2.44e+03  2.43e+14    43s
[2025-09-14 21:39:35] DEBUG    6   3.27402703e+18 -5.44278050e+18  6.36e+07 2.15e+02  5.95e+12    45s
[2025-09-14 21:39:38] DEBUG    7   7.15766861e+17 -1.98047487e+18  1.24e+07 2.91e+01  1.26e+12    49s
[2025-09-14 21:39:41] DEBUG    8   2.42626886e+17 -6.11911486e+17  4.37e+06 3.87e+00  3.61e+11    52s
[2025-09-14 21:39:44] DEBUG    9   1.10943148e+17 -2.17781324e+17  2.04e+06 6.52e-01  1.32e+11    54s
[2025-09-14 21:39:48] DEBUG    10   3.86844076e+16 -7.23095859e+16  7.12e+05 3.45e-02  3.91e+10    58s
[2025-09-14 21:39:52] DEBUG    11   8.14244457e+15 -4.38702022e+16  1.45e+05 1.32e-02  1.33e+10    62s
[2025-09-14 21:39:55] DEBUG    12   5.68299346e+14 -4.54978208e+15  6.44e+03 8.85e-03  1.07e+09    65s
[2025-09-14 21:39:58] DEBUG    13   7.94575701e+13 -4.58525666e+13  6.62e+00 5.62e-03  1.01e+07    68s
[2025-09-14 21:40:01] DEBUG    14   6.45118333e+13 -7.83437892e+11  1.58e-05 5.32e-03  2.15e+05    72s
[2025-09-14 21:40:07] DEBUG    15   5.08900758e+13 -2.06305182e+11  1.47e-05 5.33e-03  5.61e+04    77s
[2025-09-14 21:40:15] DEBUG    16   4.92929073e+13 -1.55142896e+11  1.58e-05 5.33e-03  1.02e+06    85s
[2025-09-14 21:40:24] DEBUG    17   5.02702101e+13 -1.48626856e+11  1.58e-05 5.33e-03  1.72e+06    94s
[2025-09-14 21:40:33] DEBUG    18   4.98905186e+13 -9.48036359e+10  1.58e-05 5.32e-03  2.20e+06   103s
[2025-09-14 21:40:46] DEBUG    19   3.54988235e+13 -5.82487368e+10  3.81e-06 5.31e-03  2.02e+06   116s
[2025-09-14 21:40:57] DEBUG    20   2.05972053e+13 -2.60391354e+11  8.19e-06 5.32e-03  1.69e+06   128s
[2025-09-14 21:41:05] DEBUG    21   1.52800226e+13 -3.01522001e+11  8.19e-06 5.32e-03  1.89e+06   135s
[2025-09-14 21:41:13] DEBUG    22   9.54072308e+12 -4.91994897e+11  8.19e-06 5.32e-03  1.12e+06   143s
[2025-09-14 21:41:20] DEBUG    23   7.45213574e+12 -3.38356882e+11  8.19e-06 6.67e-03  1.21e+06   150s
[2025-09-14 21:41:27] DEBUG    24   2.25945891e+12 -3.05553419e+11  1.20e-05 5.32e-03  4.29e+05   157s
[2025-09-14 21:41:42] DEBUG    25   1.06366749e+12 -5.14627363e+10  4.38e-06 5.32e-03  1.26e+05   172s
[2025-09-14 21:41:49] DEBUG    26   4.72185483e+11 -1.71039672e+10  3.81e-06 5.32e-03  5.69e+04   179s
[2025-09-14 21:41:55] DEBUG    27   3.24678112e+11 -5.87972228e+09  2.30e-06 5.32e-03  4.14e+04   185s
[2025-09-14 21:41:59] DEBUG    28   2.51126949e+11  6.59685295e+08  3.34e-06 5.32e-03  3.14e+04   189s
[2025-09-14 21:42:03] DEBUG    29   2.33022473e+11  2.86719975e+09  1.91e-06 5.32e-03  2.91e+04   193s
[2025-09-14 21:42:08] DEBUG    30   2.17000803e+11  4.25571487e+09  2.30e-06 5.32e-03  2.71e+04   198s
[2025-09-14 21:42:14] DEBUG    31   1.79409409e+11  4.84917676e+09  9.09e-05 5.32e-03  2.30e+04   204s
[2025-09-14 21:42:20] DEBUG    32   1.09586652e+11  7.34077767e+09  1.18e-04 5.31e-03  1.58e+04   210s
[2025-09-14 21:42:40] DEBUG    33   8.53373529e+10  7.69290592e+09  9.68e-05 4.75e-03  1.33e+04   230s
[2025-09-14 21:42:51] DEBUG    34   8.25958590e+10  9.40871754e+09  6.84e-05 1.38e-03  1.32e+04   241s
[2025-09-14 21:43:00] DEBUG    35   2.96098100e+10  9.12933476e+09  1.59e-05 7.66e-04  3.91e+03   251s
[2025-09-14 21:43:06] DEBUG    36   2.28178157e+10  9.84634345e+09  1.31e-05 4.06e-04  2.54e+03   256s
[2025-09-14 21:43:10] DEBUG    37   1.87931244e+10  1.00690048e+10  1.18e-05 3.03e-04  1.72e+03   261s
[2025-09-14 21:43:13] DEBUG    38   1.75165891e+10  1.02615160e+10  9.91e-06 2.39e-04  1.44e+03   264s
[2025-09-14 21:43:17] DEBUG    39   1.61337424e+10  1.04094113e+10  4.74e-06 1.90e-04  1.14e+03   267s
[2025-09-14 21:43:20] DEBUG    40   1.52841133e+10  1.05673121e+10  4.05e-06 1.36e-04  9.43e+02   271s
[2025-09-14 21:43:24] DEBUG    41   1.42133769e+10  1.07466466e+10  4.29e-06 7.41e-05  6.97e+02   275s
[2025-09-14 21:43:34] DEBUG    42   1.39499842e+10  1.08087402e+10  2.53e-06 7.25e-05  6.32e+02   284s
[2025-09-14 21:43:48] DEBUG    43   1.29607920e+10  1.08158673e+10  2.00e-06 8.10e-05  4.33e+02   298s
[2025-09-14 21:43:48] DEBUG    Barrier performed 43 iterations in 298.01 seconds (68.79 work units)
[2025-09-14 21:43:48] DEBUG    Barrier solve interrupted - model solved by another algorithm
[2025-09-14 21:43:48] DEBUG    Solved with dual simplex
[2025-09-14 21:43:56] DEBUG    Iteration    Objective       Primal Inf.    Dual Inf.      Time
[2025-09-14 21:43:56] DEBUG    318125    1.0948834e+10   0.000000e+00   0.000000e+00    307s

Solved in 318125 iterations and 306.52 seconds (84.63 work units)
Optimal objective  1.094883367e+10
✅ Scenario completato: existing_CG+VRES_2030_nostorage

🚀 Lancio scenario: existing_GT+VRES_2030_PHES
[2025-09-14 21:55:51] INFO     Loading sets
[2025-09-14 21:55:51] INFO     Loading parameters
[2025-09-14 21:56:27] INFO     constraints are loaded in the following order: ['energy_balance', 'dispatch', 'costs', 'capacity', 'network', 'policy', 'conversion', 'group', 'conversion_plus', 'milp', 'export']
[2025-09-14 21:56:27] INFO     creating energy_balance constraints
[2025-09-14 21:59:25] INFO     creating dispatch constraints
[2025-09-14 22:01:24] INFO     creating costs constraints
[2025-09-14 22:10:15] INFO     creating capacity constraints
[2025-09-14 22:10:15] INFO     creating network constraints
[2025-09-14 22:10:15] INFO     creating policy constraints
[2025-09-14 22:10:15] INFO     creating conversion constraints
[2025-09-14 22:10:15] INFO     creating group constraints
[2025-09-14 22:10:15] INFO     creating conversion_plus constraints
[2025-09-14 22:10:15] INFO     creating milp constraints
[2025-09-14 22:10:15] INFO     creating export constraints
[2025-09-14 22:22:48] DEBUG    Set parameter WLSAccessID
Set parameter WLSSecret
Set parameter LicenseID to value 2680226
[2025-09-14 22:22:48] DEBUG    Academic license 2680226 - for non-commercial use only - registered to an___@mail.polimi.it
[2025-09-14 22:23:26] DEBUG    Read LP format model from file /tmp/tmpymvpp84l.pyomo.lp
Reading time = 37.32 seconds
x17268993: 23147057 rows, 17268993 columns, 56575010 nonzeros
[2025-09-14 22:23:26] DEBUG    Set parameter NumericFocus to value 1
Gurobi Optimizer version 12.0.2 build v12.0.2rc0 (linux64 - "Debian GNU/Linux 11 (bullseye)")

CPU model: Intel(R) Xeon(R) Silver 4314 CPU @ 2.40GHz, instruction set [SSE2|AVX|AVX2|AVX512]
Thread count: 32 physical cores, 64 logical processors, using up to 32 threads

Non-default parameters:
NumericFocus  1
[2025-09-14 22:23:26] DEBUG    Academic license 2680226 - for non-commercial use only - registered to an___@mail.polimi.it
Optimize a model with 23147057 rows, 17268993 columns and 56575010 nonzeros
[2025-09-14 22:23:26] DEBUG    Model fingerprint: 0x1d1b82f6
[2025-09-14 22:23:27] DEBUG    Coefficient statistics:
  Matrix range     [1e-07, 3e+02]
  Objective range  [1e+00, 1e+06]
  Bounds range     [0e+00, 0e+00]
  RHS range        [1e+00, 6e+09]
Warning: Model contains large rhs
[2025-09-14 22:23:33] DEBUG    Presolve removed 17852514 rows and 9500528 columns (presolve time = 6s)...
[2025-09-14 22:23:37] DEBUG    Presolve removed 18414966 rows and 10243598 columns (presolve time = 10s)...
[2025-09-14 22:23:42] DEBUG    Presolve removed 19782321 rows and 13110000 columns (presolve time = 15s)...
[2025-09-14 22:23:47] DEBUG    Presolve removed 20909864 rows and 14191965 columns (presolve time = 20s)...
[2025-09-14 22:23:52] DEBUG    Presolve removed 21447753 rows and 14191965 columns (presolve time = 25s)...
[2025-09-14 22:23:57] DEBUG    Presolve removed 21587897 rows and 14297085 columns
[2025-09-14 22:23:57] DEBUG    Presolve time: 31.60s
Presolved: 1559160 rows, 3112052 columns, 8849158 nonzeros

Concurrent LP optimizer: primal simplex, dual simplex, and barrier
Showing barrier log only...
[2025-09-14 22:24:41] DEBUG    Elapsed ordering time = 42s
[2025-09-14 22:24:43] DEBUG    Ordering time: 44.27s
[2025-09-14 22:24:45] DEBUG    Barrier statistics:
 Dense cols : 141
 AA' NZ     : 8.170e+06
[2025-09-14 22:24:45] DEBUG    Factor NZ  : 4.460e+07 (roughly 2.2 GB of memory)
 Factor Ops : 5.111e+09 (less than 1 second per iteration)
 Threads    : 30
[2025-09-14 22:24:50] DEBUG    Objective                Residual
Iter       Primal          Dual         Primal    Dual     Compl     Time
[2025-09-14 22:24:50] DEBUG    0   2.30885639e+21 -8.18471106e+18  6.48e+10 2.89e-11  4.11e+15    84s
[2025-09-14 22:24:55] DEBUG    1   2.11658665e+21 -8.39355912e+18  5.91e+10 2.12e+05  3.46e+15    89s
[2025-09-14 22:25:01] DEBUG    2   2.01020155e+21 -3.12864926e+19  5.61e+10 1.59e+05  3.29e+15    95s
[2025-09-14 22:25:10] DEBUG    3   1.70602497e+21 -8.98791205e+19  4.80e+10 6.19e+04  2.77e+15   104s
[2025-09-14 22:25:16] DEBUG    4   1.17361146e+21 -1.07954579e+20  3.31e+10 1.76e+04  1.91e+15   110s
[2025-09-14 22:25:24] DEBUG    5   8.90704483e+20 -1.07119851e+20  2.50e+10 3.46e+03  1.46e+15   119s
[2025-09-14 22:25:31] DEBUG    6   8.18767277e+19 -9.26595419e+19  1.76e+09 8.41e+02  1.20e+14   125s
[2025-09-14 22:25:35] DEBUG    7   2.61168832e+19 -4.02789730e+19  5.43e+08 1.29e+02  3.75e+13   130s
[2025-09-14 22:25:40] DEBUG    8   8.05250248e+18 -1.81820117e+19  1.63e+08 3.87e+01  1.19e+13   134s
[2025-09-14 22:25:44] DEBUG    9   3.54622413e+18 -8.49215327e+18  7.09e+07 1.33e+01  5.06e+12   138s
[2025-09-14 22:25:49] DEBUG    10   1.86696339e+18 -3.80690534e+18  3.70e+07 3.82e+00  2.42e+12   143s
[2025-09-14 22:25:53] DEBUG    11   8.82367931e+17 -1.60010123e+18  1.74e+07 8.87e-01  1.04e+12   148s
[2025-09-14 22:25:58] DEBUG    12   2.04122852e+17 -7.01983644e+17  4.01e+06 1.96e-01  2.73e+11   152s
[2025-09-14 22:26:03] DEBUG    13   1.93671885e+16 -1.65790919e+17  3.63e+05 5.01e-02  3.75e+10   157s
[2025-09-14 22:26:07] DEBUG    14   2.29113815e+14 -1.07616536e+16  4.31e+02 4.12e-04  1.72e+09   161s
[2025-09-14 22:26:13] DEBUG    15   1.73133438e+14 -1.91901240e+15  5.50e-01 5.98e-04  3.05e+08   168s
[2025-09-14 22:26:17] DEBUG    16   1.56586809e+14 -1.51676917e+15  3.90e-02 2.11e-02  2.41e+08   171s
[2025-09-14 22:26:27] DEBUG    17   9.63781051e+13 -4.34025712e+14  1.24e-02 7.83e-03  6.94e+07   182s
[2025-09-14 22:26:54] DEBUG    18   6.56259972e+13 -8.34860888e+13  5.39e-03 2.94e-02  1.71e+07   208s
[2025-09-14 22:27:11] DEBUG    19   5.60284139e+13 -4.57215134e+13  2.69e-03 1.58e-02  1.07e+07   225s
[2025-09-14 22:27:24] DEBUG    20   4.92868761e+13 -3.22060608e+13  2.19e-03 1.15e-02  7.84e+06   238s
[2025-09-14 22:27:39] DEBUG    21   3.91696933e+13 -1.62790657e+13  1.45e-03 6.22e-03  4.56e+06   253s
[2025-09-14 22:27:54] DEBUG    22   3.48938948e+13 -1.34695528e+13  1.18e-03 6.04e-03  3.81e+06   268s
[2025-09-14 22:28:12] DEBUG    23   2.97714037e+13 -7.05887828e+12  9.06e-04 7.01e-03  2.46e+06   286s
[2025-09-14 22:28:28] DEBUG    24   2.36580668e+13 -3.79530507e+12  6.25e-04 1.24e-02  1.56e+06   303s
[2025-09-14 22:28:39] DEBUG    25   2.28475174e+13 -2.38999200e+12  5.86e-04 1.18e-02  1.28e+06   313s
[2025-09-14 22:28:52] DEBUG    26   1.97370471e+13 -1.57824740e+12  4.38e-04 1.05e-02  9.34e+05   326s
[2025-09-14 22:29:13] DEBUG    27   1.78732315e+13 -8.16654354e+11  3.78e-04 1.14e-02  7.30e+05   348s
[2025-09-14 22:29:21] DEBUG    28   1.55155930e+13 -6.73372500e+11  2.68e-04 1.23e-02  5.39e+05   355s
[2025-09-14 22:29:28] DEBUG    29   1.40084890e+13 -4.38379622e+11  2.10e-04 1.32e-02  4.12e+05   363s
[2025-09-14 22:29:43] DEBUG    30   1.26479877e+13 -2.73904354e+11  1.81e-04 1.32e-02  3.41e+05   377s
[2025-09-14 22:30:01] DEBUG    31   1.22475100e+13 -2.27472747e+11  1.72e-04 1.31e-02  3.18e+05   395s
[2025-09-14 22:30:18] DEBUG    32   1.11253786e+13 -1.66183636e+11  1.38e-04 1.28e-02  2.53e+05   412s
[2025-09-14 22:30:40] DEBUG    33   8.99991911e+12 -1.40888449e+11  9.85e-05 1.31e-02  1.99e+05   434s
[2025-09-14 22:30:51] DEBUG    34   8.27060195e+12 -6.05977067e+10  8.56e-05 1.45e-02  1.67e+05   446s
[2025-09-14 22:31:16] DEBUG    35   7.83950912e+12 -4.50121959e+10  7.96e-05 1.45e-02  1.56e+05   470s
[2025-09-14 22:31:34] DEBUG    36   7.71813839e+12 -4.07972471e+10  7.71e-05 1.41e-02  1.51e+05   489s
[2025-09-14 22:31:50] DEBUG    37   7.61745248e+12 -3.72294564e+10  7.60e-05 1.37e-02  1.48e+05   504s
[2025-09-14 22:32:02] DEBUG    38   6.77410586e+12 -2.94061322e+10  5.10e-05 1.93e-02  1.07e+05   517s
[2025-09-14 22:32:13] DEBUG    39   6.08879068e+12 -1.33558954e+10  3.65e-05 2.13e-02  7.54e+04   527s
[2025-09-14 22:32:21] DEBUG    40   5.43785855e+12 -5.85570728e+09  3.65e-05 2.17e-02  5.27e+04   536s
[2025-09-14 22:32:28] DEBUG    41   5.11290008e+12 -2.03626093e+09  3.43e-05 2.26e-02  3.81e+04   543s
[2025-09-14 22:32:33] DEBUG    42   4.88858713e+12 -2.48702898e+08  3.34e-05 2.28e-02  3.04e+04   547s
[2025-09-14 22:32:38] DEBUG    43   4.61772033e+12  1.40817582e+09  3.10e-05 2.28e-02  2.27e+04   553s
[2025-09-14 22:32:43] DEBUG    44   4.43119251e+12  2.49608570e+09  2.67e-05 2.27e-02  1.86e+04   558s
[2025-09-14 22:32:50] DEBUG    45   4.26391672e+12  5.58963775e+09  3.67e-05 2.25e-02  1.51e+04   565s
[2025-09-14 22:33:12] DEBUG    46   4.51689793e+12  5.78433027e+09  3.05e-05 2.23e-02  4.71e+04   586s
[2025-09-14 22:33:36] DEBUG    47   4.37141247e+12  6.03348044e+09  2.74e-05 2.22e-02  4.55e+04   610s
[2025-09-14 22:34:09] DEBUG    48   4.23715890e+12  6.25572266e+09  4.29e-05 2.19e-02  4.45e+04   643s
[2025-09-14 22:34:27] DEBUG    49   4.12333202e+12  6.58110537e+09  5.63e-05 2.16e-02  4.34e+04   662s
[2025-09-14 22:34:45] DEBUG    50   3.99689416e+12  6.84789856e+09  4.15e-05 2.13e-02  4.18e+04   679s
[2025-09-14 22:34:59] DEBUG    51   3.91512425e+12  6.86369085e+09  4.10e-05 2.11e-02  4.06e+04   693s
[2025-09-14 22:35:15] DEBUG    52   3.70322744e+12  6.90094568e+09  4.12e-05 2.07e-02  3.70e+04   710s
[2025-09-14 22:35:32] DEBUG    53   3.61164975e+12  6.92088741e+09  5.15e-05 2.02e-02  3.62e+04   727s
[2025-09-14 22:35:50] DEBUG    54   3.47019244e+12  6.94958224e+09  3.96e-05 1.94e-02  3.41e+04   744s
[2025-09-14 22:36:07] DEBUG    55   3.35016236e+12  6.98290139e+09  4.20e-05 1.84e-02  3.27e+04   762s
[2025-09-14 22:36:24] DEBUG    56   3.22995626e+12  7.05469958e+09  4.86e-05 1.67e-02  3.11e+04   779s
[2025-09-14 22:36:41] DEBUG    57   2.91121936e+12  7.20172877e+09  3.43e-05 1.29e-02  2.63e+04   796s
[2025-09-14 22:36:58] DEBUG    58   2.70473471e+12  7.46521870e+09  4.67e-05 9.10e-03  2.45e+04   812s
[2025-09-14 22:37:06] DEBUG    59   2.42517868e+12  7.90519284e+09  2.67e-05 5.50e-03  1.99e+04   820s
[2025-09-14 22:37:17] DEBUG    60   2.17831827e+12  7.76985550e+09  3.67e-05 5.48e-03  1.43e+04   832s
[2025-09-14 22:37:28] DEBUG    61   2.00839009e+12  8.34730067e+09  3.19e-05 5.47e-03  1.14e+04   842s
[2025-09-14 22:37:39] DEBUG    62   1.76646864e+12  8.40293671e+09  2.57e-05 5.46e-03  7.76e+03   853s
[2025-09-14 22:37:46] DEBUG    63   1.59203691e+12  8.41067196e+09  2.53e-05 5.46e-03  4.46e+03   861s
[2025-09-14 22:37:55] DEBUG    64   1.48489645e+12  9.07006980e+09  2.62e-05 5.47e-03  3.24e+03   869s
[2025-09-14 22:38:03] DEBUG    65   1.35356904e+12  9.52536421e+09  2.38e-05 5.48e-03  2.07e+03   877s
[2025-09-14 22:38:08] DEBUG    66   1.32585711e+12  9.66612692e+09  3.05e-05 5.48e-03  1.91e+03   883s
[2025-09-14 22:38:14] DEBUG    67   1.31807925e+12  9.78055557e+09  3.00e-05 5.48e-03  1.85e+03   889s
[2025-09-14 22:38:19] DEBUG    68   1.27241707e+12  9.80577962e+09  4.01e-05 5.48e-03  1.62e+03   894s
[2025-09-14 22:38:26] DEBUG    69   1.22686217e+12  9.87386693e+09  4.55e-05 5.48e-03  1.40e+03   901s
[2025-09-14 22:38:36] DEBUG    70   1.20804907e+12  9.90106841e+09  3.53e-05 5.48e-03  1.32e+03   910s
[2025-09-14 22:38:45] DEBUG    71   1.15390938e+12  9.93902334e+09  5.63e-05 5.48e-03  1.12e+03   919s
[2025-09-14 22:38:54] DEBUG    72   1.11610222e+12  1.01024694e+10  4.02e-05 5.48e-03  9.85e+02   929s
[2025-09-14 22:39:03] DEBUG    73   1.05097155e+12  1.03088081e+10  2.38e-04 5.47e-03  7.86e+02   938s
[2025-09-14 22:39:13] DEBUG    74   9.90040663e+11  1.04194240e+10  7.58e-05 5.47e-03  6.44e+02   948s
[2025-09-14 22:39:22] DEBUG    75   9.60834627e+11  1.04839604e+10  6.77e-05 5.46e-03  5.83e+02   957s
[2025-09-14 22:39:48] DEBUG    76   9.53443341e+11  1.04859677e+10  6.74e-05 5.46e-03  5.82e+02   982s
[2025-09-14 22:40:09] DEBUG    77   9.51904051e+11  1.04860636e+10  6.73e-05 5.46e-03  5.82e+02  1003s
[2025-09-14 22:40:31] DEBUG    78   9.40824715e+11  1.04820687e+10  6.69e-05 5.46e-03  5.89e+02  1025s
[2025-09-14 22:40:51] DEBUG    79   9.35550651e+11  1.04823631e+10  6.66e-05 5.46e-03  5.87e+02  1045s
[2025-09-14 22:41:08] DEBUG    80   9.31096505e+11  1.04832406e+10  6.64e-05 5.45e-03  5.86e+02  1062s
[2025-09-14 22:41:27] DEBUG    81   9.21787848e+11  1.04866843e+10  6.57e-05 5.45e-03  5.86e+02  1081s
[2025-09-14 22:41:48] DEBUG    82   9.04374518e+11  1.04911974e+10  6.34e-05 5.44e-03  5.70e+02  1102s
[2025-09-14 22:42:07] DEBUG    83   8.93052823e+11  1.04941943e+10  6.20e-05 5.44e-03  5.58e+02  1121s
[2025-09-14 22:42:24] DEBUG    84   8.80929521e+11  1.05076280e+10  7.56e-05 5.43e-03  5.39e+02  1138s
[2025-09-14 22:42:38] DEBUG    85   8.67800340e+11  1.05209549e+10  8.40e-05 5.42e-03  5.14e+02  1152s
[2025-09-14 22:42:50] DEBUG    86   8.63884809e+11  1.05291155e+10  7.97e-05 5.42e-03  5.08e+02  1164s
[2025-09-14 22:42:58] DEBUG    87   8.55142092e+11  1.05397634e+10  7.08e-05 5.40e-03  4.89e+02  1173s
[2025-09-14 22:43:07] DEBUG    88   8.44710593e+11  1.05509662e+10  6.35e-05 5.38e-03  4.68e+02  1182s
[2025-09-14 22:43:17] DEBUG    89   8.34218938e+11  1.05624314e+10  5.63e-05 5.35e-03  4.48e+02  1191s
[2025-09-14 22:43:27] DEBUG    90   8.25585889e+11  1.05716097e+10  6.63e-05 5.32e-03  4.32e+02  1201s
[2025-09-14 22:43:38] DEBUG    91   8.17316503e+11  1.05822492e+10  7.78e-05 5.26e-03  4.17e+02  1212s
[2025-09-14 22:43:46] DEBUG    92   8.06547489e+11  1.05900251e+10  6.44e-05 5.20e-03  3.98e+02  1221s
[2025-09-14 22:43:58] DEBUG    93   7.95399465e+11  1.05983933e+10  5.69e-05 5.12e-03  3.80e+02  1232s
[2025-09-14 22:44:08] DEBUG    94   7.83692791e+11  1.06070051e+10  5.53e-05 5.01e-03  3.61e+02  1242s
[2025-09-14 22:44:18] DEBUG    95   7.72468538e+11  1.06167436e+10  6.58e-05 4.85e-03  3.44e+02  1252s
[2025-09-14 22:44:29] DEBUG    96   7.58630021e+11  1.06241036e+10  5.48e-05 4.69e-03  3.25e+02  1263s
[2025-09-14 22:44:37] DEBUG    97   7.53201091e+11  1.06313662e+10  6.63e-05 4.52e-03  3.17e+02  1271s
[2025-09-14 22:44:47] DEBUG    98   7.41678958e+11  1.06403539e+10  6.20e-05 4.38e-03  3.02e+02  1281s
[2025-09-14 22:44:57] DEBUG    99   7.21600219e+11  1.06498157e+10  5.72e-05 4.12e-03  2.77e+02  1291s
[2025-09-14 22:45:15] DEBUG    100   7.18467880e+11  1.06524311e+10  4.39e-05 4.02e-03  2.82e+02  1309s
[2025-09-14 22:45:38] DEBUG    101   7.02549947e+11  1.06558758e+10  6.72e-05 3.89e-03  2.89e+02  1332s
[2025-09-14 22:46:03] DEBUG    102   6.65583840e+11  1.06595312e+10  6.53e-05 3.70e-03  3.07e+02  1358s
[2025-09-14 22:46:35] DEBUG    103   6.47339932e+11  1.06623292e+10  5.72e-05 3.59e-03  3.35e+02  1389s
[2025-09-14 22:46:56] DEBUG    104   6.20040682e+11  1.06659383e+10  5.63e-05 3.44e-03  3.40e+02  1410s
[2025-09-14 22:47:10] DEBUG    105   6.06117203e+11  1.06695039e+10  5.67e-05 3.30e-03  3.43e+02  1424s
[2025-09-14 22:47:10] DEBUG    Barrier performed 105 iterations in 1423.99 seconds (281.91 work units)
Barrier solve interrupted - model solved by another algorithm
[2025-09-14 22:47:10] DEBUG    Solved with dual simplex
[2025-09-14 22:47:23] DEBUG    Iteration    Objective       Primal Inf.    Dual Inf.      Time
[2025-09-14 22:47:23] DEBUG    721461    1.0948834e+10   0.000000e+00   0.000000e+00   1438s

Solved in 721461 iterations and 1437.77 seconds (349.85 work units)
[2025-09-14 22:47:23] DEBUG    Optimal objective  1.094883367e+10
✅ Scenario completato: existing_GT+VRES_2030_PHES
🏁 Tutti gli scenari sono stati processati.
