
🚀 Lancio scenario: existing_VRES_2030_BESS
[2025-08-11 12:11:24] INFO     Loading sets
[2025-08-11 12:11:24] INFO     Loading parameters
[2025-08-11 12:12:10] INFO     constraints are loaded in the following order: ['energy_balance', 'dispatch', 'costs', 'capacity', 'network', 'policy', 'conversion', 'group', 'conversion_plus', 'milp', 'export']
[2025-08-11 12:12:10] INFO     creating energy_balance constraints
[2025-08-11 12:15:58] INFO     creating dispatch constraints
[2025-08-11 12:19:03] INFO     creating costs constraints
[2025-08-11 12:28:29] INFO     creating capacity constraints
[2025-08-11 12:28:30] INFO     creating network constraints
[2025-08-11 12:28:30] INFO     creating policy constraints
[2025-08-11 12:28:30] INFO     creating conversion constraints
[2025-08-11 12:28:30] INFO     creating group constraints
[2025-08-11 12:28:30] INFO     creating conversion_plus constraints
[2025-08-11 12:28:30] INFO     creating milp constraints
[2025-08-11 12:28:30] INFO     creating export constraints
[2025-08-11 12:40:43] DEBUG    Set parameter WLSAccessID
Set parameter WLSSecret
Set parameter LicenseID to value 2680226
[2025-08-11 12:40:43] DEBUG    Academic license 2680226 - for non-commercial use only - registered to an___@mail.polimi.it
[2025-08-11 12:41:18] DEBUG    Read LP format model from file /tmp/tmpbzt_iaj3.pyomo.lp
[2025-08-11 12:41:18] DEBUG    Reading time = 34.27 seconds
x16839688: 22857881 rows, 16839688 columns, 55147305 nonzeros
Set parameter NumericFocus to value 1
Gurobi Optimizer version 12.0.2 build v12.0.2rc0 (linux64 - "Debian GNU/Linux 11 (bullseye)")

CPU model: Intel(R) Xeon(R) Silver 4314 CPU @ 2.40GHz, instruction set [SSE2|AVX|AVX2|AVX512]
Thread count: 32 physical cores, 64 logical processors, using up to 32 threads

Non-default parameters:
NumericFocus  1
[2025-08-11 12:41:18] DEBUG    Academic license 2680226 - for non-commercial use only - registered to an___@mail.polimi.it
Optimize a model with 22857881 rows, 16839688 columns and 55147305 nonzeros
[2025-08-11 12:41:18] DEBUG    Model fingerprint: 0xf04518d7
[2025-08-11 12:41:19] DEBUG    Coefficient statistics:
  Matrix range     [1e-07, 3e+02]
  Objective range  [1e+00, 1e+06]
  Bounds range     [0e+00, 0e+00]
  RHS range        [1e+00, 2e+08]
[2025-08-11 12:41:24] DEBUG    Presolve removed 18230906 rows and 9417858 columns (presolve time = 6s)...
[2025-08-11 12:41:29] DEBUG    Presolve removed 18752297 rows and 11730000 columns (presolve time = 10s)...
[2025-08-11 12:41:35] DEBUG    Presolve removed 20214172 rows and 13141096 columns (presolve time = 16s)...
[2025-08-11 12:41:39] DEBUG    Presolve removed 20214748 rows and 13246216 columns (presolve time = 20s)...
[2025-08-11 12:41:41] DEBUG    Presolve removed 20363651 rows and 13246216 columns
[2025-08-11 12:42:10] DEBUG    Presolve time: 52.30s
Presolved: 2494230 rows, 3742375 columns, 10985457 nonzeros

Concurrent LP optimizer: primal simplex, dual simplex, and barrier
Showing barrier log only...
[2025-08-11 12:42:26] DEBUG    Elapsed ordering time = 14s
[2025-08-11 12:42:27] DEBUG    Elapsed ordering time = 15s
[2025-08-11 12:42:28] DEBUG    Ordering time: 16.10s
[2025-08-11 12:42:30] DEBUG    Barrier statistics:
 Dense cols : 115
[2025-08-11 12:42:30] DEBUG    AA' NZ     : 1.056e+07
 Factor NZ  : 5.054e+07 (roughly 3.0 GB of memory)
 Factor Ops : 4.938e+09 (less than 1 second per iteration)
 Threads    : 30
[2025-08-11 12:42:34] DEBUG    Objective                Residual
[2025-08-11 12:42:34] DEBUG    Iter       Primal          Dual         Primal    Dual     Compl     Time
[2025-08-11 12:42:34] DEBUG    0   1.09878709e+19 -6.12003289e+17  2.02e+08 5.28e-02  5.47e+12    76s
[2025-08-11 12:42:39] DEBUG    1   8.67217982e+18 -5.36269232e+17  1.60e+08 5.25e+04  3.77e+12    81s
[2025-08-11 12:42:46] DEBUG    2   7.66431071e+18 -4.90285429e+17  1.44e+08 1.95e+04  3.16e+12    88s
[2025-08-11 12:42:53] DEBUG    3   5.76603455e+18 -4.54160224e+17  1.13e+08 5.61e+03  2.38e+12    95s
[2025-08-11 12:43:00] DEBUG    4   3.80600371e+18 -4.30525710e+17  7.90e+07 2.90e+03  1.63e+12   102s
[2025-08-11 12:43:04] DEBUG    5   3.26643418e+18 -4.06415228e+17  6.78e+07 1.98e+03  1.39e+12   107s
[2025-08-11 12:43:09] DEBUG    6   2.35653362e+18 -3.86950272e+17  4.90e+07 1.50e+03  1.01e+12   111s
[2025-08-11 12:43:14] DEBUG    7   1.54939726e+18 -3.63319253e+17  3.22e+07 1.20e+03  6.73e+11   116s
[2025-08-11 12:43:21] DEBUG    8   8.15253280e+17 -3.04679548e+17  1.80e+07 6.49e+02  3.72e+11   123s
[2025-08-11 12:43:29] DEBUG    9   1.93770104e+17 -2.03065890e+17  4.22e+06 1.50e+02  9.96e+10   132s
[2025-08-11 12:43:35] DEBUG    10   2.22467507e+16 -8.11454682e+16  4.66e+05 2.18e+01  1.74e+10   138s
[2025-08-11 12:43:39] DEBUG    11   4.33259762e+14 -2.20125069e+16  7.62e+03 3.81e+00  2.97e+09   142s
[2025-08-11 12:43:44] DEBUG    12   1.25441447e+12 -6.92911059e+14  2.50e-03 1.16e-01  9.11e+07   146s
[2025-08-11 12:43:48] DEBUG    13   1.47921257e+12 -2.15886982e+14  1.45e-03 3.48e-02  2.85e+07   151s
[2025-08-11 12:43:53] DEBUG    14   2.17601068e+12 -3.61822823e+13  1.34e-03 5.37e-03  5.04e+06   156s
[2025-08-11 12:43:58] DEBUG    15   9.82254118e+11 -2.58102216e+13  1.55e-03 3.56e-03  3.48e+06   160s
[2025-08-11 12:44:06] DEBUG    16   8.50831969e+11 -1.73267168e+13  6.90e-04 2.14e-03  2.35e+06   168s
[2025-08-11 12:44:10] DEBUG    17   7.71524616e+11 -9.43325827e+12  4.99e-04 8.81e-04  1.31e+06   172s
[2025-08-11 12:44:17] DEBUG    18   6.91221240e+11 -7.51456611e+12  3.94e-04 6.26e-04  1.05e+06   179s
[2025-08-11 12:44:24] DEBUG    19   4.58883148e+11 -5.18699320e+12  2.62e-04 3.05e-04  7.20e+05   186s
[2025-08-11 12:44:30] DEBUG    20   3.35973991e+11 -4.02967348e+12  1.00e-04 1.77e-04  5.55e+05   193s
[2025-08-11 12:44:36] DEBUG    21   2.79706330e+11 -1.77000907e+12  6.46e-05 7.10e-10  2.60e+05   198s
[2025-08-11 12:44:41] DEBUG    22   2.05871977e+11 -8.79443335e+11  4.16e-05 4.66e-10  1.37e+05   203s
[2025-08-11 12:44:46] DEBUG    23   1.38063736e+11 -6.57429174e+11  2.16e-05 3.49e-10  1.01e+05   208s
[2025-08-11 12:44:51] DEBUG    24   1.13759825e+11 -2.93271746e+11  1.67e-05 3.49e-10  5.15e+04   214s
[2025-08-11 12:44:58] DEBUG    25   1.00235162e+11 -2.24623136e+11  1.52e-05 3.49e-10  4.11e+04   220s
[2025-08-11 12:45:03] DEBUG    26   9.70942199e+10 -2.04791316e+11  1.45e-05 3.49e-10  3.82e+04   225s
[2025-08-11 12:45:09] DEBUG    27   8.79136354e+10 -1.84056354e+11  1.25e-05 3.49e-10  3.44e+04   232s
[2025-08-11 12:45:18] DEBUG    28   8.08652487e+10 -1.11429610e+11  1.11e-05 2.33e-10  2.43e+04   241s
[2025-08-11 12:45:29] DEBUG    29   5.57038270e+10 -4.05871645e+10  2.51e-05 3.49e-10  1.22e+04   251s
[2025-08-11 12:45:39] DEBUG    30   4.76858823e+10 -8.35133070e+09  3.06e-05 3.49e-10  7.08e+03   261s
[2025-08-11 12:45:48] DEBUG    31   4.32326865e+10  2.91133940e+09  2.82e-05 3.49e-10  5.09e+03   270s
[2025-08-11 12:45:56] DEBUG    32   2.65789510e+10  9.94984966e+09  2.58e-05 3.49e-10  2.10e+03   279s
[2025-08-11 12:46:07] DEBUG    33   2.64393757e+10  1.11866796e+10  2.55e-05 2.33e-10  1.93e+03   289s
[2025-08-11 12:46:14] DEBUG    34   2.50300193e+10  1.24638372e+10  2.20e-05 3.49e-10  1.59e+03   296s
[2025-08-11 12:46:21] DEBUG    35   2.09682662e+10  1.35260928e+10  1.16e-05 3.49e-10  9.40e+02   303s
[2025-08-11 12:46:28] DEBUG    36   2.07742261e+10  1.38911102e+10  1.11e-05 3.49e-10  8.69e+02   310s
[2025-08-11 12:46:39] DEBUG    37   1.95413028e+10  1.42350813e+10  8.52e-06 2.33e-10  6.70e+02   322s
[2025-08-11 12:46:57] DEBUG    38   1.85680696e+10  1.45721407e+10  5.63e-06 2.49e-10  5.05e+02   339s
[2025-08-11 12:47:13] DEBUG    39   1.78566261e+10  1.48225953e+10  4.04e-06 3.60e-08  3.83e+02   356s
[2025-08-11 12:47:28] DEBUG    40   1.74561191e+10  1.48919565e+10  3.23e-06 5.22e-08  3.24e+02   370s
[2025-08-11 12:47:45] DEBUG    41   1.72441178e+10  1.49483304e+10  2.84e-06 6.24e-08  2.90e+02   388s
[2025-08-11 12:48:06] DEBUG    42   1.69811342e+10  1.51512256e+10  2.40e-06 1.04e-07  2.31e+02   409s
[2025-08-11 12:48:26] DEBUG    43   1.67364617e+10  1.52641518e+10  1.90e-06 1.38e-07  1.86e+02   428s
[2025-08-11 12:48:49] DEBUG    44   1.66048476e+10  1.53469062e+10  1.66e-06 1.92e-07  1.59e+02   451s
[2025-08-11 12:49:14] DEBUG    45   1.63074314e+10  1.54042090e+10  1.84e-06 2.52e-07  1.14e+02   477s
[2025-08-11 12:49:39] DEBUG    46   1.61132093e+10  1.54793489e+10  1.27e-06 3.31e-07  8.00e+01   501s
[2025-08-11 12:50:04] DEBUG    47   1.60181897e+10  1.55269532e+10  1.07e-06 4.31e-07  6.20e+01   526s
[2025-08-11 12:50:25] DEBUG    48   1.59714848e+10  1.55707525e+10  9.24e-07 5.65e-07  5.06e+01   547s
[2025-08-11 12:51:02] DEBUG    49   1.59072627e+10  1.55874286e+10  7.19e-07 6.10e-07  4.04e+01   584s
[2025-08-11 12:51:25] DEBUG    50   1.58735615e+10  1.56060668e+10  7.08e-07 6.76e-07  3.38e+01   607s
[2025-08-11 12:51:49] DEBUG    51   1.58305777e+10  1.56201183e+10  5.14e-07 7.27e-07  2.66e+01   631s
[2025-08-11 12:52:07] DEBUG    52   1.58123945e+10  1.56314175e+10  4.40e-07 7.63e-07  2.29e+01   649s
[2025-08-11 12:52:30] DEBUG    53   1.57980112e+10  1.56423456e+10  3.95e-07 7.95e-07  1.97e+01   672s
[2025-08-11 12:52:51] DEBUG    54   1.57649657e+10  1.56470159e+10  2.57e-07 8.08e-07  1.49e+01   693s
[2025-08-11 12:53:10] DEBUG    55   1.57567747e+10  1.56527895e+10  2.27e-07 8.07e-07  1.31e+01   712s
[2025-08-11 12:53:32] DEBUG    56   1.57444030e+10  1.56586065e+10  1.71e-07 8.02e-07  1.08e+01   734s
[2025-08-11 12:53:53] DEBUG    57   1.57361320e+10  1.56637806e+10  1.45e-07 7.88e-07  9.14e+00   756s
[2025-08-11 12:54:23] DEBUG    58   1.57299483e+10  1.56662312e+10  1.30e-07 7.76e-07  8.05e+00   785s
[2025-08-11 12:54:37] DEBUG    59   1.57235665e+10  1.56669708e+10  1.04e-07 7.71e-07  7.15e+00   800s
[2025-08-11 12:55:01] DEBUG    60   1.57141941e+10  1.56716930e+10  8.94e-08 7.19e-07  5.37e+00   824s
[2025-08-11 12:55:16] DEBUG    61   1.57090472e+10  1.56722226e+10  6.71e-08 7.06e-07  4.65e+00   838s
[2025-08-11 12:55:38] DEBUG    62   1.57061691e+10  1.56733823e+10  6.33e-08 6.74e-07  4.14e+00   860s
[2025-08-11 12:55:59] DEBUG    63   1.57046766e+10  1.56749013e+10  6.33e-08 6.74e-07  3.76e+00   881s
[2025-08-11 12:56:16] DEBUG    64   1.57029260e+10  1.56759237e+10  5.96e-08 6.70e-07  3.41e+00   898s
[2025-08-11 12:56:41] DEBUG    65   1.57002264e+10  1.56771522e+10  4.10e-08 6.61e-07  2.91e+00   923s
[2025-08-11 12:57:03] DEBUG    66   1.56968746e+10  1.56782779e+10  4.10e-08 6.35e-07  2.35e+00   945s
[2025-08-11 12:57:20] DEBUG    67   1.56953485e+10  1.56793222e+10  2.98e-08 5.94e-07  2.02e+00   962s
[2025-08-11 12:57:41] DEBUG    68   1.56947207e+10  1.56798067e+10  3.35e-08 5.67e-07  1.88e+00   983s
[2025-08-11 12:57:59] DEBUG    69   1.56935115e+10  1.56808309e+10  4.47e-08 5.07e-07  1.60e+00  1001s
[2025-08-11 12:58:17] DEBUG    70   1.56923274e+10  1.56810418e+10  3.73e-08 4.92e-07  1.43e+00  1019s
[2025-08-11 12:58:41] DEBUG    71   1.56914079e+10  1.56818976e+10  2.98e-08 4.24e-07  1.20e+00  1043s
[2025-08-11 12:59:04] DEBUG    72   1.56894744e+10  1.56826962e+10  3.35e-08 4.17e-07  8.57e-01  1067s
[2025-08-11 12:59:27] DEBUG    73   1.56882575e+10  1.56831913e+10  4.10e-08 4.29e-07  6.41e-01  1089s
[2025-08-11 12:59:51] DEBUG    74   1.56874052e+10  1.56846955e+10  4.47e-08 4.58e-07  3.43e-01  1113s
[2025-08-11 13:00:20] DEBUG    75   1.56871001e+10  1.56851669e+10  3.73e-08 4.49e-07  2.45e-01  1142s
[2025-08-11 13:00:41] DEBUG    76   1.56868751e+10  1.56852684e+10  4.47e-08 4.41e-07  2.04e-01  1164s
[2025-08-11 13:01:00] DEBUG    77   1.56868517e+10  1.56854679e+10  3.73e-08 4.07e-07  1.75e-01  1182s
[2025-08-11 13:01:15] DEBUG    78   1.56867374e+10  1.56857062e+10  3.35e-08 3.44e-07  1.31e-01  1197s
[2025-08-11 13:01:29] DEBUG    79   1.56866872e+10  1.56858198e+10  4.84e-08 2.95e-07  1.10e-01  1212s
[2025-08-11 13:01:46] DEBUG    80   1.56865842e+10  1.56859982e+10  5.59e-08 2.55e-07  7.44e-02  1229s
[2025-08-11 13:01:58] DEBUG    81   1.56864916e+10  1.56861796e+10  6.71e-08 2.33e-07  3.97e-02  1241s
[2025-08-11 13:02:12] DEBUG    82   1.56864714e+10  1.56861822e+10  4.10e-08 2.31e-07  3.68e-02  1254s
[2025-08-11 13:02:27] DEBUG    83   1.56864569e+10  1.56862444e+10  4.10e-08 2.08e-07  2.70e-02  1269s
[2025-08-11 13:02:41] DEBUG    84   1.56864134e+10  1.56862542e+10  2.98e-08 2.06e-07  2.03e-02  1283s
[2025-08-11 13:02:56] DEBUG    85   1.56864037e+10  1.56863287e+10  3.35e-08 2.16e-07  9.61e-03  1298s
[2025-08-11 13:03:12] DEBUG    86   1.56863909e+10  1.56863555e+10  4.10e-08 2.28e-07  4.58e-03  1314s
[2025-08-11 13:03:24] DEBUG    87   1.56863851e+10  1.56863593e+10  3.73e-08 2.29e-07  3.37e-03  1326s
[2025-08-11 13:03:39] DEBUG    88   1.56863840e+10  1.56863618e+10  3.73e-08 2.27e-07  2.91e-03  1341s
[2025-08-11 13:03:54] DEBUG    89   1.56863833e+10  1.56863641e+10  4.10e-08 2.26e-07  2.52e-03  1356s
[2025-08-11 13:04:08] DEBUG    90   1.56863817e+10  1.56863708e+10  4.47e-08 2.18e-07  1.45e-03  1370s
[2025-08-11 13:04:25] DEBUG    91   1.56863798e+10  1.56863769e+10  4.84e-08 1.83e-07  4.26e-04  1387s
[2025-08-11 13:04:36] DEBUG    92   1.56863780e+10  1.56863774e+10  4.10e-08 1.60e-07  1.47e-04  1399s
[2025-08-11 13:04:44] DEBUG    93   1.56863776e+10  1.56863774e+10  4.10e-08 1.49e-07  8.66e-05  1406s
[2025-08-11 13:04:52] DEBUG    94   1.56863774e+10  1.56863774e+10  4.10e-08 1.50e-07  6.84e-05  1414s
[2025-08-11 13:04:52] DEBUG    Barrier solved model in 94 iterations and 1413.91 seconds (337.71 work units)
[2025-08-11 13:04:52] DEBUG    Optimal objective 1.56863774e+10
[2025-08-11 13:04:52] DEBUG    Crossover log...
[2025-08-11 13:04:53] DEBUG    493985 DPushes remaining with DInf 0.0000000e+00              1415s
[2025-08-11 13:04:58] DEBUG    197613 DPushes remaining with DInf 0.0000000e+00              1420s
[2025-08-11 13:05:03] DEBUG    186420 DPushes remaining with DInf 0.0000000e+00              1426s
[2025-08-11 13:05:08] DEBUG    181132 DPushes remaining with DInf 0.0000000e+00              1430s
[2025-08-11 13:05:13] DEBUG    175256 DPushes remaining with DInf 0.0000000e+00              1436s
[2025-08-11 13:05:18] DEBUG    170269 DPushes remaining with DInf 0.0000000e+00              1440s
[2025-08-11 13:05:23] DEBUG    162944 DPushes remaining with DInf 0.0000000e+00              1445s
[2025-08-11 13:05:28] DEBUG    157283 DPushes remaining with DInf 0.0000000e+00              1451s
[2025-08-11 13:05:33] DEBUG    151440 DPushes remaining with DInf 0.0000000e+00              1456s
[2025-08-11 13:05:38] DEBUG    146991 DPushes remaining with DInf 0.0000000e+00              1460s
[2025-08-11 13:05:43] DEBUG    142784 DPushes remaining with DInf 0.0000000e+00              1465s
[2025-08-11 13:05:48] DEBUG    135525 DPushes remaining with DInf 0.0000000e+00              1470s
[2025-08-11 13:05:53] DEBUG    128793 DPushes remaining with DInf 0.0000000e+00              1475s
[2025-08-11 13:05:58] DEBUG    120700 DPushes remaining with DInf 0.0000000e+00              1480s
[2025-08-11 13:06:03] DEBUG    112865 DPushes remaining with DInf 0.0000000e+00              1486s
[2025-08-11 13:06:08] DEBUG    106801 DPushes remaining with DInf 0.0000000e+00              1491s
[2025-08-11 13:06:13] DEBUG    98999 DPushes remaining with DInf 0.0000000e+00              1496s
[2025-08-11 13:06:18] DEBUG    90677 DPushes remaining with DInf 0.0000000e+00              1500s
[2025-08-11 13:06:23] DEBUG    82407 DPushes remaining with DInf 0.0000000e+00              1506s
[2025-08-11 13:06:28] DEBUG    75755 DPushes remaining with DInf 0.0000000e+00              1510s
[2025-08-11 13:06:33] DEBUG    68554 DPushes remaining with DInf 0.0000000e+00              1516s
[2025-08-11 13:06:39] DEBUG    61027 DPushes remaining with DInf 0.0000000e+00              1521s
[2025-08-11 13:06:43] DEBUG    56130 DPushes remaining with DInf 0.0000000e+00              1525s
[2025-08-11 13:06:48] DEBUG    49071 DPushes remaining with DInf 0.0000000e+00              1531s
[2025-08-11 13:06:53] DEBUG    40806 DPushes remaining with DInf 0.0000000e+00              1536s
[2025-08-11 13:06:58] DEBUG    36671 DPushes remaining with DInf 0.0000000e+00              1540s
[2025-08-11 13:07:03] DEBUG    31088 DPushes remaining with DInf 0.0000000e+00              1545s
[2025-08-11 13:07:08] DEBUG    25651 DPushes remaining with DInf 0.0000000e+00              1550s
[2025-08-11 13:07:13] DEBUG    18695 DPushes remaining with DInf 0.0000000e+00              1556s
[2025-08-11 13:07:18] DEBUG    15660 DPushes remaining with DInf 0.0000000e+00              1561s
[2025-08-11 13:07:23] DEBUG    9787 DPushes remaining with DInf 0.0000000e+00              1565s
[2025-08-11 13:07:27] DEBUG    0 DPushes remaining with DInf 0.0000000e+00              1569s
[2025-08-11 13:07:27] DEBUG    2780542 PPushes remaining with PInf 0.0000000e+00              1569s
[2025-08-11 13:07:32] DEBUG    391088 PPushes remaining with PInf 0.0000000e+00              1575s
[2025-08-11 13:07:33] DEBUG    264615 PPushes remaining with PInf 0.0000000e+00              1575s
[2025-08-11 13:07:38] DEBUG    33205 PPushes remaining with PInf 0.0000000e+00              1580s
[2025-08-11 13:07:43] DEBUG    0 PPushes remaining with PInf 0.0000000e+00              1585s
[2025-08-11 13:07:43] DEBUG    Push phase complete: Pinf 0.0000000e+00, Dinf 1.3920126e+04   1585s
[2025-08-11 13:07:44] DEBUG    Iteration    Objective       Primal Inf.    Dual Inf.      Time
 3184046    1.5686377e+10   0.000000e+00   1.392013e+04   1586s
[2025-08-11 13:07:48] DEBUG    3192054    1.5686377e+10   0.000000e+00   2.724131e+01   1590s
[2025-08-11 13:07:53] DEBUG    3199061    1.5686377e+10   0.000000e+00   2.154319e+01   1595s
[2025-08-11 13:07:58] DEBUG    3207069    1.5686377e+10   0.000000e+00   1.794446e+01   1601s
[2025-08-11 13:08:03] DEBUG    3214076    1.5686377e+10   0.000000e+00   1.380496e+01   1605s
[2025-08-11 13:08:08] DEBUG    3222084    1.5686377e+10   0.000000e+00   1.003436e+01   1610s
[2025-08-11 13:08:13] DEBUG    3231093    1.5686377e+10   0.000000e+00   6.076632e+00   1615s
[2025-08-11 13:08:18] DEBUG    3241103    1.5686377e+10   0.000000e+00   1.728963e+00   1620s
[2025-08-11 13:08:22] DEBUG    Solved with barrier
[2025-08-11 13:08:33] DEBUG    3247984    1.5686377e+10   0.000000e+00   2.825726e-05   1635s
[2025-08-11 13:08:38] DEBUG    Extra simplex iterations after uncrush: 5
[2025-08-11 13:08:38] DEBUG    3247989    1.5686377e+10   0.000000e+00   0.000000e+00   1641s

Solved in 3247989 iterations and 1640.55 seconds (595.03 work units)
[2025-08-11 13:08:38] DEBUG    Optimal objective  1.568637681e+10
Warning: unscaled dual violation = 1.99038e-06 and residual = 2.64322e-12
✅ Scenario completato: existing_VRES_2030_BESS

🚀 Lancio scenario: existing_VRES_2030_PHES
[2025-08-11 13:15:49] INFO     Loading sets
[2025-08-11 13:15:49] INFO     Loading parameters
[2025-08-11 13:16:23] INFO     constraints are loaded in the following order: ['energy_balance', 'dispatch', 'costs', 'capacity', 'network', 'policy', 'conversion', 'group', 'conversion_plus', 'milp', 'export']
[2025-08-11 13:16:23] INFO     creating energy_balance constraints
[2025-08-11 13:21:00] INFO     creating dispatch constraints
[2025-08-11 13:24:41] INFO     creating costs constraints
[2025-08-11 13:35:06] INFO     creating capacity constraints
[2025-08-11 13:35:06] INFO     creating network constraints
[2025-08-11 13:35:06] INFO     creating policy constraints
[2025-08-11 13:35:06] INFO     creating conversion constraints
[2025-08-11 13:35:06] INFO     creating group constraints
[2025-08-11 13:35:06] INFO     creating conversion_plus constraints
[2025-08-11 13:35:06] INFO     creating milp constraints
[2025-08-11 13:35:06] INFO     creating export constraints
[2025-08-11 13:47:13] DEBUG    Set parameter WLSAccessID
Set parameter WLSSecret
Set parameter LicenseID to value 2680226
[2025-08-11 13:47:13] DEBUG    Academic license 2680226 - for non-commercial use only - registered to an___@mail.polimi.it
[2025-08-11 13:47:48] DEBUG    Read LP format model from file /tmp/tmp8icms6tl.pyomo.lp
Reading time = 34.75 seconds
[2025-08-11 13:47:48] DEBUG    x16839688: 22857939 rows, 16839688 columns, 55401403 nonzeros
Set parameter NumericFocus to value 1
Gurobi Optimizer version 12.0.2 build v12.0.2rc0 (linux64 - "Debian GNU/Linux 11 (bullseye)")

CPU model: Intel(R) Xeon(R) Silver 4314 CPU @ 2.40GHz, instruction set [SSE2|AVX|AVX2|AVX512]
Thread count: 32 physical cores, 64 logical processors, using up to 32 threads

Non-default parameters:
NumericFocus  1
[2025-08-11 13:47:48] DEBUG    Academic license 2680226 - for non-commercial use only - registered to an___@mail.polimi.it
Optimize a model with 22857939 rows, 16839688 columns and 55401403 nonzeros
[2025-08-11 13:47:49] DEBUG    Model fingerprint: 0x993c4de4
[2025-08-11 13:47:49] DEBUG    Coefficient statistics:
  Matrix range     [1e-07, 3e+02]
  Objective range  [1e+00, 1e+06]
  Bounds range     [0e+00, 0e+00]
  RHS range        [1e+00, 6e+09]
Warning: Model contains large rhs
[2025-08-11 13:47:55] DEBUG    Presolve removed 18362370 rows and 9496704 columns (presolve time = 6s)...
[2025-08-11 13:47:59] DEBUG    Presolve removed 18924941 rows and 11850000 columns (presolve time = 10s)...
[2025-08-11 13:48:05] DEBUG    Presolve removed 20319431 rows and 13198912 columns (presolve time = 16s)...
[2025-08-11 13:48:09] DEBUG    Presolve removed 20320001 rows and 13304032 columns (presolve time = 20s)...
[2025-08-11 13:48:11] DEBUG    Presolve removed 20468904 rows and 13304032 columns
[2025-08-11 13:48:40] DEBUG    Presolve time: 51.64s
Presolved: 2389035 rows, 3684559 columns, 10543607 nonzeros

Concurrent LP optimizer: primal simplex, dual simplex, and barrier
Showing barrier log only...
[2025-08-11 13:49:09] DEBUG    Elapsed ordering time = 27s
[2025-08-11 13:49:12] DEBUG    Elapsed ordering time = 30s
[2025-08-11 13:49:14] DEBUG    Ordering time: 32.40s
[2025-08-11 13:49:16] DEBUG    Barrier statistics:
 Dense cols : 112
 AA' NZ     : 9.838e+06
 Factor NZ  : 4.818e+07 (roughly 3.0 GB of memory)
 Factor Ops : 4.696e+09 (less than 1 second per iteration)
 Threads    : 30
[2025-08-11 13:49:21] DEBUG    Objective                Residual
Iter       Primal          Dual         Primal    Dual     Compl     Time
[2025-08-11 13:49:21] DEBUG    0   9.68726694e+18 -6.03606693e+17  1.62e+08 6.65e-02  4.72e+12    93s
[2025-08-11 13:49:26] DEBUG    1   7.71961343e+18 -5.25471330e+17  1.29e+08 6.29e+04  3.33e+12    98s
[2025-08-11 13:49:33] DEBUG    2   6.81550010e+18 -4.73109357e+17  1.16e+08 2.54e+04  2.79e+12   104s
[2025-08-11 13:49:39] DEBUG    3   4.56897861e+18 -4.32555027e+17  8.42e+07 7.10e+03  1.92e+12   111s
[2025-08-11 13:49:45] DEBUG    4   3.20473443e+18 -4.05048973e+17  6.06e+07 3.01e+03  1.36e+12   117s
[2025-08-11 13:49:51] DEBUG    5   2.56143754e+18 -3.87152038e+17  4.85e+07 2.34e+03  1.09e+12   123s
[2025-08-11 13:49:55] DEBUG    6   1.94495366e+18 -3.67359839e+17  3.68e+07 1.89e+03  8.29e+11   127s
[2025-08-11 13:50:00] DEBUG    7   1.57707290e+18 -3.40932230e+17  2.99e+07 1.41e+03  6.68e+11   132s
[2025-08-11 13:50:07] DEBUG    8   4.39177664e+17 -2.97741512e+17  9.09e+06 9.37e+02  2.26e+11   139s
[2025-08-11 13:50:16] DEBUG    9   1.84874908e+17 -1.45403062e+17  3.81e+06 1.27e+02  8.51e+10   148s
[2025-08-11 13:50:22] DEBUG    10   6.86765535e+16 -8.49199100e+16  1.41e+06 4.25e+01  3.29e+10   154s
[2025-08-11 13:50:26] DEBUG    11   1.80865758e+16 -4.20964827e+16  3.68e+05 1.38e+01  1.04e+10   158s
[2025-08-11 13:50:30] DEBUG    12   1.10941727e+16 -1.99668728e+16  2.25e+05 4.71e+00  5.10e+09   162s
[2025-08-11 13:50:35] DEBUG    13   8.47862535e+15 -1.28252586e+16  1.72e+05 2.59e+00  3.40e+09   167s
[2025-08-11 13:50:39] DEBUG    14   4.78940571e+15 -7.59691107e+15  9.69e+04 1.34e+00  1.87e+09   170s
[2025-08-11 13:50:43] DEBUG    15   1.11454330e+15 -2.75496518e+15  2.24e+04 3.91e-01  5.38e+08   175s
[2025-08-11 13:50:49] DEBUG    16   7.81943073e+13 -2.87970380e+14  1.50e+03 2.98e-02  4.84e+07   181s
[2025-08-11 13:50:54] DEBUG    17   4.04290601e+12 -5.78412999e+13  3.80e+01 5.13e-03  8.09e+06   186s
[2025-08-11 13:51:02] DEBUG    18   1.31804446e+12 -3.78502190e+13  3.16e-03 3.17e-03  5.10e+06   193s
[2025-08-11 13:51:11] DEBUG    19   1.26386708e+12 -2.23380657e+13  1.22e-03 1.58e-03  3.07e+06   202s
[2025-08-11 13:51:17] DEBUG    20   9.63174376e+11 -1.16228841e+13  7.48e-04 5.81e-04  1.63e+06   209s
[2025-08-11 13:51:22] DEBUG    21   9.40381334e+11 -1.06456078e+13  6.70e-04 5.04e-04  1.50e+06   214s
[2025-08-11 13:51:26] DEBUG    22   7.99899845e+11 -8.52791128e+12  2.99e-04 3.48e-04  1.21e+06   218s
[2025-08-11 13:51:31] DEBUG    23   7.15737856e+11 -6.15827461e+12  2.51e-04 1.47e-04  8.89e+05   223s
[2025-08-11 13:51:36] DEBUG    24   6.55327458e+11 -4.16243242e+12  1.80e-04 6.39e-09  6.22e+05   227s
[2025-08-11 13:51:42] DEBUG    25   5.55404769e+11 -2.93791191e+12  7.73e-05 5.37e-09  4.51e+05   234s
[2025-08-11 13:51:46] DEBUG    26   4.68545578e+11 -2.50605031e+12  4.09e-05 5.92e-09  3.84e+05   238s
[2025-08-11 13:51:53] DEBUG    27   4.04464338e+11 -9.48613100e+11  2.37e-05 7.27e-09  1.74e+05   244s
[2025-08-11 13:51:58] DEBUG    28   3.87569603e+11 -6.81686212e+11  1.95e-05 2.84e-09  1.38e+05   249s
[2025-08-11 13:52:02] DEBUG    29   3.76290236e+11 -4.78503257e+11  1.58e-05 5.52e-09  1.10e+05   254s
[2025-08-11 13:52:09] DEBUG    30   3.58846688e+11 -3.00210687e+11  1.17e-05 1.35e-09  8.49e+04   261s
[2025-08-11 13:52:16] DEBUG    31   3.54662386e+11 -1.12934458e+11  1.08e-05 9.25e-09  6.03e+04   267s
[2025-08-11 13:52:24] DEBUG    32   3.23087946e+11  3.59219081e+10  3.80e-05 6.92e-09  3.70e+04   276s
[2025-08-11 13:52:33] DEBUG    33   3.11673292e+11  1.00426951e+11  3.82e-05 6.16e-09  2.72e+04   284s
[2025-08-11 13:52:42] DEBUG    34   3.00602517e+11  1.78643790e+11  2.58e-05 1.59e-08  1.57e+04   293s
[2025-08-11 13:52:52] DEBUG    35   2.89118629e+11  2.34754729e+11  1.66e-05 2.01e-08  7.00e+03   304s
[2025-08-11 13:53:00] DEBUG    36   2.79690523e+11  2.57319477e+11  8.20e-05 1.82e-07  2.88e+03   312s
[2025-08-11 13:53:07] DEBUG    37   2.77220790e+11  2.66723223e+11  5.25e-05 7.11e-08  1.35e+03   318s
[2025-08-11 13:53:13] DEBUG    38   2.75701365e+11  2.68211521e+11  3.46e-05 5.34e-08  9.65e+02   325s
[2025-08-11 13:53:18] DEBUG    39   2.75247686e+11  2.69522755e+11  2.68e-05 3.90e-08  7.38e+02   329s
[2025-08-11 13:53:25] DEBUG    40   2.74889832e+11  2.70143242e+11  2.33e-05 2.62e-08  6.11e+02   336s
[2025-08-11 13:53:31] DEBUG    41   2.74718596e+11  2.70578304e+11  2.17e-05 2.49e-08  5.33e+02   343s
[2025-08-11 13:53:40] DEBUG    42   2.74015849e+11  2.71189483e+11  1.69e-05 1.19e-06  3.64e+02   352s
[2025-08-11 13:53:52] DEBUG    43   2.73633769e+11  2.71510177e+11  1.42e-05 1.16e-06  2.74e+02   364s
[2025-08-11 13:54:07] DEBUG    44   2.73098104e+11  2.71722581e+11  7.84e-06 8.47e-07  1.77e+02   379s
[2025-08-11 13:54:22] DEBUG    45   2.72901778e+11  2.71808841e+11  5.89e-06 7.35e-07  1.41e+02   394s
[2025-08-11 13:54:37] DEBUG    46   2.72805729e+11  2.71955207e+11  4.97e-06 7.78e-07  1.10e+02   409s
[2025-08-11 13:54:57] DEBUG    47   2.72624453e+11  2.72013516e+11  3.06e-06 7.99e-07  7.87e+01   428s
[2025-08-11 13:55:13] DEBUG    48   2.72551843e+11  2.72089848e+11  2.39e-06 6.51e-07  5.95e+01   444s
[2025-08-11 13:55:31] DEBUG    49   2.72494550e+11  2.72132727e+11  1.87e-06 4.72e-07  4.66e+01   463s
[2025-08-11 13:55:51] DEBUG    50   2.72458430e+11  2.72158805e+11  1.53e-06 4.29e-07  3.86e+01   483s
[2025-08-11 13:56:12] DEBUG    51   2.72404137e+11  2.72173854e+11  1.03e-06 4.62e-07  2.97e+01   503s
[2025-08-11 13:56:37] DEBUG    52   2.72386324e+11  2.72197025e+11  8.63e-07 3.71e-07  2.44e+01   529s
[2025-08-11 13:56:54] DEBUG    53   2.72372279e+11  2.72210391e+11  7.31e-07 3.18e-07  2.09e+01   546s
[2025-08-11 13:57:12] DEBUG    54   2.72370204e+11  2.72214122e+11  7.12e-07 3.02e-07  2.01e+01   564s
[2025-08-11 13:57:35] DEBUG    55   2.72353994e+11  2.72229518e+11  5.64e-07 2.40e-07  1.60e+01   587s
[2025-08-11 13:57:59] DEBUG    56   2.72341467e+11  2.72239812e+11  4.52e-07 1.99e-07  1.31e+01   611s
[2025-08-11 13:58:17] DEBUG    57   2.72334812e+11  2.72242725e+11  3.91e-07 1.87e-07  1.19e+01   629s
[2025-08-11 13:58:45] DEBUG    58   2.72326636e+11  2.72251533e+11  3.22e-07 1.55e-07  9.68e+00   657s
[2025-08-11 13:59:09] DEBUG    59   2.72315572e+11  2.72256257e+11  2.23e-07 1.42e-07  7.64e+00   681s
[2025-08-11 13:59:37] DEBUG    60   2.72308942e+11  2.72265796e+11  1.68e-07 1.38e-07  5.56e+00   708s
[2025-08-11 14:00:03] DEBUG    61   2.72305933e+11  2.72269371e+11  1.42e-07 1.77e-07  4.71e+00   735s
[2025-08-11 14:00:31] DEBUG    62   2.72301793e+11  2.72273945e+11  1.06e-07 2.37e-07  3.59e+00   763s
[2025-08-11 14:00:54] DEBUG    63   2.72299910e+11  2.72274940e+11  9.03e-08 2.52e-07  3.22e+00   786s
[2025-08-11 14:01:15] DEBUG    64   2.72296001e+11  2.72277151e+11  5.68e-08 2.86e-07  2.43e+00   807s
[2025-08-11 14:01:42] DEBUG    65   2.72292606e+11  2.72280379e+11  3.35e-08 2.95e-07  1.58e+00   833s
[2025-08-11 14:02:17] DEBUG    66   2.72291645e+11  2.72281639e+11  2.98e-08 2.80e-07  1.29e+00   869s
[2025-08-11 14:02:50] DEBUG    67   2.72290975e+11  2.72282488e+11  2.98e-08 2.65e-07  1.09e+00   902s
[2025-08-11 14:03:20] DEBUG    68   2.72290787e+11  2.72283532e+11  2.98e-08 2.39e-07  9.35e-01   932s
[2025-08-11 14:03:41] DEBUG    69   2.72290192e+11  2.72284918e+11  4.10e-08 1.99e-07  6.79e-01   952s
[2025-08-11 14:04:10] DEBUG    70   2.72289710e+11  2.72285351e+11  3.35e-08 1.85e-07  5.62e-01   981s
[2025-08-11 14:04:42] DEBUG    71   2.72289573e+11  2.72285653e+11  3.73e-08 1.87e-07  5.05e-01  1013s
[2025-08-11 14:05:02] DEBUG    72   2.72288993e+11  2.72286155e+11  3.73e-08 1.89e-07  3.66e-01  1033s
[2025-08-11 14:05:30] DEBUG    73   2.72288919e+11  2.72286586e+11  2.98e-08 1.80e-07  3.01e-01  1061s
[2025-08-11 14:06:03] DEBUG    74   2.72288866e+11  2.72286644e+11  2.61e-08 1.78e-07  2.86e-01  1095s
[2025-08-11 14:06:29] DEBUG    75   2.72288811e+11  2.72287452e+11  3.35e-08 1.42e-07  1.75e-01  1121s
[2025-08-11 14:06:59] DEBUG    76   2.72288728e+11  2.72287630e+11  3.35e-08 1.35e-07  1.41e-01  1151s
[2025-08-11 14:07:26] DEBUG    77   2.72288567e+11  2.72288116e+11  3.73e-08 8.59e-08  5.81e-02  1178s
[2025-08-11 14:07:54] DEBUG    78   2.72288519e+11  2.72288246e+11  4.10e-08 5.87e-08  3.53e-02  1206s
[2025-08-11 14:08:14] DEBUG    79   2.72288514e+11  2.72288304e+11  3.73e-08 4.59e-08  2.70e-02  1225s
[2025-08-11 14:08:26] DEBUG    80   2.72288510e+11  2.72288338e+11  4.47e-08 3.74e-08  2.22e-02  1237s
[2025-08-11 14:08:34] DEBUG    81   2.72288507e+11  2.72288369e+11  2.98e-08 2.94e-08  1.77e-02  1246s
[2025-08-11 14:08:42] DEBUG    82   2.72288498e+11  2.72288416e+11  3.73e-08 1.74e-08  1.06e-02  1254s
[2025-08-11 14:08:50] DEBUG    83   2.72288492e+11  2.72288465e+11  3.35e-08 1.50e-08  3.42e-03  1262s
[2025-08-11 14:09:03] DEBUG    84   2.72288489e+11  2.72288483e+11  3.73e-08 2.52e-08  8.82e-04  1275s
[2025-08-11 14:09:15] DEBUG    85   2.72288489e+11  2.72288487e+11  4.10e-08 1.90e-08  2.09e-04  1287s
[2025-08-11 14:09:25] DEBUG    86   2.72288488e+11  2.72288488e+11  5.59e-08 2.42e-08  2.63e-05  1297s
[2025-08-11 14:09:34] DEBUG    87   2.72288488e+11  2.72288488e+11  5.22e-08 2.45e-08  1.67e-06  1306s
[2025-08-11 14:09:41] DEBUG    88   2.72288488e+11  2.72288488e+11  4.10e-08 1.62e-08  8.62e-07  1313s
[2025-08-11 14:09:41] DEBUG    Barrier solved model in 88 iterations and 1313.04 seconds (301.48 work units)
[2025-08-11 14:09:41] DEBUG    Optimal objective 2.72288488e+11
[2025-08-11 14:09:42] DEBUG    Crossover log...
[2025-08-11 14:09:43] DEBUG    414503 DPushes remaining with DInf 0.0000000e+00              1315s
[2025-08-11 14:09:44] DEBUG    225226 DPushes remaining with DInf 0.0000000e+00              1315s
[2025-08-11 14:09:49] DEBUG    95633 DPushes remaining with DInf 0.0000000e+00              1321s
[2025-08-11 14:09:54] DEBUG    91921 DPushes remaining with DInf 0.0000000e+00              1326s
[2025-08-11 14:09:59] DEBUG    86725 DPushes remaining with DInf 0.0000000e+00              1331s
[2025-08-11 14:10:04] DEBUG    83013 DPushes remaining with DInf 0.0000000e+00              1336s
[2025-08-11 14:10:08] DEBUG    79301 DPushes remaining with DInf 0.0000000e+00              1340s
[2025-08-11 14:10:14] DEBUG    75590 DPushes remaining with DInf 0.0000000e+00              1345s
[2025-08-11 14:10:18] DEBUG    71878 DPushes remaining with DInf 0.0000000e+00              1350s
[2025-08-11 14:10:24] DEBUG    68158 DPushes remaining with DInf 0.0000000e+00              1356s
[2025-08-11 14:10:29] DEBUG    64433 DPushes remaining with DInf 0.0000000e+00              1361s
[2025-08-11 14:10:34] DEBUG    60661 DPushes remaining with DInf 0.0000000e+00              1366s
[2025-08-11 14:10:39] DEBUG    56179 DPushes remaining with DInf 0.0000000e+00              1371s
[2025-08-11 14:10:43] DEBUG    52464 DPushes remaining with DInf 0.0000000e+00              1375s
[2025-08-11 14:10:48] DEBUG    47240 DPushes remaining with DInf 0.0000000e+00              1380s
[2025-08-11 14:10:54] DEBUG    42786 DPushes remaining with DInf 0.0000000e+00              1386s
[2025-08-11 14:10:59] DEBUG    39061 DPushes remaining with DInf 0.0000000e+00              1390s
[2025-08-11 14:11:04] DEBUG    33913 DPushes remaining with DInf 0.0000000e+00              1395s
[2025-08-11 14:11:08] DEBUG    30121 DPushes remaining with DInf 0.0000000e+00              1400s
[2025-08-11 14:11:13] DEBUG    25404 DPushes remaining with DInf 0.0000000e+00              1405s
[2025-08-11 14:11:18] DEBUG    19101 DPushes remaining with DInf 0.0000000e+00              1410s
[2025-08-11 14:11:23] DEBUG    12546 DPushes remaining with DInf 0.0000000e+00              1415s
[2025-08-11 14:11:29] DEBUG    8806 DPushes remaining with DInf 0.0000000e+00              1421s
[2025-08-11 14:11:34] DEBUG    4614 DPushes remaining with DInf 0.0000000e+00              1425s
[2025-08-11 14:11:35] DEBUG    0 DPushes remaining with DInf 0.0000000e+00              1427s
[2025-08-11 14:11:36] DEBUG    2717568 PPushes remaining with PInf 0.0000000e+00              1427s
[2025-08-11 14:11:39] DEBUG    357719 PPushes remaining with PInf 2.1201697e+00              1431s
[2025-08-11 14:11:43] DEBUG    54804 PPushes remaining with PInf 1.6484791e+00              1435s
[2025-08-11 14:11:49] DEBUG    1670 PPushes remaining with PInf 7.1370419e-02              1440s
[2025-08-11 14:11:50] DEBUG    0 PPushes remaining with PInf 0.0000000e+00              1441s
[2025-08-11 14:11:50] DEBUG    Push phase complete: Pinf 0.0000000e+00, Dinf 3.8399526e+04   1442s
[2025-08-11 14:11:50] DEBUG    Iteration    Objective       Primal Inf.    Dual Inf.      Time
[2025-08-11 14:11:50] DEBUG    3051333    2.7228849e+11   0.000000e+00   3.839953e+04   1442s
[2025-08-11 14:11:53] DEBUG    3053076    2.7228849e+11   0.000000e+00   1.364144e+02   1445s
[2025-08-11 14:11:59] DEBUG    3061084    2.7228849e+11   0.000000e+00   9.283713e+01   1450s
[2025-08-11 14:12:04] DEBUG    3063746    2.7228849e+11   0.000000e+00   8.609906e+01   1455s
[2025-08-11 14:12:08] DEBUG    3064956    2.7228849e+11   0.000000e+00   8.377383e+01   1460s
[2025-08-11 14:12:14] DEBUG    3070962    2.7228849e+11   0.000000e+00   6.682718e+01   1465s
[2025-08-11 14:12:18] DEBUG    3075967    2.7228849e+11   0.000000e+00   6.212145e+01   1470s
[2025-08-11 14:12:23] DEBUG    3081973    2.7228849e+11   0.000000e+00   5.518729e+01   1475s
[2025-08-11 14:12:29] DEBUG    3088980    2.7228849e+11   0.000000e+00   4.874333e+01   1480s
[2025-08-11 14:12:34] DEBUG    3095987    2.7228849e+11   0.000000e+00   4.316038e+01   1485s
[2025-08-11 14:12:39] DEBUG    3102994    2.7228849e+11   0.000000e+00   3.781282e+01   1490s
[2025-08-11 14:12:44] DEBUG    3110001   -3.3217871e+31   1.003422e+36   3.321787e+01   1496s
[2025-08-11 14:12:48] DEBUG    3120011   -3.1980447e+31   8.864399e+35   3.198045e+01   1500s
[2025-08-11 14:12:54] DEBUG    3132023   -2.5410466e+31   7.872854e+35   2.541043e+01   1505s
[2025-08-11 14:12:59] DEBUG    3143034   -1.6741950e+31   6.611577e+35   1.674192e+01   1510s
[2025-08-11 14:13:04] DEBUG    3154045   -9.4860922e+30   5.345203e+35   9.486090e+00   1515s
[2025-08-11 14:13:08] DEBUG    3163054   -6.3949587e+30   4.353808e+35   6.394981e+00   1520s
[2025-08-11 14:13:13] DEBUG    3173064   -4.8197645e+30   3.347396e+35   4.819810e+00   1525s
[2025-08-11 14:13:19] DEBUG    3183074   -3.2735971e+30   2.429507e+35   3.273659e+00   1530s
[2025-08-11 14:13:23] DEBUG    3193084   -1.9716302e+30   1.332534e+35   1.971712e+00   1535s
[2025-08-11 14:13:29] DEBUG    3205096   -5.4185691e+29   2.352837e+34   5.420437e-01   1540s
[2025-08-11 14:13:33] DEBUG    3215997   -1.5984410e+14   1.393503e+12   0.000000e+00   1545s
[2025-08-11 14:13:38] DEBUG    3227008    2.7228848e+11   8.855008e+07   0.000000e+00   1550s
[2025-08-11 14:13:40] DEBUG    Solved with barrier
[2025-08-11 14:13:53] DEBUG    3228367    2.7228849e+11   0.000000e+00   0.000000e+00   1565s
[2025-08-11 14:13:53] DEBUG    Solved in 3228367 iterations and 1564.91 seconds (671.52 work units)
[2025-08-11 14:13:53] DEBUG    Optimal objective  2.722884880e+11
✅ Scenario completato: existing_VRES_2030_PHES

🚀 Lancio scenario: existing_VRES_2030_nostorage
[2025-08-11 14:23:55] INFO     Loading sets
[2025-08-11 14:23:55] INFO     Loading parameters
[2025-08-11 14:24:28] INFO     constraints are loaded in the following order: ['energy_balance', 'dispatch', 'costs', 'capacity', 'network', 'policy', 'conversion', 'group', 'conversion_plus', 'milp', 'export']
[2025-08-11 14:24:28] INFO     creating energy_balance constraints
[2025-08-11 14:27:19] INFO     creating dispatch constraints
[2025-08-11 14:32:13] INFO     creating costs constraints
[2025-08-11 14:40:15] INFO     creating capacity constraints
[2025-08-11 14:40:15] INFO     creating network constraints
[2025-08-11 14:40:15] INFO     creating policy constraints
[2025-08-11 14:40:15] INFO     creating conversion constraints
[2025-08-11 14:40:15] INFO     creating group constraints
[2025-08-11 14:40:15] INFO     creating conversion_plus constraints
[2025-08-11 14:40:15] INFO     creating milp constraints
[2025-08-11 14:40:15] INFO     creating export constraints
[2025-08-11 14:51:30] DEBUG    Set parameter WLSAccessID
Set parameter WLSSecret
Set parameter LicenseID to value 2680226
[2025-08-11 14:51:31] DEBUG    Academic license 2680226 - for non-commercial use only - registered to an___@mail.polimi.it
[2025-08-11 14:52:02] DEBUG    Read LP format model from file /tmp/tmpa0omg1xs.pyomo.lp
[2025-08-11 14:52:02] DEBUG    Reading time = 31.45 seconds
x15569314: 21079427 rows, 15569314 columns, 50574266 nonzeros
Set parameter NumericFocus to value 1
Gurobi Optimizer version 12.0.2 build v12.0.2rc0 (linux64 - "Debian GNU/Linux 11 (bullseye)")

CPU model: Intel(R) Xeon(R) Silver 4314 CPU @ 2.40GHz, instruction set [SSE2|AVX|AVX2|AVX512]
Thread count: 32 physical cores, 64 logical processors, using up to 32 threads

Non-default parameters:
NumericFocus  1
[2025-08-11 14:52:02] DEBUG    Academic license 2680226 - for non-commercial use only - registered to an___@mail.polimi.it
Optimize a model with 21079427 rows, 15569314 columns and 50574266 nonzeros
[2025-08-11 14:52:03] DEBUG    Model fingerprint: 0x7833f567
[2025-08-11 14:52:03] DEBUG    Coefficient statistics:
  Matrix range     [1e-07, 3e+02]
  Objective range  [1e+00, 1e+06]
  Bounds range     [0e+00, 0e+00]
  RHS range        [1e+00, 2e+08]
[2025-08-11 14:52:08] DEBUG    Presolve removed 17722710 rows and 8909662 columns (presolve time = 5s)...
[2025-08-11 14:52:14] DEBUG    Presolve removed 19451907 rows and 12429610 columns (presolve time = 11s)...
[2025-08-11 14:52:18] DEBUG    Presolve removed 19451907 rows and 12429610 columns (presolve time = 15s)...
[2025-08-11 14:52:21] DEBUG    Presolve removed 19601328 rows and 12534730 columns
[2025-08-11 14:52:21] DEBUG    Presolve time: 19.31s
Presolved: 1478099 rows, 3183487 columns, 6717759 nonzeros
[2025-08-11 14:52:21] DEBUG    Concurrent LP optimizer: primal simplex, dual simplex, and barrier
Showing barrier log only...
[2025-08-11 14:52:23] DEBUG    Ordering time: 0.84s
[2025-08-11 14:52:24] DEBUG    Barrier statistics:
 Dense cols : 86
[2025-08-11 14:52:24] DEBUG    AA' NZ     : 3.599e+06
 Factor NZ  : 2.512e+07 (roughly 2.0 GB of memory)
 Factor Ops : 2.392e+09 (less than 1 second per iteration)
 Threads    : 30
[2025-08-11 14:52:27] DEBUG    Objective                Residual
[2025-08-11 14:52:27] DEBUG    Iter       Primal          Dual         Primal    Dual     Compl     Time
[2025-08-11 14:52:28] DEBUG    0   1.21297212e+19 -6.76106007e+17  2.20e+08 5.29e-02  6.80e+12    26s
[2025-08-11 14:52:32] DEBUG    1   9.68262130e+18 -5.95015791e+17  1.75e+08 4.96e+04  5.08e+12    29s
[2025-08-11 14:52:36] DEBUG    2   8.05395937e+18 -5.45587675e+17  1.50e+08 9.36e+03  4.34e+12    34s
[2025-08-11 14:52:43] DEBUG    3   5.60960964e+18 -5.17837375e+17  1.10e+08 1.85e+03  3.16e+12    40s
[2025-08-11 14:52:47] DEBUG    4   4.46103185e+18 -4.78723752e+17  8.90e+07 7.41e+02  2.52e+12    44s
[2025-08-11 14:52:50] DEBUG    5   3.48366188e+18 -4.47573905e+17  6.95e+07 4.57e+02  1.96e+12    48s
[2025-08-11 14:52:54] DEBUG    6   3.23400676e+18 -4.21422401e+17  6.45e+07 3.04e+02  1.80e+12    52s
[2025-08-11 14:52:58] DEBUG    7   2.50909346e+18 -3.70919506e+17  5.00e+07 1.03e+02  1.38e+12    55s
[2025-08-11 14:53:01] DEBUG    8   1.88261311e+18 -2.89599144e+17  3.75e+07 2.52e+00  1.00e+12    59s
[2025-08-11 14:53:06] DEBUG    9   3.19812237e+17 -2.13256416e+17  6.26e+06 3.74e-05  1.87e+11    64s
[2025-08-11 14:53:10] DEBUG    10   1.59710086e+17 -1.42409050e+17  3.11e+06 1.97e-05  9.20e+10    67s
[2025-08-11 14:53:15] DEBUG    11   1.01004169e+17 -9.77735682e+16  2.01e+06 1.18e-05  5.61e+10    73s
[2025-08-11 14:53:19] DEBUG    12   7.15522799e+16 -7.17995866e+16  1.42e+06 8.27e-06  3.77e+10    77s
[2025-08-11 14:53:24] DEBUG    13   4.09353838e+16 -4.67456984e+16  8.04e+05 1.25e-05  2.09e+10    82s
[2025-08-11 14:53:31] DEBUG    14   1.02594105e+16 -2.59663259e+16  1.95e+05 2.66e-06  6.97e+09    89s
[2025-08-11 14:53:36] DEBUG    15   3.84470659e+15 -5.60231354e+15  7.16e+04 3.45e-06  1.68e+09    94s
[2025-08-11 14:53:40] DEBUG    16   8.50476165e+14 -2.12219881e+15  1.50e+04 9.55e-07  4.90e+08    97s
[2025-08-11 14:53:43] DEBUG    17   1.35528271e+14 -4.95880792e+14  1.73e+03 3.44e-07  9.97e+07   101s
[2025-08-11 14:53:47] DEBUG    18   3.50513208e+13 -8.66753362e+12  7.64e-01 5.27e-08  6.84e+06   105s
[2025-08-11 14:53:50] DEBUG    19   3.47635238e+13 -7.08490662e+12  3.69e-02 5.18e-08  6.54e+06   108s
[2025-08-11 14:53:55] DEBUG    20   3.47153707e+13  9.53556253e+12  7.02e-03 5.46e-08  3.94e+06   113s
[2025-08-11 14:53:59] DEBUG    21   3.46467510e+13  1.57126733e+13  1.27e-03 2.99e-08  2.96e+06   116s
[2025-08-11 14:54:03] DEBUG    22   3.45900118e+13  2.25957384e+13  2.05e-04 4.53e-08  1.88e+06   121s
[2025-08-11 14:54:07] DEBUG    23   3.45546446e+13  2.47361420e+13  9.73e-05 4.34e-08  1.54e+06   125s
[2025-08-11 14:54:12] DEBUG    24   3.45019684e+13  2.96529649e+13  3.13e-05 4.57e-08  7.58e+05   130s
[2025-08-11 14:54:15] DEBUG    25   3.44681110e+13  3.11003038e+13  2.00e-05 2.62e-08  5.27e+05   133s
[2025-08-11 14:54:20] DEBUG    26   3.44052222e+13  3.20216210e+13  6.82e-06 2.90e-08  3.73e+05   138s
[2025-08-11 14:54:23] DEBUG    27   3.43807934e+13  3.24697328e+13  4.79e-06 1.97e-08  2.99e+05   141s
[2025-08-11 14:54:28] DEBUG    28   3.43459824e+13  3.33281241e+13  2.64e-06 7.09e-08  1.59e+05   146s
[2025-08-11 14:54:34] DEBUG    29   3.43405277e+13  3.36637632e+13  2.43e-06 1.93e-07  1.06e+05   152s
[2025-08-11 14:54:42] DEBUG    30   3.43150468e+13  3.39493866e+13  1.60e-06 9.04e-08  5.72e+04   160s
[2025-08-11 14:54:46] DEBUG    31   3.42966044e+13  3.40472494e+13  1.06e-06 5.97e-08  3.90e+04   164s
[2025-08-11 14:54:51] DEBUG    32   3.42933362e+13  3.41196215e+13  9.76e-07 5.27e-08  2.72e+04   169s
[2025-08-11 14:54:56] DEBUG    33   3.42848898e+13  3.41558606e+13  7.67e-07 3.74e-08  2.02e+04   174s
[2025-08-11 14:55:02] DEBUG    34   3.42684195e+13  3.42079560e+13  1.85e-06 1.64e-08  9.45e+03   180s
[2025-08-11 14:55:11] DEBUG    35   3.42591345e+13  3.42281237e+13  5.90e-07 1.51e-09  4.85e+03   189s
[2025-08-11 14:55:17] DEBUG    36   3.42577913e+13  3.42376268e+13  5.76e-07 1.78e-08  3.15e+03   195s
[2025-08-11 14:55:22] DEBUG    37   3.42520531e+13  3.42415179e+13  2.71e-07 4.66e-10  1.65e+03   199s
[2025-08-11 14:55:27] DEBUG    38   3.42508409e+13  3.42431748e+13  2.12e-07 1.20e-08  1.20e+03   204s
[2025-08-11 14:55:32] DEBUG    39   3.42507359e+13  3.42433979e+13  2.07e-07 1.04e-08  1.15e+03   210s
[2025-08-11 14:55:38] DEBUG    40   3.42505477e+13  3.42440001e+13  1.97e-07 6.09e-09  1.02e+03   216s
[2025-08-11 14:55:42] DEBUG    41   3.42487918e+13  3.42445146e+13  1.19e-07 1.60e-08  6.69e+02   220s
[2025-08-11 14:55:49] DEBUG    42   3.42481927e+13  3.42452316e+13  8.57e-08 7.31e-08  4.63e+02   227s
[2025-08-11 14:56:00] DEBUG    43   3.42475330e+13  3.42455663e+13  5.77e-08 6.54e-08  3.07e+02   237s
[2025-08-11 14:56:12] DEBUG    44   3.42470143e+13  3.42458384e+13  3.54e-08 5.21e-08  1.84e+02   250s
[2025-08-11 14:56:26] DEBUG    45   3.42467278e+13  3.42460011e+13  3.35e-08 4.22e-08  1.14e+02   264s
[2025-08-11 14:56:42] DEBUG    46   3.42465857e+13  3.42460640e+13  3.35e-08 3.85e-08  8.16e+01   279s
[2025-08-11 14:56:54] DEBUG    47   3.42464792e+13  3.42460894e+13  2.98e-08 3.68e-08  6.09e+01   292s
[2025-08-11 14:57:05] DEBUG    48   3.42463907e+13  3.42461218e+13  2.98e-08 3.31e-08  4.20e+01   303s
[2025-08-11 14:57:18] DEBUG    49   3.42462886e+13  3.42461658e+13  3.73e-08 3.04e-08  1.92e+01   316s
[2025-08-11 14:57:37] DEBUG    50   3.42462444e+13  3.42461745e+13  4.10e-08 2.92e-08  1.09e+01   335s
[2025-08-11 14:57:54] DEBUG    51   3.42462355e+13  3.42461779e+13  2.98e-08 2.63e-08  9.00e+00   351s
[2025-08-11 14:58:04] DEBUG    52   3.42462217e+13  3.42461817e+13  3.73e-08 2.29e-08  6.26e+00   362s
[2025-08-11 14:58:13] DEBUG    53   3.42462163e+13  3.42461872e+13  4.10e-08 1.78e-08  4.55e+00   371s
[2025-08-11 14:58:27] DEBUG    54   3.42462123e+13  3.42461915e+13  2.98e-08 1.54e-08  3.24e+00   385s
[2025-08-11 14:58:38] DEBUG    55   3.42462101e+13  3.42461924e+13  3.73e-08 1.46e-08  2.77e+00   396s
[2025-08-11 14:59:00] DEBUG    56   3.42462084e+13  3.42461950e+13  2.98e-08 1.23e-08  2.09e+00   418s
[2025-08-11 14:59:21] DEBUG    57   3.42462074e+13  3.42461974e+13  2.98e-08 1.21e-08  1.55e+00   439s
[2025-08-11 14:59:45] DEBUG    58   3.42462070e+13  3.42461992e+13  3.35e-08 1.80e-08  1.21e+00   463s
[2025-08-11 15:00:01] DEBUG    59   3.42462069e+13  3.42462006e+13  3.73e-08 1.47e-08  9.80e-01   479s
[2025-08-11 15:00:13] DEBUG    60   3.42462068e+13  3.42462016e+13  2.61e-08 1.24e-08  8.14e-01   491s
[2025-08-11 15:00:20] DEBUG    61   3.42462068e+13  3.42462016e+13  3.35e-08 1.22e-08  8.04e-01   498s
[2025-08-11 15:00:35] DEBUG    62   3.42462067e+13  3.42462019e+13  3.35e-08 1.16e-08  7.56e-01   513s
[2025-08-11 15:00:50] DEBUG    63   3.42462067e+13  3.42462023e+13  2.61e-08 1.36e-08  6.76e-01   528s
[2025-08-11 15:01:06] DEBUG    64   3.42462066e+13  3.42462035e+13  2.98e-08 1.15e-08  4.76e-01   544s
[2025-08-11 15:01:28] DEBUG    65   3.42462066e+13  3.42462041e+13  3.35e-08 1.08e-08  3.78e-01   566s
[2025-08-11 15:01:45] DEBUG    66   3.42462066e+13  3.42462043e+13  3.35e-08 9.90e-09  3.50e-01   583s
[2025-08-11 15:01:55] DEBUG    67   3.42462065e+13  3.42462048e+13  3.35e-08 7.61e-09  2.69e-01   593s
[2025-08-11 15:02:08] DEBUG    68   3.42462065e+13  3.42462051e+13  3.35e-08 6.67e-09  2.27e-01   605s
[2025-08-11 15:02:16] DEBUG    69   3.42462065e+13  3.42462051e+13  2.98e-08 6.56e-09  2.23e-01   614s
[2025-08-11 15:02:24] DEBUG    70   3.42462065e+13  3.42462055e+13  2.98e-08 1.08e-08  1.54e-01   622s
[2025-08-11 15:02:31] DEBUG    71   3.42462065e+13  3.42462056e+13  4.47e-08 5.04e-09  1.46e-01   629s
[2025-08-11 15:02:31] DEBUG    Barrier performed 71 iterations in 629.22 seconds (131.03 work units)
Barrier solve interrupted - model solved by another algorithm
[2025-08-11 15:02:32] DEBUG    Solved with dual simplex
[2025-08-11 15:02:39] DEBUG    Iteration    Objective       Primal Inf.    Dual Inf.      Time
[2025-08-11 15:02:39] DEBUG    514962    3.4246206e+13   0.000000e+00   0.000000e+00    637s

Solved in 514962 iterations and 637.16 seconds (185.80 work units)
[2025-08-11 15:02:39] DEBUG    Optimal objective  3.424620647e+13
✅ Scenario completato: existing_VRES_2030_nostorage

🚀 Lancio scenario: existing_CG+VRES_2030_BESS
[2025-08-11 15:15:13] INFO     Loading sets
[2025-08-11 15:15:13] INFO     Loading parameters
[2025-08-11 15:15:48] INFO     constraints are loaded in the following order: ['energy_balance', 'dispatch', 'costs', 'capacity', 'network', 'policy', 'conversion', 'group', 'conversion_plus', 'milp', 'export']
[2025-08-11 15:15:48] INFO     creating energy_balance constraints
[2025-08-11 15:18:52] INFO     creating dispatch constraints
[2025-08-11 15:20:52] INFO     creating costs constraints
[2025-08-11 15:34:30] INFO     creating capacity constraints
[2025-08-11 15:34:30] INFO     creating network constraints
[2025-08-11 15:34:30] INFO     creating policy constraints
[2025-08-11 15:34:30] INFO     creating conversion constraints
[2025-08-11 15:34:30] INFO     creating group constraints
[2025-08-11 15:34:30] INFO     creating conversion_plus constraints
[2025-08-11 15:34:30] INFO     creating milp constraints
[2025-08-11 15:34:30] INFO     creating export constraints
[2025-08-11 15:47:09] DEBUG    Set parameter WLSAccessID
Set parameter WLSSecret
Set parameter LicenseID to value 2680226
[2025-08-11 15:47:09] DEBUG    Academic license 2680226 - for non-commercial use only - registered to an___@mail.polimi.it
[2025-08-11 15:47:45] DEBUG    Read LP format model from file /tmp/tmp7z05s_8g.pyomo.lp
[2025-08-11 15:47:45] DEBUG    Reading time = 35.76 seconds
x17601953: 23620117 rows, 17601953 columns, 57433868 nonzeros
[2025-08-11 15:47:45] DEBUG    Set parameter NumericFocus to value 1
[2025-08-11 15:47:45] DEBUG    Gurobi Optimizer version 12.0.2 build v12.0.2rc0 (linux64 - "Debian GNU/Linux 11 (bullseye)")

CPU model: Intel(R) Xeon(R) Silver 4314 CPU @ 2.40GHz, instruction set [SSE2|AVX|AVX2|AVX512]
Thread count: 32 physical cores, 64 logical processors, using up to 32 threads
[2025-08-11 15:47:45] DEBUG    Non-default parameters:
NumericFocus  1
[2025-08-11 15:47:45] DEBUG    Academic license 2680226 - for non-commercial use only - registered to an___@mail.polimi.it
[2025-08-11 15:47:45] DEBUG    Optimize a model with 23620117 rows, 17601953 columns and 57433868 nonzeros
[2025-08-11 15:47:46] DEBUG    Model fingerprint: 0x7603ff48
[2025-08-11 15:47:46] DEBUG    Coefficient statistics:
  Matrix range     [1e-07, 3e+02]
[2025-08-11 15:47:46] DEBUG    Objective range  [1e+00, 1e+06]
  Bounds range     [0e+00, 0e+00]
  RHS range        [1e+00, 2e+08]
[2025-08-11 15:47:52] DEBUG    Presolve removed 18739102 rows and 10180094 columns (presolve time = 6s)...
[2025-08-11 15:47:56] DEBUG    Presolve removed 18748257 rows and 11980000 columns (presolve time = 10s)...
[2025-08-11 15:48:02] DEBUG    Presolve removed 20722368 rows and 13903332 columns (presolve time = 16s)...
[2025-08-11 15:48:07] DEBUG    Presolve removed 20722944 rows and 14008452 columns (presolve time = 21s)...
[2025-08-11 15:48:09] DEBUG    Presolve removed 20871847 rows and 14008452 columns
[2025-08-11 15:48:40] DEBUG    Presolve time: 54.85s
Presolved: 2748270 rows, 3742404 columns, 11493537 nonzeros
[2025-08-11 15:48:40] DEBUG    Concurrent LP optimizer: primal simplex, dual simplex, and barrier
Showing barrier log only...
[2025-08-11 15:48:53] DEBUG    Elapsed ordering time = 11s
[2025-08-11 15:49:01] DEBUG    Ordering time: 19.30s
[2025-08-11 15:49:03] DEBUG    Barrier statistics:
 Dense cols : 144
 AA' NZ     : 1.107e+07
[2025-08-11 15:49:03] DEBUG    Factor NZ  : 5.459e+07 (roughly 3.0 GB of memory)
 Factor Ops : 5.515e+09 (less than 1 second per iteration)
 Threads    : 30
[2025-08-11 15:49:08] DEBUG    Objective                Residual
[2025-08-11 15:49:08] DEBUG    Iter       Primal          Dual         Primal    Dual     Compl     Time
[2025-08-11 15:49:08] DEBUG    0   5.42609022e+18 -4.33864075e+17  1.93e+08 1.43e-11  3.62e+12    83s
[2025-08-11 15:49:14] DEBUG    1   4.31288721e+18 -3.81660815e+17  1.51e+08 3.80e+04  2.40e+12    89s
[2025-08-11 15:49:21] DEBUG    2   3.83979347e+18 -3.48656050e+17  1.36e+08 1.37e+04  1.97e+12    96s
[2025-08-11 15:49:30] DEBUG    3   2.84990477e+18 -3.21481337e+17  1.04e+08 4.04e+03  1.44e+12   105s
[2025-08-11 15:49:38] DEBUG    4   1.84021913e+18 -3.05301434e+17  7.08e+07 2.33e+03  9.69e+11   113s
[2025-08-11 15:49:44] DEBUG    5   1.60223306e+18 -2.92996160e+17  6.17e+07 1.78e+03  8.42e+11   119s
[2025-08-11 15:49:49] DEBUG    6   1.34623596e+18 -2.76935585e+17  5.20e+07 1.30e+03  7.05e+11   124s
[2025-08-11 15:49:55] DEBUG    7   1.01160464e+18 -2.60221027e+17  3.94e+07 9.92e+02  5.34e+11   130s
[2025-08-11 15:50:02] DEBUG    8   4.80818812e+17 -2.28037554e+17  2.01e+07 6.10e+02  2.77e+11   137s
[2025-08-11 15:50:12] DEBUG    9   1.20479983e+17 -1.52188513e+17  4.90e+06 1.18e+02  7.63e+10   146s
[2025-08-11 15:50:19] DEBUG    10   2.70768145e+16 -5.22127038e+16  1.09e+06 6.05e+00  1.61e+10   154s
[2025-08-11 15:50:25] DEBUG    11   9.21361229e+13 -1.80900086e+16  2.91e+03 9.85e-01  2.28e+09   160s
[2025-08-11 15:50:30] DEBUG    12   1.84778517e+12 -4.84075446e+14  7.91e-01 2.59e-02  6.07e+07   165s
[2025-08-11 15:50:35] DEBUG    13   1.67836181e+12 -1.81722691e+14  1.27e-02 9.36e-03  2.28e+07   170s
[2025-08-11 15:50:41] DEBUG    14   1.35638460e+12 -4.89693236e+13  2.22e-03 2.23e-03  6.24e+06   176s
[2025-08-11 15:50:46] DEBUG    15   1.14165901e+12 -3.79394691e+13  4.99e-05 1.43e-03  4.83e+06   181s
[2025-08-11 15:50:53] DEBUG    16   8.28814741e+11 -2.81419832e+13  3.11e-05 8.89e-04  3.57e+06   188s
[2025-08-11 15:50:59] DEBUG    17   7.97555369e+11 -1.67711951e+13  2.10e-05 3.76e-04  2.16e+06   193s
[2025-08-11 15:51:05] DEBUG    18   5.98042106e+11 -1.25160530e+13  1.39e-05 1.73e-04  1.61e+06   200s
[2025-08-11 15:51:14] DEBUG    19   5.17742439e+11 -7.41225746e+12  1.28e-05 2.15e-05  9.73e+05   209s
[2025-08-11 15:51:22] DEBUG    20   3.12915426e+11 -4.10037519e+12  9.59e-06 4.66e-10  5.41e+05   217s
[2025-08-11 15:51:28] DEBUG    21   2.75047872e+11 -2.65531520e+12  7.71e-06 3.49e-10  3.59e+05   223s
[2025-08-11 15:51:33] DEBUG    22   2.31382689e+11 -1.68995672e+12  5.33e-06 3.49e-10  2.35e+05   228s
[2025-08-11 15:51:39] DEBUG    23   1.70945054e+11 -1.15205709e+12  3.68e-06 3.49e-10  1.62e+05   234s
[2025-08-11 15:51:43] DEBUG    24   1.50154410e+11 -9.11633162e+11  3.00e-06 2.33e-10  1.30e+05   238s
[2025-08-11 15:51:50] DEBUG    25   1.12553011e+11 -5.10792519e+11  2.21e-06 3.49e-10  7.63e+04   245s
[2025-08-11 15:52:00] DEBUG    26   9.11935308e+10 -3.13357708e+11  1.65e-06 2.33e-10  4.95e+04   254s
[2025-08-11 15:52:07] DEBUG    27   7.90440599e+10 -2.62329419e+11  1.35e-06 2.33e-10  4.18e+04   262s
[2025-08-11 15:52:13] DEBUG    28   7.71178792e+10 -2.22937413e+11  1.30e-06 2.33e-10  3.67e+04   268s
[2025-08-11 15:52:19] DEBUG    29   7.22354427e+10 -1.87485326e+11  1.18e-06 2.33e-10  3.18e+04   273s
[2025-08-11 15:52:26] DEBUG    30   6.30683425e+10 -1.15734920e+11  1.66e-05 2.33e-10  2.19e+04   281s
[2025-08-11 15:52:35] DEBUG    31   5.27769606e+10 -6.50468990e+10  1.21e-05 2.33e-10  1.44e+04   290s
[2025-08-11 15:52:44] DEBUG    32   4.17603347e+10 -4.92641769e+10  1.76e-05 2.33e-10  1.11e+04   299s
[2025-08-11 15:52:54] DEBUG    33   3.56839283e+10 -1.89653986e+10  1.28e-05 3.49e-10  6.69e+03   309s
[2025-08-11 15:53:02] DEBUG    34   3.07299388e+10 -6.04358342e+09  1.03e-05 2.33e-10  4.50e+03   317s
[2025-08-11 15:53:14] DEBUG    35   2.74646120e+10  1.26408793e+09  1.32e-05 2.33e-10  3.21e+03   329s
[2025-08-11 15:53:25] DEBUG    36   1.99453919e+10  5.28446691e+09  2.05e-05 2.33e-10  1.79e+03   340s
[2025-08-11 15:53:36] DEBUG    37   1.76284480e+10  8.68484940e+09  1.16e-05 2.33e-10  1.09e+03   351s
[2025-08-11 15:53:42] DEBUG    38   1.66772881e+10  9.73210395e+09  9.30e-06 2.33e-08  8.50e+02   357s
[2025-08-11 15:53:50] DEBUG    39   1.61213992e+10  1.02986057e+10  7.19e-06 2.03e-08  7.12e+02   365s
[2025-08-11 15:53:55] DEBUG    40   1.58926440e+10  1.09431891e+10  6.35e-06 1.68e-08  6.05e+02   370s
[2025-08-11 15:54:05] DEBUG    41   1.55724885e+10  1.18022834e+10  5.21e-06 1.21e-08  4.61e+02   380s
[2025-08-11 15:54:19] DEBUG    42   1.51954415e+10  1.22758847e+10  3.93e-06 9.48e-09  3.57e+02   394s
[2025-08-11 15:54:36] DEBUG    43   1.49651070e+10  1.26845104e+10  3.18e-06 7.09e-09  2.79e+02   411s
[2025-08-11 15:54:50] DEBUG    44   1.48476007e+10  1.29355094e+10  2.81e-06 5.69e-09  2.34e+02   425s
[2025-08-11 15:55:06] DEBUG    45   1.44791233e+10  1.30864910e+10  1.83e-06 4.59e-09  1.70e+02   441s
[2025-08-11 15:55:24] DEBUG    46   1.43806150e+10  1.34806453e+10  1.52e-06 1.58e-09  1.10e+02   459s
[2025-08-11 15:55:39] DEBUG    47   1.42138350e+10  1.36070149e+10  9.42e-07 4.04e-08  7.42e+01   474s
[2025-08-11 15:55:55] DEBUG    48   1.41412947e+10  1.36803536e+10  9.10e-07 1.28e-07  5.64e+01   490s
[2025-08-11 15:56:08] DEBUG    49   1.40678080e+10  1.37123234e+10  6.88e-07 2.08e-07  4.35e+01   503s
[2025-08-11 15:56:21] DEBUG    50   1.40357763e+10  1.37456411e+10  5.83e-07 2.15e-07  3.55e+01   515s
[2025-08-11 15:56:35] DEBUG    51   1.39915984e+10  1.37645522e+10  4.41e-07 2.48e-07  2.78e+01   530s
[2025-08-11 15:56:50] DEBUG    52   1.39598569e+10  1.37954029e+10  3.34e-07 2.80e-07  2.01e+01   545s
[2025-08-11 15:57:03] DEBUG    53   1.39454988e+10  1.37985395e+10  2.87e-07 2.77e-07  1.80e+01   558s
[2025-08-11 15:57:21] DEBUG    54   1.39321277e+10  1.38130446e+10  2.43e-07 2.57e-07  1.46e+01   576s
[2025-08-11 15:57:43] DEBUG    55   1.39203679e+10  1.38170397e+10  2.08e-07 2.56e-07  1.26e+01   598s
[2025-08-11 15:58:04] DEBUG    56   1.39084280e+10  1.38219458e+10  1.71e-07 2.47e-07  1.06e+01   619s
[2025-08-11 15:58:25] DEBUG    57   1.38976896e+10  1.38313199e+10  1.38e-07 2.14e-07  8.12e+00   640s
[2025-08-11 15:58:43] DEBUG    58   1.38854976e+10  1.38347534e+10  1.01e-07 1.97e-07  6.21e+00   658s
[2025-08-11 15:59:03] DEBUG    59   1.38816830e+10  1.38415254e+10  8.94e-08 1.46e-07  4.91e+00   677s
[2025-08-11 15:59:20] DEBUG    60   1.38762561e+10  1.38437342e+10  7.45e-08 1.27e-07  3.98e+00   695s
[2025-08-11 15:59:39] DEBUG    61   1.38723707e+10  1.38450388e+10  6.15e-08 1.11e-07  3.34e+00   714s
[2025-08-11 15:59:58] DEBUG    62   1.38682253e+10  1.38477169e+10  5.03e-08 9.17e-08  2.51e+00   733s
[2025-08-11 16:00:21] DEBUG    63   1.38637320e+10  1.38493654e+10  4.84e-08 7.27e-08  1.76e+00   756s
[2025-08-11 16:00:39] DEBUG    64   1.38614732e+10  1.38508549e+10  2.98e-08 4.79e-08  1.30e+00   774s
[2025-08-11 16:00:58] DEBUG    65   1.38603040e+10  1.38513846e+10  5.59e-08 3.78e-08  1.09e+00   793s
[2025-08-11 16:01:16] DEBUG    66   1.38588420e+10  1.38516574e+10  4.10e-08 3.54e-08  8.79e-01   811s
[2025-08-11 16:01:31] DEBUG    67   1.38574152e+10  1.38519344e+10  4.10e-08 3.23e-08  6.70e-01   826s
[2025-08-11 16:01:48] DEBUG    68   1.38564043e+10  1.38523303e+10  2.98e-08 2.49e-08  4.98e-01   843s
[2025-08-11 16:02:07] DEBUG    69   1.38550016e+10  1.38526119e+10  3.73e-08 1.73e-08  2.92e-01   862s
[2025-08-11 16:02:26] DEBUG    70   1.38544826e+10  1.38527642e+10  4.84e-08 1.70e-08  2.10e-01   881s
[2025-08-11 16:02:40] DEBUG    71   1.38540420e+10  1.38528720e+10  3.73e-08 1.40e-08  1.43e-01   895s
[2025-08-11 16:02:53] DEBUG    72   1.38538596e+10  1.38528952e+10  4.10e-08 1.26e-08  1.18e-01   908s
[2025-08-11 16:03:02] DEBUG    73   1.38537361e+10  1.38529170e+10  3.73e-08 1.12e-08  1.00e-01   917s
[2025-08-11 16:03:12] DEBUG    74   1.38536735e+10  1.38529262e+10  3.73e-08 1.04e-08  9.14e-02   927s
[2025-08-11 16:03:21] DEBUG    75   1.38534795e+10  1.38529504e+10  4.10e-08 8.56e-09  6.47e-02   936s
[2025-08-11 16:03:30] DEBUG    76   1.38534235e+10  1.38529548e+10  4.84e-08 8.12e-09  5.73e-02   945s
[2025-08-11 16:03:37] DEBUG    77   1.38533669e+10  1.38529712e+10  3.35e-08 6.51e-09  4.84e-02   952s
[2025-08-11 16:03:45] DEBUG    78   1.38533178e+10  1.38530006e+10  3.35e-08 3.54e-09  3.88e-02   960s
[2025-08-11 16:03:53] DEBUG    79   1.38532405e+10  1.38530070e+10  3.73e-08 2.96e-09  2.86e-02   967s
[2025-08-11 16:04:00] DEBUG    80   1.38531056e+10  1.38530212e+10  4.10e-08 2.78e-09  1.03e-02   975s
[2025-08-11 16:04:07] DEBUG    81   1.38530568e+10  1.38530301e+10  4.10e-08 1.44e-09  3.27e-03   982s
[2025-08-11 16:04:14] DEBUG    82   1.38530400e+10  1.38530335e+10  4.10e-08 5.28e-10  7.91e-04   989s
[2025-08-11 16:04:21] DEBUG    83   1.38530361e+10  1.38530345e+10  4.10e-08 1.94e-09  1.99e-04   996s
[2025-08-11 16:04:27] DEBUG    84   1.38530350e+10  1.38530348e+10  5.22e-08 3.22e-09  1.77e-05  1001s
[2025-08-11 16:04:32] DEBUG    85   1.38530348e+10  1.38530348e+10  4.10e-08 4.66e-10  3.25e-07  1007s
[2025-08-11 16:04:37] DEBUG    86   1.38530348e+10  1.38530348e+10  4.47e-08 4.66e-10  5.21e-12  1012s
[2025-08-11 16:04:37] DEBUG    Barrier solved model in 86 iterations and 1012.27 seconds (253.56 work units)
Optimal objective 1.38530348e+10
[2025-08-11 16:04:38] DEBUG    Crossover log...
[2025-08-11 16:04:39] DEBUG    479602 DPushes remaining with DInf 4.5781549e-01              1014s
[2025-08-11 16:04:40] DEBUG    113269 DPushes remaining with DInf 2.2534285e-01              1015s
[2025-08-11 16:04:43] DEBUG    0 DPushes remaining with DInf 1.9708256e-01              1018s
[2025-08-11 16:04:44] DEBUG    114945 PPushes remaining with PInf 0.0000000e+00              1019s
[2025-08-11 16:04:46] DEBUG    9 PPushes remaining with PInf 0.0000000e+00              1020s
[2025-08-11 16:04:46] DEBUG    0 PPushes remaining with PInf 0.0000000e+00              1021s
[2025-08-11 16:04:46] DEBUG    Push phase complete: Pinf 0.0000000e+00, Dinf 3.2769587e-01   1021s
[2025-08-11 16:04:47] DEBUG    Iteration    Objective       Primal Inf.    Dual Inf.      Time
  398214    1.3853035e+10   0.000000e+00   3.276959e-01   1022s
[2025-08-11 16:04:49] DEBUG    Solved with barrier
[2025-08-11 16:05:04] DEBUG    401340    1.3853035e+10   0.000000e+00   0.000000e+00   1039s
[2025-08-11 16:05:04] DEBUG    Solved in 401340 iterations and 1038.98 seconds (276.62 work units)
[2025-08-11 16:05:04] DEBUG    Optimal objective  1.385303484e+10
✅ Scenario completato: existing_CG+VRES_2030_BESS

🚀 Lancio scenario: existing_CG+VRES_2030_nostorage
[2025-08-11 16:16:16] INFO     Loading sets
[2025-08-11 16:16:16] INFO     Loading parameters
[2025-08-11 16:16:50] INFO     constraints are loaded in the following order: ['energy_balance', 'dispatch', 'costs', 'capacity', 'network', 'policy', 'conversion', 'group', 'conversion_plus', 'milp', 'export']
[2025-08-11 16:16:50] INFO     creating energy_balance constraints
[2025-08-11 16:19:43] INFO     creating dispatch constraints
[2025-08-11 16:21:34] INFO     creating costs constraints
[2025-08-11 16:36:31] INFO     creating capacity constraints
[2025-08-11 16:36:31] INFO     creating network constraints
[2025-08-11 16:36:31] INFO     creating policy constraints
[2025-08-11 16:36:31] INFO     creating conversion constraints
[2025-08-11 16:36:31] INFO     creating group constraints
[2025-08-11 16:36:31] INFO     creating conversion_plus constraints
[2025-08-11 16:36:31] INFO     creating milp constraints
[2025-08-11 16:36:31] INFO     creating export constraints
[2025-08-11 16:48:20] DEBUG    Set parameter WLSAccessID
Set parameter WLSSecret
Set parameter LicenseID to value 2680226
[2025-08-11 16:48:20] DEBUG    Academic license 2680226 - for non-commercial use only - registered to an___@mail.polimi.it
[2025-08-11 16:48:53] DEBUG    Read LP format model from file /tmp/tmpt78b9eqo.pyomo.lp
Reading time = 32.63 seconds
x16331579: 21841663 rows, 16331579 columns, 52860829 nonzeros
[2025-08-11 16:48:53] DEBUG    Set parameter NumericFocus to value 1
Gurobi Optimizer version 12.0.2 build v12.0.2rc0 (linux64 - "Debian GNU/Linux 11 (bullseye)")

CPU model: Intel(R) Xeon(R) Silver 4314 CPU @ 2.40GHz, instruction set [SSE2|AVX|AVX2|AVX512]
Thread count: 32 physical cores, 64 logical processors, using up to 32 threads

Non-default parameters:
NumericFocus  1
[2025-08-11 16:48:53] DEBUG    Academic license 2680226 - for non-commercial use only - registered to an___@mail.polimi.it
Optimize a model with 21841663 rows, 16331579 columns and 52860829 nonzeros
[2025-08-11 16:48:54] DEBUG    Model fingerprint: 0xd4768a13
[2025-08-11 16:48:54] DEBUG    Coefficient statistics:
  Matrix range     [1e-07, 3e+02]
  Objective range  [1e+00, 1e+06]
  Bounds range     [0e+00, 0e+00]
  RHS range        [1e+00, 2e+08]
[2025-08-11 16:48:59] DEBUG    Presolve removed 18230906 rows and 9671898 columns (presolve time = 6s)...
[2025-08-11 16:49:04] DEBUG    Presolve removed 19878257 rows and 13110000 columns (presolve time = 10s)...
[2025-08-11 16:49:09] DEBUG    Presolve removed 19960103 rows and 13191846 columns (presolve time = 16s)...
[2025-08-11 16:49:13] DEBUG    Presolve removed 20109524 rows and 13296966 columns
[2025-08-11 16:49:13] DEBUG    Presolve time: 20.14s
Presolved: 1732139 rows, 3183516 columns, 7225839 nonzeros

Concurrent LP optimizer: primal simplex, dual simplex, and barrier
Showing barrier log only...
[2025-08-11 16:49:15] DEBUG    Ordering time: 0.86s
[2025-08-11 16:49:16] DEBUG    Barrier statistics:
 Dense cols : 115
[2025-08-11 16:49:16] DEBUG    AA' NZ     : 4.107e+06
 Factor NZ  : 2.707e+07 (roughly 2.0 GB of memory)
 Factor Ops : 1.860e+09 (less than 1 second per iteration)
 Threads    : 30
[2025-08-11 16:49:20] DEBUG    Objective                Residual
[2025-08-11 16:49:20] DEBUG    Iter       Primal          Dual         Primal    Dual     Compl     Time
[2025-08-11 16:49:20] DEBUG    0   5.98321021e+18 -4.75902785e+17  2.10e+08 8.49e-12  4.45e+12    27s
[2025-08-11 16:49:25] DEBUG    1   4.81796692e+18 -4.19506021e+17  1.65e+08 3.44e+04  3.17e+12    32s
[2025-08-11 16:49:31] DEBUG    2   3.96593410e+18 -3.85013284e+17  1.40e+08 7.57e+03  2.62e+12    38s
[2025-08-11 16:49:38] DEBUG    3   2.62674451e+18 -3.67515717e+17  9.74e+07 1.30e+03  1.83e+12    45s
[2025-08-11 16:49:44] DEBUG    4   2.04304586e+18 -3.36716363e+17  7.68e+07 4.55e+02  1.43e+12    51s
[2025-08-11 16:49:47] DEBUG    5   1.56110842e+18 -3.13808284e+17  5.87e+07 3.09e+02  1.09e+12    54s
[2025-08-11 16:49:52] DEBUG    6   1.26574410e+18 -2.86006125e+17  4.76e+07 1.64e+02  8.73e+11    59s
[2025-08-11 16:49:56] DEBUG    7   1.07662809e+18 -2.57098664e+17  4.05e+07 8.03e+01  7.32e+11    63s
[2025-08-11 16:50:00] DEBUG    8   2.64597618e+17 -1.88559861e+17  1.01e+07 1.28e+01  1.91e+11    67s
[2025-08-11 16:50:06] DEBUG    9   3.41483036e+16 -8.90113375e+16  1.31e+06 8.52e-01  3.14e+10    74s
[2025-08-11 16:50:11] DEBUG    10   2.84731544e+15 -6.95057008e+16  1.25e+05 5.92e-01  1.20e+10    78s
[2025-08-11 16:50:16] DEBUG    11   1.80175169e+14 -1.82148866e+15  7.62e+03 8.91e-07  3.11e+08    83s
[2025-08-11 16:50:23] DEBUG    12   1.79559546e+12 -1.83975589e+14  3.40e+01 8.46e-08  2.79e+07    90s
[2025-08-11 16:50:28] DEBUG    13   6.89079888e+11 -2.18581062e+13  1.08e+00 4.10e-09  3.39e+06    95s
[2025-08-11 16:50:33] DEBUG    14   6.53697921e+11 -1.91595833e+13  7.73e-01 3.62e-09  2.98e+06   100s
[2025-08-11 16:50:36] DEBUG    15   6.21583204e+11 -1.33516571e+13  6.89e-01 2.55e-09  2.10e+06   104s
[2025-08-11 16:50:42] DEBUG    16   4.81570032e+11 -9.18354158e+12  1.83e-01 1.72e-09  1.45e+06   109s
[2025-08-11 16:50:46] DEBUG    17   4.37550645e+11 -5.70057766e+12  1.41e-01 9.33e-10  9.23e+05   113s
[2025-08-11 16:50:51] DEBUG    18   3.73544307e+11 -3.97447694e+12  9.23e-02 9.91e-10  6.54e+05   118s
[2025-08-11 16:50:55] DEBUG    19   2.81836413e+11 -2.63905716e+12  4.88e-02 7.15e-10  4.39e+05   123s
[2025-08-11 16:51:02] DEBUG    20   1.85320672e+11 -1.76838879e+12  2.02e-02 2.61e-10  2.94e+05   129s
[2025-08-11 16:51:05] DEBUG    21   1.43193558e+11 -1.06732520e+12  1.21e-02 2.33e-10  1.82e+05   132s
[2025-08-11 16:51:09] DEBUG    22   1.23648789e+11 -5.03905922e+11  9.64e-03 2.33e-10  9.44e+04   136s
[2025-08-11 16:51:17] DEBUG    23   9.70623378e+10 -2.05969046e+11  6.68e-03 3.49e-10  4.56e+04   144s
[2025-08-11 16:51:22] DEBUG    24   9.10871509e+10 -1.71556534e+11  6.08e-03 3.49e-10  3.95e+04   149s
[2025-08-11 16:51:27] DEBUG    25   8.52052086e+10 -1.41408790e+11  5.50e-03 3.49e-10  3.41e+04   154s
[2025-08-11 16:51:33] DEBUG    26   7.80432275e+10 -1.29642318e+11  4.81e-03 3.49e-10  3.12e+04   160s
[2025-08-11 16:51:40] DEBUG    27   5.76212989e+10 -1.08795015e+11  2.86e-03 2.33e-10  2.50e+04   167s
[2025-08-11 16:51:50] DEBUG    28   4.82000330e+10 -4.70989399e+10  2.07e-03 2.33e-10  1.43e+04   177s
[2025-08-11 16:51:59] DEBUG    29   4.76491357e+10 -3.33236056e+10  2.03e-03 3.49e-10  1.22e+04   186s
[2025-08-11 16:52:10] DEBUG    30   4.33826373e+10 -2.03493721e+10  1.74e-03 3.49e-10  9.58e+03   197s
[2025-08-11 16:52:19] DEBUG    31   3.91893119e+10 -7.19370884e+09  1.46e-03 3.49e-10  6.97e+03   206s
[2025-08-11 16:52:25] DEBUG    32   3.41673957e+10  5.21844559e+09  1.13e-03 2.33e-10  4.35e+03   212s
[2025-08-11 16:52:34] DEBUG    33   2.14953973e+10  7.16742809e+09  3.76e-04 3.49e-10  2.15e+03   221s
[2025-08-11 16:52:42] DEBUG    34   2.06228497e+10  7.78412665e+09  3.29e-04 3.49e-10  1.93e+03   230s
[2025-08-11 16:52:50] DEBUG    35   1.85863601e+10  1.02282532e+10  3.33e-04 2.33e-10  1.26e+03   237s
[2025-08-11 16:52:57] DEBUG    36   1.73463591e+10  1.07822038e+10  2.60e-04 2.33e-10  9.87e+02   244s
[2025-08-11 16:53:00] DEBUG    37   1.70615794e+10  1.12718473e+10  2.33e-04 2.33e-10  8.71e+02   247s
[2025-08-11 16:53:05] DEBUG    38   1.67579934e+10  1.19592836e+10  2.12e-04 2.33e-10  7.22e+02   252s
[2025-08-11 16:53:09] DEBUG    39   1.63725747e+10  1.23041663e+10  1.87e-04 2.33e-10  6.12e+02   256s
[2025-08-11 16:53:13] DEBUG    40   1.56811169e+10  1.26613738e+10  1.32e-04 2.33e-10  4.54e+02   260s
[2025-08-11 16:53:17] DEBUG    41   1.54894129e+10  1.27811999e+10  1.18e-04 1.91e-09  4.07e+02   264s
[2025-08-11 16:53:21] DEBUG    42   1.51650595e+10  1.30756112e+10  9.11e-05 1.44e-08  3.14e+02   269s
[2025-08-11 16:53:25] DEBUG    43   1.50178093e+10  1.31787585e+10  1.13e-04 1.75e-08  2.77e+02   272s
[2025-08-11 16:53:32] DEBUG    44   1.47883131e+10  1.34427301e+10  7.90e-05 7.11e-08  2.02e+02   280s
[2025-08-11 16:53:41] DEBUG    45   1.47427871e+10  1.35322605e+10  7.39e-05 9.79e-08  1.82e+02   288s
[2025-08-11 16:53:48] DEBUG    46   1.44667456e+10  1.36562054e+10  4.59e-05 2.50e-07  1.22e+02   295s
[2025-08-11 16:53:55] DEBUG    47   1.43249660e+10  1.36967638e+10  3.49e-05 4.76e-07  9.45e+01   302s
[2025-08-11 16:54:02] DEBUG    48   1.42341659e+10  1.37507933e+10  2.76e-05 8.55e-07  7.27e+01   309s
[2025-08-11 16:54:10] DEBUG    49   1.40761346e+10  1.37860548e+10  1.62e-05 1.25e-06  4.36e+01   317s
[2025-08-11 16:54:17] DEBUG    50   1.40315241e+10  1.38200842e+10  1.23e-05 1.59e-06  3.18e+01   324s
[2025-08-11 16:54:23] DEBUG    51   1.39796692e+10  1.38231339e+10  8.88e-06 1.65e-06  2.35e+01   330s
[2025-08-11 16:54:28] DEBUG    52   1.39626471e+10  1.38279368e+10  7.16e-06 1.72e-06  2.03e+01   335s
[2025-08-11 16:54:33] DEBUG    53   1.39316225e+10  1.38310974e+10  5.85e-06 1.76e-06  1.51e+01   340s
[2025-08-11 16:54:38] DEBUG    54   1.39155083e+10  1.38363504e+10  4.42e-06 1.80e-06  1.19e+01   345s
[2025-08-11 16:54:45] DEBUG    55   1.39029266e+10  1.38386443e+10  2.73e-06 1.81e-06  9.67e+00   352s
[2025-08-11 16:54:51] DEBUG    56   1.38940075e+10  1.38404467e+10  2.81e-06 1.82e-06  8.05e+00   358s
[2025-08-11 16:54:57] DEBUG    57   1.38903168e+10  1.38415880e+10  2.50e-06 1.82e-06  7.33e+00   364s
[2025-08-11 16:55:03] DEBUG    58   1.38853531e+10  1.38437433e+10  2.27e-06 1.81e-06  6.26e+00   371s
[2025-08-11 16:55:10] DEBUG    59   1.38779329e+10  1.38466868e+10  2.14e-06 1.80e-06  4.70e+00   377s
[2025-08-11 16:55:15] DEBUG    60   1.38746704e+10  1.38476577e+10  1.63e-06 1.79e-06  4.06e+00   382s
[2025-08-11 16:55:21] DEBUG    61   1.38717995e+10  1.38489079e+10  2.19e-06 1.77e-06  3.44e+00   388s
[2025-08-11 16:55:27] DEBUG    62   1.38672781e+10  1.38494844e+10  2.41e-06 1.76e-06  2.68e+00   394s
[2025-08-11 16:55:31] DEBUG    63   1.38650176e+10  1.38503759e+10  1.81e-06 1.71e-06  2.20e+00   398s
[2025-08-11 16:55:36] DEBUG    64   1.38621575e+10  1.38512282e+10  1.99e-06 1.62e-06  1.64e+00   403s
[2025-08-11 16:55:42] DEBUG    65   1.38607688e+10  1.38514605e+10  2.09e-06 1.56e-06  1.40e+00   409s
[2025-08-11 16:55:47] DEBUG    66   1.38588345e+10  1.38519028e+10  1.56e-06 1.28e-06  1.04e+00   414s
[2025-08-11 16:55:54] DEBUG    67   1.38565793e+10  1.38521813e+10  9.85e-07 1.16e-06  6.61e-01   421s
[2025-08-11 16:56:02] DEBUG    68   1.38555376e+10  1.38526633e+10  6.89e-07 5.65e-07  4.32e-01   429s
[2025-08-11 16:56:09] DEBUG    69   1.38545948e+10  1.38527838e+10  4.30e-07 3.72e-07  2.72e-01   436s
[2025-08-11 16:56:14] DEBUG    70   1.38543534e+10  1.38529022e+10  3.54e-07 1.79e-07  2.18e-01   441s
[2025-08-11 16:56:19] DEBUG    71   1.38535720e+10  1.38529298e+10  1.43e-07 1.33e-07  9.66e-02   446s
[2025-08-11 16:56:25] DEBUG    72   1.38532183e+10  1.38529908e+10  4.45e-08 5.48e-08  3.42e-02   452s
[2025-08-11 16:56:30] DEBUG    73   1.38531275e+10  1.38530179e+10  3.35e-08 2.07e-08  1.65e-02   457s
[2025-08-11 16:56:36] DEBUG    74   1.38531049e+10  1.38530220e+10  3.73e-08 1.57e-08  1.25e-02   463s
[2025-08-11 16:56:42] DEBUG    75   1.38530567e+10  1.38530307e+10  4.10e-08 4.46e-09  3.91e-03   469s
[2025-08-11 16:56:47] DEBUG    76   1.38530387e+10  1.38530333e+10  4.84e-08 1.27e-09  8.07e-04   474s
[2025-08-11 16:56:53] DEBUG    77   1.38530356e+10  1.38530346e+10  4.10e-08 3.12e-09  1.55e-04   480s
[2025-08-11 16:56:58] DEBUG    78   1.38530349e+10  1.38530348e+10  3.73e-08 4.66e-10  1.55e-05   485s
[2025-08-11 16:57:02] DEBUG    79   1.38530348e+10  1.38530348e+10  3.73e-08 4.66e-10  1.50e-08   489s
[2025-08-11 16:57:06] DEBUG    80   1.38530348e+10  1.38530348e+10  4.47e-08 2.33e-10  7.32e-14   493s
[2025-08-11 16:57:06] DEBUG    Barrier solved model in 80 iterations and 493.46 seconds (110.54 work units)
[2025-08-11 16:57:06] DEBUG    Optimal objective 1.38530348e+10
[2025-08-11 16:57:07] DEBUG    Crossover log...
[2025-08-11 16:57:08] DEBUG    144212 DPushes remaining with DInf 0.0000000e+00               495s
[2025-08-11 16:57:08] DEBUG    4 DPushes remaining with DInf 0.0000000e+00               495s
[2025-08-11 16:57:08] DEBUG    0 DPushes remaining with DInf 0.0000000e+00               495s
[2025-08-11 16:57:08] DEBUG    111100 PPushes remaining with PInf 0.0000000e+00               496s
[2025-08-11 16:57:09] DEBUG    0 PPushes remaining with PInf 0.0000000e+00               496s
[2025-08-11 16:57:09] DEBUG    Push phase complete: Pinf 0.0000000e+00, Dinf 1.6946557e-13    496s
[2025-08-11 16:57:10] DEBUG    Solved with barrier
[2025-08-11 16:57:23] DEBUG    Iteration    Objective       Primal Inf.    Dual Inf.      Time
[2025-08-11 16:57:23] DEBUG    250870    1.3853035e+10   0.000000e+00   0.000000e+00    510s

Solved in 250870 iterations and 509.92 seconds (122.00 work units)
[2025-08-11 16:57:23] DEBUG    Optimal objective  1.385303484e+10
✅ Scenario completato: existing_CG+VRES_2030_nostorage

🚀 Lancio scenario: existing_GT+VRES_2030_PHES
[2025-08-11 17:09:43] INFO     Loading sets
[2025-08-11 17:09:43] INFO     Loading parameters
[2025-08-11 17:10:19] INFO     constraints are loaded in the following order: ['energy_balance', 'dispatch', 'costs', 'capacity', 'network', 'policy', 'conversion', 'group', 'conversion_plus', 'milp', 'export']
[2025-08-11 17:10:19] INFO     creating energy_balance constraints
[2025-08-11 17:13:24] INFO     creating dispatch constraints
[2025-08-11 17:15:25] INFO     creating costs constraints
[2025-08-11 17:24:31] INFO     creating capacity constraints
[2025-08-11 17:24:31] INFO     creating network constraints
[2025-08-11 17:24:31] INFO     creating policy constraints
[2025-08-11 17:24:31] INFO     creating conversion constraints
[2025-08-11 17:24:31] INFO     creating group constraints
[2025-08-11 17:24:31] INFO     creating conversion_plus constraints
[2025-08-11 17:24:31] INFO     creating milp constraints
[2025-08-11 17:24:31] INFO     creating export constraints
[2025-08-11 17:37:59] DEBUG    Set parameter WLSAccessID
Set parameter WLSSecret
Set parameter LicenseID to value 2680226
[2025-08-11 17:37:59] DEBUG    Academic license 2680226 - for non-commercial use only - registered to an___@mail.polimi.it
[2025-08-11 17:38:38] DEBUG    Read LP format model from file /tmp/tmptil0o1jr.pyomo.lp
[2025-08-11 17:38:38] DEBUG    Reading time = 38.58 seconds
x17601953: 23620175 rows, 17601953 columns, 57687966 nonzeros
[2025-08-11 17:38:38] DEBUG    Set parameter NumericFocus to value 1
[2025-08-11 17:38:38] DEBUG    Gurobi Optimizer version 12.0.2 build v12.0.2rc0 (linux64 - "Debian GNU/Linux 11 (bullseye)")

CPU model: Intel(R) Xeon(R) Silver 4314 CPU @ 2.40GHz, instruction set [SSE2|AVX|AVX2|AVX512]
Thread count: 32 physical cores, 64 logical processors, using up to 32 threads

Non-default parameters:
NumericFocus  1
[2025-08-11 17:38:38] DEBUG    Academic license 2680226 - for non-commercial use only - registered to an___@mail.polimi.it
Optimize a model with 23620175 rows, 17601953 columns and 57687966 nonzeros
[2025-08-11 17:38:39] DEBUG    Model fingerprint: 0x635ffed7
[2025-08-11 17:38:39] DEBUG    Coefficient statistics:
  Matrix range     [1e-07, 3e+02]
  Objective range  [1e+00, 1e+06]
  Bounds range     [0e+00, 0e+00]
  RHS range        [1e+00, 6e+09]
Warning: Model contains large rhs
[2025-08-11 17:38:45] DEBUG    Presolve removed 18870566 rows and 10258940 columns (presolve time = 6s)...
[2025-08-11 17:38:49] DEBUG    Presolve removed 18870901 rows and 12050000 columns (presolve time = 10s)...
[2025-08-11 17:38:54] DEBUG    Presolve removed 20827627 rows and 13961148 columns (presolve time = 16s)...
[2025-08-11 17:39:00] DEBUG    Presolve removed 20828197 rows and 14066268 columns (presolve time = 21s)...
[2025-08-11 17:39:02] DEBUG    Presolve removed 20977100 rows and 14066268 columns
[2025-08-11 17:39:32] DEBUG    Presolve time: 54.48s
Presolved: 2643075 rows, 3684588 columns, 11051687 nonzeros

Concurrent LP optimizer: primal simplex, dual simplex, and barrier
Showing barrier log only...
[2025-08-11 17:40:28] DEBUG    Elapsed ordering time = 54s
[2025-08-11 17:40:29] DEBUG    Elapsed ordering time = 55s
[2025-08-11 17:40:34] DEBUG    Elapsed ordering time = 60s
[2025-08-11 17:40:41] DEBUG    Ordering time: 66.46s
[2025-08-11 17:40:44] DEBUG    Barrier statistics:
 Dense cols : 141
 AA' NZ     : 1.035e+07
[2025-08-11 17:40:44] DEBUG    Factor NZ  : 5.250e+07 (roughly 3.0 GB of memory)
 Factor Ops : 5.353e+09 (less than 1 second per iteration)
 Threads    : 30
[2025-08-11 17:40:48] DEBUG    Objective                Residual
[2025-08-11 17:40:48] DEBUG    Iter       Primal          Dual         Primal    Dual     Compl     Time
[2025-08-11 17:40:49] DEBUG    0   4.76902457e+18 -4.26981135e+17  1.54e+08 1.43e-11  3.10e+12   131s
[2025-08-11 17:40:54] DEBUG    1   3.82265353e+18 -3.71633785e+17  1.22e+08 4.39e+04  2.09e+12   136s
[2025-08-11 17:41:01] DEBUG    2   3.37191619e+18 -3.32040435e+17  1.09e+08 1.59e+04  1.70e+12   143s
[2025-08-11 17:41:10] DEBUG    3   2.32271921e+18 -3.00847131e+17  7.89e+07 4.65e+03  1.18e+12   152s
[2025-08-11 17:41:17] DEBUG    4   1.57077175e+18 -2.82139224e+17  5.46e+07 2.51e+03  8.06e+11   159s
[2025-08-11 17:41:21] DEBUG    5   1.31865238e+18 -2.68765740e+17  4.59e+07 1.89e+03  6.77e+11   163s
[2025-08-11 17:41:26] DEBUG    6   1.14508262e+18 -2.56389492e+17  4.01e+07 1.49e+03  5.87e+11   168s
[2025-08-11 17:41:31] DEBUG    7   9.62057124e+17 -2.40005135e+17  3.38e+07 1.10e+03  4.90e+11   173s
[2025-08-11 17:41:38] DEBUG    8   5.55246033e+17 -2.09896620e+17  2.10e+07 6.40e+02  2.99e+11   180s
[2025-08-11 17:41:48] DEBUG    9   3.09831819e+17 -1.51811287e+17  1.19e+07 1.84e+02  1.61e+11   191s
[2025-08-11 17:41:58] DEBUG    10   1.35938113e+17 -9.15682854e+16  5.21e+06 2.21e+01  6.72e+10   200s
[2025-08-11 17:42:09] DEBUG    11   3.14979849e+16 -4.15774058e+16  1.20e+06 2.74e+00  1.61e+10   211s
[2025-08-11 17:42:15] DEBUG    12   2.31221560e+16 -2.27306560e+16  8.84e+05 1.09e+00  9.46e+09   217s
[2025-08-11 17:42:21] DEBUG    13   9.57420563e+14 -9.19102862e+15  3.64e+04 2.43e-01  1.38e+09   223s
[2025-08-11 17:42:27] DEBUG    14   3.22063640e+13 -9.44562979e+14  1.12e+03 1.95e-02  1.23e+08   229s
[2025-08-11 17:42:32] DEBUG    15   2.43452636e+12 -1.66077401e+13  4.30e+00 1.30e-08  2.38e+06   234s
[2025-08-11 17:42:37] DEBUG    16   1.58113208e+12 -1.31486449e+13  1.35e+00 3.94e-04  1.84e+06   239s
[2025-08-11 17:42:43] DEBUG    17   1.29190315e+12 -7.23846387e+12  6.24e-01 4.09e-04  1.06e+06   246s
[2025-08-11 17:42:49] DEBUG    18   1.11895002e+12 -4.08463805e+12  3.92e-01 3.39e-04  6.49e+05   251s
[2025-08-11 17:42:54] DEBUG    19   9.28037932e+11 -3.63692460e+12  2.33e-01 3.13e-04  5.69e+05   256s
[2025-08-11 17:43:00] DEBUG    20   7.31261736e+11 -3.07183317e+12  1.68e-01 3.89e-04  4.74e+05   262s
[2025-08-11 17:43:06] DEBUG    21   5.21469840e+11 -1.99180699e+12  8.94e-02 3.96e-04  3.14e+05   268s
[2025-08-11 17:43:13] DEBUG    22   2.86839409e+11 -1.26496202e+12  2.87e-02 3.04e-04  1.94e+05   275s
[2025-08-11 17:43:22] DEBUG    23   2.15768400e+11 -8.49996612e+11  1.71e-02 2.01e-04  1.33e+05   284s
[2025-08-11 17:43:29] DEBUG    24   1.58145290e+11 -5.87857710e+11  1.11e-02 1.44e-04  9.31e+04   291s
[2025-08-11 17:43:34] DEBUG    25   9.05013386e+10 -2.52676496e+11  3.71e-03 6.23e-05  4.28e+04   296s
[2025-08-11 17:43:39] DEBUG    26   8.01546790e+10 -2.09041747e+11  3.09e-03 5.17e-05  3.61e+04   301s
[2025-08-11 17:43:44] DEBUG    27   7.18885317e+10 -1.13057976e+11  2.61e-03 2.97e-05  2.31e+04   306s
[2025-08-11 17:43:50] DEBUG    28   6.99272289e+10 -9.80519840e+10  2.50e-03 2.64e-05  2.10e+04   312s
[2025-08-11 17:43:55] DEBUG    29   6.18107566e+10 -6.16522766e+10  2.08e-03 1.80e-05  1.54e+04   317s
[2025-08-11 17:44:02] DEBUG    30   5.07065567e+10 -3.66098394e+10  1.54e-03 1.20e-05  1.09e+04   324s
[2025-08-11 17:44:12] DEBUG    31   4.80296156e+10 -2.58465916e+10  1.41e-03 9.64e-06  9.22e+03   334s
[2025-08-11 17:44:22] DEBUG    32   4.40307895e+10 -1.40503071e+10  1.24e-03 6.94e-06  7.24e+03   344s
[2025-08-11 17:44:33] DEBUG    33   4.21159705e+10 -1.16254782e+10  1.16e-03 6.39e-06  6.70e+03   355s
[2025-08-11 17:44:43] DEBUG    34   3.85565182e+10 -4.24582209e+09  9.91e-04 4.70e-06  5.34e+03   365s
[2025-08-11 17:44:55] DEBUG    35   3.48660877e+10  1.39713018e+08  8.12e-04 3.68e-06  4.33e+03   377s
[2025-08-11 17:45:02] DEBUG    36   2.76145604e+10  3.35953953e+09  5.00e-04 2.82e-06  3.03e+03   384s
[2025-08-11 17:45:13] DEBUG    37   2.66729685e+10  5.36431503e+09  4.64e-04 2.30e-06  2.66e+03   395s
[2025-08-11 17:45:21] DEBUG    38   2.57957253e+10  5.44547069e+09  4.30e-04 2.28e-06  2.54e+03   403s
[2025-08-11 17:45:32] DEBUG    39   2.45334173e+10  7.59406738e+09  3.82e-04 1.74e-06  2.11e+03   414s
[2025-08-11 17:45:40] DEBUG    40   2.42909657e+10  8.68442951e+09  3.72e-04 1.47e-06  1.95e+03   423s
[2025-08-11 17:45:51] DEBUG    41   2.33334875e+10  8.81924534e+09  3.37e-04 1.43e-06  1.81e+03   433s
[2025-08-11 17:46:01] DEBUG    42   2.09192639e+10  1.07224332e+10  2.46e-04 9.11e-07  1.27e+03   443s
[2025-08-11 17:46:13] DEBUG    43   1.98172695e+10  1.12968192e+10  2.06e-04 7.47e-07  1.06e+03   455s
[2025-08-11 17:46:25] DEBUG    44   1.90976181e+10  1.21270374e+10  1.82e-04 5.24e-07  8.70e+02   467s
[2025-08-11 17:46:37] DEBUG    45   1.72705517e+10  1.25286630e+10  1.39e-04 4.05e-07  5.91e+02   479s
[2025-08-11 17:46:45] DEBUG    46   1.66818255e+10  1.28186475e+10  1.16e-04 3.21e-07  4.82e+02   487s
[2025-08-11 17:46:56] DEBUG    47   1.60680115e+10  1.29869329e+10  8.80e-05 2.72e-07  3.84e+02   498s
[2025-08-11 17:47:07] DEBUG    48   1.56280834e+10  1.31910118e+10  7.31e-05 2.11e-07  3.04e+02   509s
[2025-08-11 17:47:17] DEBUG    49   1.53694417e+10  1.33869073e+10  5.95e-05 1.51e-07  2.47e+02   519s
[2025-08-11 17:47:27] DEBUG    50   1.47867819e+10  1.34856846e+10  3.28e-05 1.24e-07  1.62e+02   530s
[2025-08-11 17:47:38] DEBUG    51   1.47723164e+10  1.35636948e+10  3.23e-05 2.43e-07  1.51e+02   540s
[2025-08-11 17:47:47] DEBUG    52   1.46701827e+10  1.36203667e+10  2.82e-05 3.33e-07  1.31e+02   549s
[2025-08-11 17:47:58] DEBUG    53   1.44746622e+10  1.36437639e+10  2.33e-05 3.94e-07  1.04e+02   560s
[2025-08-11 17:48:11] DEBUG    54   1.43036941e+10  1.37707906e+10  1.55e-04 6.46e-07  6.65e+01   573s
[2025-08-11 17:48:24] DEBUG    55   1.41467485e+10  1.38092122e+10  9.77e-05 5.19e-07  4.21e+01   586s
[2025-08-11 17:48:35] DEBUG    56   1.40754918e+10  1.38253645e+10  7.14e-05 5.33e-07  3.12e+01   597s
[2025-08-11 17:48:44] DEBUG    57   1.40221060e+10  1.38302387e+10  4.90e-05 8.23e-07  2.39e+01   606s
[2025-08-11 17:48:52] DEBUG    58   1.39895736e+10  1.38325163e+10  4.40e-05 9.24e-07  1.96e+01   614s
[2025-08-11 17:48:57] DEBUG    59   1.39749855e+10  1.38349760e+10  4.16e-05 1.02e-06  1.75e+01   619s
[2025-08-11 17:49:03] DEBUG    60   1.39615838e+10  1.38391224e+10  3.57e-05 1.18e-06  1.53e+01   625s
[2025-08-11 17:49:08] DEBUG    61   1.39492547e+10  1.38403639e+10  3.37e-05 1.22e-06  1.36e+01   630s
[2025-08-11 17:49:14] DEBUG    62   1.39396626e+10  1.38431790e+10  3.08e-05 1.32e-06  1.20e+01   636s
[2025-08-11 17:49:19] DEBUG    63   1.39321477e+10  1.38439652e+10  2.80e-05 1.35e-06  1.10e+01   641s
[2025-08-11 17:49:24] DEBUG    64   1.39228099e+10  1.38456933e+10  2.40e-05 1.44e-06  9.62e+00   646s
[2025-08-11 17:49:30] DEBUG    65   1.39141043e+10  1.38469935e+10  2.10e-05 1.51e-06  8.37e+00   652s
[2025-08-11 17:49:35] DEBUG    66   1.39065871e+10  1.38477368e+10  1.89e-05 1.54e-06  7.34e+00   657s
[2025-08-11 17:49:41] DEBUG    67   1.39021086e+10  1.38489512e+10  1.78e-05 1.56e-06  6.63e+00   663s
[2025-08-11 17:49:46] DEBUG    68   1.38958097e+10  1.38491652e+10  1.59e-05 1.56e-06  5.82e+00   668s
[2025-08-11 17:49:51] DEBUG    69   1.38875841e+10  1.38496058e+10  1.27e-05 1.55e-06  4.74e+00   673s
[2025-08-11 17:49:58] DEBUG    70   1.38869054e+10  1.38500102e+10  1.26e-05 1.51e-06  4.60e+00   680s
[2025-08-11 17:50:03] DEBUG    71   1.38820389e+10  1.38502667e+10  1.07e-05 1.47e-06  3.96e+00   685s
[2025-08-11 17:50:09] DEBUG    72   1.38797481e+10  1.38505165e+10  9.90e-06 1.41e-06  3.65e+00   691s
[2025-08-11 17:50:14] DEBUG    73   1.38793058e+10  1.38506786e+10  9.73e-06 1.36e-06  3.57e+00   696s
[2025-08-11 17:50:19] DEBUG    74   1.38759155e+10  1.38508232e+10  8.31e-06 1.32e-06  3.13e+00   701s
[2025-08-11 17:50:24] DEBUG    75   1.38703783e+10  1.38511882e+10  6.37e-06 1.24e-06  2.39e+00   706s
[2025-08-11 17:50:30] DEBUG    76   1.38684881e+10  1.38515020e+10  5.71e-06 1.13e-06  2.12e+00   712s
[2025-08-11 17:50:35] DEBUG    77   1.38675964e+10  1.38517662e+10  5.38e-06 1.03e-06  1.97e+00   718s
[2025-08-11 17:50:42] DEBUG    78   1.38669365e+10  1.38518131e+10  5.11e-06 1.01e-06  1.89e+00   724s
[2025-08-11 17:50:48] DEBUG    79   1.38658830e+10  1.38519171e+10  4.72e-06 9.65e-07  1.74e+00   731s
[2025-08-11 17:50:55] DEBUG    80   1.38617526e+10  1.38520838e+10  3.12e-06 8.92e-07  1.21e+00   737s
[2025-08-11 17:50:59] DEBUG    81   1.38591519e+10  1.38523418e+10  2.07e-06 7.37e-07  8.50e-01   742s
[2025-08-11 17:51:07] DEBUG    82   1.38583374e+10  1.38524474e+10  1.79e-06 6.26e-07  7.35e-01   749s
[2025-08-11 17:51:14] DEBUG    83   1.38578985e+10  1.38525728e+10  1.63e-06 4.94e-07  6.64e-01   756s
[2025-08-11 17:51:22] DEBUG    84   1.38568560e+10  1.38526963e+10  1.28e-06 3.62e-07  5.19e-01   764s
[2025-08-11 17:51:31] DEBUG    85   1.38556888e+10  1.38527451e+10  8.73e-07 2.99e-07  3.67e-01   773s
[2025-08-11 17:51:38] DEBUG    86   1.38552724e+10  1.38528470e+10  7.32e-07 1.94e-07  3.03e-01   780s
[2025-08-11 17:51:49] DEBUG    87   1.38547419e+10  1.38528880e+10  5.61e-07 1.44e-07  2.31e-01   791s
[2025-08-11 17:52:03] DEBUG    88   1.38544040e+10  1.38529237e+10  4.42e-07 1.04e-07  1.85e-01   805s
[2025-08-11 17:52:17] DEBUG    89   1.38536737e+10  1.38529444e+10  2.05e-07 8.13e-08  9.10e-02   819s
[2025-08-11 17:52:30] DEBUG    90   1.38532583e+10  1.38530003e+10  7.17e-08 2.77e-08  3.22e-02   832s
[2025-08-11 17:52:43] DEBUG    91   1.38531343e+10  1.38530213e+10  3.35e-08 1.05e-08  1.41e-02   846s
[2025-08-11 17:52:55] DEBUG    92   1.38530505e+10  1.38530332e+10  4.47e-08 1.58e-09  2.16e-03   857s
[2025-08-11 17:52:59] DEBUG    93   1.38530395e+10  1.38530343e+10  4.10e-08 2.79e-09  6.51e-04   862s
[2025-08-11 17:53:05] DEBUG    94   1.38530358e+10  1.38530348e+10  3.73e-08 4.85e-09  1.28e-04   867s
[2025-08-11 17:53:11] DEBUG    95   1.38530349e+10  1.38530348e+10  4.84e-08 6.34e-10  9.29e-06   873s
[2025-08-11 17:53:16] DEBUG    96   1.38530348e+10  1.38530348e+10  5.22e-08 4.66e-10  9.18e-09   878s
[2025-08-11 17:53:16] DEBUG    Barrier solved model in 96 iterations and 878.43 seconds (219.88 work units)
Optimal objective 1.38530348e+10
[2025-08-11 17:53:18] DEBUG    Crossover log...
[2025-08-11 17:53:18] DEBUG    475940 DPushes remaining with DInf 6.2360423e-02               881s
[2025-08-11 17:53:23] DEBUG    234149 DPushes remaining with DInf 3.2347296e-01               885s
[2025-08-11 17:53:28] DEBUG    225433 DPushes remaining with DInf 3.8447097e-01               890s
[2025-08-11 17:53:33] DEBUG    214834 DPushes remaining with DInf 3.8447097e-01               895s
[2025-08-11 17:53:38] DEBUG    201237 DPushes remaining with DInf 3.8576701e-01               900s
[2025-08-11 17:53:43] DEBUG    189096 DPushes remaining with DInf 3.6977020e-01               905s
[2025-08-11 17:53:48] DEBUG    174120 DPushes remaining with DInf 3.7127198e-01               910s
[2025-08-11 17:53:53] DEBUG    152377 DPushes remaining with DInf 3.8783044e-01               916s
[2025-08-11 17:53:59] DEBUG    137356 DPushes remaining with DInf 3.9511941e-01               921s
[2025-08-11 17:54:03] DEBUG    127201 DPushes remaining with DInf 4.0725808e-01               925s
[2025-08-11 17:54:08] DEBUG    120788 DPushes remaining with DInf 4.1574572e-01               930s
[2025-08-11 17:54:13] DEBUG    115361 DPushes remaining with DInf 4.1816815e-01               936s
[2025-08-11 17:54:19] DEBUG    109473 DPushes remaining with DInf 4.1816815e-01               941s
[2025-08-11 17:54:23] DEBUG    101506 DPushes remaining with DInf 4.2182651e-01               945s
[2025-08-11 17:54:28] DEBUG    90047 DPushes remaining with DInf 4.2182651e-01               950s
[2025-08-11 17:54:34] DEBUG    80229 DPushes remaining with DInf 4.2182651e-01               956s
[2025-08-11 17:54:38] DEBUG    72141 DPushes remaining with DInf 4.2182651e-01               960s
[2025-08-11 17:54:43] DEBUG    61115 DPushes remaining with DInf 4.2182651e-01               966s
[2025-08-11 17:54:48] DEBUG    52316 DPushes remaining with DInf 4.2182651e-01               970s
[2025-08-11 17:54:53] DEBUG    46036 DPushes remaining with DInf 4.2182651e-01               975s
[2025-08-11 17:54:58] DEBUG    39585 DPushes remaining with DInf 4.2182651e-01               981s
[2025-08-11 17:55:03] DEBUG    33483 DPushes remaining with DInf 4.2182651e-01               985s
[2025-08-11 17:55:08] DEBUG    27363 DPushes remaining with DInf 4.2182651e-01               990s
[2025-08-11 17:55:13] DEBUG    19044 DPushes remaining with DInf 4.2182651e-01               995s
[2025-08-11 17:55:18] DEBUG    14119 DPushes remaining with DInf 4.2182651e-01              1000s
[2025-08-11 17:55:23] DEBUG    11011 DPushes remaining with DInf 4.1995976e-01              1005s
[2025-08-11 17:55:28] DEBUG    4747 DPushes remaining with DInf 4.1941160e-01              1010s
[2025-08-11 17:55:31] DEBUG    0 DPushes remaining with DInf 4.1976266e-01              1013s
[2025-08-11 17:55:31] DEBUG    1418775 PPushes remaining with PInf 6.7294290e-01              1013s
[2025-08-11 17:55:33] DEBUG    110748 PPushes remaining with PInf 9.0243646e-01              1016s
[2025-08-11 17:55:36] DEBUG    0 PPushes remaining with PInf 0.0000000e+00              1018s
[2025-08-11 17:55:36] DEBUG    Push phase complete: Pinf 0.0000000e+00, Dinf 6.7061579e-01   1018s
[2025-08-11 17:55:37] DEBUG    Iteration    Objective       Primal Inf.    Dual Inf.      Time
 1768019    1.3853035e+10   0.000000e+00   6.706158e-01   1019s
[2025-08-11 17:55:39] DEBUG    1770911    1.3853035e+10   0.000000e+00   0.000000e+00   1021s
[2025-08-11 17:55:40] DEBUG    Solved with barrier
[2025-08-11 17:55:53] DEBUG    1770911    1.3853035e+10   0.000000e+00   0.000000e+00   1035s
[2025-08-11 17:55:53] DEBUG    Solved in 1770911 iterations and 1034.66 seconds (341.63 work units)
[2025-08-11 17:55:53] DEBUG    Optimal objective  1.385303484e+10
✅ Scenario completato: existing_GT+VRES_2030_PHES
🏁 Tutti gli scenari sono stati processati.
