
🚀 Lancio scenario: autarky_VRES_2030_BESS
[2025-09-14 10:57:30] INFO     Loading sets
[2025-09-14 10:57:31] INFO     Loading parameters
[2025-09-14 10:58:14] INFO     constraints are loaded in the following order: ['energy_balance', 'dispatch', 'costs', 'capacity', 'network', 'policy', 'conversion', 'group', 'conversion_plus', 'milp', 'export']
[2025-09-14 10:58:14] INFO     creating energy_balance constraints
[2025-09-14 11:02:01] INFO     creating dispatch constraints
[2025-09-14 11:04:42] INFO     creating costs constraints
[2025-09-14 11:13:27] INFO     creating capacity constraints
[2025-09-14 11:13:27] INFO     creating network constraints
[2025-09-14 11:13:27] INFO     creating policy constraints
[2025-09-14 11:13:27] INFO     creating conversion constraints
[2025-09-14 11:13:27] INFO     creating group constraints
[2025-09-14 11:13:27] INFO     creating conversion_plus constraints
[2025-09-14 11:13:27] INFO     creating milp constraints
[2025-09-14 11:13:27] INFO     creating export constraints
[2025-09-14 11:24:48] DEBUG    Set parameter WLSAccessID
Set parameter WLSSecret
Set parameter LicenseID to value 2680226
[2025-09-14 11:24:48] DEBUG    Academic license 2680226 - for non-commercial use only - registered to an___@mail.polimi.it
[2025-09-14 11:25:20] DEBUG    Read LP format model from file /tmp/tmpns_elwub.pyomo.lp
Reading time = 31.57 seconds
x15735782: 21421075 rows, 15735782 columns, 51528879 nonzeros
[2025-09-14 11:25:20] DEBUG    Set parameter NumericFocus to value 1
Gurobi Optimizer version 12.0.2 build v12.0.2rc0 (linux64 - "Debian GNU/Linux 11 (bullseye)")

CPU model: Intel(R) Xeon(R) Silver 4314 CPU @ 2.40GHz, instruction set [SSE2|AVX|AVX2|AVX512]
Thread count: 32 physical cores, 64 logical processors, using up to 32 threads

Non-default parameters:
NumericFocus  1
[2025-09-14 11:25:20] DEBUG    Academic license 2680226 - for non-commercial use only - registered to an___@mail.polimi.it
Optimize a model with 21421075 rows, 15735782 columns and 51528879 nonzeros
[2025-09-14 11:25:21] DEBUG    Model fingerprint: 0x4a475d3e
[2025-09-14 11:25:21] DEBUG    Coefficient statistics:
  Matrix range     [1e-07, 3e+02]
  Objective range  [1e+00, 1e+06]
  Bounds range     [0e+00, 0e+00]
  RHS range        [1e+00, 2e+08]
[2025-09-14 11:25:26] DEBUG    Presolve removed 17214578 rows and 9242826 columns (presolve time = 5s)...
[2025-09-14 11:25:31] DEBUG    Presolve removed 19332721 rows and 13003927 columns (presolve time = 10s)...
[2025-09-14 11:25:36] DEBUG    Presolve removed 19870616 rows and 13003927 columns (presolve time = 16s)...
[2025-09-14 11:25:39] DEBUG    Presolve removed 20010760 rows and 13021447 columns
[2025-09-14 11:25:39] DEBUG    Presolve time: 18.93s
Presolved: 1410315 rows, 2854479 columns, 8152208 nonzeros

Concurrent LP optimizer: primal simplex, dual simplex, and barrier
Showing barrier log only...
[2025-09-14 11:25:41] DEBUG    Ordering time: 0.87s
[2025-09-14 11:25:42] DEBUG    Barrier statistics:
 Dense cols : 115
 AA' NZ     : 8.225e+06
 Factor NZ  : 2.674e+07 (roughly 2.0 GB of memory)
[2025-09-14 11:25:42] DEBUG    Factor Ops : 7.381e+08 (less than 1 second per iteration)
 Threads    : 30
[2025-09-14 11:25:45] DEBUG    Objective                Residual
[2025-09-14 11:25:45] DEBUG    Iter       Primal          Dual         Primal    Dual     Compl     Time
[2025-09-14 11:25:46] DEBUG    0   4.68904331e+21 -1.05669836e+19  6.49e+10 2.79e-01  6.29e+15    26s
[2025-09-14 11:25:50] DEBUG    1   1.71341500e+21 -1.06087678e+19  2.06e+10 3.47e+05  2.45e+15    30s
[2025-09-14 11:25:56] DEBUG    2   1.02985939e+21 -7.95651779e+18  1.17e+10 5.98e+04  1.04e+15    36s
[2025-09-14 11:26:03] DEBUG    3   6.39325920e+20 -7.10837783e+18  7.09e+09 1.64e+04  5.84e+14    43s
[2025-09-14 11:26:08] DEBUG    4   4.47319473e+20 -6.78972753e+18  4.96e+09 9.89e+03  4.05e+14    48s
[2025-09-14 11:26:12] DEBUG    5   3.86518963e+20 -6.43907720e+18  4.26e+09 3.40e+03  3.39e+14    52s
[2025-09-14 11:26:16] DEBUG    6   2.06884520e+20 -6.18983499e+18  2.24e+09 1.37e+03  1.80e+14    56s
[2025-09-14 11:26:20] DEBUG    7   1.87696786e+20 -5.94989212e+18  2.02e+09 5.70e+02  1.63e+14    60s
[2025-09-14 11:26:24] DEBUG    8   1.43794080e+20 -5.65695264e+18  1.55e+09 3.02e+02  1.24e+14    64s
[2025-09-14 11:26:29] DEBUG    9   1.03026667e+20 -5.21175222e+18  1.11e+09 1.08e+02  8.87e+13    69s
[2025-09-14 11:26:33] DEBUG    10   9.16652932e+19 -4.99060305e+18  9.85e+08 7.48e+01  7.88e+13    73s
[2025-09-14 11:26:38] DEBUG    11   4.65476639e+19 -4.49778140e+18  5.06e+08 2.58e+01  4.06e+13    77s
[2025-09-14 11:26:41] DEBUG    12   2.63193149e+19 -3.85333975e+18  2.87e+08 1.28e+01  2.30e+13    81s
[2025-09-14 11:26:48] DEBUG    13   7.58698128e+18 -3.10982465e+18  8.28e+07 5.24e+00  6.89e+12    88s
[2025-09-14 11:26:54] DEBUG    14   2.60279700e+18 -1.89547704e+18  2.79e+07 1.71e+00  2.37e+12    94s
[2025-09-14 11:26:59] DEBUG    15   4.00758951e+17 -1.02215822e+18  4.07e+06 5.66e-01  4.61e+11    99s
[2025-09-14 11:27:03] DEBUG    16   7.11779306e+16 -5.41290230e+17  6.93e+05 2.90e-01  1.40e+11   103s
[2025-09-14 11:27:08] DEBUG    17   4.96601159e+15 -6.93571521e+16  4.10e+04 6.43e-02  1.42e+10   108s
[2025-09-14 11:27:12] DEBUG    18   1.90901893e+14 -2.70884483e+15  2.83e+02 2.55e-02  5.03e+08   112s
[2025-09-14 11:27:16] DEBUG    19   1.25607737e+14 -3.44777224e+14  5.16e+00 2.52e-02  6.55e+07   116s
[2025-09-14 11:27:21] DEBUG    20   1.19068084e+14 -1.17769244e+14  2.88e-01 2.56e-02  2.28e+07   121s
[2025-09-14 11:27:30] DEBUG    21   1.11470661e+14 -5.54630954e+13  1.84e-01 2.87e-02  1.09e+07   129s
[2025-09-14 11:27:40] DEBUG    22   1.05413312e+14 -3.32998971e+13  1.30e-01 2.89e-02  6.57e+06   140s
[2025-09-14 11:27:53] DEBUG    23   1.01568961e+14 -2.63670710e+13  1.05e-01 2.75e-02  5.18e+06   153s
[2025-09-14 11:28:15] DEBUG    24   1.01177962e+14 -2.01452514e+13  1.02e-01 2.68e-02  4.00e+06   175s
[2025-09-14 11:28:28] DEBUG    25   9.79477208e+13 -1.69497455e+13  7.73e-02 2.63e-02  3.31e+06   188s
[2025-09-14 11:28:41] DEBUG    26   9.54266771e+13 -1.18062635e+13  6.20e-02 2.63e-02  2.30e+06   201s
[2025-09-14 11:28:53] DEBUG    27   9.38978526e+13 -8.35268634e+12  5.21e-02 2.69e-02  1.61e+06   213s
[2025-09-14 11:29:04] DEBUG    28   9.27194457e+13 -7.22612417e+12  4.56e-02 2.70e-02  1.38e+06   224s
[2025-09-14 11:29:14] DEBUG    29   9.14031141e+13 -6.02504928e+12  3.92e-02 2.71e-02  1.13e+06   234s
[2025-09-14 11:29:26] DEBUG    30   8.99809302e+13 -4.21837771e+12  3.31e-02 2.71e-02  7.66e+05   246s
[2025-09-14 11:29:38] DEBUG    31   8.66626759e+13 -3.50993980e+12  2.10e-02 2.69e-02  5.80e+05   258s
[2025-09-14 11:29:49] DEBUG    32   8.55935971e+13 -3.21226348e+12  1.84e-02 2.69e-02  5.14e+05   269s
[2025-09-14 11:30:00] DEBUG    33   8.39043353e+13 -2.05136749e+12  1.33e-02 2.68e-02  2.78e+05   280s
[2025-09-14 11:30:12] DEBUG    34   8.29158985e+13 -1.74905958e+12  1.10e-02 2.67e-02  2.14e+05   292s
[2025-09-14 11:30:24] DEBUG    35   8.17905787e+13 -1.42784968e+12  8.77e-03 2.66e-02  1.48e+05   304s
[2025-09-14 11:30:35] DEBUG    36   8.06520840e+13 -1.22342735e+12  6.91e-03 2.65e-02  1.03e+05   315s
[2025-09-14 11:30:46] DEBUG    37   7.98021735e+13 -1.19575386e+12  5.87e-03 2.65e-02  9.25e+04   326s
[2025-09-14 11:30:55] DEBUG    38   7.90569213e+13 -1.01213581e+12  4.32e-03 2.66e-02  6.36e+04   335s
[2025-09-14 11:31:04] DEBUG    39   7.83049067e+13 -9.27970424e+11  3.14e-03 2.66e-02  4.79e+04   344s
[2025-09-14 11:31:13] DEBUG    40   7.79141059e+13 -8.80160134e+11  2.70e-03 2.66e-02  3.99e+04   353s
[2025-09-14 11:31:25] DEBUG    41   7.73981214e+13 -8.36853524e+11  2.19e-03 2.65e-02  3.22e+04   365s
[2025-09-14 11:31:33] DEBUG    42   7.72092387e+13 -8.20769585e+11  2.04e-03 2.65e-02  2.94e+04   373s
[2025-09-14 11:31:42] DEBUG    43   7.69203147e+13 -8.07183970e+11  1.82e-03 2.65e-02  2.66e+04   382s
[2025-09-14 11:31:51] DEBUG    44   7.66222625e+13 -7.97771515e+11  1.63e-03 2.65e-02  2.42e+04   391s
[2025-09-14 11:32:01] DEBUG    45   7.64560464e+13 -7.85281000e+11  1.52e-03 2.65e-02  2.21e+04   401s
[2025-09-14 11:32:12] DEBUG    46   7.61492801e+13 -7.75005857e+11  1.34e-03 2.65e-02  1.99e+04   412s
[2025-09-14 11:32:22] DEBUG    47   7.58579195e+13 -7.67142823e+11  1.20e-03 2.64e-02  1.81e+04   422s
[2025-09-14 11:32:33] DEBUG    48   7.54620598e+13 -7.60851970e+11  1.03e-03 2.64e-02  1.61e+04   433s
[2025-09-14 11:32:43] DEBUG    49   7.52618969e+13 -7.48468734e+11  9.54e-04 2.64e-02  1.39e+04   443s
[2025-09-14 11:32:54] DEBUG    50   7.52054363e+13 -7.46424157e+11  9.38e-04 2.64e-02  1.34e+04   454s
[2025-09-14 11:33:03] DEBUG    51   7.50988993e+13 -7.44033314e+11  9.00e-04 2.64e-02  1.28e+04   463s
[2025-09-14 11:33:13] DEBUG    52   7.47537449e+13 -7.38411403e+11  7.78e-04 2.64e-02  1.13e+04   473s
[2025-09-14 11:33:22] DEBUG    53   7.45660775e+13 -7.33844270e+11  7.17e-04 2.64e-02  1.03e+04   482s
[2025-09-14 11:33:32] DEBUG    54   7.44056143e+13 -7.30103090e+11  6.79e-04 2.64e-02  9.44e+03   492s
[2025-09-14 11:33:42] DEBUG    55   7.42220844e+13 -7.26383346e+11  6.18e-04 2.63e-02  8.62e+03   502s
[2025-09-14 11:33:52] DEBUG    56   7.40813513e+13 -7.23679356e+11  5.87e-04 2.63e-02  8.03e+03   512s
[2025-09-14 11:34:01] DEBUG    57   7.39114312e+13 -7.21759977e+11  5.49e-04 2.63e-02  7.49e+03   521s
[2025-09-14 11:34:07] DEBUG    58   7.38030694e+13 -7.19897574e+11  5.26e-04 2.63e-02  7.17e+03   527s
[2025-09-14 11:34:18] DEBUG    59   7.36855090e+13 -7.18604452e+11  5.04e-04 2.63e-02  6.86e+03   537s
[2025-09-14 11:34:27] DEBUG    60   7.35832496e+13 -7.17859612e+11  4.88e-04 2.63e-02  6.62e+03   547s
[2025-09-14 11:34:36] DEBUG    61   7.34408832e+13 -7.16854067e+11  4.73e-04 2.63e-02  6.35e+03   556s
[2025-09-14 11:34:48] DEBUG    62   7.32279562e+13 -7.15449060e+11  4.35e-04 2.63e-02  5.98e+03   568s
[2025-09-14 11:34:58] DEBUG    63   7.31083681e+13 -7.12576369e+11  4.20e-04 2.63e-02  5.55e+03   578s
[2025-09-14 11:35:08] DEBUG    64   7.29783170e+13 -7.10968524e+11  3.97e-04 2.63e-02  5.25e+03   588s
[2025-09-14 11:35:18] DEBUG    65   7.29129436e+13 -7.10334899e+11  3.81e-04 2.63e-02  4.98e+03   598s
[2025-09-14 11:35:26] DEBUG    66   7.28335122e+13 -7.09441284e+11  3.74e-04 2.63e-02  4.76e+03   606s
[2025-09-14 11:35:36] DEBUG    67   7.26925892e+13 -7.08335271e+11  3.51e-04 2.63e-02  4.51e+03   616s
[2025-09-14 11:35:44] DEBUG    68   7.26172330e+13 -7.07489542e+11  3.43e-04 2.63e-02  4.32e+03   624s
[2025-09-14 11:35:52] DEBUG    69   7.25481606e+13 -7.07067879e+11  3.36e-04 2.63e-02  4.16e+03   632s
[2025-09-14 11:36:02] DEBUG    70   7.24662553e+13 -7.06246568e+11  3.20e-04 2.63e-02  4.02e+03   642s
[2025-09-14 11:36:10] DEBUG    71   7.24364331e+13 -7.05894435e+11  3.13e-04 2.63e-02  3.91e+03   650s
[2025-09-14 11:36:19] DEBUG    72   7.23965900e+13 -7.05486802e+11  3.13e-04 2.63e-02  3.82e+03   659s
[2025-09-14 11:36:30] DEBUG    73   7.23486122e+13 -7.05089803e+11  3.13e-04 2.63e-02  3.73e+03   670s
[2025-09-14 11:36:38] DEBUG    74   7.22937433e+13 -7.04631970e+11  3.05e-04 2.63e-02  3.63e+03   678s
[2025-09-14 11:36:47] DEBUG    75   7.22360272e+13 -7.03815337e+11  3.05e-04 2.63e-02  3.51e+03   687s
[2025-09-14 11:36:55] DEBUG    76   7.21731368e+13 -7.03638963e+11  2.90e-04 2.63e-02  3.40e+03   695s
[2025-09-14 11:37:02] DEBUG    77   7.21131995e+13 -7.03703205e+11  2.90e-04 2.63e-02  3.33e+03   702s
[2025-09-14 11:37:12] DEBUG    78   7.19161171e+13 -7.02481523e+11  2.67e-04 2.63e-02  3.14e+03   712s
[2025-09-14 11:37:22] DEBUG    79   7.18153492e+13 -7.01716673e+11  2.52e-04 2.63e-02  3.00e+03   722s
[2025-09-14 11:37:32] DEBUG    80   7.17293647e+13 -7.01237357e+11  2.44e-04 2.63e-02  2.89e+03   732s
[2025-09-14 11:37:42] DEBUG    81   7.16262454e+13 -7.00116760e+11  2.37e-04 2.63e-02  2.75e+03   742s
[2025-09-14 11:37:50] DEBUG    82   7.15763550e+13 -6.99753780e+11  2.29e-04 2.63e-02  2.69e+03   750s
[2025-09-14 11:37:59] DEBUG    83   7.15329417e+13 -6.99346889e+11  2.21e-04 2.63e-02  2.62e+03   759s
[2025-09-14 11:38:10] DEBUG    84   7.14843967e+13 -6.99072909e+11  2.14e-04 2.63e-02  2.56e+03   769s
[2025-09-14 11:38:19] DEBUG    85   7.14415014e+13 -6.98794293e+11  2.14e-04 2.63e-02  2.51e+03   779s
[2025-09-14 11:38:29] DEBUG    86   7.13843796e+13 -6.98443979e+11  2.06e-04 2.62e-02  2.43e+03   789s
[2025-09-14 11:38:40] DEBUG    87   7.13441841e+13 -6.98230629e+11  1.98e-04 2.62e-02  2.38e+03   800s
[2025-09-14 11:38:49] DEBUG    88   7.13010274e+13 -6.97958605e+11  1.98e-04 2.62e-02  2.32e+03   809s
[2025-09-14 11:38:58] DEBUG    89   7.12672654e+13 -6.97623400e+11  1.91e-04 2.62e-02  2.28e+03   818s
[2025-09-14 11:39:06] DEBUG    90   7.12341110e+13 -6.97250512e+11  1.91e-04 2.62e-02  2.25e+03   826s
[2025-09-14 11:39:13] DEBUG    91   7.11963711e+13 -6.96847259e+11  1.83e-04 2.62e-02  2.20e+03   833s
[2025-09-14 11:39:23] DEBUG    92   7.11447640e+13 -6.96485272e+11  1.83e-04 2.62e-02  2.16e+03   843s
[2025-09-14 11:39:32] DEBUG    93   7.10701980e+13 -6.96038456e+11  1.83e-04 2.62e-02  2.09e+03   852s
[2025-09-14 11:39:40] DEBUG    94   7.10296072e+13 -6.95735704e+11  1.83e-04 2.62e-02  2.05e+03   860s
[2025-09-14 11:39:51] DEBUG    95   7.09569566e+13 -6.95607083e+11  1.83e-04 2.62e-02  2.00e+03   871s
[2025-09-14 11:40:00] DEBUG    96   7.08998610e+13 -6.95072447e+11  2.14e-04 2.62e-02  1.95e+03   880s
[2025-09-14 11:40:10] DEBUG    97   7.08589790e+13 -6.94724615e+11  2.14e-04 2.62e-02  1.90e+03   890s
[2025-09-14 11:40:19] DEBUG    98   7.07799790e+13 -6.94414111e+11  2.14e-04 2.62e-02  1.84e+03   899s
[2025-09-14 11:40:29] DEBUG    99   7.07240066e+13 -6.93887970e+11  2.14e-04 2.62e-02  1.79e+03   909s
[2025-09-14 11:40:37] DEBUG    100   7.06753226e+13 -6.93375237e+11  1.83e-04 2.62e-02  1.75e+03   917s
[2025-09-14 11:40:47] DEBUG    101   7.06370941e+13 -6.93053111e+11  1.83e-04 2.62e-02  1.71e+03   927s
[2025-09-14 11:40:56] DEBUG    102   7.05666977e+13 -6.92687594e+11  1.83e-04 2.62e-02  1.66e+03   936s
[2025-09-14 11:41:07] DEBUG    103   7.04993797e+13 -6.92159791e+11  1.83e-04 2.62e-02  1.61e+03   947s
[2025-09-14 11:41:19] DEBUG    104   7.04459741e+13 -6.91614946e+11  1.53e-04 2.62e-02  1.58e+03   959s
[2025-09-14 11:41:29] DEBUG    105   7.04123002e+13 -6.90866422e+11  1.53e-04 2.62e-02  1.54e+03   969s
[2025-09-14 11:41:38] DEBUG    106   7.03686541e+13 -6.90477884e+11  1.83e-04 2.62e-02  1.51e+03   978s
[2025-09-14 11:41:49] DEBUG    107   7.02887671e+13 -6.90146703e+11  1.83e-04 2.62e-02  1.46e+03   989s
[2025-09-14 11:42:01] DEBUG    108   7.02210297e+13 -6.89829776e+11  1.83e-04 2.62e-02  1.41e+03  1001s
[2025-09-14 11:42:11] DEBUG    109   7.01937261e+13 -6.89564171e+11  2.44e-04 2.62e-02  1.39e+03  1011s
[2025-09-14 11:42:21] DEBUG    110   7.01604061e+13 -6.89403316e+11  2.44e-04 2.62e-02  1.37e+03  1021s
[2025-09-14 11:42:30] DEBUG    111   7.01423455e+13 -6.89201750e+11  2.44e-04 2.62e-02  1.35e+03  1030s
[2025-09-14 11:42:39] DEBUG    112   7.01268921e+13 -6.89421326e+11  2.44e-04 2.62e-02  1.34e+03  1039s
[2025-09-14 11:42:49] DEBUG    113   7.00415370e+13 -6.88776332e+11  2.44e-04 2.62e-02  1.30e+03  1049s
[2025-09-14 11:42:57] DEBUG    114   7.00146334e+13 -6.87837054e+11  2.44e-04 2.62e-02  1.42e+03  1057s
[2025-09-14 11:42:57] DEBUG    Barrier performed 114 iterations in 1057.23 seconds (203.42 work units)
[2025-09-14 11:42:57] DEBUG    Numerical trouble encountered
[2025-09-14 11:42:57] DEBUG    Model may be infeasible or unbounded.  Consider using the
[2025-09-14 11:42:57] DEBUG    homogeneous algorithm (through parameter 'BarHomogeneous')
[2025-09-14 11:44:02] DEBUG    Waiting for other threads to finish...        1122s
[2025-09-14 11:45:06] DEBUG    Waiting for other threads to finish...        1186s
[2025-09-14 11:46:10] DEBUG    Waiting for other threads to finish...        1250s
[2025-09-14 11:46:15] DEBUG    Solved with dual simplex
[2025-09-14 11:46:25] DEBUG    Iteration    Objective       Primal Inf.    Dual Inf.      Time
[2025-09-14 11:46:25] DEBUG    897484    1.3614644e+10   0.000000e+00   0.000000e+00   1265s

Solved in 897484 iterations and 1264.88 seconds (450.80 work units)
[2025-09-14 11:46:25] DEBUG    Optimal objective  1.361464391e+10
❌ Errore nel run di autarky_VRES_2030_BESS: 'Model' object has no attribute 'backend_model'

🚀 Lancio scenario: autarky_VRES_2030_PHES
[2025-09-14 11:53:30] INFO     Loading sets
[2025-09-14 11:53:30] INFO     Loading parameters
[2025-09-14 11:54:02] INFO     constraints are loaded in the following order: ['energy_balance', 'dispatch', 'costs', 'capacity', 'network', 'policy', 'conversion', 'group', 'conversion_plus', 'milp', 'export']
[2025-09-14 11:54:02] INFO     creating energy_balance constraints
[2025-09-14 11:58:24] INFO     creating dispatch constraints
[2025-09-14 12:01:52] INFO     creating costs constraints
[2025-09-14 12:11:33] INFO     creating capacity constraints
[2025-09-14 12:11:33] INFO     creating network constraints
[2025-09-14 12:11:33] INFO     creating policy constraints
[2025-09-14 12:11:33] INFO     creating conversion constraints
[2025-09-14 12:11:33] INFO     creating group constraints
[2025-09-14 12:11:33] INFO     creating conversion_plus constraints
[2025-09-14 12:11:33] INFO     creating milp constraints
[2025-09-14 12:11:33] INFO     creating export constraints
[2025-09-14 12:22:49] DEBUG    Set parameter WLSAccessID
Set parameter WLSSecret
Set parameter LicenseID to value 2680226
[2025-09-14 12:22:50] DEBUG    Academic license 2680226 - for non-commercial use only - registered to an___@mail.polimi.it
[2025-09-14 12:23:22] DEBUG    Read LP format model from file /tmp/tmp5hqfwaul.pyomo.lp
Reading time = 31.96 seconds
x15735782: 21421133 rows, 15735782 columns, 51782977 nonzeros
[2025-09-14 12:23:22] DEBUG    Set parameter NumericFocus to value 1
Gurobi Optimizer version 12.0.2 build v12.0.2rc0 (linux64 - "Debian GNU/Linux 11 (bullseye)")

CPU model: Intel(R) Xeon(R) Silver 4314 CPU @ 2.40GHz, instruction set [SSE2|AVX|AVX2|AVX512]
Thread count: 32 physical cores, 64 logical processors, using up to 32 threads

Non-default parameters:
NumericFocus  1
[2025-09-14 12:23:22] DEBUG    Academic license 2680226 - for non-commercial use only - registered to an___@mail.polimi.it
Optimize a model with 21421133 rows, 15735782 columns and 51782977 nonzeros
[2025-09-14 12:23:22] DEBUG    Model fingerprint: 0x3d6a861a
[2025-09-14 12:23:23] DEBUG    Coefficient statistics:
  Matrix range     [1e-07, 3e+02]
  Objective range  [1e+00, 1e+06]
  Bounds range     [0e+00, 0e+00]
  RHS range        [1e+00, 6e+09]
Warning: Model contains large rhs
[2025-09-14 12:23:28] DEBUG    Presolve removed 17346042 rows and 9321672 columns (presolve time = 5s)...
[2025-09-14 12:23:33] DEBUG    Presolve removed 19437980 rows and 13061743 columns (presolve time = 10s)...
[2025-09-14 12:23:38] DEBUG    Presolve removed 19975869 rows and 13061743 columns (presolve time = 15s)...
[2025-09-14 12:23:41] DEBUG    Presolve removed 20116013 rows and 13079263 columns
[2025-09-14 12:23:41] DEBUG    Presolve time: 18.93s
Presolved: 1305120 rows, 2796663 columns, 7710358 nonzeros

Concurrent LP optimizer: primal simplex, dual simplex, and barrier
Showing barrier log only...
[2025-09-14 12:23:43] DEBUG    Ordering time: 0.77s
[2025-09-14 12:23:44] DEBUG    Barrier statistics:
 Dense cols : 112
 AA' NZ     : 7.504e+06
[2025-09-14 12:23:44] DEBUG    Factor NZ  : 2.536e+07 (roughly 2.0 GB of memory)
 Factor Ops : 7.861e+08 (less than 1 second per iteration)
 Threads    : 30
[2025-09-14 12:23:47] DEBUG    Objective                Residual
[2025-09-14 12:23:47] DEBUG    Iter       Primal          Dual         Primal    Dual     Compl     Time
[2025-09-14 12:23:47] DEBUG    0   5.22361614e+21 -1.09435601e+19  6.49e+10 3.52e-01  6.78e+15    26s
[2025-09-14 12:23:51] DEBUG    1   4.80069824e+21 -1.13388908e+19  5.92e+10 3.35e+05  5.77e+15    30s
[2025-09-14 12:23:56] DEBUG    2   4.52050125e+21 -4.71194004e+19  5.60e+10 2.59e+05  5.50e+15    35s
[2025-09-14 12:24:03] DEBUG    3   3.67753524e+21 -1.96941527e+20  4.58e+10 5.64e+04  4.54e+15    41s
[2025-09-14 12:24:09] DEBUG    4   7.03483057e+20 -1.81535466e+20  8.16e+09 1.59e+04  8.40e+14    47s
[2025-09-14 12:24:14] DEBUG    5   1.71731944e+20 -1.22573368e+20  1.93e+09 2.51e+03  2.11e+14    53s
[2025-09-14 12:24:19] DEBUG    6   8.91729534e+19 -5.30952307e+19  9.81e+08 2.06e+02  1.02e+14    57s
[2025-09-14 12:24:22] DEBUG    7   3.84842582e+19 -2.55351915e+19  4.08e+08 4.75e+01  4.25e+13    61s
[2025-09-14 12:24:26] DEBUG    8   2.67918872e+19 -1.50555344e+19  2.79e+08 1.46e+01  2.82e+13    64s
[2025-09-14 12:24:30] DEBUG    9   1.49212267e+19 -1.05573675e+19  1.53e+08 2.86e+00  1.57e+13    68s
[2025-09-14 12:24:33] DEBUG    10   1.06003096e+19 -6.57774217e+18  1.08e+08 3.12e+00  1.07e+13    71s
[2025-09-14 12:24:37] DEBUG    11   8.58552247e+18 -3.82236407e+18  8.71e+07 1.36e-05  8.22e+12    75s
[2025-09-14 12:24:41] DEBUG    12   7.36040159e+18 -2.31775895e+18  7.42e+07 1.51e-02  6.67e+12    79s
[2025-09-14 12:24:45] DEBUG    13   4.33155775e+18 -1.42170099e+18  4.36e+07 3.06e-02  3.80e+12    83s
[2025-09-14 12:24:49] DEBUG    14   3.34131469e+18 -1.17910651e+18  3.32e+07 1.57e-02  2.87e+12    87s
[2025-09-14 12:24:55] DEBUG    15   9.76586965e+17 -8.34862818e+17  9.24e+06 2.08e-02  8.72e+11    93s
[2025-09-14 12:24:59] DEBUG    16   2.41998313e+17 -4.25270144e+17  2.17e+06 1.80e-02  2.32e+11    97s
[2025-09-14 12:25:04] DEBUG    17   6.46301752e+16 -1.67843736e+17  5.49e+05 7.40e-04  6.34e+10   102s
[2025-09-14 12:25:08] DEBUG    18   2.36124297e+16 -5.18130052e+16  1.97e+05 1.81e-04  1.86e+10   106s
[2025-09-14 12:25:12] DEBUG    19   1.52009589e+15 -9.01227184e+15  9.40e+03 1.76e-05  2.05e+09   110s
[2025-09-14 12:25:18] DEBUG    20   7.71332374e+12 -8.96169613e+14  5.03e+00 6.36e-05  1.66e+08   116s
[2025-09-14 12:25:25] DEBUG    21   5.22984901e+12 -5.92652367e+14  9.21e-01 8.26e-03  1.10e+08   123s
[2025-09-14 12:25:31] DEBUG    22   4.43559281e+12 -2.54404799e+14  4.34e-05 5.58e-03  4.74e+07   129s
[2025-09-14 12:25:45] DEBUG    23   3.78437136e+12 -2.07996750e+14  4.96e-05 6.00e-03  3.88e+07   143s
[2025-09-14 12:26:10] DEBUG    24   3.44222382e+12 -9.14650108e+13  4.63e-05 7.21e-03  1.74e+07   168s
[2025-09-14 12:26:25] DEBUG    25   3.33336684e+12 -6.08317075e+13  7.06e-05 7.22e-03  1.17e+07   184s
[2025-09-14 12:26:37] DEBUG    26   3.16421296e+12 -4.05454956e+13  4.57e-05 6.68e-03  7.99e+06   195s
[2025-09-14 12:26:49] DEBUG    27   3.02264007e+12 -3.95171598e+13  5.69e-05 6.62e-03  7.78e+06   208s
[2025-09-14 12:27:01] DEBUG    28   2.81058434e+12 -3.30862592e+13  4.64e-05 1.09e-02  6.57e+06   219s
[2025-09-14 12:27:18] DEBUG    29   2.77486476e+12 -3.15090629e+13  5.82e-05 1.09e-02  6.27e+06   236s
[2025-09-14 12:27:41] DEBUG    30   2.58275177e+12 -2.35100795e+13  3.72e-05 1.09e-02  4.76e+06   259s
[2025-09-14 12:28:10] DEBUG    31   2.36636352e+12 -1.51385331e+13  3.74e-05 1.45e-02  3.19e+06   289s
[2025-09-14 12:28:40] DEBUG    32   2.16089008e+12 -1.19438467e+13  5.05e-05 1.63e-02  2.56e+06   318s
[2025-09-14 12:29:08] DEBUG    33   1.98009720e+12 -8.56325253e+12  5.21e-05 1.74e-02  1.90e+06   347s
[2025-09-14 12:29:36] DEBUG    34   1.85505253e+12 -7.00187766e+12  4.48e-05 1.79e-02  1.59e+06   374s
[2025-09-14 12:30:04] DEBUG    35   1.67120019e+12 -5.82162422e+12  8.20e-05 1.83e-02  1.34e+06   402s
[2025-09-14 12:30:29] DEBUG    36   1.51866431e+12 -3.20949698e+12  5.44e-05 1.95e-02  8.31e+05   427s
[2025-09-14 12:30:57] DEBUG    37   1.37821695e+12 -2.02261721e+12  5.53e-05 2.00e-02  5.86e+05   455s
[2025-09-14 12:31:20] DEBUG    38   1.21762044e+12 -1.23525340e+12  3.91e-05 2.03e-02  4.12e+05   478s
[2025-09-14 12:31:42] DEBUG    39   1.04252380e+12 -4.25828169e+11  4.34e-05 2.07e-02  2.30e+05   500s
[2025-09-14 12:32:00] DEBUG    40   9.50056731e+11 -1.46861294e+11  4.01e-05 2.07e-02  1.64e+05   518s
[2025-09-14 12:32:15] DEBUG    41   8.91065892e+11 -7.77766177e+10  5.44e-05 2.07e-02  1.43e+05   534s
[2025-09-14 12:32:29] DEBUG    42   8.20955560e+11  1.06998264e+11  7.63e-05 2.06e-02  9.91e+04   547s
[2025-09-14 12:32:42] DEBUG    43   7.74370309e+11  2.07556768e+11  7.06e-05 2.04e-02  7.47e+04   560s
[2025-09-14 12:32:54] DEBUG    44   7.26702856e+11  2.72522328e+11  5.39e-05 2.00e-02  5.73e+04   572s
[2025-09-14 12:33:07] DEBUG    45   7.09993829e+11  3.15793886e+11  6.20e-05 1.96e-02  4.74e+04   586s
[2025-09-14 12:33:20] DEBUG    46   6.94161549e+11  3.23959838e+11  5.34e-05 1.95e-02  4.43e+04   598s
[2025-09-14 12:33:33] DEBUG    47   6.90854975e+11  3.43095777e+11  6.63e-05 1.90e-02  4.04e+04   611s
[2025-09-14 12:33:48] DEBUG    48   6.64911333e+11  3.57304311e+11  5.87e-05 1.79e-02  3.52e+04   626s
[2025-09-14 12:34:01] DEBUG    49   6.55447795e+11  3.67423178e+11  7.68e-05 1.66e-02  3.23e+04   640s
[2025-09-14 12:34:14] DEBUG    50   6.43217904e+11  3.99745917e+11  8.68e-05 1.15e-02  2.52e+04   652s
[2025-09-14 12:34:26] DEBUG    51   6.34767269e+11  4.14608420e+11  7.53e-05 9.57e-03  2.15e+04   665s
[2025-09-14 12:34:39] DEBUG    52   6.25844792e+11  4.17496635e+11  7.68e-05 9.12e-03  1.98e+04   677s
[2025-09-14 12:34:53] DEBUG    53   6.14137310e+11  4.21239767e+11  6.44e-05 8.34e-03  1.75e+04   691s
[2025-09-14 12:35:08] DEBUG    54   6.04907043e+11  4.31680758e+11  8.58e-05 6.46e-03  1.44e+04   706s
[2025-09-14 12:35:25] DEBUG    55   6.01938801e+11  4.39818512e+11  7.82e-05 5.33e-03  1.26e+04   723s
[2025-09-14 12:35:36] DEBUG    56   5.95822436e+11  4.43242032e+11  1.23e-04 5.33e-03  1.12e+04   735s
[2025-09-14 12:35:50] DEBUG    57   5.89933922e+11  4.47663203e+11  7.72e-05 5.32e-03  9.58e+03   749s
[2025-09-14 12:36:04] DEBUG    58   5.78130917e+11  4.52679669e+11  4.29e-05 5.32e-03  7.04e+03   762s
[2025-09-14 12:36:23] DEBUG    59   5.75613111e+11  4.56275419e+11  4.67e-05 5.29e-03  6.08e+03   782s
[2025-09-14 12:36:36] DEBUG    60   5.68898044e+11  4.58063005e+11  4.67e-05 5.25e-03  4.91e+03   794s
[2025-09-14 12:36:48] DEBUG    61   5.63849866e+11  4.59056990e+11  7.49e-05 5.22e-03  4.11e+03   806s
[2025-09-14 12:37:04] DEBUG    62   5.60044633e+11  4.60236866e+11  6.06e-05 5.17e-03  3.44e+03   823s
[2025-09-14 12:37:19] DEBUG    63   5.56896577e+11  4.61359857e+11  5.58e-05 5.02e-03  2.91e+03   837s
[2025-09-14 12:37:34] DEBUG    64   5.52868933e+11  4.62000430e+11  4.24e-05 4.84e-03  2.38e+03   853s
[2025-09-14 12:37:57] DEBUG    65   5.51342954e+11  4.62510150e+11  5.34e-05 4.41e-03  2.14e+03   875s
[2025-09-14 12:38:19] DEBUG    66   5.50521139e+11  4.62730088e+11  4.91e-05 4.19e-03  2.03e+03   897s
[2025-09-14 12:38:39] DEBUG    67   5.47369421e+11  4.63123316e+11  5.15e-05 3.52e-03  1.64e+03   918s
[2025-09-14 12:38:59] DEBUG    68   5.45091752e+11  4.63487186e+11  4.58e-05 2.91e-03  1.34e+03   938s
[2025-09-14 12:39:14] DEBUG    69   5.43441565e+11  4.63689154e+11  4.79e-05 2.87e-03  1.10e+03   953s
[2025-09-14 12:39:25] DEBUG    70   5.41954559e+11  4.63871106e+11  5.77e-05 2.84e-03  8.93e+02   964s
[2025-09-14 12:39:36] DEBUG    71   5.40682243e+11  4.63939073e+11  1.06e-04 2.83e-03  7.25e+02   974s
[2025-09-14 12:39:44] DEBUG    72   5.40449904e+11  4.63997645e+11  1.01e-04 2.81e-03  6.88e+02   983s
[2025-09-14 12:39:55] DEBUG    73   5.39341171e+11  4.64112062e+11  1.64e-04 2.79e-03  5.44e+02   993s
[2025-09-14 12:40:06] DEBUG    74   5.38495970e+11  4.64260639e+11  1.35e-04 2.76e-03  4.30e+02  1004s
[2025-09-14 12:40:19] DEBUG    75   5.38294290e+11  4.64365785e+11  1.15e-04 2.75e-03  3.86e+02  1017s
[2025-09-14 12:40:29] DEBUG    76   5.37665590e+11  4.64434214e+11  1.31e-04 2.73e-03  2.99e+02  1027s
[2025-09-14 12:40:39] DEBUG    77   5.37241973e+11  4.64477074e+11  1.96e-04 2.71e-03  2.46e+02  1037s
[2025-09-14 12:40:48] DEBUG    78   5.36950582e+11  4.64510902e+11  3.05e-04 2.68e-03  2.11e+02  1046s
[2025-09-14 12:40:59] DEBUG    79   5.36660003e+11  4.64543807e+11  3.32e-04 2.66e-03  1.79e+02  1057s
[2025-09-14 12:41:08] DEBUG    80   5.36423129e+11  4.64568543e+11  3.85e-04 2.64e-03  1.55e+02  1067s
[2025-09-14 12:41:17] DEBUG    81   5.36206044e+11  4.64585824e+11  3.62e-04 2.62e-03  1.34e+02  1075s
[2025-09-14 12:41:25] DEBUG    82   5.35937906e+11  4.64604604e+11  3.56e-04 2.60e-03  1.12e+02  1084s
[2025-09-14 12:41:35] DEBUG    83   5.35663866e+11  4.64623262e+11  3.18e-04 2.59e-03  9.10e+01  1093s
[2025-09-14 12:41:45] DEBUG    84   5.35470082e+11  4.64634182e+11  2.68e-04 2.58e-03  7.84e+01  1103s
[2025-09-14 12:41:55] DEBUG    85   5.35275128e+11  4.64644581e+11  2.33e-04 2.56e-03  6.68e+01  1114s
[2025-09-14 12:42:05] DEBUG    86   5.35097886e+11  4.64654638e+11  2.25e-04 2.55e-03  5.70e+01  1123s
[2025-09-14 12:42:17] DEBUG    87   5.34919937e+11  4.64663158e+11  2.02e-04 2.54e-03  4.86e+01  1135s
[2025-09-14 12:42:26] DEBUG    88   5.34728631e+11  4.64669297e+11  1.81e-04 2.54e-03  4.12e+01  1145s
[2025-09-14 12:42:38] DEBUG    89   5.34621098e+11  4.64677882e+11  1.62e-04 2.53e-03  3.64e+01  1156s
[2025-09-14 12:42:50] DEBUG    90   5.34568256e+11  4.64683101e+11  1.51e-04 2.52e-03  3.43e+01  1168s
[2025-09-14 12:43:02] DEBUG    91   5.34540663e+11  4.64687670e+11  1.48e-04 2.52e-03  3.30e+01  1180s
[2025-09-14 12:43:12] DEBUG    92   5.34398897e+11  4.64692031e+11  1.28e-04 2.52e-03  2.90e+01  1190s
[2025-09-14 12:43:22] DEBUG    93   5.34292258e+11  4.64695825e+11  1.16e-04 2.51e-03  2.62e+01  1200s
[2025-09-14 12:43:35] DEBUG    94   5.34249304e+11  4.64702216e+11  1.12e-04 2.51e-03  2.46e+01  1213s
[2025-09-14 12:43:45] DEBUG    95   5.34169810e+11  4.64704092e+11  1.04e-04 2.51e-03  2.28e+01  1223s
[2025-09-14 12:43:55] DEBUG    96   5.34052506e+11  4.64708052e+11  9.21e-05 2.50e-03  2.03e+01  1233s
[2025-09-14 12:44:09] DEBUG    97   5.34001655e+11  4.64710668e+11  8.82e-05 2.50e-03  1.90e+01  1248s
[2025-09-14 12:44:21] DEBUG    98   5.33864978e+11  4.64712231e+11  7.63e-05 2.47e-03  1.67e+01  1260s
[2025-09-14 12:44:33] DEBUG    99   5.33780555e+11  4.64713986e+11  7.04e-05 2.46e-03  1.53e+01  1271s
[2025-09-14 12:44:42] DEBUG    100   5.33624426e+11  4.64715269e+11  6.96e-05 2.45e-03  1.31e+01  1280s
[2025-09-14 12:44:52] DEBUG    101   5.33570516e+11  4.64718010e+11  7.25e-05 2.44e-03  1.22e+01  1291s
[2025-09-14 12:45:01] DEBUG    102   5.33459359e+11  4.64719059e+11  7.39e-05 2.43e-03  1.09e+01  1300s
[2025-09-14 12:45:12] DEBUG    103   5.33384055e+11  4.64720777e+11  9.87e-05 2.42e-03  9.95e+00  1310s
[2025-09-14 12:45:23] DEBUG    104   5.33323317e+11  4.64722601e+11  8.20e-05 2.40e-03  9.22e+00  1321s
[2025-09-14 12:45:31] DEBUG    105   5.33268155e+11  4.64723397e+11  7.44e-05 2.40e-03  8.68e+00  1329s
[2025-09-14 12:45:39] DEBUG    106   5.33229110e+11  4.64723968e+11  8.34e-05 2.40e-03  8.34e+00  1337s
[2025-09-14 12:45:49] DEBUG    107   5.33104584e+11  4.64724880e+11  7.87e-05 2.40e-03  7.35e+00  1347s
[2025-09-14 12:45:59] DEBUG    108   5.33026875e+11  4.64725842e+11  1.10e-04 2.40e-03  6.75e+00  1357s
[2025-09-14 12:46:08] DEBUG    109   5.32972510e+11  4.64726928e+11  1.04e-04 2.40e-03  6.30e+00  1366s
[2025-09-14 12:46:16] DEBUG    110   5.32879801e+11  4.64727903e+11  1.01e-04 2.40e-03  5.71e+00  1375s
[2025-09-14 12:46:27] DEBUG    111   5.32817573e+11  4.64728646e+11  1.12e-04 2.40e-03  5.32e+00  1385s
[2025-09-14 12:46:37] DEBUG    112   5.32773641e+11  4.64729441e+11  1.07e-04 2.40e-03  5.02e+00  1395s
[2025-09-14 12:46:49] DEBUG    113   5.32703611e+11  4.64730140e+11  1.19e-04 2.39e-03  4.63e+00  1408s
[2025-09-14 12:46:57] DEBUG    114   5.32673181e+11  4.64730518e+11  1.18e-04 2.39e-03  4.48e+00  1416s
[2025-09-14 12:47:06] DEBUG    115   5.32614289e+11  4.64730876e+11  1.03e-04 2.39e-03  4.21e+00  1424s
[2025-09-14 12:47:13] DEBUG    116   5.32595196e+11  4.64731118e+11  1.24e-04 2.39e-03  4.12e+00  1432s
[2025-09-14 12:47:23] DEBUG    117   5.32532097e+11  4.64731665e+11  1.22e-04 2.39e-03  3.84e+00  1441s
[2025-09-14 12:47:34] DEBUG    118   5.32462808e+11  4.64732226e+11  8.58e-05 2.39e-03  3.56e+00  1452s
[2025-09-14 12:47:44] DEBUG    119   5.32455718e+11  4.64732356e+11  9.49e-05 2.39e-03  3.52e+00  1462s
[2025-09-14 12:47:55] DEBUG    120   5.32427102e+11  4.64732607e+11  8.39e-05 2.39e-03  3.41e+00  1473s
[2025-09-14 12:48:04] DEBUG    121   5.32344761e+11  4.64732924e+11  1.14e-04 2.39e-03  3.18e+00  1483s
[2025-09-14 12:48:14] DEBUG    122   5.32256571e+11  4.64733670e+11  9.49e-05 2.39e-03  2.87e+00  1493s
[2025-09-14 12:48:22] DEBUG    123   5.32202013e+11  4.64734081e+11  1.01e-04 2.39e-03  2.70e+00  1501s
[2025-09-14 12:48:34] DEBUG    124   5.32120551e+11  4.64734415e+11  1.02e-04 2.39e-03  2.49e+00  1513s
[2025-09-14 12:48:45] DEBUG    125   5.32027188e+11  4.64734961e+11  1.09e-04 2.38e-03  2.24e+00  1523s
[2025-09-14 12:48:55] DEBUG    126   5.31981272e+11  4.64735364e+11  1.12e-04 2.38e-03  2.12e+00  1533s
[2025-09-14 12:49:04] DEBUG    127   5.31937421e+11  4.64735700e+11  1.13e-04 2.38e-03  2.02e+00  1542s
[2025-09-14 12:49:15] DEBUG    128   5.31904538e+11  4.64736120e+11  1.02e-04 2.38e-03  1.95e+00  1553s
[2025-09-14 12:49:23] DEBUG    129   5.31864588e+11  4.64736350e+11  9.49e-05 2.38e-03  1.87e+00  1561s
[2025-09-14 12:49:35] DEBUG    130   5.31831142e+11  4.64737045e+11  9.92e-05 2.38e-03  1.79e+00  1574s
[2025-09-14 12:49:51] DEBUG    131   5.31806109e+11  4.64737484e+11  8.73e-05 2.38e-03  1.73e+00  1589s
[2025-09-14 12:50:00] DEBUG    132   5.31753296e+11  4.64738497e+11  8.39e-05 2.38e-03  1.63e+00  1598s
[2025-09-14 12:50:09] DEBUG    133   5.31689548e+11  4.64739498e+11  8.92e-05 2.38e-03  1.52e+00  1608s
[2025-09-14 12:50:19] DEBUG    134   5.31658237e+11  4.64740389e+11  9.06e-05 2.38e-03  1.46e+00  1617s
[2025-09-14 12:50:27] DEBUG    135   5.31625830e+11  4.64740701e+11  8.39e-05 2.38e-03  1.42e+00  1625s
[2025-09-14 12:50:36] DEBUG    136   5.31586967e+11  4.64741297e+11  8.73e-05 2.38e-03  1.36e+00  1635s
[2025-09-14 12:50:46] DEBUG    137   5.31492450e+11  4.64741633e+11  8.20e-05 2.38e-03  1.23e+00  1645s
[2025-09-14 12:50:57] DEBUG    138   5.31450715e+11  4.64742050e+11  1.01e-04 2.38e-03  1.17e+00  1655s
[2025-09-14 12:51:08] DEBUG    139   5.31410821e+11  4.64742735e+11  8.34e-05 2.38e-03  1.11e+00  1666s
[2025-09-14 12:51:19] DEBUG    140   5.31377583e+11  4.64743308e+11  9.73e-05 2.38e-03  1.07e+00  1677s
[2025-09-14 12:51:28] DEBUG    141   5.31328950e+11  4.64743710e+11  8.01e-05 2.38e-03  1.01e+00  1687s
[2025-09-14 12:51:37] DEBUG    142   5.31299019e+11  4.64744154e+11  8.49e-05 2.38e-03  9.73e-01  1696s
[2025-09-14 12:51:47] DEBUG    143   5.31237061e+11  4.64744559e+11  8.20e-05 2.38e-03  9.06e-01  1705s
[2025-09-14 12:51:55] DEBUG    144   5.31171655e+11  4.64745007e+11  9.25e-05 2.38e-03  8.41e-01  1714s
[2025-09-14 12:51:55] DEBUG    Barrier performed 144 iterations in 1713.63 seconds (293.14 work units)
Barrier solve interrupted - model solved by another algorithm
[2025-09-14 12:51:55] DEBUG    Solved with dual simplex
[2025-09-14 12:52:05] DEBUG    Iteration    Objective       Primal Inf.    Dual Inf.      Time
[2025-09-14 12:52:05] DEBUG    770639    4.6703840e+11   0.000000e+00   0.000000e+00   1723s

Solved in 770639 iterations and 1722.98 seconds (413.38 work units)
[2025-09-14 12:52:05] DEBUG    Optimal objective  4.670383953e+11
❌ Errore nel run di autarky_VRES_2030_PHES: 'Model' object has no attribute 'backend_model'

🚀 Lancio scenario: autarky_VRES_2030_nostorage
[2025-09-14 13:01:45] INFO     Loading sets
[2025-09-14 13:01:45] INFO     Loading parameters
[2025-09-14 13:02:17] INFO     constraints are loaded in the following order: ['energy_balance', 'dispatch', 'costs', 'capacity', 'network', 'policy', 'conversion', 'group', 'conversion_plus', 'milp', 'export']
[2025-09-14 13:02:17] INFO     creating energy_balance constraints
[2025-09-14 13:04:58] INFO     creating dispatch constraints
[2025-09-14 13:09:36] INFO     creating costs constraints
[2025-09-14 13:17:03] INFO     creating capacity constraints
[2025-09-14 13:17:03] INFO     creating network constraints
[2025-09-14 13:17:03] INFO     creating policy constraints
[2025-09-14 13:17:03] INFO     creating conversion constraints
[2025-09-14 13:17:03] INFO     creating group constraints
[2025-09-14 13:17:03] INFO     creating conversion_plus constraints
[2025-09-14 13:17:03] INFO     creating milp constraints
[2025-09-14 13:17:03] INFO     creating export constraints
[2025-09-14 13:27:31] DEBUG    Set parameter WLSAccessID
Set parameter WLSSecret
Set parameter LicenseID to value 2680226
[2025-09-14 13:27:31] DEBUG    Academic license 2680226 - for non-commercial use only - registered to an___@mail.polimi.it
[2025-09-14 13:28:00] DEBUG    Read LP format model from file /tmp/tmpcs4773ud.pyomo.lp
Reading time = 28.78 seconds
[2025-09-14 13:28:00] DEBUG    x14465408: 19642621 rows, 14465408 columns, 46955840 nonzeros
Set parameter NumericFocus to value 1
Gurobi Optimizer version 12.0.2 build v12.0.2rc0 (linux64 - "Debian GNU/Linux 11 (bullseye)")

CPU model: Intel(R) Xeon(R) Silver 4314 CPU @ 2.40GHz, instruction set [SSE2|AVX|AVX2|AVX512]
Thread count: 32 physical cores, 64 logical processors, using up to 32 threads

Non-default parameters:
NumericFocus  1
[2025-09-14 13:28:00] DEBUG    Academic license 2680226 - for non-commercial use only - registered to an___@mail.polimi.it
Optimize a model with 19642621 rows, 14465408 columns and 46955840 nonzeros
[2025-09-14 13:28:01] DEBUG    Model fingerprint: 0x38323d3e
[2025-09-14 13:28:01] DEBUG    Coefficient statistics:
  Matrix range     [1e-07, 3e+02]
  Objective range  [1e+00, 1e+06]
  Bounds range     [0e+00, 0e+00]
  RHS range        [1e+00, 2e+08]
[2025-09-14 13:28:06] DEBUG    Presolve removed 16706728 rows and 8739128 columns (presolve time = 5s)...
[2025-09-14 13:28:11] DEBUG    Presolve removed 18573553 rows and 12296576 columns (presolve time = 10s)...
[2025-09-14 13:28:15] DEBUG    Presolve removed 19251534 rows and 12322349 columns
[2025-09-14 13:28:15] DEBUG    Presolve time: 15.07s
Presolved: 391087 rows, 2283203 columns, 3866676 nonzeros

Concurrent LP optimizer: primal simplex, dual simplex, and barrier
Showing barrier log only...
[2025-09-14 13:28:16] DEBUG    Ordering time: 0.17s
[2025-09-14 13:28:17] DEBUG    Barrier statistics:
 Dense cols : 86
[2025-09-14 13:28:17] DEBUG    AA' NZ     : 1.259e+06
 Factor NZ  : 6.510e+06 (roughly 1.1 GB of memory)
 Factor Ops : 1.351e+08 (less than 1 second per iteration)
 Threads    : 1
[2025-09-14 13:28:17] DEBUG    Objective                Residual
Iter       Primal          Dual         Primal    Dual     Compl     Time
[2025-09-14 13:28:17] DEBUG    0   5.02391288e+21 -5.96279787e+19  6.49e+10 6.50e+04  3.06e+16    17s
[2025-09-14 13:28:18] DEBUG    1   3.20226334e+21 -6.28008694e+19  2.88e+10 1.15e+06  1.37e+16    18s
[2025-09-14 13:28:18] DEBUG    2   1.47794519e+21 -4.14434818e+19  9.02e+09 9.24e+04  4.22e+15    19s
[2025-09-14 13:28:19] DEBUG    3   8.58351467e+19 -3.19590597e+19  2.54e+08 8.98e+02  1.36e+14    19s
[2025-09-14 13:28:20] DEBUG    4   3.01893721e+19 -1.45562037e+19  8.73e+07 6.00e-06  4.58e+13    20s
[2025-09-14 13:28:20] DEBUG    5   1.95253904e+19 -8.91873384e+18  5.46e+07 8.16e-05  2.79e+13    21s
[2025-09-14 13:28:21] DEBUG    6   4.61850772e+18 -4.88421811e+18  1.07e+07 9.44e-07  6.26e+12    21s
[2025-09-14 13:28:21] DEBUG    7   3.64347774e+18 -3.78183839e+18  8.37e+06 2.14e-07  4.70e+12    22s
[2025-09-14 13:28:22] DEBUG    8   1.41935560e+18 -2.26486585e+18  2.96e+06 1.26e-05  1.82e+12    22s
[2025-09-14 13:28:23] DEBUG    9   4.28000454e+17 -6.74218726e+17  8.15e+05 6.93e-06  4.57e+11    23s
[2025-09-14 13:28:23] DEBUG    10   1.06722577e+17 -3.20179330e+17  1.78e+05 2.20e-05  1.36e+11    24s
[2025-09-14 13:28:24] DEBUG    11   7.11821550e+16 -2.15791401e+17  1.14e+05 1.28e-05  8.63e+10    24s
[2025-09-14 13:28:25] DEBUG    12   1.83165316e+16 -1.63417934e+17  2.41e+04 9.74e-06  4.75e+10    25s
[2025-09-14 13:28:25] DEBUG    13   8.56007170e+15 -1.06077477e+17  7.61e+03 6.09e-06  2.88e+10    25s
[2025-09-14 13:28:26] DEBUG    14   7.38682634e+15 -5.31693410e+16  5.90e+03 2.00e-05  1.52e+10    26s
[2025-09-14 13:28:26] DEBUG    15   3.99313181e+15 -1.66074872e+16  1.42e+03 8.45e-06  5.10e+09    26s
[2025-09-14 13:28:27] DEBUG    16   2.95688870e+15 -5.81729723e+14  2.36e+02 4.39e-06  8.72e+08    27s
[2025-09-14 13:28:27] DEBUG    17   2.82546308e+15  1.16098762e+15  1.13e+02 1.91e-06  4.10e+08    27s
[2025-09-14 13:28:28] DEBUG    18   2.77624605e+15  1.99813412e+15  6.96e+01 6.48e-07  1.92e+08    28s
[2025-09-14 13:28:29] DEBUG    19   2.75422496e+15  2.25273394e+15  5.01e+01 4.16e-07  1.23e+08    29s
[2025-09-14 13:28:29] DEBUG    20   2.74704747e+15  2.32791847e+15  4.40e+01 2.70e-07  1.03e+08    30s
[2025-09-14 13:28:30] DEBUG    21   2.74518888e+15  2.36831547e+15  4.24e+01 2.76e-07  9.28e+07    30s
[2025-09-14 13:28:30] DEBUG    22   2.73167281e+15  2.39341440e+15  3.10e+01 2.43e-07  8.33e+07    31s
[2025-09-14 13:28:31] DEBUG    23   2.72566298e+15  2.51210502e+15  2.59e+01 1.60e-07  5.26e+07    31s
[2025-09-14 13:28:32] DEBUG    24   2.72098393e+15  2.56235578e+15  2.21e+01 1.31e-07  3.90e+07    32s
[2025-09-14 13:28:33] DEBUG    25   2.70677068e+15  2.61601236e+15  1.07e+01 6.62e-08  2.23e+07    33s
[2025-09-14 13:28:34] DEBUG    26   2.70388828e+15  2.65045467e+15  8.48e+00 3.44e-08  1.31e+07    34s
[2025-09-14 13:28:35] DEBUG    27   2.69700620e+15  2.65625563e+15  3.15e+00 2.28e-08  1.00e+07    35s
[2025-09-14 13:28:35] DEBUG    28   2.69612974e+15  2.66825747e+15  2.41e+00 2.98e-08  6.86e+06    35s
[2025-09-14 13:28:36] DEBUG    29   2.69597400e+15  2.67097107e+15  2.29e+00 1.77e-08  6.15e+06    36s
[2025-09-14 13:28:36] DEBUG    30   2.69585832e+15  2.67418367e+15  2.20e+00 1.77e-08  5.33e+06    37s
[2025-09-14 13:28:37] DEBUG    31   2.69315692e+15  2.68366861e+15  7.91e-02 2.70e-08  2.33e+06    37s
[2025-09-14 13:28:38] DEBUG    32   2.69303045e+15  2.68864474e+15  1.95e-02 6.58e-09  1.08e+06    38s
[2025-09-14 13:28:39] DEBUG    33   2.69299611e+15  2.69258791e+15  1.01e-02 1.79e-04  1.00e+05    39s
[2025-09-14 13:28:40] DEBUG    34   2.69297916e+15  2.69280618e+15  5.95e-03 2.90e-04  4.26e+04    40s
[2025-09-14 13:28:40] DEBUG    35   2.69297067e+15  2.69287418e+15  4.17e-03 2.72e-04  2.37e+04    40s
[2025-09-14 13:28:41] DEBUG    36   2.69296601e+15  2.69291113e+15  3.28e-03 2.32e-04  1.35e+04    41s
[2025-09-14 13:28:41] DEBUG    37   2.69296331e+15  2.69291945e+15  2.81e-03 2.35e-04  1.08e+04    41s
[2025-09-14 13:28:42] DEBUG    38   2.69296099e+15  2.69292783e+15  2.41e-03 2.38e-04  8.17e+03    42s
[2025-09-14 13:28:42] DEBUG    39   2.69295909e+15  2.69293265e+15  2.10e-03 2.40e-04  6.51e+03    42s
[2025-09-14 13:28:43] DEBUG    40   2.69295690e+15  2.69293685e+15  1.75e-03 2.42e-04  4.94e+03    43s
[2025-09-14 13:28:44] DEBUG    41   2.69295537e+15  2.69293823e+15  1.55e-03 2.43e-04  4.23e+03    44s
[2025-09-14 13:28:45] DEBUG    42   2.69295348e+15  2.69294039e+15  1.30e-03 2.45e-04  3.23e+03    45s
[2025-09-14 13:28:46] DEBUG    43   2.69295138e+15  2.69294282e+15  9.91e-04 2.45e-04  2.11e+03    46s
[2025-09-14 13:28:47] DEBUG    44   2.69294944e+15  2.69294370e+15  6.93e-04 2.40e-04  1.42e+03    47s
[2025-09-14 13:28:48] DEBUG    45   2.69294756e+15  2.69294407e+15  4.07e-04 2.31e-04  8.68e+02    48s
[2025-09-14 13:28:49] DEBUG    46   2.69294702e+15  2.69294440e+15  3.32e-04 1.84e-04  6.52e+02    49s
[2025-09-14 13:28:49] DEBUG    47   2.69294673e+15  2.69294452e+15  2.83e-04 1.52e-04  5.50e+02    49s
[2025-09-14 13:28:50] DEBUG    48   2.69294638e+15  2.69294467e+15  2.27e-04 1.42e-04  4.27e+02    50s
[2025-09-14 13:28:50] DEBUG    49   2.69294614e+15  2.69294473e+15  1.88e-04 1.12e-04  3.54e+02    50s
[2025-09-14 13:28:51] DEBUG    50   2.69294599e+15  2.69294477e+15  1.65e-04 9.97e-05  3.07e+02    51s
[2025-09-14 13:28:51] DEBUG    51   2.69294587e+15  2.69294482e+15  1.45e-04 9.74e-05  2.64e+02    51s
[2025-09-14 13:28:52] DEBUG    52   2.69294569e+15  2.69294486e+15  1.16e-04 9.51e-05  2.11e+02    52s
[2025-09-14 13:28:52] DEBUG    53   2.69294551e+15  2.69294490e+15  9.14e-05 9.22e-05  1.57e+02    52s
[2025-09-14 13:28:53] DEBUG    54   2.69294534e+15  2.69294492e+15  6.37e-05 8.72e-05  1.10e+02    53s
[2025-09-14 13:28:54] DEBUG    55   2.69294524e+15  2.69294494e+15  4.86e-05 8.72e-05  7.92e+01    54s
[2025-09-14 13:28:56] DEBUG    56   2.69294519e+15  2.69294495e+15  4.23e-05 8.44e-05  6.44e+01    56s
[2025-09-14 13:28:57] DEBUG    57   2.69294513e+15  2.69294495e+15  3.27e-05 6.30e-05  4.74e+01    57s
[2025-09-14 13:28:59] DEBUG    58   2.69294509e+15  2.69294495e+15  2.70e-05 5.15e-05  3.71e+01    59s
[2025-09-14 13:29:00] DEBUG    59   2.69294507e+15  2.69294495e+15  2.32e-05 5.22e-05  3.21e+01    60s
[2025-09-14 13:29:02] DEBUG    60   2.69294504e+15  2.69294495e+15  1.85e-05 5.23e-05  2.46e+01    62s
[2025-09-14 13:29:03] DEBUG    61   2.69294502e+15  2.69294495e+15  1.55e-05 4.50e-05  1.96e+01    63s
[2025-09-14 13:29:05] DEBUG    62   2.69294501e+15  2.69294495e+15  1.33e-05 4.18e-05  1.63e+01    65s
[2025-09-14 13:29:05] DEBUG    Barrier performed 62 iterations in 65.02 seconds (61.58 work units)
Barrier solve interrupted - model solved by another algorithm
[2025-09-14 13:29:05] DEBUG    Solved with dual simplex
[2025-09-14 13:29:12] DEBUG    Iteration    Objective       Primal Inf.    Dual Inf.      Time
  289883    2.6929449e+15   0.000000e+00   0.000000e+00     73s
[2025-09-14 13:29:12] DEBUG    Solved in 289883 iterations and 72.60 seconds (87.09 work units)
[2025-09-14 13:29:12] DEBUG    Optimal objective  2.692944944e+15
❌ Errore nel run di autarky_VRES_2030_nostorage: 'Model' object has no attribute 'backend_model'

🚀 Lancio scenario: autarky_CG+VRES_2030_BESS
[2025-09-14 13:41:14] INFO     Loading sets
[2025-09-14 13:41:14] INFO     Loading parameters
[2025-09-14 13:41:48] INFO     constraints are loaded in the following order: ['energy_balance', 'dispatch', 'costs', 'capacity', 'network', 'policy', 'conversion', 'group', 'conversion_plus', 'milp', 'export']
[2025-09-14 13:41:48] INFO     creating energy_balance constraints
[2025-09-14 13:44:40] INFO     creating dispatch constraints
[2025-09-14 13:46:32] INFO     creating costs constraints
[2025-09-14 13:59:22] INFO     creating capacity constraints
[2025-09-14 13:59:22] INFO     creating network constraints
[2025-09-14 13:59:22] INFO     creating policy constraints
[2025-09-14 13:59:22] INFO     creating conversion constraints
[2025-09-14 13:59:22] INFO     creating group constraints
[2025-09-14 13:59:22] INFO     creating conversion_plus constraints
[2025-09-14 13:59:22] INFO     creating milp constraints
[2025-09-14 13:59:22] INFO     creating export constraints
[2025-09-14 14:11:16] DEBUG    Set parameter WLSAccessID
Set parameter WLSSecret
Set parameter LicenseID to value 2680226
[2025-09-14 14:11:16] DEBUG    Academic license 2680226 - for non-commercial use only - registered to an___@mail.polimi.it
[2025-09-14 14:11:49] DEBUG    Read LP format model from file /tmp/tmp7ww07tz7.pyomo.lp
Reading time = 33.44 seconds
[2025-09-14 14:11:49] DEBUG    x16498047: 22183311 rows, 16498047 columns, 53815442 nonzeros
Set parameter NumericFocus to value 1
Gurobi Optimizer version 12.0.2 build v12.0.2rc0 (linux64 - "Debian GNU/Linux 11 (bullseye)")

CPU model: Intel(R) Xeon(R) Silver 4314 CPU @ 2.40GHz, instruction set [SSE2|AVX|AVX2|AVX512]
Thread count: 32 physical cores, 64 logical processors, using up to 32 threads

Non-default parameters:
NumericFocus  1
[2025-09-14 14:11:49] DEBUG    Academic license 2680226 - for non-commercial use only - registered to an___@mail.polimi.it
Optimize a model with 22183311 rows, 16498047 columns and 53815442 nonzeros
[2025-09-14 14:11:50] DEBUG    Model fingerprint: 0x2b57dc6e
[2025-09-14 14:11:50] DEBUG    Coefficient statistics:
  Matrix range     [1e-07, 3e+02]
  Objective range  [1e+00, 1e+06]
  Bounds range     [0e+00, 0e+00]
  RHS range        [1e+00, 2e+08]
[2025-09-14 14:11:56] DEBUG    Presolve removed 17722774 rows and 10005062 columns (presolve time = 6s)...
[2025-09-14 14:12:00] DEBUG    Presolve removed 18433975 rows and 12410000 columns (presolve time = 10s)...
[2025-09-14 14:12:05] DEBUG    Presolve removed 19840917 rows and 13766163 columns (presolve time = 15s)...
[2025-09-14 14:12:09] DEBUG    Presolve removed 20518956 rows and 13783683 columns
[2025-09-14 14:12:09] DEBUG    Presolve time: 20.17s
Presolved: 1664355 rows, 2854508 columns, 8660288 nonzeros

Concurrent LP optimizer: primal simplex, dual simplex, and barrier
Showing barrier log only...
[2025-09-14 14:12:12] DEBUG    Ordering time: 0.94s
[2025-09-14 14:12:13] DEBUG    Barrier statistics:
 Dense cols : 144
 AA' NZ     : 8.733e+06
 Factor NZ  : 3.094e+07 (roughly 2.0 GB of memory)
 Factor Ops : 8.611e+08 (less than 1 second per iteration)
 Threads    : 30
[2025-09-14 14:12:17] DEBUG    Objective                Residual
[2025-09-14 14:12:17] DEBUG    Iter       Primal          Dual         Primal    Dual     Compl     Time
[2025-09-14 14:12:17] DEBUG    0   2.34528364e+21 -7.55046591e+18  6.49e+10 2.89e-11  4.40e+15    28s
[2025-09-14 14:12:22] DEBUG    1   1.95969073e+21 -7.58291241e+18  5.36e+10 2.40e+05  3.36e+15    32s
[2025-09-14 14:12:29] DEBUG    2   1.59741557e+21 -7.05899191e+18  4.39e+10 1.08e+05  2.49e+15    39s
[2025-09-14 14:12:36] DEBUG    3   1.13695100e+21 -6.20427478e+18  3.13e+10 3.60e+04  1.63e+15    47s
[2025-09-14 14:12:42] DEBUG    4   7.89238895e+20 -5.73380964e+18  2.14e+10 1.68e+04  1.09e+15    53s
[2025-09-14 14:12:47] DEBUG    5   6.54429786e+20 -5.43260585e+18  1.76e+10 7.89e+03  8.88e+14    57s
[2025-09-14 14:12:51] DEBUG    6   4.47333455e+20 -5.18559483e+18  1.20e+10 3.60e+03  6.04e+14    62s
[2025-09-14 14:12:56] DEBUG    7   3.04527045e+20 -5.01807730e+18  8.16e+09 1.91e+03  4.16e+14    67s
[2025-09-14 14:13:00] DEBUG    8   1.19192693e+20 -4.78784001e+18  3.32e+09 1.11e+03  1.75e+14    71s
[2025-09-14 14:13:06] DEBUG    9   5.49280632e+19 -4.31248536e+18  1.57e+09 3.12e+02  8.18e+13    77s
[2025-09-14 14:13:10] DEBUG    10   3.85253729e+19 -3.87467880e+18  1.11e+09 1.36e+02  5.74e+13    81s
[2025-09-14 14:13:16] DEBUG    11   2.40835714e+19 -3.35636942e+18  6.90e+08 2.72e+01  3.52e+13    87s
[2025-09-14 14:13:23] DEBUG    12   9.51883172e+18 -2.70968366e+18  2.71e+08 1.89e+00  1.38e+13    94s
[2025-09-14 14:13:30] DEBUG    13   1.22583245e+18 -2.06881110e+18  3.30e+07 1.13e+00  1.98e+12   100s
[2025-09-14 14:13:34] DEBUG    14   3.11501358e+16 -9.06561075e+17  7.10e+05 3.78e-01  1.91e+11   105s
[2025-09-14 14:13:38] DEBUG    15   1.29937379e+15 -4.79673272e+16  2.05e+03 1.54e-02  8.45e+09   109s
[2025-09-14 14:13:42] DEBUG    16   1.17559419e+15 -3.59724885e+15  1.83e+00 2.27e-02  6.59e+08   113s
[2025-09-14 14:13:46] DEBUG    17   1.15591039e+15 -2.12651786e+15  9.75e-01 2.34e-02  3.94e+08   117s
[2025-09-14 14:13:52] DEBUG    18   1.15129328e+15 -1.31607767e+15  8.41e-01 3.76e-02  2.49e+08   123s
[2025-09-14 14:13:57] DEBUG    19   1.12805740e+15 -6.20220997e+14  2.24e-01 2.44e-02  1.20e+08   128s
[2025-09-14 14:14:03] DEBUG    20   1.12619482e+15 -2.01119941e+14  2.07e-01 2.63e-02  4.13e+07   133s
[2025-09-14 14:14:07] DEBUG    21   1.11107589e+15 -1.06716672e+14  7.82e-02 2.52e-02  2.21e+07   138s
[2025-09-14 14:14:13] DEBUG    22   1.09968500e+15 -3.64074320e+13  3.91e-02 2.54e-02  7.82e+06   144s
[2025-09-14 14:14:23] DEBUG    23   1.08446846e+15 -1.85579457e+13  1.26e-02 2.55e-02  3.98e+06   154s
[2025-09-14 14:14:30] DEBUG    24   1.07958335e+15 -1.18064726e+13  9.77e-03 2.55e-02  2.56e+06   161s
[2025-09-14 14:14:35] DEBUG    25   1.07869706e+15 -1.00880795e+13  9.39e-03 2.55e-02  2.19e+06   166s
[2025-09-14 14:14:41] DEBUG    26   1.07637773e+15 -8.24706934e+12  8.38e-03 2.55e-02  1.80e+06   172s
[2025-09-14 14:14:47] DEBUG    27   1.07231074e+15 -5.36405646e+12  6.82e-03 2.55e-02  1.18e+06   178s
[2025-09-14 14:14:53] DEBUG    28   1.06153937e+15 -9.27655416e+11  3.48e-03 2.55e-02  2.21e+05   184s
[2025-09-14 14:15:07] DEBUG    29   1.05431041e+15 -2.32665257e+11  2.35e-03 2.54e-02  5.05e+04   198s
[2025-09-14 14:15:14] DEBUG    30   1.04903788e+15 -1.36273440e+11  1.78e-03 2.54e-02  2.33e+04   205s
[2025-09-14 14:15:19] DEBUG    31   1.04625118e+15 -1.30216200e+11  1.55e-03 2.54e-02  2.02e+04   210s
[2025-09-14 14:15:25] DEBUG    32   1.04441411e+15 -1.19497426e+11  1.43e-03 2.54e-02  1.65e+04   215s
[2025-09-14 14:15:31] DEBUG    33   1.04144542e+15 -1.14568379e+11  1.22e-03 2.54e-02  1.36e+04   222s
[2025-09-14 14:15:40] DEBUG    34   1.03852608e+15 -1.10753339e+11  1.04e-03 2.54e-02  1.12e+04   231s
[2025-09-14 14:15:50] DEBUG    35   1.03534715e+15 -1.08938016e+11  8.84e-04 2.54e-02  9.40e+03   241s
[2025-09-14 14:16:01] DEBUG    36   1.03221582e+15 -1.05885143e+11  7.77e-04 2.54e-02  7.20e+03   252s
[2025-09-14 14:16:14] DEBUG    37   1.02967374e+15 -1.05203346e+11  6.80e-04 2.54e-02  6.11e+03   265s
[2025-09-14 14:16:25] DEBUG    38   1.02801253e+15 -1.04930320e+11  6.29e-04 2.54e-02  5.54e+03   276s
[2025-09-14 14:16:36] DEBUG    39   1.02604815e+15 -1.04888308e+11  5.83e-04 2.54e-02  5.05e+03   286s
[2025-09-14 14:16:47] DEBUG    40   1.02442783e+15 -1.04800247e+11  5.39e-04 2.54e-02  4.62e+03   298s
[2025-09-14 14:16:57] DEBUG    41   1.02376107e+15 -1.04795752e+11  5.32e-04 2.53e-02  4.41e+03   308s
[2025-09-14 14:17:05] DEBUG    42   1.02275883e+15 -1.04798300e+11  4.95e-04 2.53e-02  4.21e+03   316s
[2025-09-14 14:17:16] DEBUG    43   1.02125143e+15 -1.04762120e+11  4.88e-04 2.52e-02  3.83e+03   327s
[2025-09-14 14:17:24] DEBUG    44   1.02040058e+15 -1.04782635e+11  7.32e-04 2.52e-02  3.68e+03   335s
[2025-09-14 14:17:36] DEBUG    45   1.01844784e+15 -1.04813991e+11  4.88e-04 2.52e-02  3.36e+03   346s
[2025-09-14 14:17:46] DEBUG    46   1.01693285e+15 -1.04844132e+11  4.88e-04 2.51e-02  3.10e+03   357s
[2025-09-14 14:17:57] DEBUG    47   1.01485083e+15 -1.04911391e+11  4.88e-04 2.51e-02  2.80e+03   368s
[2025-09-14 14:18:06] DEBUG    48   1.01397231e+15 -1.04950131e+11  4.88e-04 2.51e-02  2.67e+03   377s
[2025-09-14 14:18:17] DEBUG    49   1.01249164e+15 -1.05017885e+11  4.88e-04 2.50e-02  2.46e+03   387s
[2025-09-14 14:18:27] DEBUG    50   1.01098919e+15 -1.05072513e+11  4.27e-04 2.50e-02  2.28e+03   398s
[2025-09-14 14:18:35] DEBUG    51   1.01030205e+15 -1.05117344e+11  4.09e-04 2.50e-02  2.20e+03   405s
[2025-09-14 14:18:45] DEBUG    52   1.00944733e+15 -1.05196085e+11  4.88e-04 2.50e-02  2.09e+03   416s
[2025-09-14 14:18:53] DEBUG    53   1.00905796e+15 -1.05235560e+11  7.32e-04 2.50e-02  2.05e+03   424s
[2025-09-14 14:19:00] DEBUG    54   1.00856961e+15 -1.05289702e+11  7.32e-04 2.50e-02  2.00e+03   431s
[2025-09-14 14:19:09] DEBUG    55   1.00814197e+15 -1.05318530e+11  6.10e-04 2.49e-02  1.96e+03   440s
[2025-09-14 14:19:18] DEBUG    56   1.00664358e+15 -1.05349903e+11  4.88e-04 2.49e-02  1.83e+03   449s
[2025-09-14 14:19:29] DEBUG    57   1.00532475e+15 -1.05400418e+11  4.88e-04 2.49e-02  1.71e+03   459s
[2025-09-14 14:19:39] DEBUG    58   1.00418897e+15 -1.05449939e+11  4.88e-04 2.49e-02  1.61e+03   470s
[2025-09-14 14:19:50] DEBUG    59   1.00255751e+15 -1.05502382e+11  7.32e-04 2.49e-02  1.48e+03   481s
[2025-09-14 14:20:02] DEBUG    60   1.00184382e+15 -1.05557201e+11  6.10e-04 2.49e-02  1.43e+03   493s
[2025-09-14 14:20:11] DEBUG    61   1.00117708e+15 -1.05601315e+11  6.10e-04 2.49e-02  1.38e+03   502s
[2025-09-14 14:20:21] DEBUG    62   1.00025402e+15 -1.05645770e+11  4.88e-04 2.49e-02  1.32e+03   512s
[2025-09-14 14:20:31] DEBUG    63   9.99949051e+14 -1.05693988e+11  4.88e-04 2.49e-02  1.29e+03   522s
[2025-09-14 14:20:39] DEBUG    64   9.99510485e+14 -1.05715773e+11  7.32e-04 2.49e-02  1.27e+03   530s
[2025-09-14 14:20:50] DEBUG    65   9.98105857e+14 -1.05762904e+11  7.32e-04 2.49e-02  1.19e+03   541s
[2025-09-14 14:21:00] DEBUG    66   9.97526074e+14 -1.05806466e+11  7.32e-04 2.49e-02  1.16e+03   551s
[2025-09-14 14:21:11] DEBUG    67   9.97066140e+14 -1.05862812e+11  7.32e-04 2.48e-02  1.13e+03   561s
[2025-09-14 14:21:18] DEBUG    68   9.96642208e+14 -1.05881861e+11  7.32e-04 2.48e-02  1.11e+03   568s
[2025-09-14 14:21:27] DEBUG    69   9.95341095e+14 -1.05907496e+11  6.10e-04 2.48e-02  1.04e+03   578s
[2025-09-14 14:21:37] DEBUG    70   9.94614577e+14 -1.05964372e+11  7.32e-04 2.48e-02  1.00e+03   587s
[2025-09-14 14:21:48] DEBUG    71   9.93948450e+14 -1.06007357e+11  7.32e-04 2.48e-02  9.71e+02   599s
[2025-09-14 14:21:57] DEBUG    72   9.93598281e+14 -1.06030592e+11  6.10e-04 2.48e-02  9.55e+02   608s
[2025-09-14 14:22:06] DEBUG    73   9.93071208e+14 -1.06069480e+11  6.10e-04 2.48e-02  9.31e+02   616s
[2025-09-14 14:22:13] DEBUG    74   9.92507397e+14 -1.06104310e+11  7.32e-04 2.48e-02  9.07e+02   624s
[2025-09-14 14:22:25] DEBUG    75   9.91589950e+14 -1.06160215e+11  7.32e-04 2.48e-02  8.65e+02   635s
[2025-09-14 14:22:32] DEBUG    76   9.91192660e+14 -1.06189831e+11  7.32e-04 2.48e-02  8.49e+02   643s
[2025-09-14 14:22:43] DEBUG    77   9.90485146e+14 -1.06219505e+11  7.32e-04 2.48e-02  8.21e+02   653s
[2025-09-14 14:22:52] DEBUG    78   9.90042644e+14 -1.06265049e+11  7.32e-04 2.48e-02  8.02e+02   663s
[2025-09-14 14:22:59] DEBUG    79   9.89694636e+14 -1.06283016e+11  8.54e-04 2.48e-02  7.89e+02   670s
[2025-09-14 14:23:09] DEBUG    80   9.88976961e+14 -1.06345620e+11  7.32e-04 2.48e-02  7.60e+02   680s
[2025-09-14 14:23:19] DEBUG    81   9.88732897e+14 -1.06372932e+11  8.54e-04 2.48e-02  7.51e+02   689s
[2025-09-14 14:23:28] DEBUG    82   9.88097100e+14 -1.06397701e+11  7.32e-04 2.48e-02  7.28e+02   699s
[2025-09-14 14:23:36] DEBUG    83   9.87691380e+14 -1.06421774e+11  8.54e-04 2.48e-02  7.15e+02   706s
[2025-09-14 14:23:43] DEBUG    84   9.87196057e+14 -1.06440967e+11  8.54e-04 2.48e-02  6.99e+02   714s
[2025-09-14 14:23:52] DEBUG    85   9.86848451e+14 -1.06475424e+11  7.32e-04 2.48e-02  6.86e+02   723s
[2025-09-14 14:24:02] DEBUG    86   9.86424771e+14 -1.06496273e+11  8.54e-04 2.48e-02  6.72e+02   733s
[2025-09-14 14:24:09] DEBUG    87   9.85992156e+14 -1.06526877e+11  8.54e-04 2.48e-02  6.59e+02   740s
[2025-09-14 14:24:16] DEBUG    88   9.85837744e+14 -1.06542659e+11  8.54e-04 2.48e-02  6.54e+02   747s
[2025-09-14 14:24:26] DEBUG    89   9.85492658e+14 -1.06592679e+11  8.54e-04 2.48e-02  6.41e+02   757s
[2025-09-14 14:24:33] DEBUG    90   9.85227819e+14 -1.06611527e+11  8.54e-04 2.48e-02  8.12e+02   764s
[2025-09-14 14:24:33] DEBUG    Barrier performed 90 iterations in 763.68 seconds (151.75 work units)
[2025-09-14 14:24:33] DEBUG    Numerical trouble encountered
[2025-09-14 14:24:33] DEBUG    Model may be infeasible or unbounded.  Consider using the
[2025-09-14 14:24:33] DEBUG    homogeneous algorithm (through parameter 'BarHomogeneous')
[2025-09-14 14:25:38] DEBUG    Waiting for other threads to finish...         828s
[2025-09-14 14:26:42] DEBUG    Waiting for other threads to finish...         893s
[2025-09-14 14:27:47] DEBUG    Waiting for other threads to finish...         957s
[2025-09-14 14:28:05] DEBUG    Solved with dual simplex
[2025-09-14 14:28:15] DEBUG    Iteration    Objective       Primal Inf.    Dual Inf.      Time
[2025-09-14 14:28:15] DEBUG    821094    1.1879387e+10   0.000000e+00   0.000000e+00    986s
[2025-09-14 14:28:15] DEBUG    Solved in 821094 iterations and 985.51 seconds (425.64 work units)
[2025-09-14 14:28:15] DEBUG    Optimal objective  1.187938705e+10
❌ Errore nel run di autarky_CG+VRES_2030_BESS: 'Model' object has no attribute 'backend_model'

🚀 Lancio scenario: autarky_CG+VRES_2030_nostorage
[2025-09-14 14:39:03] INFO     Loading sets
[2025-09-14 14:39:03] INFO     Loading parameters
[2025-09-14 14:39:35] INFO     constraints are loaded in the following order: ['energy_balance', 'dispatch', 'costs', 'capacity', 'network', 'policy', 'conversion', 'group', 'conversion_plus', 'milp', 'export']
[2025-09-14 14:39:35] INFO     creating energy_balance constraints
[2025-09-14 14:42:16] INFO     creating dispatch constraints
[2025-09-14 14:43:59] INFO     creating costs constraints
[2025-09-14 14:57:51] INFO     creating capacity constraints
[2025-09-14 14:57:51] INFO     creating network constraints
[2025-09-14 14:57:51] INFO     creating policy constraints
[2025-09-14 14:57:51] INFO     creating conversion constraints
[2025-09-14 14:57:51] INFO     creating group constraints
[2025-09-14 14:57:51] INFO     creating conversion_plus constraints
[2025-09-14 14:57:51] INFO     creating milp constraints
[2025-09-14 14:57:51] INFO     creating export constraints
[2025-09-14 15:08:54] DEBUG    Set parameter WLSAccessID
Set parameter WLSSecret
Set parameter LicenseID to value 2680226
[2025-09-14 15:08:55] DEBUG    Academic license 2680226 - for non-commercial use only - registered to an___@mail.polimi.it
[2025-09-14 15:09:25] DEBUG    Read LP format model from file /tmp/tmpayw8jbfh.pyomo.lp
Reading time = 30.41 seconds
x15227673: 20404857 rows, 15227673 columns, 49242403 nonzeros
[2025-09-14 15:09:25] DEBUG    Set parameter NumericFocus to value 1
Gurobi Optimizer version 12.0.2 build v12.0.2rc0 (linux64 - "Debian GNU/Linux 11 (bullseye)")

CPU model: Intel(R) Xeon(R) Silver 4314 CPU @ 2.40GHz, instruction set [SSE2|AVX|AVX2|AVX512]
Thread count: 32 physical cores, 64 logical processors, using up to 32 threads

Non-default parameters:
NumericFocus  1
[2025-09-14 15:09:25] DEBUG    Academic license 2680226 - for non-commercial use only - registered to an___@mail.polimi.it
Optimize a model with 20404857 rows, 15227673 columns and 49242403 nonzeros
[2025-09-14 15:09:26] DEBUG    Model fingerprint: 0xf6c09fc1
[2025-09-14 15:09:26] DEBUG    Coefficient statistics:
  Matrix range     [1e-07, 3e+02]
  Objective range  [1e+00, 1e+06]
  Bounds range     [0e+00, 0e+00]
  RHS range        [1e+00, 2e+08]
[2025-09-14 15:09:31] DEBUG    Presolve removed 17214578 rows and 9496866 columns (presolve time = 5s)...
[2025-09-14 15:09:36] DEBUG    Presolve removed 19081749 rows and 13055023 columns (presolve time = 10s)...
[2025-09-14 15:09:41] DEBUG    Presolve removed 19619586 rows and 13078737 columns (presolve time = 15s)...
[2025-09-14 15:09:41] DEBUG    Presolve removed 19759730 rows and 13078737 columns
[2025-09-14 15:09:42] DEBUG    Presolve time: 16.47s
Presolved: 645127 rows, 2289080 columns, 4382953 nonzeros

Concurrent LP optimizer: primal simplex, dual simplex, and barrier
Showing barrier log only...
[2025-09-14 15:09:43] DEBUG    Ordering time: 0.20s
[2025-09-14 15:09:43] DEBUG    Barrier statistics:
 Dense cols : 115
 AA' NZ     : 1.770e+06
[2025-09-14 15:09:43] DEBUG    Factor NZ  : 1.029e+07 (roughly 1.3 GB of memory)
 Factor Ops : 2.210e+08 (less than 1 second per iteration)
 Threads    : 1
[2025-09-14 15:09:44] DEBUG    Objective                Residual
Iter       Primal          Dual         Primal    Dual     Compl     Time
[2025-09-14 15:09:44] DEBUG    0   2.46398551e+21 -8.96006772e+18  6.49e+10 3.27e-03  5.25e+15    19s
[2025-09-14 15:09:44] DEBUG    1   2.03762294e+21 -8.99326891e+18  5.29e+10 3.83e+05  4.28e+15    19s
[2025-09-14 15:09:45] DEBUG    2   1.66601570e+21 -8.56525468e+18  4.29e+10 2.79e+05  3.47e+15    20s
[2025-09-14 15:09:46] DEBUG    3   1.43050793e+21 -7.92209487e+18  3.66e+10 1.93e+05  2.92e+15    21s
[2025-09-14 15:09:47] DEBUG    4   1.20543951e+21 -7.62528670e+18  3.07e+10 1.44e+05  2.45e+15    22s
[2025-09-14 15:09:48] DEBUG    5   9.06588525e+20 -6.85013320e+18  2.23e+10 4.43e+04  1.74e+15    23s
[2025-09-14 15:09:49] DEBUG    6   4.34986728e+20 -6.55119967e+18  9.78e+09 1.40e+04  8.04e+14    24s
[2025-09-14 15:09:50] DEBUG    7   2.69385133e+20 -6.03008759e+18  5.93e+09 1.91e+03  4.97e+14    25s
[2025-09-14 15:09:52] DEBUG    8   1.39658727e+19 -5.24222281e+18  2.49e+08 7.40e+01  2.27e+13    26s
[2025-09-14 15:09:52] DEBUG    9   9.58762353e+17 -2.45322639e+18  1.59e+07 4.38e+00  1.88e+12    27s
[2025-09-14 15:09:53] DEBUG    10   3.08922141e+17 -1.15668270e+18  5.20e+06 1.53e+00  6.43e+11    28s
[2025-09-14 15:09:54] DEBUG    11   1.16703711e+17 -4.32565846e+17  2.02e+06 6.26e-01  2.21e+11    29s
[2025-09-14 15:09:54] DEBUG    12   3.85567670e+16 -1.74560630e+17  6.68e+05 5.43e-01  7.30e+10    29s
[2025-09-14 15:09:55] DEBUG    13   1.02140526e+16 -3.90697579e+16  1.90e+05 2.33e-01  1.53e+10    30s
[2025-09-14 15:09:55] DEBUG    14   2.86051771e+15 -9.44019863e+15  5.23e+04 5.40e-02  3.43e+09    30s
[2025-09-14 15:09:56] DEBUG    15   4.14191359e+14 -1.28461466e+15  6.32e+03 1.59e-03  4.07e+08    31s
[2025-09-14 15:09:57] DEBUG    16   6.94346656e+13 -3.27128950e+13  3.19e+01 2.91e-03  8.17e+06    32s
[2025-09-14 15:09:57] DEBUG    17   5.21450570e+13 -4.35721368e+11  9.20e-04 2.94e-03  1.31e+05    32s
[2025-09-14 15:09:59] DEBUG    18   4.69598681e+13 -2.25591877e+11  1.41e-03 2.94e-03  5.64e+06    34s
[2025-09-14 15:10:00] DEBUG    19   3.98045346e+13 -5.75554437e+11  1.24e-03 2.93e-03  3.97e+06    35s
[2025-09-14 15:10:02] DEBUG    20   4.18637628e+13 -3.48916751e+11  9.20e-04 2.94e-03  4.20e+06    37s
[2025-09-14 15:10:03] DEBUG    21   2.90039447e+13 -1.07457183e+12  1.20e-03 1.62e-02  3.41e+06    38s
[2025-09-14 15:10:04] DEBUG    22   1.67483647e+13 -7.16431069e+11  6.00e-04 4.07e-03  2.35e+06    39s
[2025-09-14 15:10:06] DEBUG    23   9.51025389e+12 -5.15721719e+11  1.20e-03 2.94e-03  1.42e+06    41s
[2025-09-14 15:10:08] DEBUG    24   5.61521089e+12 -3.20658462e+11  7.53e-04 2.94e-03  8.16e+05    42s
[2025-09-14 15:10:10] DEBUG    25   4.98726789e+12 -2.49625208e+11  9.20e-04 2.94e-03  1.24e+06    44s
[2025-09-14 15:10:12] DEBUG    26   4.15994332e+12 -7.18599670e+10  1.24e-03 2.94e-03  1.91e+05    47s
[2025-09-14 15:10:14] DEBUG    27   3.93122005e+12 -3.95876595e+10  1.20e-03 2.94e-03  4.49e+05    49s
[2025-09-14 15:10:15] DEBUG    28   2.59381668e+12 -2.64675370e+10  1.24e-03 2.94e-03  9.16e+04    50s
[2025-09-14 15:10:17] DEBUG    29   1.78272662e+12  6.12872127e+08  1.20e-03 2.94e-03  2.86e+04    52s
[2025-09-14 15:10:18] DEBUG    30   1.61096846e+12  3.82629843e+09  7.11e-04 2.94e-03  2.52e+04    53s
[2025-09-14 15:10:19] DEBUG    31   1.44399567e+12  6.89627907e+09  1.20e-03 2.95e-03  2.32e+04    54s
[2025-09-14 15:10:20] DEBUG    32   1.37109300e+12  8.07924658e+09  7.11e-04 2.95e-03  2.32e+04    55s
[2025-09-14 15:10:21] DEBUG    33   1.27176337e+12  8.20040986e+09  7.11e-04 2.95e-03  2.18e+04    56s
[2025-09-14 15:10:23] DEBUG    34   8.37393325e+11  8.37163607e+09  7.11e-04 2.95e-03  1.14e+04    58s
[2025-09-14 15:10:24] DEBUG    35   7.76622123e+11  8.75002754e+09  7.11e-04 2.95e-03  1.07e+04    59s
[2025-09-14 15:10:26] DEBUG    36   4.78904080e+11  1.03367853e+10  2.58e-04 2.95e-03  8.01e+03    61s
[2025-09-14 15:10:27] DEBUG    37   7.68466593e+11  1.03312926e+10  4.32e-04 2.95e-03  3.69e+04    62s
[2025-09-14 15:10:29] DEBUG    38   5.12578643e+11  1.01960789e+10  4.32e-04 2.95e-03  1.25e+04    64s
[2025-09-14 15:10:31] DEBUG    39   4.82649797e+11  1.02735391e+10  7.53e-04 2.95e-03  8.47e+03    66s
[2025-09-14 15:10:32] DEBUG    40   4.71930544e+11  1.03872610e+10  3.52e-04 2.95e-03  7.11e+03    67s
[2025-09-14 15:10:33] DEBUG    41   4.62686947e+11  1.05400970e+10  1.20e-03 2.95e-03  5.85e+03    68s
[2025-09-14 15:10:33] DEBUG    42   4.56033886e+11  1.07076541e+10  4.32e-04 2.95e-03  4.85e+03    68s
[2025-09-14 15:10:34] DEBUG    43   4.47158305e+11  1.08899466e+10  7.53e-04 2.95e-03  3.28e+03    69s
[2025-09-14 15:10:35] DEBUG    44   4.41592246e+11  1.12342109e+10  1.69e-03 2.95e-03  2.21e+03    70s
[2025-09-14 15:10:37] DEBUG    45   4.37801442e+11  1.12935056e+10  7.11e-04 2.95e-03  1.44e+03    72s
[2025-09-14 15:10:38] DEBUG    46   4.35368791e+11  1.14566740e+10  7.53e-04 2.95e-03  9.34e+02    73s
[2025-09-14 15:10:39] DEBUG    47   4.33639188e+11  1.15521003e+10  7.11e-04 2.95e-03  5.88e+02    74s
[2025-09-14 15:10:40] DEBUG    48   4.32833023e+11  1.16265902e+10  4.60e-04 2.95e-03  4.31e+02    75s
[2025-09-14 15:10:42] DEBUG    49   4.32116094e+11  1.16809987e+10  1.24e-03 2.95e-03  3.03e+02    76s
[2025-09-14 15:10:43] DEBUG    50   4.31508528e+11  1.17280678e+10  1.20e-03 2.95e-03  2.05e+02    78s
[2025-09-14 15:10:44] DEBUG    51   4.31014495e+11  1.17494110e+10  1.24e-03 2.95e-03  1.39e+02    79s
[2025-09-14 15:10:45] DEBUG    52   4.30817109e+11  1.17784253e+10  1.24e-03 2.95e-03  1.13e+02    80s
[2025-09-14 15:10:47] DEBUG    53   4.30715885e+11  1.17865692e+10  7.11e-04 2.95e-03  1.03e+02    82s
[2025-09-14 15:10:48] DEBUG    54   4.30691729e+11  1.17945445e+10  7.53e-04 2.95e-03  9.90e+01    83s
[2025-09-14 15:10:49] DEBUG    55   4.30533184e+11  1.17977408e+10  1.24e-03 2.95e-03  8.57e+01    84s
[2025-09-14 15:10:51] DEBUG    56   4.30443315e+11  1.18008289e+10  7.53e-04 2.95e-03  7.85e+01    86s
[2025-09-14 15:10:52] DEBUG    57   4.30163426e+11  1.18112016e+10  7.11e-04 2.95e-03  5.84e+01    87s
[2025-09-14 15:10:54] DEBUG    58   4.29982097e+11  1.18204996e+10  1.20e-03 2.95e-03  4.75e+01    89s
[2025-09-14 15:10:55] DEBUG    59   4.29915679e+11  1.18378315e+10  1.41e-03 2.95e-03  4.18e+01    90s
[2025-09-14 15:10:57] DEBUG    60   4.29802260e+11  1.18480521e+10  1.24e-03 2.95e-03  3.58e+01    92s
[2025-09-14 15:10:57] DEBUG    Barrier performed 60 iterations in 91.59 seconds (81.80 work units)
[2025-09-14 15:10:57] DEBUG    Barrier solve interrupted - model solved by another algorithm
[2025-09-14 15:10:57] DEBUG    Solved with dual simplex
[2025-09-14 15:11:04] DEBUG    Iteration    Objective       Primal Inf.    Dual Inf.      Time
[2025-09-14 15:11:04] DEBUG    313932    1.1879387e+10   0.000000e+00   0.000000e+00     99s

Solved in 313932 iterations and 99.35 seconds (119.24 work units)
[2025-09-14 15:11:04] DEBUG    Optimal objective  1.187938705e+10
❌ Errore nel run di autarky_CG+VRES_2030_nostorage: 'Model' object has no attribute 'backend_model'

🚀 Lancio scenario: autarky_GT+VRES_2030_PHES
[2025-09-14 15:23:01] INFO     Loading sets
[2025-09-14 15:23:01] INFO     Loading parameters
[2025-09-14 15:23:35] INFO     constraints are loaded in the following order: ['energy_balance', 'dispatch', 'costs', 'capacity', 'network', 'policy', 'conversion', 'group', 'conversion_plus', 'milp', 'export']
[2025-09-14 15:23:35] INFO     creating energy_balance constraints
[2025-09-14 15:26:28] INFO     creating dispatch constraints
[2025-09-14 15:28:21] INFO     creating costs constraints
[2025-09-14 15:36:51] INFO     creating capacity constraints
[2025-09-14 15:36:51] INFO     creating network constraints
[2025-09-14 15:36:51] INFO     creating policy constraints
[2025-09-14 15:36:51] INFO     creating conversion constraints
[2025-09-14 15:36:51] INFO     creating group constraints
[2025-09-14 15:36:51] INFO     creating conversion_plus constraints
[2025-09-14 15:36:51] INFO     creating milp constraints
[2025-09-14 15:36:51] INFO     creating export constraints
[2025-09-14 15:49:27] DEBUG    Set parameter WLSAccessID
Set parameter WLSSecret
Set parameter LicenseID to value 2680226
[2025-09-14 15:49:27] DEBUG    Academic license 2680226 - for non-commercial use only - registered to an___@mail.polimi.it
[2025-09-14 15:50:01] DEBUG    Read LP format model from file /tmp/tmpxicc7led.pyomo.lp
Reading time = 33.99 seconds
x16498047: 22183369 rows, 16498047 columns, 54069540 nonzeros
[2025-09-14 15:50:01] DEBUG    Set parameter NumericFocus to value 1
Gurobi Optimizer version 12.0.2 build v12.0.2rc0 (linux64 - "Debian GNU/Linux 11 (bullseye)")

CPU model: Intel(R) Xeon(R) Silver 4314 CPU @ 2.40GHz, instruction set [SSE2|AVX|AVX2|AVX512]
Thread count: 32 physical cores, 64 logical processors, using up to 32 threads

Non-default parameters:
NumericFocus  1
[2025-09-14 15:50:01] DEBUG    Academic license 2680226 - for non-commercial use only - registered to an___@mail.polimi.it
Optimize a model with 22183369 rows, 16498047 columns and 54069540 nonzeros
[2025-09-14 15:50:02] DEBUG    Model fingerprint: 0xae4d2d1e
[2025-09-14 15:50:02] DEBUG    Coefficient statistics:
  Matrix range     [1e-07, 3e+02]
  Objective range  [1e+00, 1e+06]
  Bounds range     [0e+00, 0e+00]
  RHS range        [1e+00, 6e+09]
Warning: Model contains large rhs
[2025-09-14 15:50:08] DEBUG    Presolve removed 17854238 rows and 10083908 columns (presolve time = 6s)...
[2025-09-14 15:50:12] DEBUG    Presolve removed 18766619 rows and 12690000 columns (presolve time = 10s)...
[2025-09-14 15:50:17] DEBUG    Presolve removed 19946176 rows and 13823979 columns (presolve time = 15s)...
[2025-09-14 15:50:21] DEBUG    Presolve removed 20624209 rows and 13841499 columns
[2025-09-14 15:50:21] DEBUG    Presolve time: 19.95s
Presolved: 1559160 rows, 2796692 columns, 8218438 nonzeros

Concurrent LP optimizer: primal simplex, dual simplex, and barrier
Showing barrier log only...
[2025-09-14 15:50:23] DEBUG    Ordering time: 0.86s
[2025-09-14 15:50:24] DEBUG    Barrier statistics:
 Dense cols : 141
 AA' NZ     : 8.012e+06
 Factor NZ  : 2.881e+07 (roughly 2.0 GB of memory)
 Factor Ops : 8.000e+08 (less than 1 second per iteration)
 Threads    : 30
[2025-09-14 15:50:28] DEBUG    Objective                Residual
[2025-09-14 15:50:28] DEBUG    Iter       Primal          Dual         Primal    Dual     Compl     Time
[2025-09-14 15:50:28] DEBUG    0   2.61167674e+21 -7.78710468e+18  6.49e+10 2.89e-11  4.71e+15    27s
[2025-09-14 15:50:33] DEBUG    1   2.39394319e+21 -8.04128868e+18  5.92e+10 2.42e+05  3.93e+15    32s
[2025-09-14 15:50:39] DEBUG    2   2.27358988e+21 -3.60752314e+19  5.63e+10 1.81e+05  3.74e+15    38s
[2025-09-14 15:50:47] DEBUG    3   2.00729305e+21 -9.21937149e+19  4.99e+10 7.97e+04  3.25e+15    46s
[2025-09-14 15:50:53] DEBUG    4   1.50243638e+21 -1.17204291e+20  3.67e+10 2.46e+04  2.38e+15    52s
[2025-09-14 15:51:01] DEBUG    5   9.23608529e+20 -1.16197508e+20  2.22e+10 5.51e+03  1.45e+15    60s
[2025-09-14 15:51:09] DEBUG    6   5.37093884e+20 -1.03047039e+20  1.27e+10 1.55e+03  8.30e+14    68s
[2025-09-14 15:51:15] DEBUG    7   1.17191147e+20 -9.23516315e+19  2.42e+09 7.46e+02  1.77e+14    74s
[2025-09-14 15:51:20] DEBUG    8   3.35564506e+19 -4.74552488e+19  6.71e+08 1.10e+02  5.09e+13    79s
[2025-09-14 15:51:23] DEBUG    9   1.09396112e+19 -2.12676943e+19  2.13e+08 2.62e+01  1.66e+13    82s
[2025-09-14 15:51:28] DEBUG    10   6.14195736e+18 -1.04115257e+19  1.18e+08 9.63e+00  8.67e+12    87s
[2025-09-14 15:51:32] DEBUG    11   3.44890526e+18 -4.84086057e+18  6.57e+07 2.73e+00  4.49e+12    91s
[2025-09-14 15:51:36] DEBUG    12   1.77415348e+18 -2.78332071e+18  3.34e+07 1.17e+00  2.27e+12    95s
[2025-09-14 15:51:41] DEBUG    13   5.70830512e+17 -1.36946484e+18  1.06e+07 3.75e-01  7.71e+11   100s
[2025-09-14 15:51:45] DEBUG    14   1.10284011e+17 -4.54261624e+17  2.04e+06 9.10e-02  1.68e+11   104s
[2025-09-14 15:51:49] DEBUG    15   9.43647383e+15 -8.21363720e+16  1.59e+05 1.20e-02  1.95e+10   108s
[2025-09-14 15:51:53] DEBUG    16   4.06405901e+14 -4.38146666e+15  9.78e+01 1.28e-04  7.74e+08   112s
[2025-09-14 15:51:57] DEBUG    17   3.79587027e+14 -7.04848314e+14  3.30e+00 2.06e-03  1.26e+08   116s
[2025-09-14 15:52:02] DEBUG    18   3.62833762e+14 -5.00246069e+14  2.34e-04 1.56e-03  8.98e+07   121s
[2025-09-14 15:52:09] DEBUG    19   3.46084328e+14 -8.86076384e+13  1.64e-04 4.80e-03  1.66e+07   128s
[2025-09-14 15:52:25] DEBUG    20   3.35474409e+14 -5.02929112e+13  1.16e-04 7.66e-02  9.17e+06   144s
[2025-09-14 15:52:32] DEBUG    21   3.28956648e+14 -2.42200924e+13  9.30e-05 3.92e-02  4.63e+06   151s
[2025-09-14 15:52:38] DEBUG    22   3.25071373e+14 -1.85787960e+13  7.49e-05 3.13e-02  3.62e+06   157s
[2025-09-14 15:52:43] DEBUG    23   3.21174372e+14 -1.02704791e+13  5.96e-05 2.14e-02  2.14e+06   162s
[2025-09-14 15:52:50] DEBUG    24   3.18236017e+14 -6.36433007e+12  4.86e-05 3.26e-02  1.42e+06   169s
[2025-09-14 15:52:56] DEBUG    25   3.15813035e+14 -4.28688167e+12  4.36e-05 4.82e-02  1.00e+06   175s
[2025-09-14 15:53:03] DEBUG    26   3.11923635e+14 -2.29731548e+12  4.58e-05 5.61e-02  5.97e+05   182s
[2025-09-14 15:53:12] DEBUG    27   3.07664932e+14 -1.42535587e+12  4.01e-05 5.85e-02  3.95e+05   191s
[2025-09-14 15:53:20] DEBUG    28   3.06892008e+14 -1.11005004e+12  6.91e-05 5.71e-02  3.29e+05   199s
[2025-09-14 15:53:26] DEBUG    29   3.03310820e+14 -7.40601007e+11  5.96e-05 5.88e-02  2.35e+05   206s
[2025-09-14 15:53:39] DEBUG    30   3.02022080e+14 -6.20296109e+11  6.39e-05 5.94e-02  2.05e+05   218s
[2025-09-14 15:53:50] DEBUG    31   2.98110273e+14 -4.20077800e+11  4.74e-05 5.82e-02  1.48e+05   229s
[2025-09-14 15:53:59] DEBUG    32   2.97172095e+14 -3.63033661e+11  5.55e-05 5.86e-02  1.33e+05   238s
[2025-09-14 15:54:09] DEBUG    33   2.94326277e+14 -2.62588228e+11  5.25e-05 6.32e-02  1.03e+05   248s
[2025-09-14 15:54:21] DEBUG    34   2.88807663e+14 -1.58680756e+11  4.29e-05 5.91e-02  6.65e+04   260s
[2025-09-14 15:54:32] DEBUG    35   2.83671089e+14 -7.47726295e+10  5.20e-05 4.73e-02  3.98e+04   271s
[2025-09-14 15:54:43] DEBUG    36   2.81114426e+14 -3.91328802e+10  4.86e-05 3.97e-02  2.94e+04   282s
[2025-09-14 15:54:52] DEBUG    37   2.79140950e+14 -2.98318367e+10  5.29e-05 3.68e-02  2.53e+04   291s
[2025-09-14 15:54:59] DEBUG    38   2.78570872e+14 -2.80514687e+10  3.91e-05 3.58e-02  2.43e+04   298s
[2025-09-14 15:55:06] DEBUG    39   2.77210620e+14 -2.50157883e+10  7.06e-05 3.40e-02  2.23e+04   305s
[2025-09-14 15:55:17] DEBUG    40   2.75719810e+14 -2.27914944e+10  6.20e-05 3.28e-02  2.03e+04   316s
[2025-09-14 15:55:28] DEBUG    41   2.73454074e+14 -1.63283429e+10  6.63e-05 2.86e-02  1.69e+04   327s
[2025-09-14 15:55:38] DEBUG    42   2.71470575e+14 -1.14113375e+10  4.63e-05 2.56e-02  1.42e+04   337s
[2025-09-14 15:55:49] DEBUG    43   2.69648350e+14 -1.02598545e+10  8.63e-05 2.47e-02  1.28e+04   348s
[2025-09-14 15:56:00] DEBUG    44   2.68234488e+14 -9.23697310e+09  7.01e-05 2.37e-02  1.17e+04   359s
[2025-09-14 15:56:07] DEBUG    45   2.67952287e+14 -8.28874569e+09  7.87e-05 2.29e-02  1.14e+04   366s
[2025-09-14 15:56:18] DEBUG    46   2.66451964e+14 -7.20061405e+09  7.77e-05 2.29e-02  1.04e+04   377s
[2025-09-14 15:56:29] DEBUG    47   2.65759631e+14 -5.85691741e+09  7.96e-05 2.29e-02  9.81e+03   388s
[2025-09-14 15:56:39] DEBUG    48   2.64507125e+14 -4.83892101e+09  6.44e-05 2.29e-02  9.05e+03   398s
[2025-09-14 15:56:46] DEBUG    49   2.63966643e+14 -4.37628204e+09  1.02e-04 2.28e-02  8.75e+03   405s
[2025-09-14 15:56:54] DEBUG    50   2.63433244e+14 -3.93463271e+09  7.25e-05 2.28e-02  8.47e+03   413s
[2025-09-14 15:57:01] DEBUG    51   2.62883434e+14 -3.48996245e+09  9.87e-05 2.28e-02  8.18e+03   420s
[2025-09-14 15:57:08] DEBUG    52   2.62245622e+14 -2.96640854e+09  7.15e-05 2.27e-02  7.86e+03   427s
[2025-09-14 15:57:19] DEBUG    53   2.61155411e+14 -2.40975011e+09  8.92e-05 2.27e-02  7.35e+03   438s
[2025-09-14 15:57:26] DEBUG    54   2.60456868e+14 -1.88462372e+09  8.96e-05 2.26e-02  7.04e+03   445s
[2025-09-14 15:57:34] DEBUG    55   2.59833845e+14 -1.42335873e+09  1.03e-04 2.25e-02  6.76e+03   453s
[2025-09-14 15:57:41] DEBUG    56   2.59107481e+14 -9.36187667e+08  6.82e-05 2.24e-02  6.46e+03   460s
[2025-09-14 15:57:49] DEBUG    57   2.58330060e+14 -1.06208154e+08  7.20e-05 2.21e-02  6.09e+03   468s
[2025-09-14 15:57:57] DEBUG    58   2.57798939e+14  4.44157726e+08  6.86e-05 2.19e-02  5.85e+03   476s
[2025-09-14 15:58:05] DEBUG    59   2.57116322e+14  8.69507546e+08  8.77e-05 2.17e-02  5.60e+03   484s
[2025-09-14 15:58:13] DEBUG    60   2.56084051e+14  1.42117651e+09  6.93e-05 2.14e-02  5.24e+03   492s
[2025-09-14 15:58:21] DEBUG    61   2.55334451e+14  1.91616888e+09  6.93e-05 2.10e-02  4.98e+03   500s
[2025-09-14 15:58:32] DEBUG    62   2.52942029e+14  2.46348970e+09  1.07e-04 2.05e-02  4.28e+03   511s
[2025-09-14 15:58:43] DEBUG    63   2.51930150e+14  3.45211225e+09  8.15e-05 1.95e-02  3.87e+03   522s
[2025-09-14 15:58:50] DEBUG    64   2.51161143e+14  3.79971728e+09  7.87e-05 1.87e-02  3.68e+03   529s
[2025-09-14 15:58:57] DEBUG    65   2.50398492e+14  4.10766472e+09  6.15e-05 1.80e-02  3.50e+03   536s
[2025-09-14 15:59:04] DEBUG    66   2.49584632e+14  4.45899482e+09  5.77e-05 1.71e-02  3.31e+03   543s
[2025-09-14 15:59:11] DEBUG    67   2.49008739e+14  4.69989052e+09  6.58e-05 1.65e-02  3.18e+03   550s
[2025-09-14 15:59:22] DEBUG    68   2.47184207e+14  5.04457285e+09  6.87e-05 1.55e-02  2.82e+03   561s
[2025-09-14 15:59:32] DEBUG    69   2.45376776e+14  5.33038588e+09  8.11e-05 1.46e-02  2.51e+03   571s
[2025-09-14 15:59:43] DEBUG    70   2.44305941e+14  5.74534510e+09  1.08e-04 1.31e-02  2.29e+03   582s
[2025-09-14 15:59:51] DEBUG    71   2.43558722e+14  5.99164095e+09  8.92e-05 1.20e-02  2.17e+03   591s
[2025-09-14 16:00:00] DEBUG    72   2.42783026e+14  6.30482471e+09  8.41e-05 1.16e-02  2.04e+03   599s
[2025-09-14 16:00:12] DEBUG    73   2.39960213e+14  6.51479888e+09  5.77e-05 1.16e-02  1.69e+03   611s
[2025-09-14 16:00:21] DEBUG    74   2.39439112e+14  6.67939396e+09  6.01e-05 1.15e-02  1.62e+03   621s
[2025-09-14 16:00:29] DEBUG    75   2.38560094e+14  6.79198851e+09  6.68e-05 1.15e-02  1.53e+03   628s
[2025-09-14 16:00:40] DEBUG    76   2.36439376e+14  6.94131282e+09  6.63e-05 1.15e-02  1.34e+03   639s
[2025-09-14 16:00:49] DEBUG    77   2.35877635e+14  7.05600251e+09  9.16e-05 1.15e-02  1.29e+03   648s
[2025-09-14 16:01:01] DEBUG    78   2.34452311e+14  7.20534993e+09  6.96e-05 1.15e-02  1.17e+03   660s
[2025-09-14 16:01:11] DEBUG    79   2.32553983e+14  7.40287577e+09  7.06e-05 1.15e-02  1.01e+03   670s
[2025-09-14 16:01:22] DEBUG    80   2.31903881e+14  7.44243774e+09  5.82e-05 1.15e-02  9.64e+02   682s
[2025-09-14 16:01:34] DEBUG    81   2.30733227e+14  7.55427987e+09  7.68e-05 1.15e-02  8.86e+02   693s
[2025-09-14 16:01:44] DEBUG    82   2.29962679e+14  7.64936749e+09  6.48e-05 1.15e-02  8.32e+02   704s
[2025-09-14 16:01:54] DEBUG    83   2.29144643e+14  7.76001443e+09  6.98e-05 1.15e-02  7.82e+02   713s
[2025-09-14 16:02:05] DEBUG    84   2.28280322e+14  7.90892161e+09  7.49e-05 1.15e-02  7.26e+02   724s
[2025-09-14 16:02:16] DEBUG    85   2.26954472e+14  8.11395385e+09  8.20e-05 1.15e-02  6.57e+02   735s
[2025-09-14 16:02:27] DEBUG    86   2.24680021e+14  8.22674642e+09  5.34e-05 1.15e-02  5.66e+02   746s
[2025-09-14 16:02:38] DEBUG    87   2.23278930e+14  8.38567945e+09  5.48e-05 1.15e-02  5.04e+02   757s
[2025-09-14 16:02:49] DEBUG    88   2.22823764e+14  8.44470402e+09  6.15e-05 1.15e-02  4.85e+02   768s
[2025-09-14 16:03:00] DEBUG    89   2.22065919e+14  8.54884911e+09  7.63e-05 1.15e-02  4.52e+02   779s
[2025-09-14 16:03:11] DEBUG    90   2.20414392e+14  8.64936059e+09  6.06e-05 1.14e-02  4.00e+02   790s
[2025-09-14 16:03:22] DEBUG    91   2.19478215e+14  8.71767326e+09  7.63e-05 1.14e-02  3.74e+02   801s
[2025-09-14 16:03:34] DEBUG    92   2.18207598e+14  8.80156754e+09  6.87e-05 1.14e-02  3.39e+02   813s
[2025-09-14 16:03:45] DEBUG    93   2.17569245e+14  8.82521178e+09  4.74e-05 1.14e-02  3.25e+02   824s
[2025-09-14 16:03:56] DEBUG    94   2.16514586e+14  8.85904462e+09  9.78e-05 1.14e-02  3.02e+02   835s
[2025-09-14 16:04:05] DEBUG    95   2.15108562e+14  8.87676823e+09  9.87e-05 1.14e-02  2.75e+02   844s
[2025-09-14 16:04:17] DEBUG    96   2.14717047e+14  8.88848481e+09  9.58e-05 1.14e-02  2.67e+02   856s
[2025-09-14 16:04:28] DEBUG    97   2.13575877e+14  8.92201713e+09  7.15e-05 1.14e-02  2.43e+02   867s
[2025-09-14 16:04:41] DEBUG    98   2.12884713e+14  8.93872919e+09  7.72e-05 1.14e-02  2.29e+02   880s
[2025-09-14 16:04:51] DEBUG    99   2.11958106e+14  8.95770699e+09  1.09e-04 1.14e-02  2.14e+02   891s
[2025-09-14 16:05:03] DEBUG    100   2.10910320e+14  8.96475489e+09  6.18e-05 1.14e-02  2.01e+02   902s
[2025-09-14 16:05:16] DEBUG    101   2.09861066e+14  8.97576091e+09  7.77e-05 1.14e-02  1.87e+02   915s
[2025-09-14 16:05:28] DEBUG    102   2.09422924e+14  8.98726312e+09  7.45e-05 1.14e-02  1.81e+02   927s
[2025-09-14 16:05:39] DEBUG    103   2.08009366e+14  8.99557844e+09  7.45e-05 1.14e-02  1.65e+02   938s
[2025-09-14 16:05:48] DEBUG    104   2.07534541e+14  8.99739361e+09  6.43e-05 1.14e-02  1.60e+02   947s
[2025-09-14 16:05:59] DEBUG    105   2.06374204e+14  9.00156116e+09  6.50e-05 1.14e-02  1.47e+02   958s
[2025-09-14 16:06:10] DEBUG    106   2.05823406e+14  9.00442893e+09  7.34e-05 1.14e-02  1.41e+02   969s
[2025-09-14 16:06:20] DEBUG    107   2.04788648e+14  9.00770925e+09  6.68e-05 1.14e-02  1.32e+02   979s
[2025-09-14 16:06:31] DEBUG    108   2.03809580e+14  9.01131722e+09  5.77e-05 1.14e-02  1.24e+02   990s
[2025-09-14 16:06:39] DEBUG    109   2.02876541e+14  9.01358746e+09  7.05e-05 1.14e-02  1.16e+02   998s
[2025-09-14 16:06:51] DEBUG    110   2.01985402e+14  9.01780457e+09  6.06e-05 1.14e-02  1.09e+02  1010s
[2025-09-14 16:07:01] DEBUG    111   2.00809707e+14  9.01995928e+09  7.30e-05 1.14e-02  1.01e+02  1020s
[2025-09-14 16:07:13] DEBUG    112   1.99914653e+14  9.02303767e+09  6.54e-05 1.14e-02  9.43e+01  1032s
[2025-09-14 16:07:24] DEBUG    113   1.98856124e+14  9.02552143e+09  6.29e-05 1.14e-02  8.75e+01  1043s
[2025-09-14 16:07:31] DEBUG    114   1.98425183e+14  9.02740027e+09  6.49e-05 1.14e-02  8.52e+01  1050s
[2025-09-14 16:07:42] DEBUG    115   1.97216443e+14  9.02902937e+09  6.01e-05 1.14e-02  7.84e+01  1061s
[2025-09-14 16:07:52] DEBUG    116   1.96022530e+14  9.03012278e+09  5.67e-05 1.14e-02  7.25e+01  1071s
[2025-09-14 16:08:03] DEBUG    117   1.94939260e+14  9.03196347e+09  7.15e-05 1.14e-02  6.76e+01  1082s
[2025-09-14 16:08:19] DEBUG    118   1.94567911e+14  9.03219637e+09  6.06e-05 1.14e-02  6.73e+01  1098s
[2025-09-14 16:08:30] DEBUG    119   1.94129983e+14  9.03565277e+09  6.48e-05 1.14e-02  6.51e+01  1109s
[2025-09-14 16:08:41] DEBUG    120   1.93622436e+14  9.03609739e+09  9.35e-05 1.14e-02  6.78e+01  1120s
[2025-09-14 16:08:51] DEBUG    121   1.92034121e+14  9.03864557e+09  1.04e-04 1.14e-02  6.14e+01  1130s
[2025-09-14 16:09:03] DEBUG    122   1.91499559e+14  9.04114546e+09  8.54e-05 1.14e-02  5.94e+01  1142s
[2025-09-14 16:09:11] DEBUG    123   1.91264432e+14  9.04154483e+09  8.30e-05 1.14e-02  5.86e+01  1150s
[2025-09-14 16:09:20] DEBUG    124   1.90410782e+14  9.04309243e+09  9.82e-05 1.14e-02  5.55e+01  1159s
[2025-09-14 16:09:29] DEBUG    125   1.89938220e+14  9.04456419e+09  1.13e-04 1.14e-02  5.38e+01  1168s
[2025-09-14 16:09:38] DEBUG    126   1.89513490e+14  9.04560984e+09  9.68e-05 1.14e-02  5.23e+01  1177s
[2025-09-14 16:09:49] DEBUG    127   1.89217314e+14  9.04599463e+09  1.27e-04 1.14e-02  5.14e+01  1188s
[2025-09-14 16:09:56] DEBUG    128   1.88927139e+14  9.04699272e+09  9.68e-05 1.14e-02  5.05e+01  1195s
[2025-09-14 16:10:03] DEBUG    129   1.88615800e+14  9.04719206e+09  9.82e-05 1.14e-02  4.96e+01  1202s
[2025-09-14 16:10:12] DEBUG    130   1.88559789e+14  9.04760424e+09  1.12e-04 1.14e-02  4.94e+01  1211s
[2025-09-14 16:10:23] DEBUG    131   1.88097615e+14  9.04914995e+09  1.07e-04 1.14e-02  4.80e+01  1222s
[2025-09-14 16:10:33] DEBUG    132   1.87647362e+14  9.05100883e+09  9.87e-05 1.14e-02  4.68e+01  1232s
[2025-09-14 16:10:42] DEBUG    133   1.87478753e+14  9.05218530e+09  9.25e-05 1.14e-02  4.62e+01  1242s
[2025-09-14 16:10:52] DEBUG    134   1.87126823e+14  9.05263811e+09  9.20e-05 1.14e-02  4.53e+01  1251s
[2025-09-14 16:10:59] DEBUG    135   1.87017181e+14  9.05324965e+09  9.97e-05 1.14e-02  4.49e+01  1258s
[2025-09-14 16:11:10] DEBUG    136   1.86573668e+14  9.05472602e+09  1.25e-04 1.14e-02  4.36e+01  1269s
[2025-09-14 16:11:20] DEBUG    137   1.85951260e+14  9.05625480e+09  1.12e-04 1.14e-02  4.22e+01  1279s
[2025-09-14 16:11:31] DEBUG    138   1.85446292e+14  9.05717951e+09  1.17e-04 1.13e-02  4.08e+01  1290s
[2025-09-14 16:11:39] DEBUG    139   1.85118570e+14  9.05764928e+09  1.11e-04 1.13e-02  4.00e+01  1298s
[2025-09-14 16:11:50] DEBUG    140   1.84838220e+14  9.05857788e+09  1.14e-04 1.13e-02  3.93e+01  1309s
[2025-09-14 16:11:57] DEBUG    141   1.84537243e+14  9.05946590e+09  1.16e-04 1.13e-02  3.86e+01  1316s
[2025-09-14 16:12:07] DEBUG    142   1.84367708e+14  9.06030788e+09  1.16e-04 1.13e-02  3.82e+01  1326s
[2025-09-14 16:12:18] DEBUG    143   1.83820211e+14  9.06134612e+09  1.23e-04 1.13e-02  3.69e+01  1337s
[2025-09-14 16:12:25] DEBUG    144   1.83618381e+14  9.06186541e+09  1.33e-04 1.13e-02  3.64e+01  1344s
[2025-09-14 16:12:32] DEBUG    145   1.83558293e+14  9.06226919e+09  1.15e-04 1.13e-02  3.63e+01  1351s
[2025-09-14 16:12:39] DEBUG    146   1.83484647e+14  9.06260497e+09  1.55e-04 1.13e-02  3.61e+01  1358s
[2025-09-14 16:12:47] DEBUG    147   1.83311358e+14  9.06281995e+09  1.60e-04 1.13e-02  3.59e+01  1366s
[2025-09-14 16:12:56] DEBUG    148   1.83221139e+14  9.06361897e+09  1.81e-04 1.13e-02  3.57e+01  1375s
[2025-09-14 16:13:05] DEBUG    149   1.83107277e+14  9.06378577e+09  1.40e-04 1.13e-02  3.55e+01  1384s
[2025-09-14 16:13:17] DEBUG    150   1.82744471e+14  9.06408239e+09  1.53e-04 1.13e-02  3.48e+01  1396s
[2025-09-14 16:13:28] DEBUG    151   1.82245121e+14  9.06519667e+09  1.41e-04 1.13e-02  3.38e+01  1407s
[2025-09-14 16:13:38] DEBUG    152   1.82003992e+14  9.06564510e+09  1.43e-04 1.13e-02  3.33e+01  1417s
[2025-09-14 16:13:49] DEBUG    153   1.81800211e+14  9.06687859e+09  1.32e-04 1.13e-02  3.28e+01  1428s
[2025-09-14 16:14:01] DEBUG    154   1.81282940e+14  9.06749035e+09  1.69e-04 1.13e-02  3.18e+01  1440s
[2025-09-14 16:14:11] DEBUG    155   1.81275472e+14  9.06750414e+09  1.72e-04 1.13e-02  3.18e+01  1450s
[2025-09-14 16:14:21] DEBUG    156   1.81264513e+14  9.06750947e+09  1.50e-04 1.13e-02  3.18e+01  1460s
[2025-09-14 16:14:29] DEBUG    157   1.81255089e+14  9.06752519e+09  1.58e-04 1.13e-02  3.18e+01  1468s
[2025-09-14 16:14:38] DEBUG    158   1.81233201e+14  9.06753514e+09  1.49e-04 1.13e-02  3.17e+01  1477s
[2025-09-14 16:14:48] DEBUG    159   1.81202799e+14  9.06760191e+09  1.31e-04 1.13e-02  3.17e+01  1487s
[2025-09-14 16:14:59] DEBUG    160   1.81083329e+14  9.06778258e+09  1.42e-04 1.13e-02  3.14e+01  1498s
[2025-09-14 16:14:59] DEBUG    Barrier performed 160 iterations in 1498.43 seconds (270.42 work units)
[2025-09-14 16:14:59] DEBUG    Numerical trouble encountered

Model may be infeasible or unbounded.  Consider using the
homogeneous algorithm (through parameter 'BarHomogeneous')
[2025-09-14 16:15:32] DEBUG    Solved with dual simplex
[2025-09-14 16:15:42] DEBUG    Iteration    Objective       Primal Inf.    Dual Inf.      Time
[2025-09-14 16:15:42] DEBUG    687225    1.1879387e+10   0.000000e+00   0.000000e+00   1541s

Solved in 687225 iterations and 1541.05 seconds (402.37 work units)
[2025-09-14 16:15:42] DEBUG    Optimal objective  1.187938705e+10
❌ Errore nel run di autarky_GT+VRES_2030_PHES: 'Model' object has no attribute 'backend_model'
🏁 Tutti gli scenari sono stati processati.
