
🚀 Lancio scenario: existing_VRES_2030_BESS
[2025-08-21 10:51:16] INFO     Loading sets
[2025-08-21 10:51:16] INFO     Loading parameters
[2025-08-21 10:52:01] INFO     constraints are loaded in the following order: ['energy_balance', 'dispatch', 'costs', 'capacity', 'network', 'policy', 'conversion', 'group', 'conversion_plus', 'milp', 'export']
[2025-08-21 10:52:01] INFO     creating energy_balance constraints
[2025-08-21 10:55:58] INFO     creating dispatch constraints
[2025-08-21 10:58:49] INFO     creating costs constraints
[2025-08-21 11:09:02] INFO     creating capacity constraints
[2025-08-21 11:09:02] INFO     creating network constraints
[2025-08-21 11:09:02] INFO     creating policy constraints
[2025-08-21 11:09:02] INFO     creating conversion constraints
[2025-08-21 11:09:02] INFO     creating group constraints
[2025-08-21 11:09:02] INFO     creating conversion_plus constraints
[2025-08-21 11:09:02] INFO     creating milp constraints
[2025-08-21 11:09:02] INFO     creating export constraints
[2025-08-21 11:20:56] DEBUG    Set parameter WLSAccessID
Set parameter WLSSecret
Set parameter LicenseID to value 2680226
[2025-08-21 11:20:58] DEBUG    Academic license 2680226 - for non-commercial use only - registered to an___@mail.polimi.it
[2025-08-21 11:21:32] DEBUG    Read LP format model from file /tmp/tmphq1uaye4.pyomo.lp
[2025-08-21 11:21:32] DEBUG    Reading time = 34.07 seconds
x16787146: 22857890 rows, 16787146 columns, 55064462 nonzeros
Set parameter NumericFocus to value 1
Gurobi Optimizer version 12.0.2 build v12.0.2rc0 (linux64 - "Debian GNU/Linux 11 (bullseye)")
[2025-08-21 11:21:32] DEBUG    CPU model: Intel(R) Xeon(R) Silver 4314 CPU @ 2.40GHz, instruction set [SSE2|AVX|AVX2|AVX512]
Thread count: 32 physical cores, 64 logical processors, using up to 32 threads

Non-default parameters:
NumericFocus  1
[2025-08-21 11:21:32] DEBUG    Academic license 2680226 - for non-commercial use only - registered to an___@mail.polimi.it
Optimize a model with 22857890 rows, 16787146 columns and 55064462 nonzeros
[2025-08-21 11:21:32] DEBUG    Model fingerprint: 0x53fda4f8
[2025-08-21 11:21:32] DEBUG    Coefficient statistics:
  Matrix range     [1e-07, 3e+02]
  Objective range  [1e+00, 1e+06]
  Bounds range     [0e+00, 0e+00]
  RHS range        [1e+00, 2e+08]
[2025-08-21 11:21:38] DEBUG    Presolve removed 18283475 rows and 9395641 columns (presolve time = 6s)...
[2025-08-21 11:21:42] DEBUG    Presolve removed 18874900 rows and 11800000 columns (presolve time = 10s)...
[2025-08-21 11:21:48] DEBUG    Presolve removed 20161621 rows and 13035942 columns (presolve time = 16s)...
[2025-08-21 11:21:53] DEBUG    Presolve removed 20162197 rows and 13123542 columns (presolve time = 20s)...
[2025-08-21 11:21:54] DEBUG    Presolve removed 20311100 rows and 13123542 columns
[2025-08-21 11:22:24] DEBUG    Presolve time: 52.09s
Presolved: 2546790 rows, 3812507 columns, 11125663 nonzeros

Concurrent LP optimizer: primal simplex, dual simplex, and barrier
Showing barrier log only...
[2025-08-21 11:22:36] DEBUG    Elapsed ordering time = 10s
[2025-08-21 11:22:41] DEBUG    Ordering time: 15.75s
[2025-08-21 11:22:43] DEBUG    Barrier statistics:
 Dense cols : 115
 AA' NZ     : 1.062e+07
[2025-08-21 11:22:43] DEBUG    Factor NZ  : 4.878e+07 (roughly 3.0 GB of memory)
 Factor Ops : 3.731e+09 (less than 1 second per iteration)
 Threads    : 30
[2025-08-21 11:22:48] DEBUG    Objective                Residual
[2025-08-21 11:22:48] DEBUG    Iter       Primal          Dual         Primal    Dual     Compl     Time
[2025-08-21 11:22:48] DEBUG    0   1.22487799e+19 -9.69748592e+17  2.44e+08 5.46e-02  6.00e+12    77s
[2025-08-21 11:22:53] DEBUG    1   9.75724540e+18 -7.83592812e+17  1.95e+08 5.14e+04  4.17e+12    82s
[2025-08-21 11:23:00] DEBUG    2   8.54179210e+18 -6.72875199e+17  1.74e+08 1.85e+04  3.45e+12    89s
[2025-08-21 11:23:09] DEBUG    3   6.38717354e+18 -5.86301587e+17  1.37e+08 5.30e+03  2.59e+12    98s
[2025-08-21 11:23:16] DEBUG    4   4.91140831e+18 -5.39023524e+17  1.09e+08 2.91e+03  2.03e+12   104s
[2025-08-21 11:23:21] DEBUG    5   4.04176002e+18 -5.04572233e+17  8.94e+07 1.92e+03  1.66e+12   110s
[2025-08-21 11:23:26] DEBUG    6   3.21864318e+18 -4.74502694e+17  7.12e+07 1.41e+03  1.32e+12   114s
[2025-08-21 11:23:31] DEBUG    7   2.48575746e+18 -4.46367260e+17  5.50e+07 1.10e+03  1.02e+12   119s
[2025-08-21 11:23:35] DEBUG    8   1.57505534e+18 -4.03013049e+17  3.56e+07 7.55e+02  6.71e+11   124s
[2025-08-21 11:23:43] DEBUG    9   6.57200960e+17 -2.94305883e+17  1.51e+07 1.59e+02  2.83e+11   131s
[2025-08-21 11:23:53] DEBUG    10   5.37405747e+16 -1.18052116e+17  1.19e+06 1.45e+01  3.18e+10   141s
[2025-08-21 11:24:01] DEBUG    11   9.24095111e+14 -2.77140953e+16  1.42e+04 1.73e+00  3.71e+09   149s
[2025-08-21 11:24:08] DEBUG    12   2.71084484e+12 -7.37561195e+13  1.87e-02 1.13e-03  9.56e+06   156s
[2025-08-21 11:24:13] DEBUG    13   1.34551028e+12 -4.74779344e+13  6.75e-03 7.00e-04  6.08e+06   161s
[2025-08-21 11:24:18] DEBUG    14   1.23171363e+12 -4.09098424e+13  4.93e-03 3.12e-04  5.25e+06   166s
[2025-08-21 11:24:23] DEBUG    15   9.94363002e+11 -2.88839441e+13  2.49e-03 1.08e-04  3.72e+06   171s
[2025-08-21 11:24:28] DEBUG    16   7.82736606e+11 -1.95592884e+13  1.42e-03 6.94e-05  2.53e+06   176s
[2025-08-21 11:24:32] DEBUG    17   7.31698657e+11 -1.67297828e+13  1.07e-03 6.13e-05  2.17e+06   180s
[2025-08-21 11:24:37] DEBUG    18   5.91562518e+11 -1.05358793e+13  5.12e-04 7.14e-05  1.38e+06   185s
[2025-08-21 11:24:42] DEBUG    19   4.86031535e+11 -8.32622104e+12  3.79e-04 7.78e-05  1.09e+06   191s
[2025-08-21 11:24:47] DEBUG    20   4.07537541e+11 -6.70296236e+12  2.04e-04 6.90e-05  8.83e+05   196s
[2025-08-21 11:24:52] DEBUG    21   2.93455833e+11 -4.92540233e+12  8.10e-05 5.08e-05  6.48e+05   201s
[2025-08-21 11:24:57] DEBUG    22   2.58436247e+11 -4.07972911e+12  4.87e-05 4.20e-05  5.38e+05   206s
[2025-08-21 11:25:02] DEBUG    23   2.13098330e+11 -2.14095953e+12  3.00e-05 2.21e-05  2.92e+05   211s
[2025-08-21 11:25:08] DEBUG    24   1.53154203e+11 -9.70354348e+11  2.37e-05 1.00e-05  1.39e+05   216s
[2025-08-21 11:25:13] DEBUG    25   1.28748779e+11 -7.84312397e+11  1.88e-05 8.09e-06  1.13e+05   221s
[2025-08-21 11:25:20] DEBUG    26   9.08733113e+10 -3.40401694e+11  1.21e-05 3.58e-06  5.35e+04   229s
[2025-08-21 11:25:25] DEBUG    27   7.91376330e+10 -2.50789946e+11  9.52e-06 2.68e-06  4.09e+04   234s
[2025-08-21 11:25:32] DEBUG    28   7.31631212e+10 -2.29722195e+11  8.48e-06 2.48e-06  3.76e+04   240s
[2025-08-21 11:25:37] DEBUG    29   7.25126960e+10 -2.21277719e+11  8.34e-06 2.40e-06  3.65e+04   245s
[2025-08-21 11:25:44] DEBUG    30   6.94737774e+10 -1.84340564e+11  7.86e-06 2.03e-06  3.15e+04   252s
[2025-08-21 11:25:52] DEBUG    31   5.55229245e+10 -6.10079705e+10  1.09e-05 8.30e-07  1.45e+04   261s
[2025-08-21 11:26:03] DEBUG    32   3.88772474e+10 -3.41924593e+10  1.56e-05 5.69e-07  9.07e+03   271s
[2025-08-21 11:26:14] DEBUG    33   3.58778969e+10 -1.36404959e+10  1.22e-05 3.66e-07  6.14e+03   283s
[2025-08-21 11:26:25] DEBUG    34   3.50121858e+10 -4.86215659e+09  1.36e-05 2.73e-07  4.95e+03   293s
[2025-08-21 11:26:32] DEBUG    35   3.15345628e+10  5.40219762e+08  1.60e-05 2.08e-07  3.85e+03   301s
[2025-08-21 11:26:44] DEBUG    36   2.71579156e+10  9.09044792e+09  1.06e-05 1.04e-07  2.24e+03   312s
[2025-08-21 11:26:58] DEBUG    37   2.38728217e+10  1.38885368e+10  6.79e-06 4.53e-08  1.24e+03   326s
[2025-08-21 11:27:14] DEBUG    38   2.26428122e+10  1.52422639e+10  5.45e-06 6.24e-08  9.18e+02   342s
[2025-08-21 11:27:34] DEBUG    39   2.17377866e+10  1.59416292e+10  4.52e-06 7.75e-08  7.19e+02   363s
[2025-08-21 11:27:54] DEBUG    40   2.11744871e+10  1.63662974e+10  3.90e-06 1.08e-07  5.97e+02   382s
[2025-08-21 11:28:12] DEBUG    41   2.04294742e+10  1.66171493e+10  3.11e-06 1.58e-07  4.73e+02   401s
[2025-08-21 11:28:31] DEBUG    42   1.99968887e+10  1.68924079e+10  2.66e-06 3.09e-07  3.85e+02   419s
[2025-08-21 11:28:53] DEBUG    43   1.97381613e+10  1.69240439e+10  2.39e-06 3.47e-07  3.49e+02   442s
[2025-08-21 11:29:16] DEBUG    44   1.96250413e+10  1.69415815e+10  2.28e-06 3.67e-07  3.33e+02   464s
[2025-08-21 11:29:39] DEBUG    45   1.94939288e+10  1.69948163e+10  2.15e-06 4.25e-07  3.10e+02   487s
[2025-08-21 11:30:11] DEBUG    46   1.93241029e+10  1.70705692e+10  1.98e-06 5.11e-07  2.80e+02   519s
[2025-08-21 11:30:48] DEBUG    47   1.92684050e+10  1.70879787e+10  1.93e-06 5.29e-07  2.71e+02   556s
[2025-08-21 11:31:18] DEBUG    48   1.90415305e+10  1.71321178e+10  1.71e-06 5.67e-07  2.37e+02   586s
[2025-08-21 11:31:49] DEBUG    49   1.88745088e+10  1.71641686e+10  1.56e-06 5.71e-07  2.12e+02   618s
[2025-08-21 11:32:19] DEBUG    50   1.86963534e+10  1.72097502e+10  1.37e-06 5.48e-07  1.84e+02   648s
[2025-08-21 11:32:43] DEBUG    51   1.84855859e+10  1.72128845e+10  1.15e-06 5.46e-07  1.58e+02   671s
[2025-08-21 11:33:08] DEBUG    52   1.83035489e+10  1.72619977e+10  9.76e-07 5.36e-07  1.29e+02   696s
[2025-08-21 11:33:30] DEBUG    53   1.81454345e+10  1.73080086e+10  7.90e-07 5.94e-07  1.04e+02   718s
[2025-08-21 11:34:00] DEBUG    54   1.79911469e+10  1.73466990e+10  6.22e-07 6.30e-07  8.00e+01   748s
[2025-08-21 11:34:20] DEBUG    55   1.78784809e+10  1.73620244e+10  4.95e-07 6.28e-07  6.41e+01   768s
[2025-08-21 11:34:45] DEBUG    56   1.77788583e+10  1.73779248e+10  3.84e-07 6.06e-07  4.97e+01   793s
[2025-08-21 11:35:07] DEBUG    57   1.77267621e+10  1.73933783e+10  3.28e-07 6.05e-07  4.14e+01   815s
[2025-08-21 11:35:27] DEBUG    58   1.76754120e+10  1.74044087e+10  2.68e-07 5.87e-07  3.36e+01   835s
[2025-08-21 11:35:49] DEBUG    59   1.76272651e+10  1.74131404e+10  2.20e-07 6.17e-07  2.66e+01   857s
[2025-08-21 11:36:09] DEBUG    60   1.75931964e+10  1.74172030e+10  1.79e-07 6.33e-07  2.18e+01   877s
[2025-08-21 11:36:30] DEBUG    61   1.75614279e+10  1.74239339e+10  1.42e-07 6.51e-07  1.71e+01   898s
[2025-08-21 11:36:53] DEBUG    62   1.75438069e+10  1.74294451e+10  1.23e-07 6.88e-07  1.42e+01   922s
[2025-08-21 11:37:16] DEBUG    63   1.75191530e+10  1.74314267e+10  9.31e-08 7.10e-07  1.09e+01   944s
[2025-08-21 11:37:39] DEBUG    64   1.75083459e+10  1.74340085e+10  7.82e-08 7.30e-07  9.23e+00   967s
[2025-08-21 11:37:56] DEBUG    65   1.75012243e+10  1.74342917e+10  6.33e-08 7.31e-07  8.31e+00   985s
[2025-08-21 11:38:19] DEBUG    66   1.74934730e+10  1.74354457e+10  5.96e-08 7.32e-07  7.21e+00  1007s
[2025-08-21 11:38:36] DEBUG    67   1.74894309e+10  1.74356297e+10  5.59e-08 7.36e-07  6.68e+00  1025s
[2025-08-21 11:39:01] DEBUG    68   1.74856140e+10  1.74363285e+10  5.22e-08 7.53e-07  6.12e+00  1049s
[2025-08-21 11:39:23] DEBUG    69   1.74796006e+10  1.74369710e+10  4.84e-08 7.68e-07  5.29e+00  1071s
[2025-08-21 11:39:47] DEBUG    70   1.74782780e+10  1.74371878e+10  4.10e-08 7.73e-07  5.10e+00  1095s
[2025-08-21 11:40:08] DEBUG    71   1.74704230e+10  1.74374947e+10  3.73e-08 7.76e-07  4.09e+00  1117s
[2025-08-21 11:40:31] DEBUG    72   1.74657588e+10  1.74385812e+10  4.47e-08 7.79e-07  3.38e+00  1140s
[2025-08-21 11:40:56] DEBUG    73   1.74616963e+10  1.74388480e+10  4.47e-08 7.73e-07  2.84e+00  1164s
[2025-08-21 11:41:19] DEBUG    74   1.74581396e+10  1.74391676e+10  4.10e-08 7.57e-07  2.36e+00  1188s
[2025-08-21 11:41:41] DEBUG    75   1.74566181e+10  1.74393710e+10  3.35e-08 7.37e-07  2.14e+00  1209s
[2025-08-21 11:42:00] DEBUG    76   1.74547951e+10  1.74397629e+10  4.10e-08 6.87e-07  1.87e+00  1228s
[2025-08-21 11:42:19] DEBUG    77   1.74533162e+10  1.74399425e+10  4.47e-08 6.54e-07  1.66e+00  1247s
[2025-08-21 11:42:46] DEBUG    78   1.74506787e+10  1.74400575e+10  3.35e-08 6.19e-07  1.32e+00  1274s
[2025-08-21 11:43:10] DEBUG    79   1.74493190e+10  1.74402800e+10  4.84e-08 5.54e-07  1.12e+00  1299s
[2025-08-21 11:43:36] DEBUG    80   1.74480763e+10  1.74404655e+10  4.10e-08 4.95e-07  9.47e-01  1324s
[2025-08-21 11:43:57] DEBUG    81   1.74472984e+10  1.74406832e+10  4.84e-08 4.63e-07  8.23e-01  1346s
[2025-08-21 11:44:19] DEBUG    82   1.74463829e+10  1.74407172e+10  3.73e-08 4.63e-07  7.05e-01  1367s
[2025-08-21 11:44:42] DEBUG    83   1.74460672e+10  1.74409281e+10  3.73e-08 4.62e-07  6.40e-01  1390s
[2025-08-21 11:45:02] DEBUG    84   1.74455002e+10  1.74410582e+10  3.73e-08 4.63e-07  5.53e-01  1410s
[2025-08-21 11:45:20] DEBUG    85   1.74451907e+10  1.74410638e+10  4.47e-08 4.63e-07  5.14e-01  1428s
[2025-08-21 11:45:43] DEBUG    86   1.74446865e+10  1.74411586e+10  3.35e-08 4.62e-07  4.39e-01  1451s
[2025-08-21 11:46:07] DEBUG    87   1.74445261e+10  1.74412339e+10  4.10e-08 4.61e-07  4.10e-01  1475s
[2025-08-21 11:46:23] DEBUG    88   1.74442755e+10  1.74412785e+10  3.35e-08 4.60e-07  3.73e-01  1492s
[2025-08-21 11:46:50] DEBUG    89   1.74437844e+10  1.74413175e+10  3.35e-08 4.60e-07  3.07e-01  1518s
[2025-08-21 11:47:13] DEBUG    90   1.74431147e+10  1.74413927e+10  3.35e-08 4.56e-07  2.15e-01  1542s
[2025-08-21 11:47:38] DEBUG    91   1.74428400e+10  1.74414743e+10  3.35e-08 4.50e-07  1.71e-01  1567s
[2025-08-21 11:48:12] DEBUG    92   1.74426968e+10  1.74415036e+10  3.35e-08 4.48e-07  1.49e-01  1600s
[2025-08-21 11:48:35] DEBUG    93   1.74424465e+10  1.74415391e+10  4.47e-08 4.42e-07  1.14e-01  1624s
[2025-08-21 11:48:59] DEBUG    94   1.74422664e+10  1.74415822e+10  4.84e-08 4.31e-07  8.60e-02  1648s
[2025-08-21 11:49:20] DEBUG    95   1.74420227e+10  1.74416017e+10  3.35e-08 4.24e-07  5.33e-02  1669s
[2025-08-21 11:49:34] DEBUG    96   1.74419943e+10  1.74416061e+10  4.84e-08 4.22e-07  4.92e-02  1683s
[2025-08-21 11:49:56] DEBUG    97   1.74419661e+10  1.74416661e+10  3.35e-08 4.71e-07  3.81e-02  1705s
[2025-08-21 11:50:26] DEBUG    98   1.74418995e+10  1.74416740e+10  4.10e-08 4.14e-07  2.88e-02  1735s
[2025-08-21 11:50:49] DEBUG    99   1.74418708e+10  1.74416801e+10  4.10e-08 3.63e-07  2.45e-02  1757s
[2025-08-21 11:51:13] DEBUG    100   1.74418358e+10  1.74416894e+10  4.10e-08 2.90e-07  1.89e-02  1781s
[2025-08-21 11:51:31] DEBUG    101   1.74418326e+10  1.74416930e+10  4.47e-08 2.89e-07  1.80e-02  1799s
[2025-08-21 11:51:51] DEBUG    102   1.74418035e+10  1.74417008e+10  5.86e-08 2.83e-07  1.34e-02  1819s
[2025-08-21 11:52:13] DEBUG    103   1.74417752e+10  1.74417053e+10  5.42e-08 2.69e-07  9.30e-03  1842s
[2025-08-21 11:52:31] DEBUG    104   1.74417598e+10  1.74417085e+10  5.66e-08 2.66e-07  6.98e-03  1860s
[2025-08-21 11:52:52] DEBUG    105   1.74417479e+10  1.74417102e+10  5.22e-08 2.61e-07  5.29e-03  1880s
[2025-08-21 11:53:12] DEBUG    106   1.74417438e+10  1.74417128e+10  7.17e-08 2.50e-07  4.43e-03  1900s
[2025-08-21 11:53:25] DEBUG    107   1.74417422e+10  1.74417177e+10  6.73e-08 2.32e-07  3.54e-03  1913s
[2025-08-21 11:53:37] DEBUG    108   1.74417236e+10  1.74417214e+10  5.96e-08 2.30e-07  7.10e-04  1925s
[2025-08-21 11:53:53] DEBUG    109   1.74417202e+10  1.74417219e+10  5.49e-08 2.25e-07  2.19e-04  1941s
[2025-08-21 11:54:08] DEBUG    110   1.74417199e+10  1.74417220e+10  4.47e-08 3.64e-07  1.71e-04  1957s
[2025-08-21 11:54:19] DEBUG    111   1.74417193e+10  1.74417221e+10  1.07e-07 2.22e-07  1.01e-04  1967s
[2025-08-21 11:54:28] DEBUG    112   1.74417193e+10  1.74417221e+10  1.00e-07 2.22e-07  9.38e-05  1976s
[2025-08-21 11:54:34] DEBUG    113   1.74417192e+10  1.74417220e+10  8.34e-08 2.44e-07  8.51e-05  1982s
[2025-08-21 11:54:40] DEBUG    114   1.74417191e+10  1.74417220e+10  6.77e-08 2.22e-07  6.93e-05  1988s
[2025-08-21 11:54:46] DEBUG    115   1.74417189e+10  1.74417220e+10  4.64e-08 2.22e-07  4.70e-05  1994s
[2025-08-21 11:54:52] DEBUG    116   1.74417188e+10  1.74417220e+10  3.82e-08 2.22e-07  3.97e-05  2000s
[2025-08-21 11:54:58] DEBUG    117   1.74417187e+10  1.74417220e+10  2.98e-08 2.21e-07  2.89e-05  2007s
[2025-08-21 11:55:04] DEBUG    118   1.74417186e+10  1.74417220e+10  4.47e-08 2.21e-07  2.37e-05  2013s
[2025-08-21 11:55:09] DEBUG    119   1.74417186e+10  1.74417220e+10  4.10e-08 2.21e-07  1.73e-05  2018s
[2025-08-21 11:55:14] DEBUG    120   1.74417186e+10  1.74417220e+10  4.10e-08 2.21e-07  1.55e-05  2023s
[2025-08-21 11:55:21] DEBUG    121   1.74417185e+10  1.74417220e+10  4.10e-08 2.21e-07  1.44e-05  2030s
[2025-08-21 11:55:27] DEBUG    122   1.74417185e+10  1.74417220e+10  3.73e-08 2.38e-07  1.29e-05  2035s
[2025-08-21 11:55:32] DEBUG    123   1.74417185e+10  1.74417220e+10  4.10e-08 2.20e-07  1.04e-05  2040s
[2025-08-21 11:55:32] DEBUG    Barrier solved model in 123 iterations and 2040.02 seconds (462.18 work units)
[2025-08-21 11:55:32] DEBUG    Optimal objective 1.74417185e+10
[2025-08-21 11:55:33] DEBUG    Crossover log...
[2025-08-21 11:55:34] DEBUG    469721 DPushes remaining with DInf 1.8933226e-03              2042s
[2025-08-21 11:55:37] DEBUG    230469 DPushes remaining with DInf 3.9376788e-03              2045s
[2025-08-21 11:55:42] DEBUG    227329 DPushes remaining with DInf 3.9376788e-03              2051s
[2025-08-21 11:55:47] DEBUG    222108 DPushes remaining with DInf 3.9376788e-03              2055s
[2025-08-21 11:55:52] DEBUG    213337 DPushes remaining with DInf 3.9376788e-03              2060s
[2025-08-21 11:55:57] DEBUG    204390 DPushes remaining with DInf 3.9376788e-03              2066s
[2025-08-21 11:56:02] DEBUG    197500 DPushes remaining with DInf 3.9376788e-03              2071s
[2025-08-21 11:56:07] DEBUG    191888 DPushes remaining with DInf 3.9376788e-03              2075s
[2025-08-21 11:56:12] DEBUG    185392 DPushes remaining with DInf 3.9376788e-03              2081s
[2025-08-21 11:56:18] DEBUG    180424 DPushes remaining with DInf 3.9376788e-03              2086s
[2025-08-21 11:56:23] DEBUG    176967 DPushes remaining with DInf 3.9376788e-03              2091s
[2025-08-21 11:56:28] DEBUG    173642 DPushes remaining with DInf 3.9376788e-03              2096s
[2025-08-21 11:56:32] DEBUG    170085 DPushes remaining with DInf 3.9376788e-03              2100s
[2025-08-21 11:56:37] DEBUG    164534 DPushes remaining with DInf 3.9376788e-03              2106s
[2025-08-21 11:56:42] DEBUG    158642 DPushes remaining with DInf 3.9376788e-03              2111s
[2025-08-21 11:56:47] DEBUG    153433 DPushes remaining with DInf 3.9376788e-03              2115s
[2025-08-21 11:56:52] DEBUG    148761 DPushes remaining with DInf 3.9376788e-03              2121s
[2025-08-21 11:56:57] DEBUG    143910 DPushes remaining with DInf 3.9376788e-03              2126s
[2025-08-21 11:57:02] DEBUG    136753 DPushes remaining with DInf 3.9376788e-03              2131s
[2025-08-21 11:57:07] DEBUG    131025 DPushes remaining with DInf 3.9376788e-03              2135s
[2025-08-21 11:57:12] DEBUG    124235 DPushes remaining with DInf 3.9376788e-03              2141s
[2025-08-21 11:57:17] DEBUG    118906 DPushes remaining with DInf 3.9376788e-03              2145s
[2025-08-21 11:57:22] DEBUG    113572 DPushes remaining with DInf 3.9376788e-03              2150s
[2025-08-21 11:57:27] DEBUG    108469 DPushes remaining with DInf 3.9376788e-03              2155s
[2025-08-21 11:57:32] DEBUG    103486 DPushes remaining with DInf 3.9376788e-03              2161s
[2025-08-21 11:57:37] DEBUG    98835 DPushes remaining with DInf 3.9376788e-03              2165s
[2025-08-21 11:57:42] DEBUG    93267 DPushes remaining with DInf 3.9376788e-03              2170s
[2025-08-21 11:57:47] DEBUG    88788 DPushes remaining with DInf 3.9376788e-03              2175s
[2025-08-21 11:57:52] DEBUG    83431 DPushes remaining with DInf 3.9376788e-03              2181s
[2025-08-21 11:57:57] DEBUG    78946 DPushes remaining with DInf 3.9376788e-03              2185s
[2025-08-21 11:58:02] DEBUG    73628 DPushes remaining with DInf 3.9376788e-03              2190s
[2025-08-21 11:58:07] DEBUG    68428 DPushes remaining with DInf 3.9376788e-03              2195s
[2025-08-21 11:58:12] DEBUG    62964 DPushes remaining with DInf 3.9376788e-03              2201s
[2025-08-21 11:58:17] DEBUG    58739 DPushes remaining with DInf 3.9376788e-03              2206s
[2025-08-21 11:58:22] DEBUG    54619 DPushes remaining with DInf 3.9376788e-03              2211s
[2025-08-21 11:58:27] DEBUG    50495 DPushes remaining with DInf 3.9376788e-03              2215s
[2025-08-21 11:58:32] DEBUG    46741 DPushes remaining with DInf 3.9376788e-03              2220s
[2025-08-21 11:58:37] DEBUG    41424 DPushes remaining with DInf 3.9376788e-03              2225s
[2025-08-21 11:58:42] DEBUG    33750 DPushes remaining with DInf 3.9376788e-03              2230s
[2025-08-21 11:58:47] DEBUG    27112 DPushes remaining with DInf 3.9376788e-03              2235s
[2025-08-21 11:58:52] DEBUG    16961 DPushes remaining with DInf 3.9376788e-03              2240s
[2025-08-21 11:58:57] DEBUG    6596 DPushes remaining with DInf 4.0047826e-03              2245s
[2025-08-21 11:59:00] DEBUG    0 DPushes remaining with DInf 4.0047826e-03              2248s
[2025-08-21 11:59:00] DEBUG    2797507 PPushes remaining with PInf 0.0000000e+00              2249s
[2025-08-21 11:59:07] DEBUG    485656 PPushes remaining with PInf 0.0000000e+00              2256s
[2025-08-21 11:59:12] DEBUG    101687 PPushes remaining with PInf 0.0000000e+00              2260s
[2025-08-21 11:59:17] DEBUG    20526 PPushes remaining with PInf 0.0000000e+00              2265s
[2025-08-21 11:59:21] DEBUG    0 PPushes remaining with PInf 0.0000000e+00              2270s
[2025-08-21 11:59:22] DEBUG    Push phase complete: Pinf 0.0000000e+00, Dinf 1.4416605e+04   2270s
[2025-08-21 11:59:22] DEBUG    Iteration    Objective       Primal Inf.    Dual Inf.      Time
 3206451    1.7441718e+10   0.000000e+00   1.441661e+04   2271s
[2025-08-21 11:59:27] DEBUG    3214459    1.7441718e+10   0.000000e+00   5.701190e+01   2276s
[2025-08-21 11:59:32] DEBUG    3221466    1.7441718e+10   0.000000e+00   3.880103e+01   2280s
[2025-08-21 11:59:37] DEBUG    3227472    1.7441718e+10   0.000000e+00   2.827955e+01   2285s
[2025-08-21 11:59:42] DEBUG    3233478    1.7441718e+10   0.000000e+00   2.098188e+01   2290s
[2025-08-21 11:59:47] DEBUG    3240485    1.7441718e+10   0.000000e+00   1.556683e+01   2296s
[2025-08-21 11:59:52] DEBUG    3246491    1.7441718e+10   0.000000e+00   1.230549e+01   2300s
[2025-08-21 11:59:57] DEBUG    3253498    1.7441718e+10   0.000000e+00   8.543621e+00   2305s
[2025-08-21 12:00:02] DEBUG    3261506    1.7441718e+10   0.000000e+00   4.501406e+00   2310s
[2025-08-21 12:00:07] DEBUG    3269514    1.7441718e+10   0.000000e+00   1.167288e+00   2315s
[2025-08-21 12:00:11] DEBUG    Solved with barrier
[2025-08-21 12:00:24] DEBUG    3276288    1.7441714e+10   0.000000e+00   1.284297e-06   2332s
[2025-08-21 12:00:29] DEBUG    Extra simplex iterations after uncrush: 1
[2025-08-21 12:00:29] DEBUG    3276289    1.7441714e+10   0.000000e+00   0.000000e+00   2337s

Solved in 3276289 iterations and 2337.05 seconds (754.51 work units)
[2025-08-21 12:00:29] DEBUG    Optimal objective  1.744171441e+10
[2025-08-21 12:00:29] DEBUG    Warning: unscaled dual violation = 1.93529e-06 and residual = 3.97904e-12
✅ Scenario completato: existing_VRES_2030_BESS

🚀 Lancio scenario: existing_VRES_2030_PHES
[2025-08-21 12:07:40] INFO     Loading sets
[2025-08-21 12:07:40] INFO     Loading parameters
[2025-08-21 12:08:13] INFO     constraints are loaded in the following order: ['energy_balance', 'dispatch', 'costs', 'capacity', 'network', 'policy', 'conversion', 'group', 'conversion_plus', 'milp', 'export']
[2025-08-21 12:08:13] INFO     creating energy_balance constraints
[2025-08-21 12:12:49] INFO     creating dispatch constraints
[2025-08-21 12:16:29] INFO     creating costs constraints
[2025-08-21 12:26:56] INFO     creating capacity constraints
[2025-08-21 12:26:56] INFO     creating network constraints
[2025-08-21 12:26:56] INFO     creating policy constraints
[2025-08-21 12:26:56] INFO     creating conversion constraints
[2025-08-21 12:26:56] INFO     creating group constraints
[2025-08-21 12:26:56] INFO     creating conversion_plus constraints
[2025-08-21 12:26:56] INFO     creating milp constraints
[2025-08-21 12:26:56] INFO     creating export constraints
[2025-08-21 12:38:53] DEBUG    Set parameter WLSAccessID
Set parameter WLSSecret
Set parameter LicenseID to value 2680226
[2025-08-21 12:38:54] DEBUG    Academic license 2680226 - for non-commercial use only - registered to an___@mail.polimi.it
[2025-08-21 12:39:28] DEBUG    Read LP format model from file /tmp/tmp9e13eebh.pyomo.lp
[2025-08-21 12:39:28] DEBUG    Reading time = 34.49 seconds
x16953616: 23112011 rows, 16953616 columns, 55887889 nonzeros
[2025-08-21 12:39:28] DEBUG    Set parameter NumericFocus to value 1
[2025-08-21 12:39:28] DEBUG    Gurobi Optimizer version 12.0.2 build v12.0.2rc0 (linux64 - "Debian GNU/Linux 11 (bullseye)")

CPU model: Intel(R) Xeon(R) Silver 4314 CPU @ 2.40GHz, instruction set [SSE2|AVX|AVX2|AVX512]
Thread count: 32 physical cores, 64 logical processors, using up to 32 threads
[2025-08-21 12:39:28] DEBUG    Non-default parameters:
NumericFocus  1
[2025-08-21 12:39:28] DEBUG    Academic license 2680226 - for non-commercial use only - registered to an___@mail.polimi.it
[2025-08-21 12:39:28] DEBUG    Optimize a model with 23112011 rows, 16953616 columns and 55887889 nonzeros
[2025-08-21 12:39:29] DEBUG    Model fingerprint: 0xa36d98b0
[2025-08-21 12:39:29] DEBUG    Coefficient statistics:
  Matrix range     [1e-07, 3e+02]
[2025-08-21 12:39:29] DEBUG    Objective range  [1e+00, 1e+06]
  Bounds range     [0e+00, 0e+00]
  RHS range        [1e+00, 6e+09]
Warning: Model contains large rhs
[2025-08-21 12:39:35] DEBUG    Presolve removed 18826363 rows and 9710935 columns (presolve time = 6s)...
[2025-08-21 12:39:39] DEBUG    Presolve removed 19578623 rows and 12320000 columns (presolve time = 10s)...
[2025-08-21 12:39:45] DEBUG    Presolve removed 20634607 rows and 13332159 columns (presolve time = 16s)...
[2025-08-21 12:39:50] DEBUG    Presolve removed 20635120 rows and 13419759 columns (presolve time = 20s)...
[2025-08-21 12:39:50] DEBUG    Presolve removed 20784023 rows and 13419759 columns
[2025-08-21 12:40:19] DEBUG    Presolve time: 50.90s
[2025-08-21 12:40:19] DEBUG    Presolved: 2327988 rows, 3682760 columns, 10318109 nonzeros

Concurrent LP optimizer: primal simplex, dual simplex, and barrier
Showing barrier log only...
[2025-08-21 12:40:30] DEBUG    Elapsed ordering time = 9s
[2025-08-21 12:40:31] DEBUG    Elapsed ordering time = 10s
[2025-08-21 12:40:32] DEBUG    Ordering time: 11.45s
[2025-08-21 12:40:34] DEBUG    Barrier statistics:
 Dense cols : 107
[2025-08-21 12:40:34] DEBUG    AA' NZ     : 9.467e+06
 Factor NZ  : 4.337e+07 (roughly 3.0 GB of memory)
 Factor Ops : 3.159e+09 (less than 1 second per iteration)
 Threads    : 30
[2025-08-21 12:40:38] DEBUG    Objective                Residual
[2025-08-21 12:40:38] DEBUG    Iter       Primal          Dual         Primal    Dual     Compl     Time
[2025-08-21 12:40:39] DEBUG    0   1.16195178e+19 -1.59254929e+18  2.26e+08 7.07e-02  7.63e+12    70s
[2025-08-21 12:40:44] DEBUG    1   8.60831502e+18 -1.23048114e+18  1.67e+08 8.49e+04  4.98e+12    75s
[2025-08-21 12:40:50] DEBUG    2   8.36925194e+18 -1.05262320e+18  1.63e+08 4.27e+04  4.55e+12    82s
[2025-08-21 12:40:59] DEBUG    3   5.87710989e+18 -8.73566084e+17  1.21e+08 1.24e+04  3.19e+12    90s
[2025-08-21 12:41:04] DEBUG    4   4.54142714e+18 -7.65881923e+17  9.51e+07 5.11e+03  2.44e+12    95s
[2025-08-21 12:41:08] DEBUG    5   3.47303650e+18 -7.09836656e+17  7.27e+07 3.52e+03  1.86e+12   100s
[2025-08-21 12:41:12] DEBUG    6   2.99757876e+18 -6.69449500e+17  6.27e+07 2.72e+03  1.60e+12   104s
[2025-08-21 12:41:17] DEBUG    7   2.57143489e+18 -6.25300297e+17  5.38e+07 2.08e+03  1.36e+12   109s
[2025-08-21 12:41:23] DEBUG    8   1.46617566e+18 -5.48178115e+17  3.23e+07 1.32e+03  8.16e+11   115s
[2025-08-21 12:41:31] DEBUG    9   8.32153212e+17 -3.88246163e+17  1.90e+07 3.89e+02  4.55e+11   123s
[2025-08-21 12:41:42] DEBUG    10   3.14902382e+17 -2.52337205e+17  7.31e+06 7.69e+01  1.76e+11   134s
[2025-08-21 12:41:50] DEBUG    11   4.27895083e+16 -1.44135212e+17  9.67e+05 2.19e+01  3.61e+10   142s
[2025-08-21 12:41:56] DEBUG    12   1.58973429e+16 -6.13933100e+16  4.06e+05 5.55e+00  1.35e+10   147s
[2025-08-21 12:42:01] DEBUG    13   9.13701026e+15 -2.78414809e+16  2.32e+05 1.83e+00  6.11e+09   153s
[2025-08-21 12:42:05] DEBUG    14   2.25928591e+15 -1.29291718e+16  5.56e+04 6.95e-01  2.18e+09   157s
[2025-08-21 12:42:10] DEBUG    15   1.84857686e+14 -2.19173671e+15  2.71e+03 9.37e-02  3.14e+08   162s
[2025-08-21 12:42:15] DEBUG    16   1.01829041e+14 -1.81350140e+14  6.31e+02 9.27e-03  3.71e+07   167s
[2025-08-21 12:42:19] DEBUG    17   9.45355266e+13 -1.43405088e+14  4.57e+02 7.73e-03  3.11e+07   171s
[2025-08-21 12:42:23] DEBUG    18   7.66418307e+13 -2.58411463e+13  1.28e+01 3.22e-03  1.34e+07   175s
[2025-08-21 12:42:27] DEBUG    19   7.55217661e+13  2.05713976e+13  7.23e-01 1.41e-03  7.16e+06   179s
[2025-08-21 12:42:31] DEBUG    20   7.53433821e+13  4.35653666e+13  9.03e-02 5.76e-04  4.14e+06   183s
[2025-08-21 12:42:35] DEBUG    21   7.49414499e+13  5.09795495e+13  1.58e-02 2.91e-04  3.12e+06   187s
[2025-08-21 12:42:40] DEBUG    22   7.47394795e+13  5.54096438e+13  2.09e-03 1.66e-04  2.51e+06   192s
[2025-08-21 12:42:45] DEBUG    23   7.45849906e+13  6.49181439e+13  1.06e-03 1.81e-08  1.26e+06   196s
[2025-08-21 12:42:49] DEBUG    24   7.45233591e+13  6.91276289e+13  6.34e-04 9.02e-09  7.00e+05   201s
[2025-08-21 12:42:54] DEBUG    25   7.44523653e+13  7.01067662e+13  3.88e-04 7.42e-09  5.64e+05   206s
[2025-08-21 12:42:58] DEBUG    26   7.44085069e+13  7.06629045e+13  2.65e-04 6.55e-09  4.86e+05   210s
[2025-08-21 12:43:04] DEBUG    27   7.43163533e+13  7.22822136e+13  1.05e-04 3.46e-09  2.64e+05   216s
[2025-08-21 12:43:13] DEBUG    28   7.42547933e+13  7.33698168e+13  3.87e-05 1.70e-09  1.15e+05   224s
[2025-08-21 12:43:19] DEBUG    29   7.42294868e+13  7.35560751e+13  2.58e-05 1.36e-09  8.74e+04   231s
[2025-08-21 12:43:25] DEBUG    30   7.42209643e+13  7.36889309e+13  2.27e-05 1.03e-09  6.90e+04   237s
[2025-08-21 12:43:30] DEBUG    31   7.42122752e+13  7.38437184e+13  1.91e-05 6.13e-10  4.78e+04   242s
[2025-08-21 12:43:35] DEBUG    32   7.42110760e+13  7.38639598e+13  1.87e-05 6.20e-10  4.50e+04   247s
[2025-08-21 12:43:41] DEBUG    33   7.42069308e+13  7.39087064e+13  1.73e-05 5.20e-10  3.87e+04   253s
[2025-08-21 12:43:51] DEBUG    34   7.42038515e+13  7.39443232e+13  1.61e-05 4.36e-10  3.37e+04   263s
[2025-08-21 12:44:02] DEBUG    35   7.41786031e+13  7.40755935e+13  2.10e-05 3.49e-10  1.34e+04   274s
[2025-08-21 12:44:12] DEBUG    36   7.41605441e+13  7.41182177e+13  1.33e-05 3.49e-10  5.49e+03   284s
[2025-08-21 12:44:20] DEBUG    37   7.41561805e+13  7.41330182e+13  8.96e-06 3.49e-10  3.00e+03   292s
[2025-08-21 12:44:26] DEBUG    38   7.41542952e+13  7.41376738e+13  7.21e-06 3.49e-10  2.16e+03   298s
[2025-08-21 12:44:32] DEBUG    39   7.41530634e+13  7.41392891e+13  6.30e-06 1.61e-07  1.79e+03   304s
[2025-08-21 12:44:38] DEBUG    40   7.41514660e+13  7.41417198e+13  4.78e-06 2.11e-07  1.26e+03   310s
[2025-08-21 12:44:48] DEBUG    41   7.41506197e+13  7.41427051e+13  4.01e-06 2.50e-07  1.03e+03   319s
[2025-08-21 12:44:58] DEBUG    42   7.41495978e+13  7.41440192e+13  3.14e-06 3.29e-07  7.24e+02   330s
[2025-08-21 12:45:22] DEBUG    43   7.41483081e+13  7.41445201e+13  2.04e-06 3.62e-07  4.91e+02   353s
[2025-08-21 12:45:44] DEBUG    44   7.41479523e+13  7.41448128e+13  1.72e-06 3.82e-07  4.07e+02   376s
[2025-08-21 12:46:07] DEBUG    45   7.41476776e+13  7.41449888e+13  1.51e-06 4.09e-07  3.49e+02   398s
[2025-08-21 12:46:29] DEBUG    46   7.41473502e+13  7.41451246e+13  1.23e-06 4.41e-07  2.89e+02   420s
[2025-08-21 12:46:51] DEBUG    47   7.41472634e+13  7.41451565e+13  1.18e-06 4.45e-07  2.73e+02   442s
[2025-08-21 12:47:13] DEBUG    48   7.41471114e+13  7.41452966e+13  1.04e-06 4.76e-07  2.35e+02   465s
[2025-08-21 12:47:30] DEBUG    49   7.41470434e+13  7.41453112e+13  9.87e-07 4.86e-07  2.25e+02   481s
[2025-08-21 12:47:51] DEBUG    50   7.41467612e+13  7.41455077e+13  7.34e-07 6.32e-07  1.63e+02   503s
[2025-08-21 12:48:14] DEBUG    51   7.41464902e+13  7.41456137e+13  5.03e-07 8.19e-07  1.14e+02   526s
[2025-08-21 12:48:35] DEBUG    52   7.41463055e+13  7.41456798e+13  3.23e-07 9.62e-07  8.12e+01   547s
[2025-08-21 12:48:56] DEBUG    53   7.41462255e+13  7.41457247e+13  2.63e-07 1.04e-06  6.50e+01   567s
[2025-08-21 12:49:18] DEBUG    54   7.41461373e+13  7.41457433e+13  2.01e-07 1.07e-06  5.11e+01   590s
[2025-08-21 12:49:41] DEBUG    55   7.41460844e+13  7.41457726e+13  1.55e-07 1.09e-06  4.04e+01   612s
[2025-08-21 12:50:04] DEBUG    56   7.41460454e+13  7.41458046e+13  1.26e-07 1.10e-06  3.12e+01   636s
[2025-08-21 12:50:26] DEBUG    57   7.41460182e+13  7.41458199e+13  1.03e-07 1.09e-06  2.57e+01   657s
[2025-08-21 12:50:46] DEBUG    58   7.41459963e+13  7.41458243e+13  8.66e-08 1.09e-06  2.23e+01   677s
[2025-08-21 12:51:10] DEBUG    59   7.41459883e+13  7.41458363e+13  8.94e-08 1.06e-06  1.97e+01   701s
[2025-08-21 12:51:30] DEBUG    60   7.41459759e+13  7.41458417e+13  7.82e-08 1.04e-06  1.74e+01   722s
[2025-08-21 12:51:52] DEBUG    61   7.41459472e+13  7.41458463e+13  6.71e-08 9.99e-07  1.31e+01   744s
[2025-08-21 12:52:15] DEBUG    62   7.41459318e+13  7.41458520e+13  5.59e-08 9.21e-07  1.04e+01   766s
[2025-08-21 12:52:37] DEBUG    63   7.41459229e+13  7.41458538e+13  3.35e-08 8.81e-07  8.96e+00   789s
[2025-08-21 12:52:58] DEBUG    64   7.41459168e+13  7.41458583e+13  3.73e-08 7.67e-07  7.59e+00   810s
[2025-08-21 12:53:20] DEBUG    65   7.41459131e+13  7.41458601e+13  3.35e-08 7.17e-07  6.87e+00   831s
[2025-08-21 12:53:36] DEBUG    66   7.41459064e+13  7.41458608e+13  3.73e-08 6.95e-07  5.92e+00   848s
[2025-08-21 12:54:00] DEBUG    67   7.41459008e+13  7.41458643e+13  2.98e-08 5.85e-07  4.74e+00   872s
[2025-08-21 12:54:22] DEBUG    68   7.41458964e+13  7.41458676e+13  3.35e-08 4.87e-07  3.73e+00   894s
[2025-08-21 12:54:47] DEBUG    69   7.41458923e+13  7.41458692e+13  4.47e-08 5.28e-07  2.99e+00   918s
[2025-08-21 12:55:09] DEBUG    70   7.41458911e+13  7.41458707e+13  3.73e-08 5.80e-07  2.65e+00   941s
[2025-08-21 12:55:30] DEBUG    71   7.41458904e+13  7.41458711e+13  4.47e-08 5.98e-07  2.51e+00   962s
[2025-08-21 12:55:54] DEBUG    72   7.41458890e+13  7.41458720e+13  4.10e-08 6.43e-07  2.20e+00   986s
[2025-08-21 12:56:16] DEBUG    73   7.41458869e+13  7.41458726e+13  3.35e-08 6.71e-07  1.86e+00  1008s
[2025-08-21 12:56:39] DEBUG    74   7.41458847e+13  7.41458734e+13  4.10e-08 7.10e-07  1.47e+00  1031s
[2025-08-21 12:56:58] DEBUG    75   7.41458834e+13  7.41458737e+13  4.10e-08 7.24e-07  1.26e+00  1050s
[2025-08-21 12:57:18] DEBUG    76   7.41458821e+13  7.41458742e+13  3.35e-08 7.35e-07  1.03e+00  1070s
[2025-08-21 12:57:40] DEBUG    77   7.41458815e+13  7.41458746e+13  3.73e-08 7.42e-07  8.92e-01  1092s
[2025-08-21 12:58:05] DEBUG    78   7.41458808e+13  7.41458749e+13  3.73e-08 7.43e-07  7.62e-01  1116s
[2025-08-21 12:58:21] DEBUG    79   7.41458801e+13  7.41458752e+13  3.35e-08 7.36e-07  6.37e-01  1133s
[2025-08-21 12:58:43] DEBUG    80   7.41458795e+13  7.41458755e+13  3.73e-08 7.11e-07  5.26e-01  1155s
[2025-08-21 12:58:54] DEBUG    81   7.41458790e+13  7.41458756e+13  2.98e-08 6.98e-07  4.49e-01  1166s
[2025-08-21 12:59:13] DEBUG    82   7.41458787e+13  7.41458758e+13  3.35e-08 6.45e-07  3.80e-01  1185s
[2025-08-21 12:59:31] DEBUG    83   7.41458786e+13  7.41458759e+13  3.73e-08 5.91e-07  3.48e-01  1203s
[2025-08-21 12:59:57] DEBUG    84   7.41458784e+13  7.41458760e+13  4.84e-08 5.58e-07  3.12e-01  1229s
[2025-08-21 13:00:24] DEBUG    85   7.41458783e+13  7.41458761e+13  4.84e-08 5.28e-07  2.84e-01  1256s
[2025-08-21 13:00:47] DEBUG    86   7.41458781e+13  7.41458763e+13  4.84e-08 4.56e-07  2.34e-01  1278s
[2025-08-21 13:01:10] DEBUG    87   7.41458780e+13  7.41458764e+13  3.35e-08 4.22e-07  2.12e-01  1302s
[2025-08-21 13:01:30] DEBUG    88   7.41458779e+13  7.41458765e+13  4.84e-08 4.11e-07  1.76e-01  1322s
[2025-08-21 13:01:54] DEBUG    89   7.41458778e+13  7.41458766e+13  4.10e-08 4.02e-07  1.63e-01  1346s
[2025-08-21 13:02:12] DEBUG    90   7.41458778e+13  7.41458766e+13  3.35e-08 4.01e-07  1.52e-01  1363s
[2025-08-21 13:02:36] DEBUG    91   7.41458777e+13  7.41458767e+13  4.47e-08 3.79e-07  1.31e-01  1387s
[2025-08-21 13:03:00] DEBUG    92   7.41458776e+13  7.41458768e+13  5.22e-08 3.73e-07  1.13e-01  1412s
[2025-08-21 13:03:21] DEBUG    93   7.41458776e+13  7.41458770e+13  3.73e-08 3.27e-07  7.69e-02  1433s
[2025-08-21 13:03:21] DEBUG    Barrier solved model in 93 iterations and 1432.93 seconds (333.57 work units)
Optimal objective 7.41458776e+13
[2025-08-21 13:03:22] DEBUG    Crossover log...
[2025-08-21 13:03:23] DEBUG    444882 DPushes remaining with DInf 0.0000000e+00              1434s
[2025-08-21 13:03:23] DEBUG    233587 DPushes remaining with DInf 0.0000000e+00              1435s
[2025-08-21 13:03:29] DEBUG    168304 DPushes remaining with DInf 0.0000000e+00              1440s
[2025-08-21 13:03:34] DEBUG    160507 DPushes remaining with DInf 0.0000000e+00              1446s
[2025-08-21 13:03:38] DEBUG    156762 DPushes remaining with DInf 0.0000000e+00              1450s
[2025-08-21 13:03:44] DEBUG    152281 DPushes remaining with DInf 0.0000000e+00              1455s
[2025-08-21 13:03:49] DEBUG    145975 DPushes remaining with DInf 0.0000000e+00              1460s
[2025-08-21 13:03:54] DEBUG    139067 DPushes remaining with DInf 0.0000000e+00              1465s
[2025-08-21 13:03:58] DEBUG    134148 DPushes remaining with DInf 0.0000000e+00              1470s
[2025-08-21 13:04:04] DEBUG    127499 DPushes remaining with DInf 0.0000000e+00              1476s
[2025-08-21 13:04:09] DEBUG    121486 DPushes remaining with DInf 0.0000000e+00              1480s
[2025-08-21 13:04:14] DEBUG    113249 DPushes remaining with DInf 0.0000000e+00              1485s
[2025-08-21 13:04:19] DEBUG    101265 DPushes remaining with DInf 0.0000000e+00              1490s
[2025-08-21 13:04:23] DEBUG    94622 DPushes remaining with DInf 0.0000000e+00              1495s
[2025-08-21 13:04:28] DEBUG    90883 DPushes remaining with DInf 0.0000000e+00              1500s
[2025-08-21 13:04:34] DEBUG    87881 DPushes remaining with DInf 0.0000000e+00              1505s
[2025-08-21 13:04:39] DEBUG    84895 DPushes remaining with DInf 0.0000000e+00              1510s
[2025-08-21 13:04:44] DEBUG    81890 DPushes remaining with DInf 0.0000000e+00              1515s
[2025-08-21 13:04:48] DEBUG    78831 DPushes remaining with DInf 0.0000000e+00              1520s
[2025-08-21 13:04:54] DEBUG    74871 DPushes remaining with DInf 0.0000000e+00              1526s
[2025-08-21 13:04:59] DEBUG    69722 DPushes remaining with DInf 0.0000000e+00              1531s
[2025-08-21 13:05:04] DEBUG    63059 DPushes remaining with DInf 0.0000000e+00              1535s
[2025-08-21 13:05:09] DEBUG    54676 DPushes remaining with DInf 0.0000000e+00              1540s
[2025-08-21 13:05:13] DEBUG    46571 DPushes remaining with DInf 0.0000000e+00              1545s
[2025-08-21 13:05:19] DEBUG    36755 DPushes remaining with DInf 0.0000000e+00              1550s
[2025-08-21 13:05:23] DEBUG    24979 DPushes remaining with DInf 0.0000000e+00              1555s
[2025-08-21 13:05:29] DEBUG    20295 DPushes remaining with DInf 0.0000000e+00              1560s
[2025-08-21 13:05:34] DEBUG    10093 DPushes remaining with DInf 0.0000000e+00              1565s
[2025-08-21 13:05:39] DEBUG    2362 DPushes remaining with DInf 0.0000000e+00              1570s
[2025-08-21 13:05:40] DEBUG    0 DPushes remaining with DInf 0.0000000e+00              1572s
[2025-08-21 13:05:40] DEBUG    2683907 PPushes remaining with PInf 0.0000000e+00              1572s
[2025-08-21 13:05:48] DEBUG    694959 PPushes remaining with PInf 0.0000000e+00              1579s
[2025-08-21 13:05:49] DEBUG    385091 PPushes remaining with PInf 0.0000000e+00              1580s
[2025-08-21 13:05:54] DEBUG    82194 PPushes remaining with PInf 0.0000000e+00              1585s
[2025-08-21 13:05:59] DEBUG    33762 PPushes remaining with PInf 0.0000000e+00              1590s
[2025-08-21 13:06:04] DEBUG    16476 PPushes remaining with PInf 0.0000000e+00              1595s
[2025-08-21 13:06:08] DEBUG    0 PPushes remaining with PInf 0.0000000e+00              1600s
[2025-08-21 13:06:08] DEBUG    Push phase complete: Pinf 0.0000000e+00, Dinf 5.9926141e+04   1600s
[2025-08-21 13:06:09] DEBUG    Iteration    Objective       Primal Inf.    Dual Inf.      Time
 3068633    7.4145877e+13   0.000000e+00   5.992614e+04   1600s
[2025-08-21 13:06:13] DEBUG    3070087    7.4145877e+13   0.000000e+00   2.329566e+02   1605s
[2025-08-21 13:06:19] DEBUG    3077094    7.4145877e+13   0.000000e+00   1.473702e+02   1611s
[2025-08-21 13:06:24] DEBUG    3083100    7.4145877e+13   0.000000e+00   1.012756e+02   1616s
[2025-08-21 13:06:29] DEBUG    3089106    7.4145877e+13   0.000000e+00   7.418022e+01   1621s
[2025-08-21 13:06:34] DEBUG    3095112    7.4145877e+13   0.000000e+00   6.075148e+01   1626s
[2025-08-21 13:06:38] DEBUG    3099116    7.4145877e+13   0.000000e+00   5.299158e+01   1630s
[2025-08-21 13:06:44] DEBUG    3105122    7.4145877e+13   0.000000e+00   4.510597e+01   1635s
[2025-08-21 13:06:48] DEBUG    3111128    7.4145877e+13   0.000000e+00   3.925027e+01   1640s
[2025-08-21 13:06:54] DEBUG    3118135    7.4145877e+13   0.000000e+00   3.178868e+01   1645s
[2025-08-21 13:06:59] DEBUG    3125142    7.4145877e+13   0.000000e+00   2.587978e+01   1650s
[2025-08-21 13:07:03] DEBUG    3132149   -2.1786854e+31   9.738620e+35   2.178685e+01   1655s
[2025-08-21 13:07:09] DEBUG    3144161   -1.5464976e+31   6.614579e+35   1.546497e+01   1660s
[2025-08-21 13:07:13] DEBUG    3155172   -9.8673473e+30   5.559630e+35   9.867352e+00   1665s
[2025-08-21 13:07:18] DEBUG    3166183   -6.1229366e+30   4.445347e+35   6.122961e+00   1670s
[2025-08-21 13:07:24] DEBUG    3176193   -3.8731470e+30   3.139609e+35   3.873187e+00   1675s
[2025-08-21 13:07:28] DEBUG    3186203   -2.3633754e+30   1.890688e+35   2.363424e+00   1680s
[2025-08-21 13:07:33] DEBUG    3197214   -4.7943343e+29   3.301825e+34   4.795411e-01   1685s
[2025-08-21 13:07:38] DEBUG    3208560    7.4145877e+13   1.350947e+12   0.000000e+00   1690s
[2025-08-21 13:07:43] DEBUG    3219571    7.4145877e+13   1.006555e+10   0.000000e+00   1695s
[2025-08-21 13:07:47] DEBUG    Solved with barrier
[2025-08-21 13:07:59] DEBUG    3224641    7.4145877e+13   0.000000e+00   1.264670e-05   1710s
[2025-08-21 13:08:03] DEBUG    Extra simplex iterations after uncrush: 5
[2025-08-21 13:08:03] DEBUG    3224646    7.4145877e+13   0.000000e+00   0.000000e+00   1715s

Solved in 3224646 iterations and 1714.94 seconds (714.78 work units)
[2025-08-21 13:08:03] DEBUG    Optimal objective  7.414587747e+13
[2025-08-21 13:08:03] DEBUG    Warning: unscaled dual violation = 1.70442e-06 and residual = 5.68107e-08
✅ Scenario completato: existing_VRES_2030_PHES

🚀 Lancio scenario: existing_VRES_2030_nostorage
[2025-08-21 13:18:07] INFO     Loading sets
[2025-08-21 13:18:07] INFO     Loading parameters
[2025-08-21 13:18:41] INFO     constraints are loaded in the following order: ['energy_balance', 'dispatch', 'costs', 'capacity', 'network', 'policy', 'conversion', 'group', 'conversion_plus', 'milp', 'export']
[2025-08-21 13:18:41] INFO     creating energy_balance constraints
[2025-08-21 13:21:32] INFO     creating dispatch constraints
[2025-08-21 13:26:29] INFO     creating costs constraints
[2025-08-21 13:34:35] INFO     creating capacity constraints
[2025-08-21 13:34:35] INFO     creating network constraints
[2025-08-21 13:34:35] INFO     creating policy constraints
[2025-08-21 13:34:35] INFO     creating conversion constraints
[2025-08-21 13:34:35] INFO     creating group constraints
[2025-08-21 13:34:35] INFO     creating conversion_plus constraints
[2025-08-21 13:34:35] INFO     creating milp constraints
[2025-08-21 13:34:35] INFO     creating export constraints
[2025-08-21 13:45:44] DEBUG    Set parameter WLSAccessID
Set parameter WLSSecret
Set parameter LicenseID to value 2680226
[2025-08-21 13:45:45] DEBUG    Academic license 2680226 - for non-commercial use only - registered to an___@mail.polimi.it
[2025-08-21 13:46:16] DEBUG    Read LP format model from file /tmp/tmp2kvsz_xd.pyomo.lp
[2025-08-21 13:46:16] DEBUG    Reading time = 31.40 seconds
x15569350: 21184559 rows, 15569350 columns, 50562000 nonzeros
Set parameter NumericFocus to value 1
Gurobi Optimizer version 12.0.2 build v12.0.2rc0 (linux64 - "Debian GNU/Linux 11 (bullseye)")

CPU model: Intel(R) Xeon(R) Silver 4314 CPU @ 2.40GHz, instruction set [SSE2|AVX|AVX2|AVX512]
Thread count: 32 physical cores, 64 logical processors, using up to 32 threads

Non-default parameters:
NumericFocus  1
[2025-08-21 13:46:16] DEBUG    Academic license 2680226 - for non-commercial use only - registered to an___@mail.polimi.it
Optimize a model with 21184559 rows, 15569350 columns and 50562000 nonzeros
[2025-08-21 13:46:17] DEBUG    Model fingerprint: 0x1e6b7f30
[2025-08-21 13:46:17] DEBUG    Coefficient statistics:
  Matrix range     [1e-07, 3e+02]
  Objective range  [1e+00, 1e+06]
  Bounds range     [0e+00, 0e+00]
  RHS range        [1e+00, 2e+08]
[2025-08-21 13:46:22] DEBUG    Presolve removed 18064035 rows and 9114507 columns (presolve time = 5s)...
[2025-08-21 13:46:27] DEBUG    Presolve removed 19644540 rows and 12569966 columns (presolve time = 10s)...
[2025-08-21 13:46:32] DEBUG    Presolve removed 19644948 rows and 12658161 columns (presolve time = 15s)...
[2025-08-21 13:46:34] DEBUG    Presolve removed 19793851 rows and 12658161 columns
[2025-08-21 13:46:34] DEBUG    Presolve time: 18.06s
Presolved: 1390708 rows, 3060092 columns, 6331749 nonzeros

Concurrent LP optimizer: primal simplex, dual simplex, and barrier
Showing barrier log only...
[2025-08-21 13:46:36] DEBUG    Ordering time: 0.70s
[2025-08-21 13:46:37] DEBUG    Barrier statistics:
 Dense cols : 81
[2025-08-21 13:46:37] DEBUG    AA' NZ     : 3.336e+06
 Factor NZ  : 2.078e+07 (roughly 2.0 GB of memory)
 Factor Ops : 1.024e+09 (less than 1 second per iteration)
 Threads    : 30
[2025-08-21 13:46:40] DEBUG    Objective                Residual
[2025-08-21 13:46:40] DEBUG    Iter       Primal          Dual         Primal    Dual     Compl     Time
[2025-08-21 13:46:40] DEBUG    0   1.29666496e+19 -4.08722302e+18  2.54e+08 5.65e+04  2.87e+13    24s
[2025-08-21 13:46:44] DEBUG    1   1.01678538e+19 -3.40104724e+18  1.89e+08 2.22e+05  1.92e+13    28s
[2025-08-21 13:46:50] DEBUG    2   9.71572102e+18 -3.01684023e+18  1.80e+08 7.42e+04  1.77e+13    34s
[2025-08-21 13:46:57] DEBUG    3   7.09660027e+18 -2.74566985e+18  1.29e+08 1.29e+04  1.26e+13    41s
[2025-08-21 13:47:02] DEBUG    4   5.68495459e+18 -2.47351185e+18  1.03e+08 4.22e+03  9.88e+12    46s
[2025-08-21 13:47:06] DEBUG    5   4.36259220e+18 -2.28517369e+18  7.88e+07 2.81e+03  7.52e+12    50s
[2025-08-21 13:47:09] DEBUG    6   3.74476682e+18 -2.06262021e+18  6.75e+07 1.55e+03  6.35e+12    53s
[2025-08-21 13:47:13] DEBUG    7   2.61382190e+18 -1.73691637e+18  4.69e+07 4.45e+02  4.34e+12    57s
[2025-08-21 13:47:16] DEBUG    8   2.02865856e+18 -1.18472171e+18  3.63e+07 1.11e-04  3.13e+12    60s
[2025-08-21 13:47:22] DEBUG    9   2.04057259e+17 -7.95142699e+17  3.16e+06 1.56e-04  3.72e+11    66s
[2025-08-21 13:47:26] DEBUG    10   7.82020901e+16 -3.83317665e+17  1.19e+06 6.09e-05  1.35e+11    70s
[2025-08-21 13:47:30] DEBUG    11   2.53619210e+16 -1.00179192e+17  3.54e+05 1.16e-04  3.05e+10    74s
[2025-08-21 13:47:33] DEBUG    12   1.33451841e+16 -3.53237154e+16  1.82e+05 1.54e-05  1.09e+10    77s
[2025-08-21 13:47:38] DEBUG    13   4.94112206e+15 -7.97933169e+15  6.46e+04 6.86e-08  2.61e+09    82s
[2025-08-21 13:47:41] DEBUG    14   2.61922596e+15 -2.46564710e+15  3.31e+04 8.24e-07  9.67e+08    85s
[2025-08-21 13:47:47] DEBUG    15   1.03765016e+15 -2.27517379e+14  1.17e+04 4.74e-08  2.23e+08    91s
[2025-08-21 13:47:53] DEBUG    16   3.29618897e+14  9.28443611e+13  2.18e+03 1.23e-08  3.97e+07    97s
[2025-08-21 13:47:58] DEBUG    17   2.07604864e+14  1.46443161e+14  5.80e+02 4.91e-10  1.01e+07   102s
[2025-08-21 13:48:01] DEBUG    18   1.94138519e+14  1.48450184e+14  4.07e+02 7.45e-10  7.53e+06   105s
[2025-08-21 13:48:04] DEBUG    19   1.81217082e+14  1.50229236e+14  2.41e+02 7.74e-10  5.10e+06   108s
[2025-08-21 13:48:08] DEBUG    20   1.75906947e+14  1.52577509e+14  1.73e+02 4.03e-10  3.83e+06   112s
[2025-08-21 13:48:10] DEBUG    21   1.68743843e+14  1.54635821e+14  8.18e+01 4.47e-10  2.32e+06   115s
[2025-08-21 13:48:15] DEBUG    22   1.65961168e+14  1.56162671e+14  4.66e+01 4.00e-10  1.61e+06   119s
[2025-08-21 13:48:20] DEBUG    23   1.62652997e+14  1.57465208e+14  5.06e+00 6.40e-10  8.50e+05   124s
[2025-08-21 13:48:24] DEBUG    24   1.62411386e+14  1.59236753e+14  2.55e+00 2.19e-09  5.20e+05   128s
[2025-08-21 13:48:28] DEBUG    25   1.62368325e+14  1.59958835e+14  2.19e+00 3.33e-09  3.95e+05   132s
[2025-08-21 13:48:32] DEBUG    26   1.62346713e+14  1.60173265e+14  2.02e+00 3.28e-09  3.56e+05   136s
[2025-08-21 13:48:36] DEBUG    27   1.62321284e+14  1.60359101e+14  1.82e+00 3.76e-09  3.21e+05   140s
[2025-08-21 13:48:40] DEBUG    28   1.62238481e+14  1.60958813e+14  1.25e+00 4.27e-09  2.10e+05   144s
[2025-08-21 13:48:46] DEBUG    29   1.62064526e+14  1.61433451e+14  1.53e-01 4.56e-09  1.03e+05   150s
[2025-08-21 13:48:54] DEBUG    30   1.62031655e+14  1.61850100e+14  3.94e-02 5.09e-09  2.97e+04   158s
[2025-08-21 13:48:59] DEBUG    31   1.62027959e+14  1.61957520e+14  3.35e-02 3.56e-09  1.15e+04   164s
[2025-08-21 13:49:04] DEBUG    32   1.62015627e+14  1.61969056e+14  1.82e-02 1.57e-09  7.63e+03   168s
[2025-08-21 13:49:07] DEBUG    33   1.62010230e+14  1.61976911e+14  1.19e-02 1.42e-09  5.46e+03   172s
[2025-08-21 13:49:11] DEBUG    34   1.62008738e+14  1.61980295e+14  1.03e-02 2.60e-09  4.66e+03   175s
[2025-08-21 13:49:15] DEBUG    35   1.62008256e+14  1.61984025e+14  9.84e-03 2.71e-09  3.97e+03   179s
[2025-08-21 13:49:21] DEBUG    36   1.62002544e+14  1.61985467e+14  4.08e-03 2.60e-09  2.80e+03   185s
[2025-08-21 13:49:27] DEBUG    37   1.62001301e+14  1.61992335e+14  3.01e-03 7.69e-09  1.47e+03   191s
[2025-08-21 13:49:35] DEBUG    38   1.61999855e+14  1.61994261e+14  1.91e-03 7.98e-09  9.16e+02   199s
[2025-08-21 13:49:40] DEBUG    39   1.61998800e+14  1.61995622e+14  1.14e-03 6.53e-09  5.21e+02   204s
[2025-08-21 13:49:46] DEBUG    40   1.61998211e+14  1.61996032e+14  7.39e-04 5.00e-09  3.57e+02   210s
[2025-08-21 13:49:52] DEBUG    41   1.61997875e+14  1.61996188e+14  5.15e-04 1.95e-07  2.76e+02   216s
[2025-08-21 13:49:55] DEBUG    42   1.61997729e+14  1.61996315e+14  4.20e-04 4.86e-07  2.32e+02   219s
[2025-08-21 13:49:59] DEBUG    43   1.61997608e+14  1.61996471e+14  3.43e-04 7.54e-07  1.86e+02   223s
[2025-08-21 13:50:04] DEBUG    44   1.61997470e+14  1.61996590e+14  2.56e-04 8.91e-07  1.44e+02   228s
[2025-08-21 13:50:12] DEBUG    45   1.61997365e+14  1.61996722e+14  1.93e-04 9.38e-07  1.05e+02   236s
[2025-08-21 13:50:21] DEBUG    46   1.61997332e+14  1.61996786e+14  1.73e-04 9.02e-07  8.94e+01   245s
[2025-08-21 13:50:30] DEBUG    47   1.61997285e+14  1.61996846e+14  1.45e-04 8.43e-07  7.18e+01   254s
[2025-08-21 13:50:38] DEBUG    48   1.61997239e+14  1.61996883e+14  1.19e-04 7.82e-07  5.83e+01   262s
[2025-08-21 13:50:45] DEBUG    49   1.61997204e+14  1.61996910e+14  9.91e-05 7.16e-07  4.82e+01   269s
[2025-08-21 13:50:53] DEBUG    50   1.61997155e+14  1.61996933e+14  7.02e-05 6.44e-07  3.64e+01   277s
[2025-08-21 13:51:02] DEBUG    51   1.61997127e+14  1.61996951e+14  5.42e-05 5.68e-07  2.89e+01   286s
[2025-08-21 13:51:11] DEBUG    52   1.61997114e+14  1.61996962e+14  4.71e-05 5.11e-07  2.49e+01   295s
[2025-08-21 13:51:16] DEBUG    53   1.61997088e+14  1.61996967e+14  3.24e-05 4.85e-07  1.99e+01   300s
[2025-08-21 13:51:24] DEBUG    54   1.61997076e+14  1.61996983e+14  2.53e-05 3.88e-07  1.51e+01   308s
[2025-08-21 13:51:32] DEBUG    55   1.61997065e+14  1.61996990e+14  1.94e-05 3.89e-07  1.23e+01   316s
[2025-08-21 13:51:41] DEBUG    56   1.61997060e+14  1.61996994e+14  1.67e-05 4.05e-07  1.08e+01   325s
[2025-08-21 13:51:48] DEBUG    57   1.61997056e+14  1.61996997e+14  1.47e-05 4.27e-07  9.62e+00   332s
[2025-08-21 13:51:57] DEBUG    58   1.61997053e+14  1.61997001e+14  1.30e-05 4.73e-07  8.50e+00   341s
[2025-08-21 13:52:03] DEBUG    59   1.61997044e+14  1.61997002e+14  8.02e-06 4.99e-07  6.86e+00   347s
[2025-08-21 13:52:10] DEBUG    60   1.61997043e+14  1.61997004e+14  7.41e-06 5.11e-07  6.38e+00   354s
[2025-08-21 13:52:17] DEBUG    61   1.61997040e+14  1.61997007e+14  6.09e-06 5.89e-07  5.41e+00   361s
[2025-08-21 13:52:24] DEBUG    62   1.61997038e+14  1.61997010e+14  4.87e-06 6.53e-07  4.55e+00   368s
[2025-08-21 13:52:24] DEBUG    Barrier performed 62 iterations in 367.80 seconds (88.97 work units)
[2025-08-21 13:52:24] DEBUG    Barrier solve interrupted - model solved by another algorithm
[2025-08-21 13:52:24] DEBUG    Solved with dual simplex
[2025-08-21 13:52:32] DEBUG    Iteration    Objective       Primal Inf.    Dual Inf.      Time
[2025-08-21 13:52:32] DEBUG    446319    1.6199703e+14   0.000000e+00   0.000000e+00    376s

Solved in 446319 iterations and 376.46 seconds (131.03 work units)
[2025-08-21 13:52:32] DEBUG    Optimal objective  1.619970279e+14
✅ Scenario completato: existing_VRES_2030_nostorage

🚀 Lancio scenario: existing_CG+VRES_2030_BESS
[2025-08-21 14:05:08] INFO     Loading sets
[2025-08-21 14:05:08] INFO     Loading parameters
[2025-08-21 14:05:43] INFO     constraints are loaded in the following order: ['energy_balance', 'dispatch', 'costs', 'capacity', 'network', 'policy', 'conversion', 'group', 'conversion_plus', 'milp', 'export']
[2025-08-21 14:05:43] INFO     creating energy_balance constraints
[2025-08-21 14:08:41] INFO     creating dispatch constraints
[2025-08-21 14:10:37] INFO     creating costs constraints
[2025-08-21 14:24:22] INFO     creating capacity constraints
[2025-08-21 14:24:22] INFO     creating network constraints
[2025-08-21 14:24:22] INFO     creating policy constraints
[2025-08-21 14:24:22] INFO     creating conversion constraints
[2025-08-21 14:24:22] INFO     creating group constraints
[2025-08-21 14:24:22] INFO     creating conversion_plus constraints
[2025-08-21 14:24:22] INFO     creating milp constraints
[2025-08-21 14:24:22] INFO     creating export constraints
[2025-08-21 14:36:41] DEBUG    Set parameter WLSAccessID
Set parameter WLSSecret
Set parameter LicenseID to value 2680226
[2025-08-21 14:36:41] DEBUG    Academic license 2680226 - for non-commercial use only - registered to an___@mail.polimi.it
[2025-08-21 14:37:16] DEBUG    Read LP format model from file /tmp/tmp3lesgefa.pyomo.lp
Reading time = 35.26 seconds
x17374193: 23304744 rows, 17374193 columns, 56654224 nonzeros
[2025-08-21 14:37:16] DEBUG    Set parameter NumericFocus to value 1
Gurobi Optimizer version 12.0.2 build v12.0.2rc0 (linux64 - "Debian GNU/Linux 11 (bullseye)")

CPU model: Intel(R) Xeon(R) Silver 4314 CPU @ 2.40GHz, instruction set [SSE2|AVX|AVX2|AVX512]
Thread count: 32 physical cores, 64 logical processors, using up to 32 threads

Non-default parameters:
NumericFocus  1
[2025-08-21 14:37:16] DEBUG    Academic license 2680226 - for non-commercial use only - registered to an___@mail.polimi.it
Optimize a model with 23304744 rows, 17374193 columns and 56654224 nonzeros
[2025-08-21 14:37:17] DEBUG    Model fingerprint: 0x1c66f6ff
[2025-08-21 14:37:17] DEBUG    Coefficient statistics:
  Matrix range     [1e-07, 3e+02]
  Objective range  [1e+00, 1e+06]
  Bounds range     [0e+00, 0e+00]
  RHS range        [1e+00, 2e+08]
[2025-08-21 14:37:23] DEBUG    Presolve removed 18528849 rows and 10101254 columns (presolve time = 6s)...
[2025-08-21 14:37:27] DEBUG    Presolve removed 18538142 rows and 11910000 columns (presolve time = 10s)...
[2025-08-21 14:37:32] DEBUG    Presolve removed 20406995 rows and 13728074 columns (presolve time = 15s)...
[2025-08-21 14:37:37] DEBUG    Presolve removed 20407571 rows and 13815674 columns (presolve time = 20s)...
[2025-08-21 14:37:40] DEBUG    Presolve removed 20556474 rows and 13815674 columns
[2025-08-21 14:38:09] DEBUG    Presolve time: 53.20s
Presolved: 2748270 rows, 3707422 columns, 11370955 nonzeros

Concurrent LP optimizer: primal simplex, dual simplex, and barrier
Showing barrier log only...
[2025-08-21 14:38:13] DEBUG    Ordering time: 1.91s
[2025-08-21 14:38:15] DEBUG    Barrier statistics:
 Dense cols : 144
[2025-08-21 14:38:15] DEBUG    AA' NZ     : 1.102e+07
 Factor NZ  : 6.009e+07 (roughly 3.0 GB of memory)
 Factor Ops : 1.098e+10 (less than 1 second per iteration)
 Threads    : 30
[2025-08-21 14:38:20] DEBUG    Objective                Residual
[2025-08-21 14:38:20] DEBUG    Iter       Primal          Dual         Primal    Dual     Compl     Time
[2025-08-21 14:38:21] DEBUG    0   5.91134909e+18 -4.58069520e+17  2.21e+08 1.24e-11  3.95e+12    64s
[2025-08-21 14:38:26] DEBUG    1   4.71806476e+18 -4.07564722e+17  1.73e+08 3.82e+04  2.62e+12    70s
[2025-08-21 14:38:33] DEBUG    2   4.15453213e+18 -3.73372253e+17  1.54e+08 1.27e+04  2.12e+12    76s
[2025-08-21 14:38:42] DEBUG    3   3.10250949e+18 -3.47723824e+17  1.20e+08 3.82e+03  1.58e+12    86s
[2025-08-21 14:38:49] DEBUG    4   2.44669785e+18 -3.32543483e+17  9.72e+07 2.49e+03  1.26e+12    92s
[2025-08-21 14:38:54] DEBUG    5   2.05344466e+18 -3.20006346e+17  8.17e+07 1.81e+03  1.06e+12    98s
[2025-08-21 14:38:57] DEBUG    6   1.57620499e+18 -3.07285781e+17  6.29e+07 1.41e+03  8.15e+11   101s
[2025-08-21 14:39:01] DEBUG    7   1.07619425e+18 -2.87816031e+17  4.34e+07 1.08e+03  5.66e+11   105s
[2025-08-21 14:39:08] DEBUG    8   5.82998808e+17 -2.53217780e+17  2.52e+07 6.74e+02  3.30e+11   111s
[2025-08-21 14:39:16] DEBUG    9   1.33651046e+17 -1.72302833e+17  6.12e+06 1.52e+02  9.04e+10   119s
[2025-08-21 14:39:23] DEBUG    10   2.63686850e+16 -5.96247393e+16  1.33e+06 1.50e+01  1.86e+10   127s
[2025-08-21 14:39:28] DEBUG    11   5.87689712e+13 -1.71359279e+16  1.90e+03 1.33e+00  2.19e+09   132s
[2025-08-21 14:39:34] DEBUG    12   1.81153414e+12 -1.46642747e+14  9.15e-02 1.11e-02  1.88e+07   138s
[2025-08-21 14:39:39] DEBUG    13   1.50591418e+12 -3.40934319e+13  1.71e-04 1.81e-03  4.48e+06   143s
[2025-08-21 14:39:44] DEBUG    14   1.19319367e+12 -2.76554838e+13  8.03e-05 1.29e-03  3.61e+06   148s
[2025-08-21 14:39:48] DEBUG    15   9.14252750e+11 -2.07447305e+13  5.04e-05 8.13e-04  2.70e+06   152s
[2025-08-21 14:39:56] DEBUG    16   6.56662919e+11 -1.39714135e+13  2.13e-05 4.09e-04  1.82e+06   159s
[2025-08-21 14:40:04] DEBUG    17   5.01008645e+11 -9.05473350e+12  1.46e-05 1.47e-04  1.18e+06   167s
[2025-08-21 14:40:08] DEBUG    18   4.61644195e+11 -5.32507760e+12  8.96e-06 6.46e-09  7.17e+05   172s
[2025-08-21 14:40:13] DEBUG    19   3.05762157e+11 -4.30934825e+12  5.56e-06 5.15e-09  5.71e+05   176s
[2025-08-21 14:40:17] DEBUG    20   2.90640664e+11 -3.49361882e+12  5.03e-06 4.14e-09  4.68e+05   181s
[2025-08-21 14:40:22] DEBUG    21   2.53178825e+11 -2.19675453e+12  3.78e-06 2.65e-09  3.03e+05   185s
[2025-08-21 14:40:27] DEBUG    22   1.85161271e+11 -1.16681797e+12  3.07e-06 1.43e-09  1.67e+05   191s
[2025-08-21 14:40:34] DEBUG    23   1.37056934e+11 -7.11149577e+11  2.71e-06 8.46e-10  1.05e+05   197s
[2025-08-21 14:40:38] DEBUG    24   1.10565606e+11 -4.96957764e+11  1.95e-06 5.97e-10  7.50e+04   202s
[2025-08-21 14:40:45] DEBUG    25   8.89541040e+10 -2.86147057e+11  1.67e-06 3.53e-10  4.63e+04   209s
[2025-08-21 14:40:53] DEBUG    26   7.82756308e+10 -1.99604846e+11  1.44e-06 3.49e-10  3.43e+04   217s
[2025-08-21 14:41:00] DEBUG    27   7.24625036e+10 -1.43234586e+11  1.29e-06 2.33e-10  2.66e+04   224s
[2025-08-21 14:41:09] DEBUG    28   6.70184380e+10 -1.18810908e+11  6.94e-06 2.33e-10  2.29e+04   233s
[2025-08-21 14:41:18] DEBUG    29   5.38658853e+10 -5.62366522e+10  1.66e-05 2.33e-10  1.36e+04   242s
[2025-08-21 14:41:29] DEBUG    30   4.67780905e+10 -3.97366041e+10  1.22e-05 2.33e-10  1.07e+04   253s
[2025-08-21 14:41:37] DEBUG    31   4.52764833e+10 -3.34630162e+10  1.14e-05 2.33e-10  9.72e+03   261s
[2025-08-21 14:41:49] DEBUG    32   4.45307110e+10 -2.58932109e+10  1.07e-05 2.33e-10  8.69e+03   273s
[2025-08-21 14:41:57] DEBUG    33   3.91584358e+10 -1.92289073e+10  1.20e-05 2.33e-10  7.21e+03   281s
[2025-08-21 14:42:08] DEBUG    34   3.67981283e+10 -2.42470902e+09  1.62e-05 3.49e-10  4.84e+03   292s
[2025-08-21 14:42:20] DEBUG    35   3.64318123e+10  1.62719847e+09  1.42e-05 2.33e-10  4.29e+03   304s
[2025-08-21 14:42:34] DEBUG    36   2.51174075e+10  8.36329777e+09  1.88e-05 3.49e-10  2.07e+03   318s
[2025-08-21 14:42:47] DEBUG    37   2.16762960e+10  1.20790229e+10  1.16e-05 3.49e-10  1.18e+03   330s
[2025-08-21 14:42:57] DEBUG    38   1.98057061e+10  1.31425846e+10  8.32e-06 1.62e-08  8.22e+02   341s
[2025-08-21 14:43:06] DEBUG    39   1.89187874e+10  1.37202353e+10  6.78e-06 1.54e-08  6.41e+02   350s
[2025-08-21 14:43:13] DEBUG    40   1.85213005e+10  1.40585701e+10  6.21e-06 8.13e-09  5.51e+02   356s
[2025-08-21 14:43:19] DEBUG    41   1.78644390e+10  1.42893829e+10  4.28e-06 1.32e-08  4.41e+02   363s
[2025-08-21 14:43:24] DEBUG    42   1.73127164e+10  1.45132422e+10  3.40e-06 1.09e-08  3.45e+02   367s
[2025-08-21 14:43:29] DEBUG    43   1.71913533e+10  1.46868870e+10  3.19e-06 8.85e-09  3.09e+02   373s
[2025-08-21 14:43:38] DEBUG    44   1.70836488e+10  1.48274223e+10  2.97e-06 4.60e-09  2.78e+02   382s
[2025-08-21 14:43:49] DEBUG    45   1.66509767e+10  1.48638061e+10  2.31e-06 4.80e-09  2.21e+02   393s
[2025-08-21 14:44:02] DEBUG    46   1.61607581e+10  1.50279621e+10  1.47e-06 1.80e-08  1.40e+02   406s
[2025-08-21 14:44:15] DEBUG    47   1.59271173e+10  1.51113175e+10  9.98e-07 1.82e-08  1.01e+02   418s
[2025-08-21 14:44:27] DEBUG    48   1.57825903e+10  1.51460263e+10  6.93e-07 2.57e-08  7.85e+01   431s
[2025-08-21 14:44:40] DEBUG    49   1.57185882e+10  1.51868458e+10  5.89e-07 3.53e-08  6.56e+01   443s
[2025-08-21 14:44:52] DEBUG    50   1.56313872e+10  1.52162850e+10  4.51e-07 5.01e-08  5.12e+01   456s
[2025-08-21 14:45:05] DEBUG    51   1.55753882e+10  1.52324951e+10  3.65e-07 6.15e-08  4.23e+01   469s
[2025-08-21 14:45:20] DEBUG    52   1.55308956e+10  1.52512085e+10  2.98e-07 7.39e-08  3.45e+01   484s
[2025-08-21 14:45:39] DEBUG    53   1.54831456e+10  1.52641975e+10  2.27e-07 8.79e-08  2.70e+01   503s
[2025-08-21 14:45:54] DEBUG    54   1.54492622e+10  1.52806308e+10  1.79e-07 1.01e-07  2.08e+01   518s
[2025-08-21 14:46:11] DEBUG    55   1.54204594e+10  1.52887471e+10  1.34e-07 1.09e-07  1.63e+01   535s
[2025-08-21 14:46:27] DEBUG    56   1.54041967e+10  1.52984562e+10  1.08e-07 1.11e-07  1.30e+01   551s
[2025-08-21 14:46:45] DEBUG    57   1.53887607e+10  1.53051031e+10  8.57e-08 8.99e-08  1.03e+01   569s
[2025-08-21 14:47:01] DEBUG    58   1.53799538e+10  1.53112041e+10  7.45e-08 6.99e-08  8.48e+00   584s
[2025-08-21 14:47:17] DEBUG    59   1.53702011e+10  1.53152720e+10  6.71e-08 5.64e-08  6.78e+00   601s
[2025-08-21 14:47:34] DEBUG    60   1.53642158e+10  1.53177891e+10  5.22e-08 4.77e-08  5.73e+00   618s
[2025-08-21 14:47:47] DEBUG    61   1.53574091e+10  1.53186546e+10  4.10e-08 4.46e-08  4.78e+00   631s
[2025-08-21 14:48:03] DEBUG    62   1.53544792e+10  1.53216202e+10  3.73e-08 4.10e-08  4.05e+00   647s
[2025-08-21 14:48:18] DEBUG    63   1.53488423e+10  1.53233349e+10  4.47e-08 3.79e-08  3.15e+00   662s
[2025-08-21 14:48:34] DEBUG    64   1.53447384e+10  1.53245661e+10  4.84e-08 3.40e-08  2.49e+00   678s
[2025-08-21 14:48:51] DEBUG    65   1.53424972e+10  1.53258715e+10  4.84e-08 3.27e-08  2.05e+00   694s
[2025-08-21 14:49:07] DEBUG    66   1.53403565e+10  1.53268578e+10  3.35e-08 4.12e-08  1.67e+00   710s
[2025-08-21 14:49:23] DEBUG    67   1.53377236e+10  1.53282250e+10  4.10e-08 3.14e-08  1.17e+00   726s
[2025-08-21 14:49:40] DEBUG    68   1.53359902e+10  1.53286718e+10  3.73e-08 2.83e-08  9.03e-01   744s
[2025-08-21 14:49:55] DEBUG    69   1.53341920e+10  1.53294765e+10  4.10e-08 1.96e-08  5.82e-01   759s
[2025-08-21 14:50:12] DEBUG    70   1.53333226e+10  1.53296674e+10  4.10e-08 1.63e-08  4.51e-01   776s
[2025-08-21 14:50:26] DEBUG    71   1.53329689e+10  1.53299006e+10  3.73e-08 1.96e-08  3.79e-01   790s
[2025-08-21 14:50:39] DEBUG    72   1.53315562e+10  1.53300552e+10  4.47e-08 2.04e-08  1.85e-01   802s
[2025-08-21 14:50:53] DEBUG    73   1.53311429e+10  1.53301374e+10  4.10e-08 1.50e-08  1.24e-01   816s
[2025-08-21 14:51:03] DEBUG    74   1.53308611e+10  1.53302198e+10  4.47e-08 1.17e-08  7.91e-02   826s
[2025-08-21 14:51:10] DEBUG    75   1.53306238e+10  1.53302377e+10  3.35e-08 1.38e-08  4.76e-02   834s
[2025-08-21 14:51:18] DEBUG    76   1.53304487e+10  1.53302566e+10  4.84e-08 1.11e-08  2.37e-02   841s
[2025-08-21 14:51:25] DEBUG    77   1.53303575e+10  1.53302748e+10  4.47e-08 4.92e-09  1.02e-02   848s
[2025-08-21 14:51:32] DEBUG    78   1.53303220e+10  1.53302792e+10  4.10e-08 5.16e-09  5.28e-03   855s
[2025-08-21 14:51:39] DEBUG    79   1.53303126e+10  1.53302807e+10  4.84e-08 5.75e-09  3.93e-03   863s
[2025-08-21 14:51:45] DEBUG    80   1.53303001e+10  1.53302838e+10  4.10e-08 5.14e-09  2.01e-03   869s
[2025-08-21 14:51:52] DEBUG    81   1.53302903e+10  1.53302853e+10  4.84e-08 5.62e-09  6.15e-04   875s
[2025-08-21 14:51:59] DEBUG    82   1.53302868e+10  1.53302856e+10  4.47e-08 2.75e-09  1.51e-04   882s
[2025-08-21 14:52:05] DEBUG    83   1.53302859e+10  1.53302857e+10  4.84e-08 3.49e-10  1.63e-05   888s
[2025-08-21 14:52:09] DEBUG    84   1.53302858e+10  1.53302858e+10  4.84e-08 4.66e-10  4.34e-07   893s
[2025-08-21 14:52:13] DEBUG    85   1.53302858e+10  1.53302858e+10  4.47e-08 3.49e-10  2.31e-11   897s
[2025-08-21 14:52:14] DEBUG    Barrier solved model in 85 iterations and 897.33 seconds (252.22 work units)
Optimal objective 1.53302858e+10
[2025-08-21 14:52:14] DEBUG    Crossover log...
[2025-08-21 14:52:15] DEBUG    562516 DPushes remaining with DInf 7.6472335e-01               899s
[2025-08-21 14:52:16] DEBUG    115439 DPushes remaining with DInf 4.1064140e-01               900s
[2025-08-21 14:52:19] DEBUG    0 DPushes remaining with DInf 3.9122012e-01               903s
[2025-08-21 14:52:20] DEBUG    69830 PPushes remaining with PInf 2.0114239e-06               903s
[2025-08-21 14:52:21] DEBUG    0 PPushes remaining with PInf 0.0000000e+00               905s
[2025-08-21 14:52:21] DEBUG    Push phase complete: Pinf 0.0000000e+00, Dinf 6.3481961e-01    905s
[2025-08-21 14:52:22] DEBUG    Iteration    Objective       Primal Inf.    Dual Inf.      Time
[2025-08-21 14:52:22] DEBUG    454687    1.5330286e+10   0.000000e+00   6.348196e-01    905s
[2025-08-21 14:52:24] DEBUG    Solved with barrier
[2025-08-21 14:52:37] DEBUG    459012    1.5330286e+10   0.000000e+00   0.000000e+00    920s
[2025-08-21 14:52:37] DEBUG    Solved in 459012 iterations and 920.38 seconds (274.55 work units)
[2025-08-21 14:52:37] DEBUG    Optimal objective  1.533028577e+10
Warning: unscaled dual violation = 5.13719e-06 and residual = 1.86304e-11
✅ Scenario completato: existing_CG+VRES_2030_BESS

🚀 Lancio scenario: existing_CG+VRES_2030_nostorage
[2025-08-21 15:03:39] INFO     Loading sets
[2025-08-21 15:03:39] INFO     Loading parameters
[2025-08-21 15:04:13] INFO     constraints are loaded in the following order: ['energy_balance', 'dispatch', 'costs', 'capacity', 'network', 'policy', 'conversion', 'group', 'conversion_plus', 'milp', 'export']
[2025-08-21 15:04:13] INFO     creating energy_balance constraints
[2025-08-21 15:07:00] INFO     creating dispatch constraints
[2025-08-21 15:08:47] INFO     creating costs constraints
[2025-08-21 15:23:39] INFO     creating capacity constraints
[2025-08-21 15:23:39] INFO     creating network constraints
[2025-08-21 15:23:39] INFO     creating policy constraints
[2025-08-21 15:23:39] INFO     creating conversion constraints
[2025-08-21 15:23:39] INFO     creating group constraints
[2025-08-21 15:23:39] INFO     creating conversion_plus constraints
[2025-08-21 15:23:39] INFO     creating milp constraints
[2025-08-21 15:23:39] INFO     creating export constraints
[2025-08-21 15:35:10] DEBUG    Set parameter WLSAccessID
Set parameter WLSSecret
Set parameter LicenseID to value 2680226
[2025-08-21 15:35:10] DEBUG    Academic license 2680226 - for non-commercial use only - registered to an___@mail.polimi.it
[2025-08-21 15:35:43] DEBUG    Read LP format model from file /tmp/tmpemxni2_k.pyomo.lp
Reading time = 32.42 seconds
x16103819: 21526290 rows, 16103819 columns, 52081185 nonzeros
[2025-08-21 15:35:43] DEBUG    Set parameter NumericFocus to value 1
Gurobi Optimizer version 12.0.2 build v12.0.2rc0 (linux64 - "Debian GNU/Linux 11 (bullseye)")

CPU model: Intel(R) Xeon(R) Silver 4314 CPU @ 2.40GHz, instruction set [SSE2|AVX|AVX2|AVX512]
Thread count: 32 physical cores, 64 logical processors, using up to 32 threads

Non-default parameters:
NumericFocus  1
[2025-08-21 15:35:43] DEBUG    Academic license 2680226 - for non-commercial use only - registered to an___@mail.polimi.it
Optimize a model with 21526290 rows, 16103819 columns and 52081185 nonzeros
[2025-08-21 15:35:43] DEBUG    Model fingerprint: 0xf9346d02
[2025-08-21 15:35:44] DEBUG    Coefficient statistics:
  Matrix range     [1e-07, 3e+02]
  Objective range  [1e+00, 1e+06]
  Bounds range     [0e+00, 0e+00]
  RHS range        [1e+00, 2e+08]
[2025-08-21 15:35:49] DEBUG    Presolve removed 18020653 rows and 9593058 columns (presolve time = 6s)...
[2025-08-21 15:35:55] DEBUG    Presolve removed 19644730 rows and 13016588 columns (presolve time = 11s)...
[2025-08-21 15:35:59] DEBUG    Presolve removed 19644730 rows and 13016588 columns (presolve time = 15s)...
[2025-08-21 15:36:02] DEBUG    Presolve removed 19794151 rows and 13104188 columns
[2025-08-21 15:36:02] DEBUG    Presolve time: 19.33s
Presolved: 1732139 rows, 3148534 columns, 7103257 nonzeros

Concurrent LP optimizer: primal simplex, dual simplex, and barrier
Showing barrier log only...
[2025-08-21 15:36:04] DEBUG    Ordering time: 0.86s
[2025-08-21 15:36:05] DEBUG    Barrier statistics:
 Dense cols : 115
 AA' NZ     : 4.063e+06
 Factor NZ  : 2.549e+07 (roughly 2.0 GB of memory)
 Factor Ops : 1.252e+09 (less than 1 second per iteration)
 Threads    : 30
[2025-08-21 15:36:09] DEBUG    Objective                Residual
[2025-08-21 15:36:09] DEBUG    Iter       Primal          Dual         Primal    Dual     Compl     Time
[2025-08-21 15:36:09] DEBUG    0   6.51396811e+18 -5.03061237e+17  2.40e+08 1.11e-11  4.86e+12    27s
[2025-08-21 15:36:14] DEBUG    1   5.26525762e+18 -4.50926096e+17  1.90e+08 3.52e+04  3.42e+12    31s
[2025-08-21 15:36:20] DEBUG    2   4.78899798e+18 -4.13610972e+17  1.75e+08 1.07e+04  3.01e+12    37s
[2025-08-21 15:36:27] DEBUG    3   2.99466924e+18 -3.93074504e+17  1.19e+08 1.84e+03  2.02e+12    45s
[2025-08-21 15:36:33] DEBUG    4   2.36029289e+18 -3.62518911e+17  9.54e+07 6.62e+02  1.59e+12    51s
[2025-08-21 15:36:38] DEBUG    5   1.66791614e+18 -3.36845848e+17  6.74e+07 4.20e+02  1.12e+12    55s
[2025-08-21 15:36:43] DEBUG    6   1.42910123e+18 -2.93514134e+17  5.78e+07 1.44e+02  9.41e+11    60s
[2025-08-21 15:36:47] DEBUG    7   1.18786604e+18 -2.73210251e+17  4.80e+07 9.21e+01  7.77e+11    64s
[2025-08-21 15:36:51] DEBUG    8   7.07008033e+17 -2.13042619e+17  2.87e+07 1.83e+01  4.52e+11    68s
[2025-08-21 15:36:57] DEBUG    9   6.49388234e+16 -1.32147328e+17  2.64e+06 1.03e+00  5.56e+10    74s
[2025-08-21 15:37:01] DEBUG    10   1.91126822e+16 -1.07558238e+17  8.05e+05 8.29e-01  2.64e+10    79s
[2025-08-21 15:37:07] DEBUG    11   1.48619431e+15 -1.82647048e+16  6.17e+04 3.69e-02  3.25e+09    84s
[2025-08-21 15:37:13] DEBUG    12   7.37588018e+12 -2.71695257e+14  1.56e+02 4.80e-07  4.25e+07    91s
[2025-08-21 15:37:20] DEBUG    13   1.18293650e+12 -9.73338349e+13  9.28e-02 1.64e-07  1.50e+07    97s
[2025-08-21 15:37:24] DEBUG    14   7.03253482e+11 -6.59014557e+13  2.91e-02 1.05e-07  1.01e+07   102s
[2025-08-21 15:37:30] DEBUG    15   6.44591522e+11 -3.47871679e+13  4.84e-08 5.20e-08  5.38e+06   107s
[2025-08-21 15:37:35] DEBUG    16   5.26242173e+11 -1.55301817e+13  4.10e-08 2.13e-08  2.44e+06   112s
[2025-08-21 15:37:39] DEBUG    17   4.00708629e+11 -8.67050028e+12  2.98e-08 1.14e-08  1.38e+06   116s
[2025-08-21 15:37:46] DEBUG    18   2.82244872e+11 -5.31499983e+12  5.59e-08 6.75e-09  8.51e+05   123s
[2025-08-21 15:37:50] DEBUG    19   1.96970489e+11 -3.82102278e+12  3.73e-08 4.70e-09  6.11e+05   128s
[2025-08-21 15:37:55] DEBUG    20   1.30269221e+11 -1.34900069e+12  4.10e-08 1.47e-09  2.25e+05   133s
[2025-08-21 15:38:00] DEBUG    21   1.04029945e+11 -7.10251910e+11  4.47e-08 7.83e-10  1.24e+05   137s
[2025-08-21 15:38:06] DEBUG    22   8.74477044e+10 -3.45008789e+11  7.82e-08 4.08e-10  6.57e+04   143s
[2025-08-21 15:38:11] DEBUG    23   8.37853127e+10 -2.98563910e+11  1.01e-07 3.55e-10  5.81e+04   148s
[2025-08-21 15:38:18] DEBUG    24   8.05920216e+10 -2.38613052e+11  1.08e-07 3.49e-10  4.85e+04   156s
[2025-08-21 15:38:26] DEBUG    25   7.25276326e+10 -1.95478393e+11  5.48e-07 2.47e-10  4.07e+04   163s
[2025-08-21 15:38:38] DEBUG    26   6.19787590e+10 -6.30176172e+10  9.54e-07 3.49e-10  1.90e+04   175s
[2025-08-21 15:38:48] DEBUG    27   5.30498406e+10 -4.90333995e+10  7.45e-07 3.49e-10  1.55e+04   185s
[2025-08-21 15:38:58] DEBUG    28   4.88591985e+10 -2.91560556e+10  6.52e-07 3.49e-10  1.19e+04   195s
[2025-08-21 15:39:11] DEBUG    29   4.04846981e+10 -1.98943136e+10  4.64e-07 3.49e-10  9.18e+03   208s
[2025-08-21 15:39:19] DEBUG    30   3.91478891e+10 -1.00761998e+10  4.38e-07 2.33e-10  7.48e+03   216s
[2025-08-21 15:39:32] DEBUG    31   3.36171768e+10  3.08940807e+09  3.26e-07 2.33e-10  4.64e+03   229s
[2025-08-21 15:39:45] DEBUG    32   3.23978314e+10  5.45753372e+09  3.04e-07 2.33e-10  4.09e+03   242s
[2025-08-21 15:40:00] DEBUG    33   2.94150024e+10  9.36999729e+09  2.55e-07 3.49e-10  3.05e+03   257s
[2025-08-21 15:40:14] DEBUG    34   2.47766367e+10  1.19482213e+10  1.64e-07 2.33e-10  1.95e+03   271s
[2025-08-21 15:40:27] DEBUG    35   2.25622437e+10  1.38683102e+10  1.29e-07 3.49e-10  1.32e+03   285s
[2025-08-21 15:40:40] DEBUG    36   2.01825608e+10  1.45135982e+10  8.57e-08 3.49e-10  8.62e+02   297s
[2025-08-21 15:40:50] DEBUG    37   1.85823609e+10  1.48713817e+10  5.77e-08 3.49e-10  5.64e+02   307s
[2025-08-21 15:40:57] DEBUG    38   1.78007972e+10  1.50206387e+10  3.91e-08 2.33e-10  4.22e+02   315s
[2025-08-21 15:41:04] DEBUG    39   1.72646123e+10  1.51117699e+10  4.10e-08 1.10e-09  3.27e+02   322s
[2025-08-21 15:41:11] DEBUG    40   1.68662817e+10  1.51713438e+10  3.73e-08 3.42e-09  2.58e+02   328s
[2025-08-21 15:41:19] DEBUG    41   1.63997919e+10  1.52100462e+10  4.10e-08 3.03e-09  1.81e+02   337s
[2025-08-21 15:41:27] DEBUG    42   1.61902265e+10  1.52359239e+10  4.84e-08 2.80e-09  1.45e+02   345s
[2025-08-21 15:41:38] DEBUG    43   1.60915611e+10  1.52554083e+10  3.73e-08 2.76e-09  1.27e+02   355s
[2025-08-21 15:41:47] DEBUG    44   1.58688878e+10  1.52703892e+10  3.35e-08 2.94e-09  9.10e+01   364s
[2025-08-21 15:41:56] DEBUG    45   1.58155916e+10  1.52825866e+10  4.10e-08 2.90e-09  8.10e+01   374s
[2025-08-21 15:42:07] DEBUG    46   1.57864293e+10  1.52927506e+10  3.35e-08 2.92e-09  7.50e+01   384s
[2025-08-21 15:42:20] DEBUG    47   1.57000735e+10  1.53027669e+10  4.10e-08 3.24e-09  6.04e+01   397s
[2025-08-21 15:42:34] DEBUG    48   1.56412685e+10  1.53094937e+10  3.35e-08 3.19e-09  5.04e+01   411s
[2025-08-21 15:42:52] DEBUG    49   1.55590898e+10  1.53169736e+10  4.10e-08 2.85e-09  3.68e+01   429s
[2025-08-21 15:43:10] DEBUG    50   1.55035158e+10  1.53215337e+10  2.98e-08 7.55e-09  2.77e+01   447s
[2025-08-21 15:43:24] DEBUG    51   1.54520041e+10  1.53245625e+10  4.10e-08 1.43e-08  1.94e+01   461s
[2025-08-21 15:43:39] DEBUG    52   1.54177889e+10  1.53266570e+10  4.10e-08 1.79e-08  1.38e+01   477s
[2025-08-21 15:43:54] DEBUG    53   1.53970739e+10  1.53280787e+10  3.35e-08 1.75e-08  1.05e+01   492s
[2025-08-21 15:44:06] DEBUG    54   1.53819543e+10  1.53287958e+10  3.73e-08 2.22e-08  8.08e+00   504s
[2025-08-21 15:44:15] DEBUG    55   1.53749788e+10  1.53288445e+10  4.10e-08 2.26e-08  7.01e+00   513s
[2025-08-21 15:44:25] DEBUG    56   1.53708237e+10  1.53290940e+10  3.73e-08 2.25e-08  6.34e+00   522s
[2025-08-21 15:44:35] DEBUG    57   1.53702446e+10  1.53293422e+10  3.73e-08 2.21e-08  6.22e+00   533s
[2025-08-21 15:44:48] DEBUG    58   1.53561533e+10  1.53293728e+10  3.35e-08 2.19e-08  4.07e+00   545s
[2025-08-21 15:45:02] DEBUG    59   1.53494581e+10  1.53296220e+10  3.73e-08 1.88e-08  3.01e+00   559s
[2025-08-21 15:45:18] DEBUG    60   1.53449257e+10  1.53298375e+10  3.73e-08 1.47e-08  2.29e+00   576s
[2025-08-21 15:45:34] DEBUG    61   1.53401619e+10  1.53299929e+10  2.98e-08 1.09e-08  1.55e+00   591s
[2025-08-21 15:45:50] DEBUG    62   1.53373570e+10  1.53300927e+10  4.10e-08 7.76e-09  1.10e+00   607s
[2025-08-21 15:46:04] DEBUG    63   1.53341424e+10  1.53301440e+10  4.84e-08 8.74e-09  6.08e-01   622s
[2025-08-21 15:46:18] DEBUG    64   1.53321630e+10  1.53302006e+10  3.73e-08 7.74e-09  2.98e-01   635s
[2025-08-21 15:46:25] DEBUG    65   1.53315409e+10  1.53302246e+10  3.73e-08 1.09e-08  2.00e-01   642s
[2025-08-21 15:46:33] DEBUG    66   1.53308214e+10  1.53302395e+10  3.73e-08 1.09e-08  8.84e-02   650s
[2025-08-21 15:46:39] DEBUG    67   1.53306096e+10  1.53302566e+10  3.35e-08 7.06e-09  5.36e-02   656s
[2025-08-21 15:46:44] DEBUG    68   1.53305252e+10  1.53302629e+10  4.47e-08 5.76e-09  3.99e-02   661s
[2025-08-21 15:46:50] DEBUG    69   1.53303971e+10  1.53302730e+10  3.35e-08 3.50e-09  1.89e-02   667s
[2025-08-21 15:46:54] DEBUG    70   1.53303212e+10  1.53302798e+10  4.47e-08 6.90e-09  6.29e-03   672s
[2025-08-21 15:47:00] DEBUG    71   1.53302923e+10  1.53302838e+10  5.22e-08 5.66e-09  1.28e-03   678s
[2025-08-21 15:47:07] DEBUG    72   1.53302874e+10  1.53302849e+10  4.10e-08 4.89e-09  3.90e-04   684s
[2025-08-21 15:47:12] DEBUG    73   1.53302859e+10  1.53302855e+10  4.10e-08 1.82e-09  5.22e-05   689s
[2025-08-21 15:47:16] DEBUG    74   1.53302858e+10  1.53302857e+10  6.71e-08 3.49e-10  4.70e-06   694s
[2025-08-21 15:47:20] DEBUG    75   1.53302858e+10  1.53302858e+10  4.84e-08 4.66e-10  8.07e-09   697s
[2025-08-21 15:47:20] DEBUG    Barrier solved model in 75 iterations and 697.50 seconds (137.44 work units)
Optimal objective 1.53302858e+10
[2025-08-21 15:47:21] DEBUG    Crossover log...
[2025-08-21 15:47:21] DEBUG    231972 DPushes remaining with DInf 0.0000000e+00               698s
[2025-08-21 15:47:23] DEBUG    4904 DPushes remaining with DInf 0.0000000e+00               700s
[2025-08-21 15:47:24] DEBUG    0 DPushes remaining with DInf 0.0000000e+00               701s
[2025-08-21 15:47:24] DEBUG    713174 PPushes remaining with PInf 2.0084262e-04               701s
[2025-08-21 15:47:25] DEBUG    0 PPushes remaining with PInf 0.0000000e+00               703s
[2025-08-21 15:47:25] DEBUG    Push phase complete: Pinf 0.0000000e+00, Dinf 4.1241103e-04    703s
[2025-08-21 15:47:26] DEBUG    Iteration    Objective       Primal Inf.    Dual Inf.      Time
[2025-08-21 15:47:26] DEBUG    938211    1.5330286e+10   0.000000e+00   4.124110e-04    703s
[2025-08-21 15:47:26] DEBUG    Solved with barrier
[2025-08-21 15:47:39] DEBUG    938212    1.5330286e+10   0.000000e+00   0.000000e+00    716s
[2025-08-21 15:47:39] DEBUG    Solved in 938212 iterations and 716.20 seconds (152.11 work units)
[2025-08-21 15:47:39] DEBUG    Optimal objective  1.533028577e+10
[2025-08-21 15:47:39] DEBUG    Warning: unscaled dual violation = 5.13719e-06 and residual = 3.82272e-11
✅ Scenario completato: existing_CG+VRES_2030_nostorage

🚀 Lancio scenario: existing_GT+VRES_2030_PHES
[2025-08-21 15:59:51] INFO     Loading sets
[2025-08-21 15:59:51] INFO     Loading parameters
[2025-08-21 16:00:26] INFO     constraints are loaded in the following order: ['energy_balance', 'dispatch', 'costs', 'capacity', 'network', 'policy', 'conversion', 'group', 'conversion_plus', 'milp', 'export']
[2025-08-21 16:00:26] INFO     creating energy_balance constraints
[2025-08-21 16:03:24] INFO     creating dispatch constraints
[2025-08-21 16:05:22] INFO     creating costs constraints
[2025-08-21 16:14:30] INFO     creating capacity constraints
[2025-08-21 16:14:30] INFO     creating network constraints
[2025-08-21 16:14:30] INFO     creating policy constraints
[2025-08-21 16:14:30] INFO     creating conversion constraints
[2025-08-21 16:14:30] INFO     creating group constraints
[2025-08-21 16:14:30] INFO     creating conversion_plus constraints
[2025-08-21 16:14:30] INFO     creating milp constraints
[2025-08-21 16:14:30] INFO     creating export constraints
[2025-08-21 16:27:16] DEBUG    Set parameter WLSAccessID
Set parameter WLSSecret
Set parameter LicenseID to value 2680226
[2025-08-21 16:27:16] DEBUG    Academic license 2680226 - for non-commercial use only - registered to an___@mail.polimi.it
[2025-08-21 16:27:55] DEBUG    Read LP format model from file /tmp/tmpph7odstt.pyomo.lp
Reading time = 39.19 seconds
x17374193: 23304802 rows, 17374193 columns, 56908322 nonzeros
[2025-08-21 16:27:55] DEBUG    Set parameter NumericFocus to value 1
Gurobi Optimizer version 12.0.2 build v12.0.2rc0 (linux64 - "Debian GNU/Linux 11 (bullseye)")

CPU model: Intel(R) Xeon(R) Silver 4314 CPU @ 2.40GHz, instruction set [SSE2|AVX|AVX2|AVX512]
Thread count: 32 physical cores, 64 logical processors, using up to 32 threads

Non-default parameters:
NumericFocus  1
[2025-08-21 16:27:55] DEBUG    Academic license 2680226 - for non-commercial use only - registered to an___@mail.polimi.it
Optimize a model with 23304802 rows, 17374193 columns and 56908322 nonzeros
[2025-08-21 16:27:56] DEBUG    Model fingerprint: 0x89ed57a7
[2025-08-21 16:27:56] DEBUG    Coefficient statistics:
  Matrix range     [1e-07, 3e+02]
  Objective range  [1e+00, 1e+06]
  Bounds range     [0e+00, 0e+00]
  RHS range        [1e+00, 6e+09]
Warning: Model contains large rhs
[2025-08-21 16:28:03] DEBUG    Presolve removed 18660313 rows and 10180100 columns (presolve time = 7s)...
[2025-08-21 16:28:07] DEBUG    Presolve removed 18660786 rows and 11980000 columns (presolve time = 10s)...
[2025-08-21 16:28:12] DEBUG    Presolve removed 20512254 rows and 13785890 columns (presolve time = 16s)...
[2025-08-21 16:28:17] DEBUG    Presolve removed 20512824 rows and 13873490 columns (presolve time = 21s)...
[2025-08-21 16:28:19] DEBUG    Presolve removed 20661727 rows and 13873490 columns
[2025-08-21 16:28:49] DEBUG    Presolve time: 53.64s
Presolved: 2643075 rows, 3649606 columns, 10929105 nonzeros

Concurrent LP optimizer: primal simplex, dual simplex, and barrier
Showing barrier log only...
[2025-08-21 16:29:00] DEBUG    Elapsed ordering time = 10s
[2025-08-21 16:29:01] DEBUG    Elapsed ordering time = 10s
[2025-08-21 16:29:04] DEBUG    Ordering time: 12.87s
[2025-08-21 16:29:06] DEBUG    Barrier statistics:
[2025-08-21 16:29:06] DEBUG    Dense cols : 141
 AA' NZ     : 1.030e+07
 Factor NZ  : 4.661e+07 (roughly 3.0 GB of memory)
 Factor Ops : 3.055e+09 (less than 1 second per iteration)
 Threads    : 30
[2025-08-21 16:29:11] DEBUG    Objective                Residual
[2025-08-21 16:29:11] DEBUG    Iter       Primal          Dual         Primal    Dual     Compl     Time
[2025-08-21 16:29:11] DEBUG    0   5.19018919e+18 -4.52369860e+17  1.76e+08 1.43e-11  3.38e+12    76s
[2025-08-21 16:29:16] DEBUG    1   4.17997298e+18 -3.97979784e+17  1.40e+08 4.41e+04  2.29e+12    81s
[2025-08-21 16:29:24] DEBUG    2   3.66940853e+18 -3.57260542e+17  1.24e+08 1.57e+04  1.85e+12    88s
[2025-08-21 16:29:33] DEBUG    3   2.45560526e+18 -3.28907834e+17  8.88e+07 4.20e+03  1.26e+12    97s
[2025-08-21 16:29:41] DEBUG    4   1.93078824e+18 -3.08804043e+17  7.16e+07 2.43e+03  9.96e+11   105s
[2025-08-21 16:29:46] DEBUG    5   1.60804375e+18 -2.94310604e+17  5.98e+07 1.80e+03  8.27e+11   111s
[2025-08-21 16:29:52] DEBUG    6   1.35820105e+18 -2.83672947e+17  5.07e+07 1.47e+03  7.03e+11   117s
[2025-08-21 16:29:57] DEBUG    7   1.16170532e+18 -2.67057377e+17  4.36e+07 1.09e+03  5.96e+11   122s
[2025-08-21 16:30:04] DEBUG    8   8.53128444e+17 -2.45420621e+17  3.34e+07 7.39e+02  4.51e+11   129s
[2025-08-21 16:30:14] DEBUG    9   6.12821928e+17 -1.97195973e+17  2.56e+07 2.23e+02  3.20e+11   138s
[2025-08-21 16:30:23] DEBUG    10   2.97801127e+17 -1.50591037e+17  1.35e+07 4.95e+01  1.63e+11   148s
[2025-08-21 16:30:33] DEBUG    11   5.42068810e+16 -7.48050242e+16  2.45e+06 4.84e+00  3.24e+10   158s
[2025-08-21 16:30:40] DEBUG    12   3.76398754e+16 -4.63134724e+16  1.72e+06 2.27e+00  1.95e+10   165s
[2025-08-21 16:30:45] DEBUG    13   1.69784953e+16 -2.75803792e+16  7.76e+05 9.68e-01  8.85e+09   170s
[2025-08-21 16:30:50] DEBUG    14   8.53087125e+15 -1.03294978e+16  3.90e+05 2.35e-01  3.40e+09   175s
[2025-08-21 16:30:55] DEBUG    15   6.82693559e+14 -2.89901521e+15  3.10e+04 3.36e-02  4.96e+08   180s
[2025-08-21 16:31:00] DEBUG    16   2.77728245e+14 -2.53176313e+14  1.25e+04 5.16e-04  7.12e+07   185s
[2025-08-21 16:31:05] DEBUG    17   2.67568632e+12 -2.45600294e+13  7.65e-05 5.22e-04  3.43e+06   190s
[2025-08-21 16:31:12] DEBUG    18   1.72483252e+12 -1.62443321e+13  1.59e-05 3.85e-04  2.26e+06   196s
[2025-08-21 16:31:18] DEBUG    19   1.47083076e+12 -1.11722002e+13  1.30e-05 2.97e-04  1.59e+06   203s
[2025-08-21 16:31:26] DEBUG    20   1.22720193e+12 -8.11843959e+12  6.79e-06 2.14e-04  1.18e+06   211s
[2025-08-21 16:31:34] DEBUG    21   9.88699069e+11 -5.89693433e+12  3.47e-06 1.54e-04  8.67e+05   219s
[2025-08-21 16:31:39] DEBUG    22   7.37423168e+11 -4.19279801e+12  1.97e-06 1.07e-04  6.20e+05   224s
[2025-08-21 16:31:44] DEBUG    23   6.05575969e+11 -2.33441822e+12  3.46e-06 1.16e-04  3.70e+05   229s
[2025-08-21 16:31:49] DEBUG    24   5.17207776e+11 -1.57848204e+12  5.16e-06 1.34e-04  2.64e+05   234s
[2025-08-21 16:31:56] DEBUG    25   2.78679243e+11 -1.08681364e+12  5.44e-06 1.06e-04  1.72e+05   240s
[2025-08-21 16:32:06] DEBUG    26   1.32915180e+11 -5.62922523e+11  3.37e-06 5.52e-05  8.76e+04   251s
[2025-08-21 16:32:13] DEBUG    27   1.01406747e+11 -3.66775957e+11  2.28e-06 3.68e-05  5.89e+04   258s
[2025-08-21 16:32:19] DEBUG    28   8.73359748e+10 -2.34740094e+11  1.80e-06 2.38e-05  4.05e+04   264s
[2025-08-21 16:32:25] DEBUG    29   7.79618784e+10 -1.84223631e+11  1.50e-06 1.91e-05  3.30e+04   270s
[2025-08-21 16:32:30] DEBUG    30   7.50303108e+10 -1.70315415e+11  1.42e-06 1.78e-05  3.09e+04   275s
[2025-08-21 16:32:38] DEBUG    31   7.35319904e+10 -1.62590198e+11  1.37e-06 1.71e-05  2.97e+04   282s
[2025-08-21 16:32:46] DEBUG    32   7.17352721e+10 -1.36433554e+11  1.32e-06 1.49e-05  2.62e+04   291s
[2025-08-21 16:32:58] DEBUG    33   6.48187917e+10 -1.02376625e+11  1.11e-06 1.17e-05  2.10e+04   303s
[2025-08-21 16:33:09] DEBUG    34   6.07849460e+10 -7.90229008e+10  9.99e-07 9.49e-06  1.76e+04   314s
[2025-08-21 16:33:24] DEBUG    35   5.25089702e+10 -6.22930291e+10  7.82e-07 7.97e-06  1.44e+04   329s
[2025-08-21 16:33:39] DEBUG    36   4.79757444e+10 -5.15179978e+10  6.70e-07 6.91e-06  1.25e+04   344s
[2025-08-21 16:33:53] DEBUG    37   4.51268353e+10 -2.56149914e+10  5.99e-07 4.39e-06  8.90e+03   358s
[2025-08-21 16:34:06] DEBUG    38   4.28151980e+10 -1.95737830e+10  5.47e-07 3.81e-06  7.85e+03   371s
[2025-08-21 16:34:21] DEBUG    39   3.65984649e+10 -7.31181044e+09  4.11e-07 2.62e-06  5.53e+03   386s
[2025-08-21 16:34:38] DEBUG    40   2.91774050e+10  4.17660323e+09  2.57e-07 1.34e-06  3.15e+03   403s
[2025-08-21 16:34:52] DEBUG    41   2.58462788e+10  8.48951832e+09  1.90e-07 8.42e-07  2.18e+03   417s
[2025-08-21 16:35:03] DEBUG    42   2.30497700e+10  1.05218935e+10  1.38e-07 6.11e-07  1.58e+03   428s
[2025-08-21 16:35:17] DEBUG    43   2.12579182e+10  1.18277772e+10  1.04e-07 4.49e-07  1.19e+03   442s
[2025-08-21 16:35:27] DEBUG    44   2.01474251e+10  1.28149438e+10  8.38e-08 3.24e-07  9.23e+02   452s
[2025-08-21 16:35:38] DEBUG    45   1.91310166e+10  1.36174461e+10  6.50e-08 2.21e-07  6.94e+02   463s
[2025-08-21 16:35:48] DEBUG    46   1.82527115e+10  1.39912351e+10  4.91e-08 1.73e-07  5.36e+02   472s
[2025-08-21 16:35:57] DEBUG    47   1.72631282e+10  1.44970951e+10  4.10e-08 1.08e-07  3.48e+02   482s
[2025-08-21 16:36:06] DEBUG    48   1.63948013e+10  1.47377678e+10  3.35e-08 7.63e-08  2.09e+02   491s
[2025-08-21 16:36:16] DEBUG    49   1.62092542e+10  1.48642288e+10  4.10e-08 5.98e-08  1.69e+02   501s
[2025-08-21 16:36:23] DEBUG    50   1.59828011e+10  1.49108850e+10  2.98e-08 5.40e-08  1.35e+02   508s
[2025-08-21 16:36:30] DEBUG    51   1.59110789e+10  1.50406591e+10  2.79e-08 3.78e-08  1.10e+02   515s
[2025-08-21 16:36:37] DEBUG    52   1.58255356e+10  1.50663090e+10  5.59e-08 3.45e-08  9.55e+01   522s
[2025-08-21 16:36:49] DEBUG    53   1.57366745e+10  1.51442405e+10  3.73e-08 2.46e-08  7.46e+01   534s
[2025-08-21 16:37:06] DEBUG    54   1.56531923e+10  1.51629938e+10  3.35e-08 2.21e-08  6.17e+01   551s
[2025-08-21 16:37:22] DEBUG    55   1.56175863e+10  1.52045878e+10  3.73e-08 1.67e-08  5.20e+01   567s
[2025-08-21 16:37:41] DEBUG    56   1.55860685e+10  1.52512483e+10  2.61e-08 1.06e-08  4.21e+01   586s
[2025-08-21 16:38:02] DEBUG    57   1.55461330e+10  1.52689682e+10  3.73e-08 8.20e-09  3.49e+01   606s
[2025-08-21 16:38:22] DEBUG    58   1.54971442e+10  1.52795354e+10  3.35e-08 6.77e-09  2.74e+01   627s
[2025-08-21 16:38:46] DEBUG    59   1.54429912e+10  1.52909598e+10  5.59e-08 5.22e-09  1.91e+01   651s
[2025-08-21 16:39:05] DEBUG    60   1.54176583e+10  1.53025885e+10  4.84e-08 6.82e-09  1.45e+01   670s
[2025-08-21 16:39:25] DEBUG    61   1.54066912e+10  1.53051785e+10  3.35e-08 7.09e-09  1.28e+01   690s
[2025-08-21 16:39:49] DEBUG    62   1.53821320e+10  1.53138143e+10  2.98e-08 7.20e-09  8.60e+00   714s
[2025-08-21 16:40:12] DEBUG    63   1.53714397e+10  1.53188883e+10  2.98e-08 5.99e-09  6.61e+00   736s
[2025-08-21 16:40:31] DEBUG    64   1.53568470e+10  1.53212197e+10  2.98e-08 5.14e-09  4.48e+00   756s
[2025-08-21 16:40:51] DEBUG    65   1.53491937e+10  1.53246206e+10  3.73e-08 3.46e-09  3.09e+00   775s
[2025-08-21 16:41:11] DEBUG    66   1.53447123e+10  1.53269622e+10  4.10e-08 6.63e-09  2.23e+00   796s
[2025-08-21 16:41:31] DEBUG    67   1.53393636e+10  1.53281413e+10  4.84e-08 1.06e-08  1.41e+00   816s
[2025-08-21 16:41:44] DEBUG    68   1.53379986e+10  1.53286838e+10  3.73e-08 1.12e-08  1.17e+00   828s
[2025-08-21 16:41:59] DEBUG    69   1.53354737e+10  1.53290830e+10  3.35e-08 1.10e-08  8.04e-01   843s
[2025-08-21 16:42:14] DEBUG    70   1.53327680e+10  1.53296817e+10  5.59e-08 7.98e-09  3.88e-01   858s
[2025-08-21 16:42:27] DEBUG    71   1.53318332e+10  1.53299739e+10  3.35e-08 9.62e-09  2.34e-01   872s
[2025-08-21 16:42:34] DEBUG    72   1.53310670e+10  1.53300930e+10  4.10e-08 7.85e-09  1.23e-01   879s
[2025-08-21 16:42:43] DEBUG    73   1.53308851e+10  1.53301345e+10  3.73e-08 6.49e-09  9.45e-02   888s
[2025-08-21 16:42:49] DEBUG    74   1.53305769e+10  1.53302159e+10  4.10e-08 6.09e-09  4.54e-02   894s
[2025-08-21 16:42:56] DEBUG    75   1.53304206e+10  1.53302511e+10  4.10e-08 3.88e-09  2.13e-02   901s
[2025-08-21 16:43:04] DEBUG    76   1.53303403e+10  1.53302740e+10  4.47e-08 4.37e-09  8.34e-03   908s
[2025-08-21 16:43:10] DEBUG    77   1.53303170e+10  1.53302821e+10  3.73e-08 8.73e-09  4.39e-03   915s
[2025-08-21 16:43:17] DEBUG    78   1.53302938e+10  1.53302852e+10  5.96e-08 1.16e-08  1.09e-03   922s
[2025-08-21 16:43:24] DEBUG    79   1.53302868e+10  1.53302856e+10  5.96e-08 5.28e-09  1.47e-04   929s
[2025-08-21 16:43:31] DEBUG    80   1.53302858e+10  1.53302857e+10  4.10e-08 4.66e-10  1.38e-05   936s
[2025-08-21 16:43:36] DEBUG    81   1.53302858e+10  1.53302858e+10  5.96e-08 4.66e-10  1.15e-07   941s
[2025-08-21 16:43:41] DEBUG    82   1.53302858e+10  1.53302858e+10  7.45e-08 3.49e-10  6.34e-13   946s
[2025-08-21 16:43:42] DEBUG    Barrier solved model in 82 iterations and 946.19 seconds (233.55 work units)
Optimal objective 1.53302858e+10
[2025-08-21 16:43:43] DEBUG    Crossover log...
[2025-08-21 16:43:45] DEBUG    564158 DPushes remaining with DInf 4.5977788e-01               950s
[2025-08-21 16:43:47] DEBUG    208812 DPushes remaining with DInf 3.1199584e-01               952s
[2025-08-21 16:43:51] DEBUG    39154 DPushes remaining with DInf 2.9023871e-01               956s
[2025-08-21 16:43:55] DEBUG    9340 DPushes remaining with DInf 2.8904980e-01               960s
[2025-08-21 16:43:58] DEBUG    0 DPushes remaining with DInf 2.8904980e-01               963s
[2025-08-21 16:43:59] DEBUG    67285 PPushes remaining with PInf 0.0000000e+00               964s
[2025-08-21 16:44:00] DEBUG    1299 PPushes remaining with PInf 0.0000000e+00               965s
[2025-08-21 16:44:02] DEBUG    0 PPushes remaining with PInf 0.0000000e+00               966s
[2025-08-21 16:44:02] DEBUG    Push phase complete: Pinf 0.0000000e+00, Dinf 5.3513828e-01    967s
[2025-08-21 16:44:03] DEBUG    Iteration    Objective       Primal Inf.    Dual Inf.      Time
  454773    1.5330286e+10   0.000000e+00   5.351383e-01    968s
[2025-08-21 16:44:06] DEBUG    457086    1.5330286e+10   0.000000e+00   0.000000e+00    971s
[2025-08-21 16:44:07] DEBUG    Solved with barrier
[2025-08-21 16:44:20] DEBUG    457086    1.5330286e+10   0.000000e+00   5.700827e-06    984s
[2025-08-21 16:44:24] DEBUG    Extra simplex iterations after uncrush: 3
[2025-08-21 16:44:24] DEBUG    457089    1.5330286e+10   0.000000e+00   0.000000e+00    989s

Solved in 457089 iterations and 989.22 seconds (265.37 work units)
[2025-08-21 16:44:24] DEBUG    Optimal objective  1.533028577e+10
[2025-08-21 16:44:24] DEBUG    Warning: unscaled dual violation = 5.13719e-06 and residual = 4.08136e-11
✅ Scenario completato: existing_GT+VRES_2030_PHES
🏁 Tutti gli scenari sono stati processati.
