
🚀 Lancio scenario: existing_VRES_2030_BESS
[2025-07-22 15:47:23] INFO     Loading sets
[2025-07-22 15:47:23] INFO     Loading parameters
[2025-07-22 15:48:09] INFO     constraints are loaded in the following order: ['energy_balance', 'dispatch', 'costs', 'capacity', 'network', 'policy', 'conversion', 'group', 'conversion_plus', 'milp', 'export']
[2025-07-22 15:48:09] INFO     creating energy_balance constraints
[2025-07-22 15:51:52] INFO     creating dispatch constraints
[2025-07-22 15:54:55] INFO     creating costs constraints
[2025-07-22 16:04:04] INFO     creating capacity constraints
[2025-07-22 16:04:04] INFO     creating network constraints
[2025-07-22 16:04:04] INFO     creating policy constraints
[2025-07-22 16:04:04] INFO     creating conversion constraints
[2025-07-22 16:04:04] INFO     creating group constraints
[2025-07-22 16:04:04] INFO     creating conversion_plus constraints
[2025-07-22 16:04:04] INFO     creating milp constraints
[2025-07-22 16:04:04] INFO     creating export constraints
[2025-07-22 16:16:04] DEBUG    Set parameter WLSAccessID
Set parameter WLSSecret
Set parameter LicenseID to value 2680226
[2025-07-22 16:16:04] DEBUG    Academic license 2680226 - for non-commercial use only - registered to an___@mail.polimi.it
[2025-07-22 16:16:38] DEBUG    Read LP format model from file /tmp/tmp672teklg.pyomo.lp
Reading time = 33.91 seconds
x16681972: 22463633 rows, 16681972 columns, 54043485 nonzeros
[2025-07-22 16:16:38] DEBUG    Set parameter NumericFocus to value 1
Gurobi Optimizer version 12.0.2 build v12.0.2rc0 (linux64 - "Debian GNU/Linux 11 (bullseye)")

CPU model: Intel(R) Xeon(R) Silver 4314 CPU @ 2.40GHz, instruction set [SSE2|AVX|AVX2|AVX512]
Thread count: 32 physical cores, 64 logical processors, using up to 32 threads

Non-default parameters:
NumericFocus  1
[2025-07-22 16:16:38] DEBUG    Academic license 2680226 - for non-commercial use only - registered to an___@mail.polimi.it
Optimize a model with 22463633 rows, 16681972 columns and 54043485 nonzeros
[2025-07-22 16:16:39] DEBUG    Model fingerprint: 0x0a67be59
[2025-07-22 16:16:39] DEBUG    Coefficient statistics:
  Matrix range     [1e-07, 3e+02]
  Objective range  [1e+00, 1e+06]
  Bounds range     [0e+00, 0e+00]
  RHS range        [1e+00, 2e+08]
[2025-07-22 16:16:44] DEBUG    Presolve removed 17941778 rows and 9470382 columns (presolve time = 6s)...
[2025-07-22 16:16:49] DEBUG    Presolve removed 18990645 rows and 12310000 columns (presolve time = 10s)...
[2025-07-22 16:16:54] DEBUG    Presolve removed 20357761 rows and 13626337 columns (presolve time = 15s)...
[2025-07-22 16:16:58] DEBUG    Presolve removed 21044559 rows and 13713937 columns
[2025-07-22 16:16:58] DEBUG    Presolve time: 20.42s
Presolved: 1419074 rows, 3116938 columns, 8528545 nonzeros

Concurrent LP optimizer: primal simplex, dual simplex, and barrier
Showing barrier log only...
[2025-07-22 16:17:01] DEBUG    Ordering time: 1.10s
[2025-07-22 16:17:02] DEBUG    Barrier statistics:
 Dense cols : 115
 AA' NZ     : 8.102e+06
 Factor NZ  : 3.323e+07 (roughly 2.0 GB of memory)
 Factor Ops : 1.782e+09 (less than 1 second per iteration)
 Threads    : 30
[2025-07-22 16:17:05] DEBUG    Objective                Residual
[2025-07-22 16:17:05] DEBUG    Iter       Primal          Dual         Primal    Dual     Compl     Time
[2025-07-22 16:17:06] DEBUG    0   5.78812791e+21 -6.87677394e+19  6.48e+10 2.33e-10  3.06e+16    28s
[2025-07-22 16:17:10] DEBUG    1   3.04123921e+21 -6.86733851e+19  2.10e+10 1.83e+06  1.23e+16    32s
[2025-07-22 16:17:16] DEBUG    2   1.86575131e+21 -5.22459813e+19  9.59e+09 2.27e+05  4.05e+15    38s
[2025-07-22 16:17:22] DEBUG    3   7.47727299e+20 -4.54967384e+19  3.24e+09 3.70e+04  1.29e+15    44s
[2025-07-22 16:17:27] DEBUG    4   5.24722965e+20 -4.01925291e+19  2.19e+09 1.30e+04  8.70e+14    49s
[2025-07-22 16:17:30] DEBUG    5   3.78939783e+20 -3.59940799e+19  1.56e+09 4.85e+03  6.10e+14    52s
[2025-07-22 16:17:34] DEBUG    6   1.95884729e+20 -3.28397152e+19  7.63e+08 1.91e+03  3.04e+14    56s
[2025-07-22 16:17:38] DEBUG    7   9.05342597e+19 -2.80729821e+19  3.43e+08 5.89e+02  1.37e+14    60s
[2025-07-22 16:17:41] DEBUG    8   2.54994416e+19 -2.30980117e+19  9.28e+07 2.15e+02  3.93e+13    63s
[2025-07-22 16:17:46] DEBUG    9   7.23476006e+18 -1.39528460e+19  2.54e+07 4.65e+01  1.14e+13    68s
[2025-07-22 16:17:50] DEBUG    10   1.63731912e+18 -8.53702605e+18  5.57e+06 1.71e+01  3.27e+12    72s
[2025-07-22 16:17:54] DEBUG    11   2.83576175e+17 -2.50843520e+18  8.79e+05 2.91e+00  6.44e+11    77s
[2025-07-22 16:17:58] DEBUG    12   7.96164775e+16 -7.82882086e+17  2.40e+05 6.36e-01  1.75e+11    80s
[2025-07-22 16:18:03] DEBUG    13   4.02944390e+15 -6.07686677e+16  3.44e+03 2.69e-02  1.08e+10    85s
[2025-07-22 16:18:10] DEBUG    14   3.68452455e+14 -2.92745829e+15  2.14e+01 1.35e-02  5.39e+08    92s
[2025-07-22 16:18:15] DEBUG    15   5.76577986e+13 -2.41229380e+14  1.20e+00 2.34e-02  4.32e+07    98s
[2025-07-22 16:18:20] DEBUG    16   5.33090616e+13 -1.18367661e+14  8.45e-01 2.51e-02  2.17e+07   102s
[2025-07-22 16:18:25] DEBUG    17   5.15088356e+13 -1.15721176e+14  7.23e-01 2.51e-02  2.11e+07   107s
[2025-07-22 16:18:34] DEBUG    18   4.96949659e+13 -9.38821443e+13  6.67e-01 2.52e-02  1.73e+07   116s
[2025-07-22 16:18:42] DEBUG    19   4.41844817e+13 -4.49013715e+13  5.03e-01 2.60e-02  8.63e+06   124s
[2025-07-22 16:18:59] DEBUG    20   4.27449356e+13 -4.00339729e+13  4.69e-01 2.58e-02  7.75e+06   141s
[2025-07-22 16:19:14] DEBUG    21   3.85298171e+13 -3.25679294e+13  3.74e-01 2.58e-02  6.29e+06   156s
[2025-07-22 16:19:28] DEBUG    22   3.49327276e+13 -2.26265606e+13  3.07e-01 2.56e-02  4.48e+06   170s
[2025-07-22 16:19:42] DEBUG    23   3.26309107e+13 -1.85048273e+13  2.69e-01 2.56e-02  3.71e+06   184s
[2025-07-22 16:19:53] DEBUG    24   3.19154778e+13 -1.72637114e+13  2.59e-01 2.56e-02  3.48e+06   195s
[2025-07-22 16:20:07] DEBUG    25   3.02413417e+13 -1.36245156e+13  2.35e-01 2.55e-02  2.82e+06   209s
[2025-07-22 16:20:24] DEBUG    26   2.64005853e+13 -1.28674809e+13  1.84e-01 2.55e-02  2.58e+06   227s
[2025-07-22 16:20:38] DEBUG    27   2.34720956e+13 -7.74621418e+12  1.53e-01 2.53e-02  1.66e+06   240s
[2025-07-22 16:20:50] DEBUG    28   2.04526660e+13 -6.16220034e+12  1.24e-01 2.50e-02  1.33e+06   252s
[2025-07-22 16:21:06] DEBUG    29   1.77890975e+13 -4.72017664e+12  1.03e-01 2.47e-02  1.05e+06   268s
[2025-07-22 16:21:22] DEBUG    30   1.59616867e+13 -3.52685307e+12  8.89e-02 2.37e-02  8.26e+05   284s
[2025-07-22 16:21:38] DEBUG    31   1.35514143e+13 -2.72537290e+12  7.06e-02 2.23e-02  6.57e+05   300s
[2025-07-22 16:21:52] DEBUG    32   1.17893137e+13 -2.28979526e+12  5.94e-02 2.20e-02  5.62e+05   314s
[2025-07-22 16:22:11] DEBUG    33   9.20449251e+12 -2.13025184e+12  4.51e-02 2.18e-02  4.76e+05   333s
[2025-07-22 16:22:29] DEBUG    34   8.00282370e+12 -1.52658384e+12  3.67e-02 1.79e-02  3.70e+05   351s
[2025-07-22 16:22:47] DEBUG    35   6.77023441e+12 -1.36820174e+12  2.96e-02 1.76e-02  3.20e+05   369s
[2025-07-22 16:23:07] DEBUG    36   6.09336067e+12 -7.65223970e+11  2.55e-02 1.40e-02  2.22e+05   389s
[2025-07-22 16:23:24] DEBUG    37   5.25432252e+12 -6.17359030e+11  2.05e-02 1.38e-02  1.84e+05   406s
[2025-07-22 16:23:38] DEBUG    38   4.52205880e+12 -4.57278032e+11  1.64e-02 1.35e-02  1.45e+05   420s
[2025-07-22 16:23:53] DEBUG    39   4.19214859e+12 -3.32347029e+11  1.42e-02 1.34e-02  1.17e+05   435s
[2025-07-22 16:24:03] DEBUG    40   3.81126658e+12 -2.29390624e+11  1.14e-02 1.32e-02  8.76e+04   445s
[2025-07-22 16:24:22] DEBUG    41   3.60820214e+12 -2.15904840e+11  1.05e-02 1.32e-02  8.09e+04   464s
[2025-07-22 16:24:39] DEBUG    42   3.12815020e+12 -1.66833187e+11  8.74e-03 1.30e-02  6.57e+04   481s
[2025-07-22 16:24:56] DEBUG    43   2.91113779e+12 -1.48354591e+11  7.93e-03 1.29e-02  5.92e+04   498s
[2025-07-22 16:25:13] DEBUG    44   2.78805163e+12 -1.22523146e+11  7.55e-03 1.27e-02  5.38e+04   515s
[2025-07-22 16:25:30] DEBUG    45   2.63417673e+12 -1.16034793e+11  7.10e-03 1.25e-02  5.08e+04   532s
[2025-07-22 16:25:46] DEBUG    46   2.55243211e+12 -1.09413793e+11  6.86e-03 1.20e-02  4.91e+04   548s
[2025-07-22 16:26:04] DEBUG    47   2.46074665e+12 -1.05738614e+11  6.60e-03 1.16e-02  4.74e+04   566s
[2025-07-22 16:26:23] DEBUG    48   2.34529590e+12 -9.97964864e+10  6.27e-03 1.10e-02  4.51e+04   585s
[2025-07-22 16:26:45] DEBUG    49   2.23172085e+12 -9.87579016e+10  5.92e-03 1.09e-02  4.31e+04   608s
[2025-07-22 16:27:08] DEBUG    50   2.19832083e+12 -9.64728694e+10  5.82e-03 1.07e-02  4.23e+04   630s
[2025-07-22 16:27:34] DEBUG    51   2.14824733e+12 -8.91198017e+10  5.66e-03 9.95e-03  4.07e+04   656s
[2025-07-22 16:27:59] DEBUG    52   2.10882212e+12 -8.14946100e+10  5.51e-03 9.19e-03  3.90e+04   681s
[2025-07-22 16:28:16] DEBUG    53   2.00297169e+12 -7.17542332e+10  5.02e-03 8.11e-03  3.52e+04   698s
[2025-07-22 16:28:29] DEBUG    54   1.96458536e+12 -6.89949297e+10  4.85e-03 7.83e-03  3.40e+04   711s
[2025-07-22 16:28:45] DEBUG    55   1.89762722e+12 -6.52898568e+10  4.56e-03 7.46e-03  3.21e+04   727s
[2025-07-22 16:29:00] DEBUG    56   1.85195775e+12 -6.06160153e+10  4.37e-03 7.20e-03  3.05e+04   743s
[2025-07-22 16:29:13] DEBUG    57   1.78541247e+12 -5.58723003e+10  4.09e-03 7.20e-03  2.85e+04   755s
[2025-07-22 16:29:29] DEBUG    58   1.73574955e+12 -5.18917644e+10  3.90e-03 7.20e-03  2.70e+04   771s
[2025-07-22 16:29:45] DEBUG    59   1.70148524e+12 -4.86779041e+10  3.77e-03 7.19e-03  2.59e+04   787s
[2025-07-22 16:30:00] DEBUG    60   1.66436264e+12 -4.54081329e+10  3.63e-03 7.28e-03  2.48e+04   802s
[2025-07-22 16:30:13] DEBUG    61   1.62835960e+12 -4.31481162e+10  3.50e-03 7.31e-03  2.38e+04   815s
[2025-07-22 16:30:30] DEBUG    62   1.58237187e+12 -4.07215556e+10  3.34e-03 7.35e-03  2.27e+04   832s
[2025-07-22 16:30:43] DEBUG    63   1.54836939e+12 -3.86016287e+10  3.22e-03 7.36e-03  2.18e+04   845s
[2025-07-22 16:30:58] DEBUG    64   1.51922630e+12 -3.65302905e+10  3.13e-03 7.34e-03  2.11e+04   860s
[2025-07-22 16:31:14] DEBUG    65   1.48752996e+12 -3.40111769e+10  3.02e-03 7.28e-03  2.02e+04   876s
[2025-07-22 16:31:27] DEBUG    66   1.46310832e+12 -3.29184296e+10  2.95e-03 7.22e-03  1.97e+04   889s
[2025-07-22 16:31:41] DEBUG    67   1.40098086e+12 -3.11785799e+10  2.70e-03 7.17e-03  1.83e+04   903s
[2025-07-22 16:31:55] DEBUG    68   1.36989515e+12 -2.70069593e+10  2.58e-03 7.17e-03  1.71e+04   917s
[2025-07-22 16:32:10] DEBUG    69   1.33723370e+12 -2.40436923e+10  2.46e-03 7.31e-03  1.61e+04   932s
[2025-07-22 16:32:21] DEBUG    70   1.30246044e+12 -2.22046428e+10  2.34e-03 7.39e-03  1.52e+04   943s
[2025-07-22 16:32:35] DEBUG    71   1.27473849e+12 -2.09316533e+10  2.24e-03 7.43e-03  1.46e+04   957s
[2025-07-22 16:32:49] DEBUG    72   1.24889094e+12 -1.99761760e+10  2.16e-03 7.47e-03  1.41e+04   971s
[2025-07-22 16:33:02] DEBUG    73   1.20641437e+12 -1.79670907e+10  2.03e-03 7.53e-03  1.31e+04   984s
[2025-07-22 16:33:16] DEBUG    74   1.18280331e+12 -1.67759025e+10  1.97e-03 7.56e-03  1.27e+04   998s
[2025-07-22 16:33:31] DEBUG    75   1.14993452e+12 -1.57336605e+10  1.91e-03 7.57e-03  1.23e+04  1013s
[2025-07-22 16:33:47] DEBUG    76   1.12399148e+12 -1.48836446e+10  1.87e-03 7.58e-03  1.20e+04  1029s
[2025-07-22 16:34:07] DEBUG    77   1.10155536e+12 -1.43053274e+10  1.84e-03 7.59e-03  1.18e+04  1049s
[2025-07-22 16:34:24] DEBUG    78   1.08431535e+12 -1.37454990e+10  1.81e-03 7.59e-03  1.16e+04  1066s
[2025-07-22 16:34:45] DEBUG    79   1.07027131e+12 -1.32671299e+10  1.79e-03 7.60e-03  1.14e+04  1087s
[2025-07-22 16:35:10] DEBUG    80   1.03899136e+12 -1.24391698e+10  1.73e-03 7.60e-03  1.11e+04  1112s
[2025-07-22 16:35:32] DEBUG    81   1.00669504e+12 -1.12861021e+10  1.67e-03 7.61e-03  1.06e+04  1134s
[2025-07-22 16:35:56] DEBUG    82   1.00209334e+12 -1.11222860e+10  1.66e-03 7.61e-03  1.06e+04  1159s
[2025-07-22 16:36:22] DEBUG    83   9.88013688e+11 -1.06586525e+10  1.63e-03 7.61e-03  1.04e+04  1184s
[2025-07-22 16:36:44] DEBUG    84   9.82694373e+11 -1.03836250e+10  1.61e-03 7.61e-03  1.05e+04  1206s
[2025-07-22 16:37:05] DEBUG    85   9.67246088e+11 -9.69797539e+09  1.57e-03 7.61e-03  1.02e+04  1227s
[2025-07-22 16:37:19] DEBUG    86   9.61650900e+11 -9.12229119e+09  1.56e-03 7.61e-03  1.01e+04  1241s
[2025-07-22 16:37:34] DEBUG    87   9.44962998e+11 -8.22831190e+09  1.50e-03 7.60e-03  9.68e+03  1256s
[2025-07-22 16:37:49] DEBUG    88   9.31674451e+11 -7.35185673e+09  1.45e-03 7.60e-03  9.34e+03  1271s
[2025-07-22 16:38:02] DEBUG    89   9.18895769e+11 -6.74401145e+09  1.41e-03 7.59e-03  9.05e+03  1284s
[2025-07-22 16:38:15] DEBUG    90   9.01802497e+11 -6.26372106e+09  1.33e-03 7.59e-03  8.58e+03  1297s
[2025-07-22 16:38:26] DEBUG    91   8.87257570e+11 -5.22015623e+09  1.27e-03 7.58e-03  8.09e+03  1308s
[2025-07-22 16:38:37] DEBUG    92   8.71708015e+11 -3.99532617e+09  1.20e-03 7.56e-03  7.57e+03  1319s
[2025-07-22 16:38:50] DEBUG    93   8.55878321e+11 -3.09031586e+09  1.14e-03 7.54e-03  7.12e+03  1332s
[2025-07-22 16:39:03] DEBUG    94   8.48051146e+11 -2.33222494e+09  1.11e-03 7.53e-03  6.86e+03  1345s
[2025-07-22 16:39:17] DEBUG    95   8.35859028e+11 -1.42297607e+09  1.06e-03 7.51e-03  6.53e+03  1359s
[2025-07-22 16:39:29] DEBUG    96   8.19632858e+11 -4.99911412e+08  9.95e-04 7.49e-03  6.13e+03  1371s
[2025-07-22 16:39:43] DEBUG    97   8.09126660e+11  2.63998080e+08  9.56e-04 7.47e-03  5.86e+03  1385s
[2025-07-22 16:39:55] DEBUG    98   7.96451466e+11  1.14690688e+09  9.11e-04 7.45e-03  5.54e+03  1397s
[2025-07-22 16:40:08] DEBUG    99   7.84675310e+11  1.77231154e+09  8.71e-04 7.43e-03  5.28e+03  1411s
[2025-07-22 16:40:21] DEBUG    100   7.78408646e+11  1.98526080e+09  8.50e-04 7.42e-03  5.16e+03  1423s
[2025-07-22 16:40:34] DEBUG    101   7.68358947e+11  2.59337827e+09  8.18e-04 7.40e-03  4.94e+03  1436s
[2025-07-22 16:40:45] DEBUG    102   7.59245753e+11  3.00542884e+09  7.89e-04 7.38e-03  4.76e+03  1447s
[2025-07-22 16:40:58] DEBUG    103   7.48655863e+11  3.39620004e+09  7.57e-04 7.37e-03  4.57e+03  1460s
[2025-07-22 16:41:09] DEBUG    104   7.41427453e+11  3.84784129e+09  7.36e-04 7.34e-03  4.42e+03  1472s
[2025-07-22 16:41:23] DEBUG    105   7.33312299e+11  4.30328789e+09  7.12e-04 7.32e-03  4.26e+03  1485s
[2025-07-22 16:41:34] DEBUG    106   7.25943810e+11  4.73566994e+09  6.91e-04 7.30e-03  4.11e+03  1496s
[2025-07-22 16:41:46] DEBUG    107   7.21633871e+11  5.16829009e+09  6.80e-04 7.28e-03  4.00e+03  1508s
[2025-07-22 16:41:59] DEBUG    108   7.17561285e+11  5.32583138e+09  6.68e-04 7.27e-03  3.94e+03  1521s
[2025-07-22 16:42:12] DEBUG    109   7.07104695e+11  5.72265885e+09  6.40e-04 7.25e-03  3.77e+03  1534s
[2025-07-22 16:42:24] DEBUG    110   7.03274570e+11  6.02530141e+09  6.31e-04 7.23e-03  3.69e+03  1546s
[2025-07-22 16:42:35] DEBUG    111   6.97673459e+11  6.32622768e+09  6.16e-04 7.21e-03  3.59e+03  1558s
[2025-07-22 16:42:48] DEBUG    112   6.89495884e+11  6.71783313e+09  5.96e-04 7.19e-03  3.46e+03  1570s
[2025-07-22 16:43:00] DEBUG    113   6.85765392e+11  6.92289118e+09  5.87e-04 7.17e-03  3.39e+03  1582s
[2025-07-22 16:43:11] DEBUG    114   6.83174599e+11  7.07355503e+09  5.81e-04 7.16e-03  3.35e+03  1593s
[2025-07-22 16:43:11] DEBUG    Barrier performed 114 iterations in 1592.68 seconds (323.06 work units)
[2025-07-22 16:43:11] DEBUG    Barrier solve interrupted - model solved by another algorithm
[2025-07-22 16:43:11] DEBUG    Solved with dual simplex
[2025-07-22 16:43:19] DEBUG    Iteration    Objective       Primal Inf.    Dual Inf.      Time
[2025-07-22 16:43:19] DEBUG    887841    1.5865965e+10   0.000000e+00   0.000000e+00   1601s

Solved in 887841 iterations and 1601.34 seconds (570.00 work units)
[2025-07-22 16:43:19] DEBUG    Optimal objective  1.586596510e+10
✅ Scenario completato: existing_VRES_2030_BESS

🚀 Lancio scenario: existing_VRES_2030_PHES
[2025-07-22 16:50:33] INFO     Loading sets
[2025-07-22 16:50:33] INFO     Loading parameters
[2025-07-22 16:51:07] INFO     constraints are loaded in the following order: ['energy_balance', 'dispatch', 'costs', 'capacity', 'network', 'policy', 'conversion', 'group', 'conversion_plus', 'milp', 'export']
[2025-07-22 16:51:07] INFO     creating energy_balance constraints
[2025-07-22 16:55:39] INFO     creating dispatch constraints
[2025-07-22 16:59:16] INFO     creating costs constraints
[2025-07-22 17:09:20] INFO     creating capacity constraints
[2025-07-22 17:09:21] INFO     creating network constraints
[2025-07-22 17:09:21] INFO     creating policy constraints
[2025-07-22 17:09:21] INFO     creating conversion constraints
[2025-07-22 17:09:21] INFO     creating group constraints
[2025-07-22 17:09:21] INFO     creating conversion_plus constraints
[2025-07-22 17:09:21] INFO     creating milp constraints
[2025-07-22 17:09:21] INFO     creating export constraints
[2025-07-22 17:21:19] DEBUG    Set parameter WLSAccessID
Set parameter WLSSecret
Set parameter LicenseID to value 2680226
[2025-07-22 17:21:20] DEBUG    Academic license 2680226 - for non-commercial use only - registered to an___@mail.polimi.it
[2025-07-22 17:21:54] DEBUG    Read LP format model from file /tmp/tmp6zqbbddj.pyomo.lp
Reading time = 34.18 seconds
x16681972: 22463691 rows, 16681972 columns, 54297583 nonzeros
[2025-07-22 17:21:54] DEBUG    Set parameter NumericFocus to value 1
Gurobi Optimizer version 12.0.2 build v12.0.2rc0 (linux64 - "Debian GNU/Linux 11 (bullseye)")

CPU model: Intel(R) Xeon(R) Silver 4314 CPU @ 2.40GHz, instruction set [SSE2|AVX|AVX2|AVX512]
Thread count: 32 physical cores, 64 logical processors, using up to 32 threads

Non-default parameters:
NumericFocus  1
[2025-07-22 17:21:54] DEBUG    Academic license 2680226 - for non-commercial use only - registered to an___@mail.polimi.it
Optimize a model with 22463691 rows, 16681972 columns and 54297583 nonzeros
[2025-07-22 17:21:55] DEBUG    Model fingerprint: 0x34b4a7d9
[2025-07-22 17:21:55] DEBUG    Coefficient statistics:
  Matrix range     [1e-07, 3e+02]
  Objective range  [1e+00, 1e+06]
  Bounds range     [0e+00, 0e+00]
  RHS range        [1e+00, 6e+09]
Warning: Model contains large rhs
[2025-07-22 17:22:01] DEBUG    Presolve removed 18073242 rows and 9549228 columns (presolve time = 6s)...
[2025-07-22 17:22:05] DEBUG    Presolve removed 19033289 rows and 12300000 columns (presolve time = 10s)...
[2025-07-22 17:22:10] DEBUG    Presolve removed 20463020 rows and 13684153 columns (presolve time = 15s)...
[2025-07-22 17:22:15] DEBUG    Presolve removed 21149812 rows and 13771753 columns
[2025-07-22 17:22:15] DEBUG    Presolve time: 20.54s
Presolved: 1313879 rows, 3059122 columns, 8086695 nonzeros

Concurrent LP optimizer: primal simplex, dual simplex, and barrier
Showing barrier log only...
[2025-07-22 17:22:17] DEBUG    Ordering time: 1.05s
[2025-07-22 17:22:18] DEBUG    Barrier statistics:
 Dense cols : 112
[2025-07-22 17:22:18] DEBUG    AA' NZ     : 7.382e+06
 Factor NZ  : 2.980e+07 (roughly 2.0 GB of memory)
 Factor Ops : 1.470e+09 (less than 1 second per iteration)
 Threads    : 30
[2025-07-22 17:22:22] DEBUG    Objective                Residual
[2025-07-22 17:22:22] DEBUG    Iter       Primal          Dual         Primal    Dual     Compl     Time
[2025-07-22 17:22:22] DEBUG    0   6.10139998e+21 -6.66221860e+19  6.48e+10 2.33e-10  3.07e+16    28s
[2025-07-22 17:22:26] DEBUG    1   5.74048194e+21 -6.82892734e+19  5.91e+10 1.65e+06  2.57e+16    32s
[2025-07-22 17:22:31] DEBUG    2   5.50104634e+21 -2.30242892e+20  5.58e+10 1.29e+06  2.44e+16    37s
[2025-07-22 17:22:37] DEBUG    3   4.85110299e+21 -8.82678886e+20  4.71e+10 2.92e+05  2.05e+16    43s
[2025-07-22 17:22:43] DEBUG    4   8.77858709e+20 -8.58572301e+20  4.44e+09 8.55e+04  2.15e+15    49s
[2025-07-22 17:22:49] DEBUG    5   4.09491925e+20 -5.08133681e+20  1.81e+09 1.32e+04  8.69e+14    55s
[2025-07-22 17:22:54] DEBUG    6   1.45414993e+20 -2.10026750e+20  6.12e+08 2.74e+03  2.87e+14    60s
[2025-07-22 17:22:57] DEBUG    7   6.34978695e+19 -8.41939328e+19  2.55e+08 2.90e+02  1.16e+14    63s
[2025-07-22 17:23:00] DEBUG    8   4.01541209e+19 -4.82223294e+19  1.54e+08 1.38e+02  6.88e+13    66s
[2025-07-22 17:23:04] DEBUG    9   2.16960455e+19 -2.84429433e+19  7.87e+07 6.35e-06  3.52e+13    70s
[2025-07-22 17:23:08] DEBUG    10   1.32553944e+19 -1.85841745e+19  4.71e+07 8.67e-06  2.07e+13    74s
[2025-07-22 17:23:11] DEBUG    11   1.00091685e+19 -1.18278456e+19  3.48e+07 5.69e+00  1.45e+13    77s
[2025-07-22 17:23:14] DEBUG    12   5.49651250e+18 -7.56998663e+18  1.81e+07 6.03e-01  7.49e+12    80s
[2025-07-22 17:23:18] DEBUG    13   2.69561421e+18 -3.87561133e+18  8.64e+06 8.38e-05  3.39e+12    84s
[2025-07-22 17:23:21] DEBUG    14   7.54476278e+17 -2.10423308e+18  2.27e+06 4.31e-04  1.00e+12    87s
[2025-07-22 17:23:26] DEBUG    15   2.24907716e+17 -7.55308885e+17  6.06e+05 5.27e-05  2.69e+11    92s
[2025-07-22 17:23:29] DEBUG    16   1.11187889e+17 -3.32606153e+17  2.85e+05 2.73e-05  1.08e+11    95s
[2025-07-22 17:23:34] DEBUG    17   4.55251145e+16 -8.83156397e+16  1.11e+05 1.53e-03  3.03e+10   100s
[2025-07-22 17:23:37] DEBUG    18   2.47477705e+16 -3.60775083e+16  5.92e+04 9.37e-04  1.30e+10   103s
[2025-07-22 17:23:42] DEBUG    19   3.85587851e+15 -9.02420302e+15  7.99e+03 4.48e-04  2.37e+09   108s
[2025-07-22 17:23:45] DEBUG    20   1.40941045e+15 -2.82611756e+15  2.71e+03 5.59e-04  7.36e+08   111s
[2025-07-22 17:23:50] DEBUG    21   1.31047051e+15 -2.13247761e+15  2.54e+03 4.21e-04  5.97e+08   116s
[2025-07-22 17:23:57] DEBUG    22   3.24590727e+13 -6.20492879e+14  2.24e+01 5.35e-04  1.09e+08   123s
[2025-07-22 17:24:01] DEBUG    23   7.61023487e+12 -1.57433350e+14  1.14e-01 5.85e-03  2.75e+07   127s
[2025-07-22 17:24:12] DEBUG    24   6.52492132e+12 -1.28292056e+14  8.70e-02 6.03e-03  2.24e+07   138s
[2025-07-22 17:24:23] DEBUG    25   5.58704460e+12 -9.94425870e+13  6.06e-02 6.43e-03  1.75e+07   149s
[2025-07-22 17:24:36] DEBUG    26   5.08352202e+12 -8.86537392e+13  5.12e-02 6.52e-03  1.56e+07   162s
[2025-07-22 17:24:48] DEBUG    27   4.99505822e+12 -6.59670114e+13  4.95e-02 6.90e-03  1.18e+07   174s
[2025-07-22 17:25:03] DEBUG    28   4.62133933e+12 -6.40170772e+13  4.40e-02 6.96e-03  1.14e+07   189s
[2025-07-22 17:25:19] DEBUG    29   3.51138865e+12 -2.98089698e+13  2.35e-02 1.09e-02  5.54e+06   205s
[2025-07-22 17:25:39] DEBUG    30   3.20435531e+12 -2.57947478e+13  1.93e-02 1.02e-02  4.83e+06   225s
[2025-07-22 17:25:51] DEBUG    31   3.03713249e+12 -2.05684411e+13  1.68e-02 8.86e-03  3.93e+06   237s
[2025-07-22 17:26:15] DEBUG    32   2.84759598e+12 -1.59014230e+13  1.45e-02 7.59e-03  3.12e+06   261s
[2025-07-22 17:26:34] DEBUG    33   2.60472839e+12 -1.25472230e+13  1.17e-02 8.42e-03  2.52e+06   280s
[2025-07-22 17:26:54] DEBUG    34   2.47776718e+12 -9.53753586e+12  1.04e-02 9.08e-03  1.99e+06   299s
[2025-07-22 17:27:15] DEBUG    35   2.07326410e+12 -7.01056490e+12  6.88e-03 1.01e-02  1.50e+06   321s
[2025-07-22 17:27:33] DEBUG    36   1.91731364e+12 -5.52529911e+12  5.82e-03 1.20e-02  1.23e+06   339s
[2025-07-22 17:27:57] DEBUG    37   1.83400583e+12 -4.57187492e+12  5.31e-03 1.31e-02  1.05e+06   363s
[2025-07-22 17:28:19] DEBUG    38   1.60540151e+12 -2.92539202e+12  3.97e-03 1.47e-02  7.38e+05   385s
[2025-07-22 17:28:39] DEBUG    39   1.45437103e+12 -1.67777557e+12  3.13e-03 1.61e-02  5.01e+05   405s
[2025-07-22 17:28:55] DEBUG    40   1.34944047e+12 -1.12848525e+12  2.59e-03 1.67e-02  3.92e+05   421s
[2025-07-22 17:29:19] DEBUG    41   1.23506747e+12 -7.87574503e+11  2.04e-03 1.70e-02  3.16e+05   445s
[2025-07-22 17:29:37] DEBUG    42   1.15353264e+12 -3.91971924e+11  1.65e-03 1.72e-02  2.37e+05   463s
[2025-07-22 17:29:53] DEBUG    43   1.05933041e+12 -3.84868920e+10  1.25e-03 1.70e-02  1.63e+05   478s
[2025-07-22 17:30:08] DEBUG    44   1.02269522e+12  2.02487740e+11  1.10e-03 1.60e-02  1.17e+05   494s
[2025-07-22 17:30:22] DEBUG    45   9.58293953e+11  3.48312371e+11  8.57e-04 1.44e-02  8.33e+04   508s
[2025-07-22 17:30:33] DEBUG    46   9.04276111e+11  5.22364562e+11  6.53e-04 9.56e-03  4.67e+04   519s
[2025-07-22 17:30:47] DEBUG    47   8.69449180e+11  5.66963031e+11  5.27e-04 6.79e-03  3.44e+04   533s
[2025-07-22 17:31:01] DEBUG    48   8.42478967e+11  5.89139483e+11  4.37e-04 5.85e-03  2.70e+04   547s
[2025-07-22 17:31:15] DEBUG    49   8.24906101e+11  6.09881619e+11  3.81e-04 5.18e-03  2.12e+04   561s
[2025-07-22 17:31:30] DEBUG    50   8.09032957e+11  6.18403377e+11  3.30e-04 5.22e-03  1.77e+04   576s
[2025-07-22 17:31:43] DEBUG    51   7.97455974e+11  6.20063094e+11  2.91e-04 5.23e-03  1.59e+04   589s
[2025-07-22 17:32:01] DEBUG    52   7.93565819e+11  6.21347868e+11  2.76e-04 5.23e-03  1.53e+04   607s
[2025-07-22 17:32:16] DEBUG    53   7.85031747e+11  6.32049851e+11  2.46e-04 5.27e-03  1.24e+04   622s
[2025-07-22 17:32:31] DEBUG    54   7.70879607e+11  6.45286778e+11  1.95e-04 5.31e-03  8.49e+03   637s
[2025-07-22 17:32:44] DEBUG    55   7.60665680e+11  6.49345466e+11  1.61e-04 5.31e-03  6.52e+03   650s
[2025-07-22 17:32:55] DEBUG    56   7.52225499e+11  6.52883857e+11  1.33e-04 5.28e-03  4.90e+03   661s
[2025-07-22 17:33:07] DEBUG    57   7.47616809e+11  6.53795593e+11  1.18e-04 5.25e-03  4.20e+03   673s
[2025-07-22 17:33:20] DEBUG    58   7.38854270e+11  6.54879805e+11  9.11e-05 5.17e-03  3.02e+03   685s
[2025-07-22 17:33:30] DEBUG    59   7.33384463e+11  6.55453624e+11  7.41e-05 4.96e-03  2.37e+03   696s
[2025-07-22 17:33:44] DEBUG    60   7.29528252e+11  6.55751088e+11  6.23e-05 4.63e-03  1.94e+03   710s
[2025-07-22 17:33:55] DEBUG    61   7.26017394e+11  6.55902422e+11  5.18e-05 4.14e-03  1.60e+03   721s
[2025-07-22 17:34:13] DEBUG    62   7.24989816e+11  6.55986848e+11  4.91e-05 3.81e-03  1.50e+03   739s
[2025-07-22 17:34:27] DEBUG    63   7.23553198e+11  6.56133194e+11  5.44e-05 3.09e-03  1.35e+03   753s
[2025-07-22 17:34:41] DEBUG    64   7.22006136e+11  6.56233780e+11  5.10e-05 2.59e-03  1.20e+03   767s
[2025-07-22 17:34:51] DEBUG    65   7.21389715e+11  6.56270926e+11  4.15e-05 2.42e-03  1.14e+03   777s
[2025-07-22 17:35:03] DEBUG    66   7.20324824e+11  6.56357063e+11  5.29e-05 2.91e-03  1.02e+03   789s
[2025-07-22 17:35:12] DEBUG    67   7.18645828e+11  6.56381383e+11  4.48e-05 4.11e-03  8.40e+02   798s
[2025-07-22 17:35:22] DEBUG    68   7.16322218e+11  6.56431666e+11  6.01e-05 4.10e-03  5.94e+02   808s
[2025-07-22 17:35:32] DEBUG    69   7.15202172e+11  6.56470507e+11  7.25e-05 4.02e-03  4.70e+02   818s
[2025-07-22 17:35:39] DEBUG    70   7.14920053e+11  6.56487291e+11  4.39e-05 3.98e-03  4.42e+02   824s
[2025-07-22 17:35:52] DEBUG    71   7.14148829e+11  6.56510578e+11  4.29e-05 3.95e-03  3.68e+02   838s
[2025-07-22 17:36:00] DEBUG    72   7.13801748e+11  6.56524866e+11  4.10e-05 3.94e-03  3.38e+02   846s
[2025-07-22 17:36:13] DEBUG    73   7.13354734e+11  6.56531939e+11  4.20e-05 3.92e-03  3.01e+02   859s
[2025-07-22 17:36:25] DEBUG    74   7.13139686e+11  6.56542584e+11  3.91e-05 3.91e-03  2.83e+02   871s
[2025-07-22 17:36:33] DEBUG    75   7.12953011e+11  6.56546121e+11  6.87e-05 3.90e-03  2.70e+02   879s
[2025-07-22 17:36:42] DEBUG    76   7.12208420e+11  6.56551945e+11  3.24e-05 3.81e-03  2.15e+02   888s
[2025-07-22 17:36:49] DEBUG    77   7.11710489e+11  6.56571666e+11  4.67e-05 3.72e-03  1.68e+02   895s
[2025-07-22 17:36:57] DEBUG    78   7.11253855e+11  6.56594277e+11  3.53e-05 3.71e-03  1.25e+02   903s
[2025-07-22 17:37:04] DEBUG    79   7.10895876e+11  6.56602166e+11  3.81e-05 3.68e-03  9.85e+01   910s
[2025-07-22 17:37:11] DEBUG    80   7.10730647e+11  6.56607582e+11  4.82e-05 3.65e-03  8.72e+01   917s
[2025-07-22 17:37:18] DEBUG    81   7.10464301e+11  6.56611436e+11  5.82e-05 3.58e-03  7.08e+01   924s
[2025-07-22 17:37:26] DEBUG    82   7.10264664e+11  6.56615105e+11  6.77e-05 3.54e-03  5.98e+01   932s
[2025-07-22 17:37:36] DEBUG    83   7.10047686e+11  6.56618707e+11  6.25e-05 3.52e-03  4.90e+01   942s
[2025-07-22 17:37:45] DEBUG    84   7.09853295e+11  6.56620185e+11  3.48e-05 3.50e-03  4.12e+01   951s
[2025-07-22 17:37:54] DEBUG    85   7.09633232e+11  6.56622687e+11  6.06e-05 3.48e-03  3.33e+01   960s
[2025-07-22 17:38:03] DEBUG    86   7.09595891e+11  6.56623064e+11  5.20e-05 3.47e-03  3.22e+01   969s
[2025-07-22 17:38:13] DEBUG    87   7.09503076e+11  6.56624688e+11  5.05e-05 3.44e-03  2.90e+01   979s
[2025-07-22 17:38:22] DEBUG    88   7.09411467e+11  6.56624655e+11  6.87e-05 3.43e-03  2.68e+01   988s
[2025-07-22 17:38:31] DEBUG    89   7.09247952e+11  6.56626066e+11  6.06e-05 3.38e-03  2.30e+01   997s
[2025-07-22 17:38:41] DEBUG    90   7.09149470e+11  6.56626938e+11  6.10e-05 3.37e-03  2.08e+01  1007s
[2025-07-22 17:38:50] DEBUG    91   7.09037779e+11  6.56628026e+11  7.72e-05 3.35e-03  1.87e+01  1016s
[2025-07-22 17:38:59] DEBUG    92   7.08971206e+11  6.56629241e+11  7.92e-05 3.33e-03  1.73e+01  1025s
[2025-07-22 17:39:07] DEBUG    93   7.08831259e+11  6.56630280e+11  4.29e-05 3.31e-03  1.49e+01  1033s
[2025-07-22 17:39:14] DEBUG    94   7.08673565e+11  6.56630749e+11  5.44e-05 3.30e-03  1.27e+01  1040s
[2025-07-22 17:39:22] DEBUG    95   7.08624273e+11  6.56631055e+11  4.77e-05 3.29e-03  1.20e+01  1048s
[2025-07-22 17:39:30] DEBUG    96   7.08573481e+11  6.56631860e+11  7.06e-05 3.28e-03  1.13e+01  1056s
[2025-07-22 17:39:38] DEBUG    97   7.08477861e+11  6.56632684e+11  6.10e-05 3.26e-03  1.01e+01  1064s
[2025-07-22 17:39:46] DEBUG    98   7.08378290e+11  6.56632993e+11  6.10e-05 3.26e-03  9.16e+00  1072s
[2025-07-22 17:39:56] DEBUG    99   7.08242317e+11  6.56633444e+11  5.72e-05 3.25e-03  7.94e+00  1082s
[2025-07-22 17:40:03] DEBUG    100   7.08191903e+11  6.56633854e+11  4.20e-05 3.25e-03  7.56e+00  1089s
[2025-07-22 17:40:10] DEBUG    101   7.08075827e+11  6.56634348e+11  3.72e-05 3.24e-03  6.66e+00  1096s
[2025-07-22 17:40:16] DEBUG    102   7.08043813e+11  6.56635099e+11  4.58e-05 3.24e-03  6.43e+00  1101s
[2025-07-22 17:40:23] DEBUG    103   7.07955472e+11  6.56635445e+11  6.77e-05 3.23e-03  5.87e+00  1109s
[2025-07-22 17:40:32] DEBUG    104   7.07895114e+11  6.56635915e+11  6.44e-05 3.23e-03  5.50e+00  1118s
[2025-07-22 17:40:40] DEBUG    105   7.07843707e+11  6.56636231e+11  7.44e-05 3.23e-03  5.21e+00  1126s
[2025-07-22 17:40:48] DEBUG    106   7.07778112e+11  6.56636677e+11  7.15e-05 3.22e-03  4.83e+00  1134s
[2025-07-22 17:40:59] DEBUG    107   7.07706800e+11  6.56636666e+11  8.30e-05 3.21e-03  4.47e+00  1145s
[2025-07-22 17:41:08] DEBUG    108   7.07620259e+11  6.56636669e+11  7.96e-05 3.21e-03  4.06e+00  1154s
[2025-07-22 17:41:14] DEBUG    109   7.07584617e+11  6.56636656e+11  9.97e-05 3.20e-03  3.91e+00  1160s
[2025-07-22 17:41:22] DEBUG    110   7.07559031e+11  6.56636629e+11  7.53e-05 3.20e-03  3.80e+00  1167s
[2025-07-22 17:41:29] DEBUG    111   7.07527659e+11  6.56636557e+11  9.68e-05 3.19e-03  3.68e+00  1175s
[2025-07-22 17:41:37] DEBUG    112   7.07466445e+11  6.56636480e+11  9.30e-05 3.18e-03  3.45e+00  1183s
[2025-07-22 17:41:42] DEBUG    113   7.07446201e+11  6.56636442e+11  1.19e-04 3.18e-03  3.38e+00  1188s
[2025-07-22 17:41:48] DEBUG    114   7.07405788e+11  6.56636435e+11  9.44e-05 3.17e-03  3.24e+00  1194s
[2025-07-22 17:41:56] DEBUG    115   7.07352969e+11  6.56636479e+11  1.12e-04 3.17e-03  3.06e+00  1202s
[2025-07-22 17:42:08] DEBUG    116   7.07310007e+11  6.56636526e+11  9.54e-05 3.16e-03  2.91e+00  1214s
[2025-07-22 17:42:17] DEBUG    117   7.07260205e+11  6.56636597e+11  1.29e-04 3.16e-03  2.74e+00  1223s
[2025-07-22 17:42:26] DEBUG    118   7.07197947e+11  6.56636658e+11  1.22e-04 3.15e-03  2.56e+00  1232s
[2025-07-22 17:42:35] DEBUG    119   7.07141040e+11  6.56636705e+11  1.32e-04 3.15e-03  2.39e+00  1241s
[2025-07-22 17:42:44] DEBUG    120   7.07101007e+11  6.56636748e+11  1.25e-04 3.15e-03  2.29e+00  1250s
[2025-07-22 17:42:51] DEBUG    121   7.07042622e+11  6.56636814e+11  9.68e-05 3.14e-03  2.15e+00  1257s
[2025-07-22 17:42:59] DEBUG    122   7.07026192e+11  6.56636851e+11  1.13e-04 3.14e-03  2.11e+00  1265s
[2025-07-22 17:43:06] DEBUG    123   7.06943767e+11  6.56636896e+11  1.18e-04 3.14e-03  1.93e+00  1272s
[2025-07-22 17:43:13] DEBUG    124   7.06899084e+11  6.56636933e+11  1.05e-04 3.14e-03  1.84e+00  1279s
[2025-07-22 17:43:20] DEBUG    125   7.06877588e+11  6.56636995e+11  1.21e-04 3.13e-03  1.79e+00  1286s
[2025-07-22 17:43:28] DEBUG    126   7.06833233e+11  6.56637020e+11  1.06e-04 3.13e-03  1.70e+00  1294s
[2025-07-22 17:43:37] DEBUG    127   7.06810092e+11  6.56637054e+11  1.23e-04 3.13e-03  1.66e+00  1303s
[2025-07-22 17:43:45] DEBUG    128   7.06797329e+11  6.56637053e+11  1.06e-04 3.13e-03  1.64e+00  1311s
[2025-07-22 17:43:54] DEBUG    129   7.06757130e+11  6.56637072e+11  9.54e-05 3.13e-03  1.56e+00  1320s
[2025-07-22 17:44:02] DEBUG    130   7.06715424e+11  6.56637115e+11  7.63e-05 3.13e-03  1.50e+00  1328s
[2025-07-22 17:44:07] DEBUG    131   7.06683550e+11  6.56637169e+11  7.01e-05 3.13e-03  1.44e+00  1333s
[2025-07-22 17:44:15] DEBUG    132   7.06658547e+11  6.56637206e+11  6.34e-05 3.12e-03  1.41e+00  1341s
[2025-07-22 17:44:22] DEBUG    133   7.06638503e+11  6.56637224e+11  6.68e-05 3.12e-03  1.38e+00  1348s
[2025-07-22 17:44:29] DEBUG    134   7.06612231e+11  6.56637257e+11  6.20e-05 3.12e-03  1.34e+00  1355s
[2025-07-22 17:44:38] DEBUG    135   7.06565944e+11  6.56637326e+11  9.63e-05 3.12e-03  1.27e+00  1364s
[2025-07-22 17:44:49] DEBUG    136   7.06533827e+11  6.56637390e+11  8.30e-05 3.12e-03  1.22e+00  1375s
[2025-07-22 17:44:56] DEBUG    137   7.06471767e+11  6.56637452e+11  8.49e-05 3.12e-03  1.14e+00  1381s
[2025-07-22 17:45:02] DEBUG    138   7.06450652e+11  6.56637483e+11  1.03e-04 3.12e-03  1.11e+00  1388s
[2025-07-22 17:45:12] DEBUG    139   7.06421932e+11  6.56637568e+11  1.18e-04 3.12e-03  1.08e+00  1398s
[2025-07-22 17:45:20] DEBUG    140   7.06378669e+11  6.56637747e+11  9.73e-05 3.12e-03  1.03e+00  1406s
[2025-07-22 17:45:28] DEBUG    141   7.06349270e+11  6.56637841e+11  1.01e-04 3.12e-03  9.99e-01  1414s
[2025-07-22 17:45:32] DEBUG    142   7.06323612e+11  6.56637921e+11  8.58e-05 3.12e-03  9.74e-01  1418s
[2025-07-22 17:45:39] DEBUG    143   7.06289308e+11  6.56638047e+11  1.03e-04 3.11e-03  9.38e-01  1425s
[2025-07-22 17:45:47] DEBUG    144   7.06268169e+11  6.56638237e+11  9.35e-05 3.11e-03  9.16e-01  1433s
[2025-07-22 17:45:59] DEBUG    145   7.06237318e+11  6.56638351e+11  7.34e-05 3.11e-03  8.88e-01  1445s
[2025-07-22 17:46:06] DEBUG    146   7.06208195e+11  6.56638467e+11  6.96e-05 3.11e-03  8.61e-01  1452s
[2025-07-22 17:46:12] DEBUG    147   7.06175714e+11  6.56638588e+11  6.58e-05 3.11e-03  8.32e-01  1458s
[2025-07-22 17:46:20] DEBUG    148   7.06149748e+11  6.56638734e+11  7.63e-05 3.11e-03  8.08e-01  1466s
[2025-07-22 17:46:26] DEBUG    149   7.06138753e+11  6.56638809e+11  1.18e-04 3.11e-03  7.99e-01  1472s
[2025-07-22 17:46:33] DEBUG    150   7.06116522e+11  6.56638896e+11  1.05e-04 3.11e-03  7.81e-01  1479s
[2025-07-22 17:46:40] DEBUG    151   7.06107303e+11  6.56639015e+11  1.03e-04 3.11e-03  7.73e-01  1486s
[2025-07-22 17:46:48] DEBUG    152   7.06081463e+11  6.56639191e+11  1.02e-04 3.11e-03  7.52e-01  1493s
[2025-07-22 17:46:55] DEBUG    153   7.06049604e+11  6.56639340e+11  9.54e-05 3.11e-03  7.44e-01  1501s
[2025-07-22 17:47:04] DEBUG    154   7.06028205e+11  6.56639710e+11  1.02e-04 3.11e-03  7.25e-01  1510s
[2025-07-22 17:47:12] DEBUG    155   7.06006491e+11  6.56639966e+11  1.29e-04 3.11e-03  7.09e-01  1518s
[2025-07-22 17:47:19] DEBUG    156   7.05963421e+11  6.56640203e+11  1.23e-04 3.11e-03  6.77e-01  1525s
[2025-07-22 17:47:26] DEBUG    157   7.05949498e+11  6.56640309e+11  9.44e-05 3.11e-03  6.67e-01  1532s
[2025-07-22 17:47:35] DEBUG    158   7.05913093e+11  6.56640563e+11  1.37e-04 3.11e-03  6.41e-01  1541s
[2025-07-22 17:47:44] DEBUG    159   7.05881516e+11  6.56640775e+11  1.17e-04 3.11e-03  6.20e-01  1550s
[2025-07-22 17:47:52] DEBUG    160   7.05848777e+11  6.56641018e+11  1.21e-04 3.11e-03  5.99e-01  1558s
[2025-07-22 17:47:57] DEBUG    161   7.05834032e+11  6.56641059e+11  1.11e-04 3.11e-03  5.90e-01  1563s
[2025-07-22 17:48:06] DEBUG    162   7.05814008e+11  6.56641326e+11  1.13e-04 3.11e-03  5.78e-01  1572s
[2025-07-22 17:48:12] DEBUG    163   7.05802636e+11  6.56641402e+11  1.20e-04 3.11e-03  5.71e-01  1577s
[2025-07-22 17:48:20] DEBUG    164   7.05762378e+11  6.56641539e+11  1.02e-04 3.11e-03  5.48e-01  1586s
[2025-07-22 17:48:20] DEBUG    Barrier performed 164 iterations in 1586.08 seconds (360.27 work units)
[2025-07-22 17:48:20] DEBUG    Barrier solve interrupted - model solved by another algorithm
[2025-07-22 17:48:20] DEBUG    Solved with dual simplex
[2025-07-22 17:48:29] DEBUG    Iteration    Objective       Primal Inf.    Dual Inf.      Time
[2025-07-22 17:48:29] DEBUG    806456    6.5703996e+11   0.000000e+00   0.000000e+00   1595s

Solved in 806456 iterations and 1595.04 seconds (386.38 work units)
[2025-07-22 17:48:29] DEBUG    Optimal objective  6.570399615e+11
✅ Scenario completato: existing_VRES_2030_PHES

🚀 Lancio scenario: existing_VRES_2030_nostorage
[2025-07-22 17:58:21] INFO     Loading sets
[2025-07-22 17:58:21] INFO     Loading parameters
[2025-07-22 17:58:55] INFO     constraints are loaded in the following order: ['energy_balance', 'dispatch', 'costs', 'capacity', 'network', 'policy', 'conversion', 'group', 'conversion_plus', 'milp', 'export']
[2025-07-22 17:58:55] INFO     creating energy_balance constraints
[2025-07-22 18:01:42] INFO     creating dispatch constraints
[2025-07-22 18:06:30] INFO     creating costs constraints
[2025-07-22 18:14:14] INFO     creating capacity constraints
[2025-07-22 18:14:14] INFO     creating network constraints
[2025-07-22 18:14:14] INFO     creating policy constraints
[2025-07-22 18:14:14] INFO     creating conversion constraints
[2025-07-22 18:14:14] INFO     creating group constraints
[2025-07-22 18:14:14] INFO     creating conversion_plus constraints
[2025-07-22 18:14:14] INFO     creating milp constraints
[2025-07-22 18:14:14] INFO     creating export constraints
[2025-07-22 18:25:20] DEBUG    Set parameter WLSAccessID
Set parameter WLSSecret
Set parameter LicenseID to value 2680226
[2025-07-22 18:25:21] DEBUG    Academic license 2680226 - for non-commercial use only - registered to an___@mail.polimi.it
[2025-07-22 18:25:51] DEBUG    Read LP format model from file /tmp/tmplc1fvkvq.pyomo.lp
Reading time = 30.62 seconds
x15411598: 20685179 rows, 15411598 columns, 49470446 nonzeros
[2025-07-22 18:25:51] DEBUG    Set parameter NumericFocus to value 1
Gurobi Optimizer version 12.0.2 build v12.0.2rc0 (linux64 - "Debian GNU/Linux 11 (bullseye)")

CPU model: Intel(R) Xeon(R) Silver 4314 CPU @ 2.40GHz, instruction set [SSE2|AVX|AVX2|AVX512]
Thread count: 32 physical cores, 64 logical processors, using up to 32 threads

Non-default parameters:
NumericFocus  1
[2025-07-22 18:25:51] DEBUG    Academic license 2680226 - for non-commercial use only - registered to an___@mail.polimi.it
Optimize a model with 20685179 rows, 15411598 columns and 49470446 nonzeros
[2025-07-22 18:25:52] DEBUG    Model fingerprint: 0xad703abb
[2025-07-22 18:25:52] DEBUG    Coefficient statistics:
  Matrix range     [1e-07, 3e+02]
  Objective range  [1e+00, 1e+06]
  Bounds range     [0e+00, 0e+00]
  RHS range        [1e+00, 2e+08]
[2025-07-22 18:25:57] DEBUG    Presolve removed 17433582 rows and 8962186 columns (presolve time = 5s)...
[2025-07-22 18:26:03] DEBUG    Presolve removed 19595498 rows and 12914853 columns (presolve time = 11s)...
[2025-07-22 18:26:07] DEBUG    Presolve removed 20133335 rows and 13002463 columns (presolve time = 15s)...
[2025-07-22 18:26:08] DEBUG    Presolve removed 20282238 rows and 13002463 columns
[2025-07-22 18:26:08] DEBUG    Presolve time: 16.93s
Presolved: 402941 rows, 2558038 columns, 4260825 nonzeros

Concurrent LP optimizer: primal simplex, dual simplex, and barrier
Showing barrier log only...
[2025-07-22 18:26:09] DEBUG    Ordering time: 0.15s
[2025-07-22 18:26:10] DEBUG    Barrier statistics:
 Dense cols : 86
 AA' NZ     : 1.142e+06
[2025-07-22 18:26:10] DEBUG    Factor NZ  : 9.080e+06 (roughly 1.3 GB of memory)
 Factor Ops : 3.332e+08 (less than 1 second per iteration)
 Threads    : 30
[2025-07-22 18:26:11] DEBUG    Objective                Residual
[2025-07-22 18:26:11] DEBUG    Iter       Primal          Dual         Primal    Dual     Compl     Time
[2025-07-22 18:26:12] DEBUG    0   5.84513323e+21 -7.37269296e+19  6.48e+10 9.31e-10  3.08e+16    21s
[2025-07-22 18:26:15] DEBUG    1   3.48020488e+21 -7.71353952e+19  2.77e+10 8.17e+05  1.31e+16    24s
[2025-07-22 18:26:18] DEBUG    2   1.23243943e+21 -5.73466466e+19  6.39e+09 5.19e+04  3.05e+15    27s
[2025-07-22 18:26:22] DEBUG    3   4.57349387e+19 -4.12038099e+19  1.65e+08 9.78e+02  8.95e+13    31s
[2025-07-22 18:26:26] DEBUG    4   2.09958797e+19 -1.64925697e+19  7.19e+07 4.05e-06  3.71e+13    34s
[2025-07-22 18:26:28] DEBUG    5   1.17462949e+19 -1.21542262e+19  3.81e+07 8.88e-04  1.99e+13    36s
[2025-07-22 18:26:30] DEBUG    6   5.84431328e+18 -5.54528592e+18  1.82e+07 6.12e-04  8.90e+12    38s
[2025-07-22 18:26:32] DEBUG    7   2.09496226e+18 -3.22706857e+18  6.02e+06 3.15e-04  3.07e+12    41s
[2025-07-22 18:26:34] DEBUG    8   9.52002772e+17 -1.58237763e+18  2.60e+06 3.84e-04  1.25e+12    43s
[2025-07-22 18:26:36] DEBUG    9   3.28922000e+17 -8.11988387e+17  8.61e+05 4.29e-06  4.36e+11    45s
[2025-07-22 18:26:39] DEBUG    10   1.24020143e+17 -3.42709657e+17  3.03e+05 3.07e-06  1.48e+11    48s
[2025-07-22 18:26:42] DEBUG    11   5.46951906e+16 -1.78663639e+17  1.28e+05 1.57e-06  6.51e+10    50s
[2025-07-22 18:26:44] DEBUG    12   1.93979982e+16 -1.00027626e+17  4.15e+04 1.02e-06  2.92e+10    53s
[2025-07-22 18:26:47] DEBUG    13   1.81740498e+16 -9.30607157e+16  3.88e+04 9.13e-07  2.71e+10    56s
[2025-07-22 18:26:50] DEBUG    14   1.20224358e+16 -4.61048810e+16  2.47e+04 6.57e-07  1.38e+10    59s
[2025-07-22 18:26:53] DEBUG    15   9.34330730e+15 -4.46175098e+16  1.90e+04 5.53e-07  1.26e+10    62s
[2025-07-22 18:26:56] DEBUG    16   7.28302472e+15 -3.60902904e+16  1.45e+04 3.61e-07  1.00e+10    65s
[2025-07-22 18:27:00] DEBUG    17   5.27296016e+15 -3.10974549e+16  1.03e+04 2.48e-07  8.27e+09    69s
[2025-07-22 18:27:04] DEBUG    18   2.93847904e+15 -2.32334359e+16  5.43e+03 3.25e-07  5.84e+09    73s
[2025-07-22 18:27:10] DEBUG    19   2.71333053e+15 -1.96254958e+16  4.98e+03 2.91e-07  4.98e+09    79s
[2025-07-22 18:27:15] DEBUG    20   1.81484519e+15 -1.53342495e+16  3.20e+03 1.90e-07  3.79e+09    83s
[2025-07-22 18:27:19] DEBUG    21   1.40546307e+15 -8.59399945e+15  2.41e+03 1.45e-07  2.20e+09    88s
[2025-07-22 18:27:24] DEBUG    22   1.00161642e+15 -5.18488535e+15  1.66e+03 8.25e-08  1.36e+09    92s
[2025-07-22 18:27:27] DEBUG    23   8.93417494e+14 -3.79016529e+15  1.46e+03 5.43e-08  1.03e+09    96s
[2025-07-22 18:27:29] DEBUG    24   7.55398493e+14 -3.68277361e+15  1.22e+03 5.87e-08  9.72e+08    98s
[2025-07-22 18:27:32] DEBUG    25   6.77898108e+14 -2.06274103e+15  1.09e+03 3.60e-08  6.00e+08   101s
[2025-07-22 18:27:35] DEBUG    26   6.18493312e+14 -1.82257124e+15  9.90e+02 3.71e-07  5.34e+08   104s
[2025-07-22 18:27:39] DEBUG    27   5.35488137e+14 -9.49148900e+14  8.47e+02 5.55e-06  3.24e+08   108s
[2025-07-22 18:27:43] DEBUG    28   4.31297134e+14 -3.34506178e+14  6.68e+02 3.32e-05  1.67e+08   111s
[2025-07-22 18:27:46] DEBUG    29   3.64274984e+14 -2.09508956e+14  5.54e+02 6.79e-05  1.25e+08   115s
[2025-07-22 18:27:50] DEBUG    30   3.56329126e+14 -1.48744565e+14  5.42e+02 8.39e-05  1.10e+08   119s
[2025-07-22 18:27:53] DEBUG    31   3.41301448e+14 -1.40568356e+14  5.16e+02 8.70e-05  1.05e+08   122s
[2025-07-22 18:27:57] DEBUG    32   2.53680577e+14 -1.14000234e+14  4.06e+02 9.64e-05  8.01e+07   126s
[2025-07-22 18:28:00] DEBUG    33   1.84320438e+14 -8.55538999e+13  2.88e+02 1.04e-04  5.88e+07   129s
[2025-07-22 18:28:04] DEBUG    34   1.48772805e+14 -3.87984025e+13  2.22e+02 9.97e-05  4.08e+07   132s
[2025-07-22 18:28:07] DEBUG    35   1.19827813e+14 -1.78051356e+13  1.66e+02 1.02e-04  2.99e+07   136s
[2025-07-22 18:28:11] DEBUG    36   8.63615393e+13  1.93086926e+13  1.06e+02 1.23e-04  1.46e+07   139s
[2025-07-22 18:28:14] DEBUG    37   5.41783699e+13  3.27066891e+13  3.36e+01 1.33e-04  4.66e+06   143s
[2025-07-22 18:28:17] DEBUG    38   5.34079465e+13  3.47761506e+13  3.19e+01 1.04e-04  4.05e+06   146s
[2025-07-22 18:28:17] DEBUG    Barrier performed 38 iterations in 146.07 seconds (47.37 work units)
[2025-07-22 18:28:17] DEBUG    Barrier solve interrupted - model solved by another algorithm
[2025-07-22 18:28:18] DEBUG    Solved with dual simplex
[2025-07-22 18:28:25] DEBUG    Iteration    Objective       Primal Inf.    Dual Inf.      Time
[2025-07-22 18:28:25] DEBUG    244562    4.1800714e+13   0.000000e+00   0.000000e+00    154s

Solved in 244562 iterations and 154.07 seconds (55.27 work units)
[2025-07-22 18:28:25] DEBUG    Optimal objective  4.180071438e+13
✅ Scenario completato: existing_VRES_2030_nostorage

🚀 Lancio scenario: existing_CG+VRES_2030_BESS
[2025-07-22 18:40:49] INFO     Loading sets
[2025-07-22 18:40:49] INFO     Loading parameters
[2025-07-22 18:41:24] INFO     constraints are loaded in the following order: ['energy_balance', 'dispatch', 'costs', 'capacity', 'network', 'policy', 'conversion', 'group', 'conversion_plus', 'milp', 'export']
[2025-07-22 18:41:24] INFO     creating energy_balance constraints
[2025-07-22 18:44:25] INFO     creating dispatch constraints
[2025-07-22 18:46:22] INFO     creating costs constraints
[2025-07-22 18:59:41] INFO     creating capacity constraints
[2025-07-22 18:59:41] INFO     creating network constraints
[2025-07-22 18:59:41] INFO     creating policy constraints
[2025-07-22 18:59:41] INFO     creating conversion constraints
[2025-07-22 18:59:41] INFO     creating group constraints
[2025-07-22 18:59:41] INFO     creating conversion_plus constraints
[2025-07-22 18:59:41] INFO     creating milp constraints
[2025-07-22 18:59:41] INFO     creating export constraints
[2025-07-22 19:12:12] DEBUG    Set parameter WLSAccessID
Set parameter WLSSecret
Set parameter LicenseID to value 2680226
[2025-07-22 19:12:12] DEBUG    Academic license 2680226 - for non-commercial use only - registered to an___@mail.polimi.it
[2025-07-22 19:12:47] DEBUG    Read LP format model from file /tmp/tmphnc6chv2.pyomo.lp
[2025-07-22 19:12:47] DEBUG    Reading time = 35.07 seconds
x17444237: 23225869 rows, 17444237 columns, 56330048 nonzeros
Set parameter NumericFocus to value 1
Gurobi Optimizer version 12.0.2 build v12.0.2rc0 (linux64 - "Debian GNU/Linux 11 (bullseye)")

CPU model: Intel(R) Xeon(R) Silver 4314 CPU @ 2.40GHz, instruction set [SSE2|AVX|AVX2|AVX512]
Thread count: 32 physical cores, 64 logical processors, using up to 32 threads

Non-default parameters:
NumericFocus  1
[2025-07-22 19:12:48] DEBUG    Academic license 2680226 - for non-commercial use only - registered to an___@mail.polimi.it
Optimize a model with 23225869 rows, 17444237 columns and 56330048 nonzeros
[2025-07-22 19:12:48] DEBUG    Model fingerprint: 0x86ebaa00
[2025-07-22 19:12:48] DEBUG    Coefficient statistics:
  Matrix range     [1e-07, 3e+02]
  Objective range  [1e+00, 1e+06]
  Bounds range     [0e+00, 0e+00]
  RHS range        [1e+00, 2e+08]
[2025-07-22 19:12:55] DEBUG    Presolve removed 18449974 rows and 10232618 columns (presolve time = 6s)...
[2025-07-22 19:12:59] DEBUG    Presolve removed 18456605 rows and 12030000 columns (presolve time = 10s)...
[2025-07-22 19:13:04] DEBUG    Presolve removed 20865957 rows and 14388573 columns (presolve time = 15s)...
[2025-07-22 19:13:08] DEBUG    Presolve removed 21403852 rows and 14476173 columns (presolve time = 20s)...
[2025-07-22 19:13:09] DEBUG    Presolve removed 21552755 rows and 14476173 columns
[2025-07-22 19:13:09] DEBUG    Presolve time: 21.94s
Presolved: 1673114 rows, 3116967 columns, 9036625 nonzeros

Concurrent LP optimizer: primal simplex, dual simplex, and barrier
Showing barrier log only...
[2025-07-22 19:13:12] DEBUG    Ordering time: 1.17s
[2025-07-22 19:13:14] DEBUG    Barrier statistics:
 Dense cols : 144
 AA' NZ     : 8.610e+06
 Factor NZ  : 3.825e+07 (roughly 2.2 GB of memory)
 Factor Ops : 2.293e+09 (less than 1 second per iteration)
[2025-07-22 19:13:14] DEBUG    Threads    : 30
[2025-07-22 19:13:18] DEBUG    Objective                Residual
Iter       Primal          Dual         Primal    Dual     Compl     Time
[2025-07-22 19:13:18] DEBUG    0   3.55226468e+21 -6.81517781e+19  6.48e+10 2.33e-10  3.03e+16    30s
[2025-07-22 19:13:21] DEBUG    1   2.23324165e+21 -6.80864137e+19  3.37e+10 1.77e+06  1.65e+16    33s
[2025-07-22 19:13:28] DEBUG    2   1.50552739e+21 -5.80151879e+19  1.89e+10 6.06e+05  8.13e+15    40s
[2025-07-22 19:13:35] DEBUG    3   1.43200845e+21 -5.63563561e+19  1.75e+10 5.09e+05  7.38e+15    48s
[2025-07-22 19:13:41] DEBUG    4   1.15909401e+21 -5.27648804e+19  1.26e+10 2.88e+05  5.12e+15    54s
[2025-07-22 19:13:46] DEBUG    5   1.09192843e+21 -4.99571125e+19  1.16e+10 1.61e+05  4.39e+15    58s
[2025-07-22 19:13:50] DEBUG    6   4.18410594e+20 -4.40637700e+19  3.37e+09 2.92e+04  1.24e+15    63s
[2025-07-22 19:13:55] DEBUG    7   8.33233770e+19 -3.71460702e+19  5.68e+08 7.81e+03  2.26e+14    68s
[2025-07-22 19:14:00] DEBUG    8   3.51022944e+19 -2.89114394e+19  2.70e+08 2.65e+03  1.05e+14    72s
[2025-07-22 19:14:04] DEBUG    9   2.83160800e+19 -2.20021012e+19  2.21e+08 8.53e+02  7.99e+13    77s
[2025-07-22 19:14:09] DEBUG    10   1.79967301e+19 -1.66030098e+19  1.42e+08 2.18e+02  4.94e+13    81s
[2025-07-22 19:14:14] DEBUG    11   8.58950566e+18 -1.22234111e+19  6.54e+07 2.21e+01  2.25e+13    87s
[2025-07-22 19:14:22] DEBUG    12   3.11714615e+17 -6.34614295e+18  1.91e+06 7.70e-01  1.55e+12    94s
[2025-07-22 19:14:28] DEBUG    13   1.26578741e+16 -7.15503580e+17  4.97e+04 7.37e-02  1.21e+11   100s
[2025-07-22 19:14:31] DEBUG    14   2.48767963e+15 -8.97469112e+16  2.55e+02 3.74e-02  1.45e+10   103s
[2025-07-22 19:14:35] DEBUG    15   3.24836888e+14 -8.94618176e+15  2.46e-01 9.27e-03  1.46e+09   107s
[2025-07-22 19:14:39] DEBUG    16   2.07885487e+14 -1.81581187e+15  4.96e-02 2.00e-02  3.01e+08   111s
[2025-07-22 19:14:50] DEBUG    17   1.73022825e+14 -1.12854922e+15  3.12e-02 1.86e-02  1.89e+08   123s
[2025-07-22 19:15:03] DEBUG    18   1.54592382e+14 -5.71833307e+14  2.34e-02 1.84e-02  9.93e+07   135s
[2025-07-22 19:15:17] DEBUG    19   1.43104572e+14 -2.87384864e+14  1.94e-02 3.12e-02  5.27e+07   149s
[2025-07-22 19:15:32] DEBUG    20   1.32250198e+14 -2.20469002e+14  1.62e-02 2.98e-02  4.09e+07   165s
[2025-07-22 19:15:48] DEBUG    21   1.29542158e+14 -1.82058108e+14  1.54e-02 2.92e-02  3.43e+07   180s
[2025-07-22 19:16:04] DEBUG    22   1.01351855e+14 -1.07954669e+14  7.78e-03 2.81e-02  2.01e+07   196s
[2025-07-22 19:16:21] DEBUG    23   9.11283961e+13 -6.53934670e+13  6.04e-03 2.68e-02  1.26e+07   214s
[2025-07-22 19:16:34] DEBUG    24   8.33806218e+13 -3.36157802e+13  4.91e-03 2.50e-02  6.98e+06   227s
[2025-07-22 19:16:50] DEBUG    25   7.77685278e+13 -2.57673797e+13  4.21e-03 2.49e-02  5.47e+06   243s
[2025-07-22 19:17:06] DEBUG    26   6.82942100e+13 -1.48088948e+13  3.10e-03 2.41e-02  3.34e+06   258s
[2025-07-22 19:17:26] DEBUG    27   6.60464624e+13 -1.14955205e+13  2.89e-03 2.44e-02  2.74e+06   278s
[2025-07-22 19:17:45] DEBUG    28   5.58763691e+13 -5.97021963e+12  1.97e-03 2.51e-02  1.57e+06   297s
[2025-07-22 19:18:02] DEBUG    29   4.80682126e+13 -3.71655505e+12  1.41e-03 2.56e-02  1.05e+06   314s
[2025-07-22 19:18:20] DEBUG    30   4.32580229e+13 -2.75298716e+12  1.13e-03 2.57e-02  8.00e+05   332s
[2025-07-22 19:18:37] DEBUG    31   4.15832434e+13 -2.19946215e+12  1.04e-03 2.57e-02  6.95e+05   350s
[2025-07-22 19:18:51] DEBUG    32   4.02991544e+13 -2.01321259e+12  9.75e-04 2.56e-02  6.43e+05   364s
[2025-07-22 19:19:12] DEBUG    33   3.60908293e+13 -1.69867031e+12  7.64e-04 2.48e-02  5.14e+05   385s
[2025-07-22 19:19:32] DEBUG    34   3.43097279e+13 -1.27194961e+12  6.84e-04 2.38e-02  4.25e+05   404s
[2025-07-22 19:19:53] DEBUG    35   3.17262235e+13 -1.12794062e+12  5.63e-04 2.34e-02  3.56e+05   426s
[2025-07-22 19:20:11] DEBUG    36   3.00073454e+13 -9.32970955e+11  4.92e-04 2.28e-02  3.01e+05   443s
[2025-07-22 19:20:24] DEBUG    37   2.96610715e+13 -9.04575425e+11  4.79e-04 2.27e-02  2.93e+05   456s
[2025-07-22 19:20:39] DEBUG    38   2.83812086e+13 -7.43824495e+11  4.28e-04 2.21e-02  2.50e+05   472s
[2025-07-22 19:20:56] DEBUG    39   2.73704407e+13 -6.76598765e+11  3.90e-04 2.15e-02  2.28e+05   489s
[2025-07-22 19:21:17] DEBUG    40   2.70358422e+13 -6.03365800e+11  3.84e-04 2.08e-02  2.15e+05   509s
[2025-07-22 19:21:35] DEBUG    41   2.64633667e+13 -5.72898409e+11  3.64e-04 2.05e-02  2.03e+05   528s
[2025-07-22 19:21:52] DEBUG    42   2.53432122e+13 -5.42511972e+11  3.24e-04 2.01e-02  1.82e+05   544s
[2025-07-22 19:22:12] DEBUG    43   2.50319591e+13 -5.10573193e+11  3.14e-04 1.97e-02  1.74e+05   565s
[2025-07-22 19:22:33] DEBUG    44   2.39964234e+13 -4.79804663e+11  2.82e-04 1.93e-02  1.56e+05   586s
[2025-07-22 19:22:52] DEBUG    45   2.30669809e+13 -4.43052777e+11  2.53e-04 1.87e-02  1.39e+05   605s
[2025-07-22 19:23:12] DEBUG    46   2.27962956e+13 -3.85223466e+11  2.45e-04 1.79e-02  1.30e+05   625s
[2025-07-22 19:23:32] DEBUG    47   2.19471197e+13 -3.52325215e+11  2.07e-04 1.73e-02  1.10e+05   645s
[2025-07-22 19:23:46] DEBUG    48   2.15618459e+13 -3.10918734e+11  1.92e-04 1.68e-02  9.77e+04   658s
[2025-07-22 19:24:03] DEBUG    49   2.09903628e+13 -2.82034148e+11  1.65e-04 1.63e-02  8.19e+04   676s
[2025-07-22 19:24:18] DEBUG    50   2.05194257e+13 -2.41575000e+11  1.48e-04 1.60e-02  6.80e+04   691s
[2025-07-22 19:24:37] DEBUG    51   2.03058252e+13 -2.25495915e+11  1.44e-04 1.60e-02  6.27e+04   709s
[2025-07-22 19:25:00] DEBUG    52   1.98979717e+13 -2.16204129e+11  1.32e-04 1.60e-02  5.71e+04   732s
[2025-07-22 19:25:24] DEBUG    53   1.97582516e+13 -2.07096765e+11  1.28e-04 1.60e-02  5.40e+04   756s
[2025-07-22 19:25:38] DEBUG    54   1.96810578e+13 -2.03119600e+11  1.25e-04 1.60e-02  5.22e+04   770s
[2025-07-22 19:25:48] DEBUG    55   1.96191487e+13 -2.00880120e+11  1.15e-04 1.60e-02  5.09e+04   781s
[2025-07-22 19:25:58] DEBUG    56   1.95369551e+13 -1.98930344e+11  1.16e-04 1.60e-02  4.94e+04   791s
[2025-07-22 19:26:21] DEBUG    57   1.95110725e+13 -1.96191656e+11  1.16e-04 1.60e-02  4.86e+04   813s
[2025-07-22 19:26:37] DEBUG    58   1.94745034e+13 -1.93503071e+11  1.16e-04 1.60e-02  4.77e+04   829s
[2025-07-22 19:26:54] DEBUG    59   1.94408944e+13 -1.84645117e+11  1.11e-04 1.60e-02  4.60e+04   847s
[2025-07-22 19:27:09] DEBUG    60   1.92515154e+13 -1.74771970e+11  1.04e-04 1.60e-02  4.11e+04   862s
[2025-07-22 19:27:24] DEBUG    61   1.91015696e+13 -1.71760656e+11  1.03e-04 1.60e-02  3.85e+04   876s
[2025-07-22 19:27:39] DEBUG    62   1.89026962e+13 -1.65952495e+11  9.68e-05 1.59e-02  3.50e+04   892s
[2025-07-22 19:27:55] DEBUG    63   1.87122440e+13 -1.59355879e+11  8.69e-05 1.59e-02  3.11e+04   907s
[2025-07-22 19:28:16] DEBUG    64   1.85272443e+13 -1.56754373e+11  7.91e-05 1.58e-02  2.92e+04   929s
[2025-07-22 19:28:31] DEBUG    65   1.84787912e+13 -1.56067671e+11  8.58e-05 1.58e-02  2.88e+04   943s
[2025-07-22 19:28:48] DEBUG    66   1.84643078e+13 -1.55680328e+11  8.08e-05 1.58e-02  2.86e+04   960s
[2025-07-22 19:29:10] DEBUG    67   1.84518742e+13 -1.55214357e+11  8.35e-05 1.58e-02  2.85e+04   983s
[2025-07-22 19:29:25] DEBUG    68   1.84112891e+13 -1.54479703e+11  9.16e-05 1.58e-02  3.09e+04   998s
[2025-07-22 19:29:48] DEBUG    69   1.83832094e+13 -1.52208397e+11  8.01e-05 1.57e-02  3.07e+04  1021s
[2025-07-22 19:30:06] DEBUG    70   1.83132560e+13 -1.49684835e+11  9.16e-05 1.56e-02  3.00e+04  1038s
[2025-07-22 19:30:44] DEBUG    71   1.80863070e+13 -1.47247655e+11  7.63e-05 1.55e-02  2.83e+04  1076s
[2025-07-22 19:31:07] DEBUG    72   1.77715202e+13 -1.43472063e+11  7.63e-05 1.52e-02  2.58e+04  1100s
[2025-07-22 19:31:28] DEBUG    73   1.77501528e+13 -1.42875035e+11  9.16e-05 1.52e-02  2.56e+04  1120s
[2025-07-22 19:31:54] DEBUG    74   1.77255123e+13 -1.41813503e+11  7.63e-05 1.51e-02  2.54e+04  1147s
[2025-07-22 19:32:09] DEBUG    75   1.76147712e+13 -1.38271564e+11  9.16e-05 1.47e-02  2.44e+04  1161s
[2025-07-22 19:32:26] DEBUG    76   1.72993662e+13 -1.35939219e+11  7.63e-05 1.45e-02  2.19e+04  1178s
[2025-07-22 19:32:44] DEBUG    77   1.71462229e+13 -1.33594849e+11  7.63e-05 1.43e-02  2.06e+04  1197s
[2025-07-22 19:32:57] DEBUG    78   1.70580373e+13 -1.32801739e+11  7.63e-05 1.42e-02  1.98e+04  1210s
[2025-07-22 19:33:13] DEBUG    79   1.69890771e+13 -1.29117306e+11  7.63e-05 1.38e-02  1.86e+04  1225s
[2025-07-22 19:33:26] DEBUG    80   1.66636203e+13 -1.25866756e+11  6.10e-05 1.35e-02  1.53e+04  1239s
[2025-07-22 19:33:39] DEBUG    81   1.65743714e+13 -1.20887948e+11  6.10e-05 1.31e-02  1.40e+04  1251s
[2025-07-22 19:33:54] DEBUG    82   1.64830202e+13 -1.18385920e+11  6.10e-05 1.29e-02  1.32e+04  1267s
[2025-07-22 19:34:10] DEBUG    83   1.63290515e+13 -1.17823763e+11  4.58e-05 1.28e-02  1.22e+04  1282s
[2025-07-22 19:34:24] DEBUG    84   1.61410903e+13 -1.15398891e+11  6.10e-05 1.29e-02  1.07e+04  1297s
[2025-07-22 19:34:38] DEBUG    85   1.60846745e+13 -1.14692612e+11  6.10e-05 1.29e-02  1.03e+04  1311s
[2025-07-22 19:34:54] DEBUG    86   1.60706566e+13 -1.13479112e+11  6.10e-05 1.28e-02  1.02e+04  1326s
[2025-07-22 19:35:13] DEBUG    87   1.59862367e+13 -1.12502393e+11  6.10e-05 1.26e-02  9.62e+03  1346s
[2025-07-22 19:35:27] DEBUG    88   1.59837154e+13 -1.11533550e+11  6.10e-05 1.27e-02  9.49e+03  1360s
[2025-07-22 19:35:39] DEBUG    89   1.57875298e+13 -1.09650234e+11  6.10e-05 1.40e-02  7.38e+03  1371s
[2025-07-22 19:35:49] DEBUG    90   1.57165311e+13 -1.08387830e+11  6.10e-05 1.55e-02  6.70e+03  1381s
[2025-07-22 19:36:00] DEBUG    91   1.55897640e+13 -1.06800949e+11  6.10e-05 1.91e-02  5.69e+03  1393s
[2025-07-22 19:36:00] DEBUG    Barrier performed 91 iterations in 1392.93 seconds (270.83 work units)
Barrier solve interrupted - model solved by another algorithm
[2025-07-22 19:36:01] DEBUG    Solved with dual simplex
[2025-07-22 19:36:11] DEBUG    Iteration    Objective       Primal Inf.    Dual Inf.      Time
[2025-07-22 19:36:11] DEBUG    746874    1.3950553e+10   0.000000e+00   0.000000e+00   1403s

Solved in 746874 iterations and 1403.49 seconds (337.15 work units)
[2025-07-22 19:36:11] DEBUG    Optimal objective  1.395055336e+10
✅ Scenario completato: existing_CG+VRES_2030_BESS

🚀 Lancio scenario: existing_CG+VRES_2030_nostorage
[2025-07-22 19:47:10] INFO     Loading sets
[2025-07-22 19:47:10] INFO     Loading parameters
[2025-07-22 19:47:45] INFO     constraints are loaded in the following order: ['energy_balance', 'dispatch', 'costs', 'capacity', 'network', 'policy', 'conversion', 'group', 'conversion_plus', 'milp', 'export']
[2025-07-22 19:47:45] INFO     creating energy_balance constraints
[2025-07-22 19:50:35] INFO     creating dispatch constraints
[2025-07-22 19:52:22] INFO     creating costs constraints
[2025-07-22 20:06:55] INFO     creating capacity constraints
[2025-07-22 20:06:55] INFO     creating network constraints
[2025-07-22 20:06:55] INFO     creating policy constraints
[2025-07-22 20:06:55] INFO     creating conversion constraints
[2025-07-22 20:06:55] INFO     creating group constraints
[2025-07-22 20:06:55] INFO     creating conversion_plus constraints
[2025-07-22 20:06:55] INFO     creating milp constraints
[2025-07-22 20:06:55] INFO     creating export constraints
[2025-07-22 20:18:35] DEBUG    Set parameter WLSAccessID
Set parameter WLSSecret
Set parameter LicenseID to value 2680226
[2025-07-22 20:18:36] DEBUG    Academic license 2680226 - for non-commercial use only - registered to an___@mail.polimi.it
[2025-07-22 20:19:08] DEBUG    Read LP format model from file /tmp/tmpwbs9blqf.pyomo.lp
Reading time = 32.24 seconds
x16173863: 21447415 rows, 16173863 columns, 51757009 nonzeros
[2025-07-22 20:19:08] DEBUG    Set parameter NumericFocus to value 1
Gurobi Optimizer version 12.0.2 build v12.0.2rc0 (linux64 - "Debian GNU/Linux 11 (bullseye)")

CPU model: Intel(R) Xeon(R) Silver 4314 CPU @ 2.40GHz, instruction set [SSE2|AVX|AVX2|AVX512]
Thread count: 32 physical cores, 64 logical processors, using up to 32 threads

Non-default parameters:
NumericFocus  1
[2025-07-22 20:19:08] DEBUG    Academic license 2680226 - for non-commercial use only - registered to an___@mail.polimi.it
Optimize a model with 21447415 rows, 16173863 columns and 51757009 nonzeros
[2025-07-22 20:19:09] DEBUG    Model fingerprint: 0x0f403e30
[2025-07-22 20:19:09] DEBUG    Coefficient statistics:
  Matrix range     [1e-07, 3e+02]
  Objective range  [1e+00, 1e+06]
  Bounds range     [0e+00, 0e+00]
  RHS range        [1e+00, 2e+08]
[2025-07-22 20:19:14] DEBUG    Presolve removed 17941778 rows and 9724422 columns (presolve time = 6s)...
[2025-07-22 20:19:19] DEBUG    Presolve removed 20046605 rows and 13620000 columns (presolve time = 10s)...
[2025-07-22 20:19:24] DEBUG    Presolve removed 20641531 rows and 13677091 columns (presolve time = 15s)...
[2025-07-22 20:19:26] DEBUG    Presolve removed 20790434 rows and 13764691 columns
[2025-07-22 20:19:26] DEBUG    Presolve time: 17.98s
Presolved: 656981 rows, 2558075 columns, 4768921 nonzeros

Concurrent LP optimizer: primal simplex, dual simplex, and barrier
Showing barrier log only...
[2025-07-22 20:19:27] DEBUG    Ordering time: 0.24s
[2025-07-22 20:19:28] DEBUG    Barrier statistics:
 Dense cols : 115
 AA' NZ     : 1.650e+06
[2025-07-22 20:19:28] DEBUG    Factor NZ  : 1.417e+07 (roughly 1.4 GB of memory)
 Factor Ops : 6.471e+08 (less than 1 second per iteration)
 Threads    : 30
[2025-07-22 20:19:30] DEBUG    Objective                Residual
[2025-07-22 20:19:30] DEBUG    Iter       Primal          Dual         Primal    Dual     Compl     Time
[2025-07-22 20:19:31] DEBUG    0   3.61704124e+21 -6.87533449e+19  6.48e+10 3.27e-03  3.04e+16    23s
[2025-07-22 20:19:34] DEBUG    1   2.04012552e+21 -6.85154585e+19  2.86e+10 1.54e+06  1.39e+16    26s
[2025-07-22 20:19:38] DEBUG    2   1.54340657e+21 -5.86188139e+19  1.88e+10 7.66e+05  8.82e+15    30s
[2025-07-22 20:19:42] DEBUG    3   1.39504912e+21 -5.64954613e+19  1.61e+10 6.21e+05  7.50e+15    34s
[2025-07-22 20:19:46] DEBUG    4   1.23919821e+21 -5.10832760e+19  1.32e+10 2.18e+05  5.90e+15    38s
[2025-07-22 20:19:49] DEBUG    5   8.27033660e+20 -4.87549790e+19  7.18e+09 1.09e+05  3.32e+15    41s
[2025-07-22 20:19:51] DEBUG    6   3.53255230e+20 -4.32168306e+19  2.17e+09 1.03e+04  1.00e+15    43s
[2025-07-22 20:19:54] DEBUG    7   4.57318874e+18 -3.23798362e+19  1.04e+07 4.10e+02  1.22e+13    46s
[2025-07-22 20:19:56] DEBUG    8   9.28794850e+17 -6.29322551e+18  1.85e+06 4.91e+01  2.05e+12    48s
[2025-07-22 20:19:59] DEBUG    9   3.73694754e+17 -1.67261994e+18  7.18e+05 9.12e+00  5.69e+11    51s
[2025-07-22 20:20:02] DEBUG    10   1.34573474e+17 -3.75743459e+17  2.72e+05 8.56e-01  1.39e+11    54s
[2025-07-22 20:20:05] DEBUG    11   4.95204100e+16 -1.49611493e+17  1.18e+05 2.31e-01  5.08e+10    57s
[2025-07-22 20:20:09] DEBUG    12   8.90898853e+15 -2.79858281e+16  1.87e+04 1.65e-02  8.38e+09    61s
[2025-07-22 20:20:11] DEBUG    13   1.61462025e+15 -3.41787794e+15  3.03e+03 2.46e-04  1.07e+09    63s
[2025-07-22 20:20:15] DEBUG    14   2.52023712e+13 -8.52867010e+13  1.30e+01 5.07e-03  2.12e+07    67s
[2025-07-22 20:20:19] DEBUG    15   4.84500741e+12 -7.75949925e+11  1.35e-01 5.39e-03  2.63e+05    71s
[2025-07-22 20:20:24] DEBUG    16   3.30173425e+12 -1.46524444e+11  3.02e-02 5.35e-03  1.22e+05    76s
[2025-07-22 20:20:30] DEBUG    17   3.10580216e+12 -6.66838899e+10  2.44e-02 5.34e-03  5.67e+05    82s
[2025-07-22 20:20:37] DEBUG    18   3.50550856e+12 -6.66267199e+10  1.82e-02 5.34e-03  6.39e+05    89s
[2025-07-22 20:20:45] DEBUG    19   1.78886308e+12 -1.07112215e+11  8.79e-03 5.19e-03  2.96e+05    97s
[2025-07-22 20:20:51] DEBUG    20   8.76490223e+11 -5.61043409e+10  4.85e-03 4.61e-03  1.79e+05   103s
[2025-07-22 20:20:57] DEBUG    21   4.98372975e+11 -2.17142579e+10  2.65e-03 8.32e-04  1.00e+05   109s
[2025-07-22 20:21:00] DEBUG    22   4.50229042e+11 -1.57389847e+10  2.40e-03 5.50e-04  9.15e+04   112s
[2025-07-22 20:21:03] DEBUG    23   4.42992316e+11 -1.19385189e+10  2.36e-03 4.81e-04  8.97e+04   115s
[2025-07-22 20:21:07] DEBUG    24   4.16224480e+11 -9.20887428e+09  2.22e-03 4.31e-04  8.42e+04   119s
[2025-07-22 20:21:13] DEBUG    25   1.65954583e+11  4.61175289e+08  8.41e-04 3.69e-04  3.30e+04   125s
[2025-07-22 20:21:19] DEBUG    26   9.81397962e+10  7.13609197e+09  4.71e-04 3.98e-04  1.85e+04   131s
[2025-07-22 20:21:22] DEBUG    27   6.72899202e+10  8.50096510e+09  3.04e-04 8.01e-04  1.20e+04   134s
[2025-07-22 20:21:26] DEBUG    28   6.38238147e+10  8.77307466e+09  2.85e-04 8.12e-04  1.13e+04   138s
[2025-07-22 20:21:28] DEBUG    29   4.70572016e+10  9.31408903e+09  1.90e-04 8.40e-04  7.74e+03   140s
[2025-07-22 20:21:31] DEBUG    30   4.13167661e+10  1.10031656e+10  1.58e-04 8.08e-04  6.23e+03   143s
[2025-07-22 20:21:35] DEBUG    31   3.20175178e+10  1.11519319e+10  1.07e-04 7.53e-04  4.30e+03   147s
[2025-07-22 20:21:40] DEBUG    32   2.67128899e+10  1.18342622e+10  7.76e-05 6.04e-04  3.07e+03   152s
[2025-07-22 20:21:44] DEBUG    33   2.45785609e+10  1.20750517e+10  6.57e-05 4.85e-04  2.58e+03   156s
[2025-07-22 20:21:48] DEBUG    34   2.31837462e+10  1.21384041e+10  5.79e-05 4.47e-04  2.28e+03   160s
[2025-07-22 20:21:51] DEBUG    35   2.20907130e+10  1.22450886e+10  5.18e-05 3.78e-04  2.03e+03   164s
[2025-07-22 20:21:57] DEBUG    36   2.13969669e+10  1.23130050e+10  4.79e-05 3.21e-04  1.88e+03   169s
[2025-07-22 20:22:06] DEBUG    37   2.08694384e+10  1.23582748e+10  4.51e-05 2.83e-04  1.76e+03   178s
[2025-07-22 20:22:16] DEBUG    38   1.98431314e+10  1.23949985e+10  3.95e-05 2.52e-04  1.54e+03   188s
[2025-07-22 20:22:24] DEBUG    39   1.96981102e+10  1.24220467e+10  3.87e-05 2.33e-04  1.50e+03   196s
[2025-07-22 20:22:33] DEBUG    40   1.92008366e+10  1.24946614e+10  3.57e-05 2.16e-04  1.39e+03   205s
[2025-07-22 20:22:33] DEBUG    Barrier performed 40 iterations in 205.40 seconds (55.63 work units)
[2025-07-22 20:22:33] DEBUG    Barrier solve interrupted - model solved by another algorithm
[2025-07-22 20:22:34] DEBUG    Solved with dual simplex
[2025-07-22 20:22:42] DEBUG    Iteration    Objective       Primal Inf.    Dual Inf.      Time
[2025-07-22 20:22:42] DEBUG    263151    1.3950553e+10   0.000000e+00   0.000000e+00    214s

Solved in 263151 iterations and 213.71 seconds (67.07 work units)
[2025-07-22 20:22:42] DEBUG    Optimal objective  1.395055336e+10
✅ Scenario completato: existing_CG+VRES_2030_nostorage

🚀 Lancio scenario: existing_GT+VRES_2030_PHES
[2025-07-22 20:34:47] INFO     Loading sets
[2025-07-22 20:34:47] INFO     Loading parameters
[2025-07-22 20:35:23] INFO     constraints are loaded in the following order: ['energy_balance', 'dispatch', 'costs', 'capacity', 'network', 'policy', 'conversion', 'group', 'conversion_plus', 'milp', 'export']
[2025-07-22 20:35:23] INFO     creating energy_balance constraints
[2025-07-22 20:38:24] INFO     creating dispatch constraints
[2025-07-22 20:40:21] INFO     creating costs constraints
[2025-07-22 20:49:09] INFO     creating capacity constraints
[2025-07-22 20:49:09] INFO     creating network constraints
[2025-07-22 20:49:09] INFO     creating policy constraints
[2025-07-22 20:49:09] INFO     creating conversion constraints
[2025-07-22 20:49:09] INFO     creating group constraints
[2025-07-22 20:49:09] INFO     creating conversion_plus constraints
[2025-07-22 20:49:09] INFO     creating milp constraints
[2025-07-22 20:49:09] INFO     creating export constraints
[2025-07-22 21:01:52] DEBUG    Set parameter WLSAccessID
Set parameter WLSSecret
Set parameter LicenseID to value 2680226
[2025-07-22 21:01:52] DEBUG    Academic license 2680226 - for non-commercial use only - registered to an___@mail.polimi.it
[2025-07-22 21:02:27] DEBUG    Read LP format model from file /tmp/tmpwvp0ef66.pyomo.lp
[2025-07-22 21:02:27] DEBUG    Reading time = 35.24 seconds
x17444237: 23225927 rows, 17444237 columns, 56584146 nonzeros
Set parameter NumericFocus to value 1
Gurobi Optimizer version 12.0.2 build v12.0.2rc0 (linux64 - "Debian GNU/Linux 11 (bullseye)")

CPU model: Intel(R) Xeon(R) Silver 4314 CPU @ 2.40GHz, instruction set [SSE2|AVX|AVX2|AVX512]
Thread count: 32 physical cores, 64 logical processors, using up to 32 threads

Non-default parameters:
NumericFocus  1
[2025-07-22 21:02:27] DEBUG    Academic license 2680226 - for non-commercial use only - registered to an___@mail.polimi.it
Optimize a model with 23225927 rows, 17444237 columns and 56584146 nonzeros
[2025-07-22 21:02:28] DEBUG    Model fingerprint: 0x58f13b5c
[2025-07-22 21:02:28] DEBUG    Coefficient statistics:
  Matrix range     [1e-07, 3e+02]
  Objective range  [1e+00, 1e+06]
  Bounds range     [0e+00, 0e+00]
  RHS range        [1e+00, 6e+09]
Warning: Model contains large rhs
[2025-07-22 21:02:34] DEBUG    Presolve removed 18581438 rows and 10311464 columns (presolve time = 6s)...
[2025-07-22 21:02:38] DEBUG    Presolve removed 18789249 rows and 12310000 columns (presolve time = 10s)...
[2025-07-22 21:02:44] DEBUG    Presolve removed 20971216 rows and 14446389 columns (presolve time = 16s)...
[2025-07-22 21:02:48] DEBUG    Presolve removed 21509105 rows and 14533989 columns (presolve time = 20s)...
[2025-07-22 21:02:49] DEBUG    Presolve removed 21658008 rows and 14533989 columns
[2025-07-22 21:02:49] DEBUG    Presolve time: 21.36s
Presolved: 1567919 rows, 3059151 columns, 8594775 nonzeros

Concurrent LP optimizer: primal simplex, dual simplex, and barrier
Showing barrier log only...
[2025-07-22 21:02:51] DEBUG    Ordering time: 1.11s
[2025-07-22 21:02:53] DEBUG    Barrier statistics:
 Dense cols : 141
[2025-07-22 21:02:53] DEBUG    AA' NZ     : 7.890e+06
 Factor NZ  : 3.554e+07 (roughly 2.0 GB of memory)
 Factor Ops : 2.058e+09 (less than 1 second per iteration)
 Threads    : 30
[2025-07-22 21:02:56] DEBUG    Objective                Residual
Iter       Primal          Dual         Primal    Dual     Compl     Time
[2025-07-22 21:02:57] DEBUG    0   3.71049652e+21 -6.58510419e+19  6.48e+10 2.33e-10  3.03e+16    29s
[2025-07-22 21:03:01] DEBUG    1   3.46716775e+21 -6.74845079e+19  5.91e+10 1.66e+06  2.51e+16    33s
[2025-07-22 21:03:06] DEBUG    2   3.32792875e+21 -2.46518706e+20  5.61e+10 1.25e+06  2.38e+16    39s
[2025-07-22 21:03:13] DEBUG    3   3.02733451e+21 -6.67282446e+20  4.98e+10 4.82e+05  2.06e+16    46s
[2025-07-22 21:03:19] DEBUG    4   2.10695864e+21 -7.78488772e+20  3.19e+10 2.23e+05  1.32e+16    52s
[2025-07-22 21:03:27] DEBUG    5   1.73763786e+21 -7.94418710e+20  2.45e+10 3.65e+04  1.00e+16    60s
[2025-07-22 21:03:35] DEBUG    6   1.11924197e+21 -7.05164715e+20  1.50e+10 8.52e+03  6.14e+15    68s
[2025-07-22 21:03:40] DEBUG    7   1.67184389e+20 -5.30623750e+20  1.90e+09 1.55e+03  8.45e+14    73s
[2025-07-22 21:03:44] DEBUG    8   5.99775554e+19 -3.13683021e+20  6.61e+08 4.48e+02  3.05e+14    77s
[2025-07-22 21:03:49] DEBUG    9   2.13903652e+19 -2.15202178e+20  2.04e+08 2.33e+02  1.11e+14    81s
[2025-07-22 21:03:53] DEBUG    10   8.78314788e+18 -8.52600775e+19  7.09e+07 5.50e+01  3.87e+13    86s
[2025-07-22 21:03:57] DEBUG    11   3.98524058e+18 -3.63863323e+19  3.15e+07 1.78e+01  1.61e+13    89s
[2025-07-22 21:04:01] DEBUG    12   2.25024784e+18 -1.61790575e+19  1.72e+07 7.02e+00  7.68e+12    93s
[2025-07-22 21:04:05] DEBUG    13   1.32658871e+18 -7.95496542e+18  1.02e+07 2.26e+00  4.02e+12    98s
[2025-07-22 21:04:09] DEBUG    14   9.35243423e+17 -3.81866687e+18  7.19e+06 6.69e-01  2.35e+12   102s
[2025-07-22 21:04:13] DEBUG    15   4.57106035e+17 -1.86540254e+18  3.37e+06 3.25e-01  1.03e+12   106s
[2025-07-22 21:04:17] DEBUG    16   2.05863694e+17 -7.18112524e+17  1.46e+06 3.04e-01  3.79e+11   110s
[2025-07-22 21:04:22] DEBUG    17   1.38705867e+16 -2.65299289e+17  4.68e+04 5.25e-02  5.05e+10   115s
[2025-07-22 21:04:26] DEBUG    18   2.23782202e+15 -3.37102612e+16  9.51e+01 1.35e-03  5.71e+09   119s
[2025-07-22 21:04:31] DEBUG    19   7.13736995e+14 -1.44596223e+15  6.41e-04 1.63e-04  2.50e+08   124s
[2025-07-22 21:04:36] DEBUG    20   6.07682347e+14 -5.49463335e+14  3.49e-04 4.85e-04  9.02e+07   128s
[2025-07-22 21:04:46] DEBUG    21   5.90863156e+14 -2.63803709e+14  1.62e-04 2.25e-02  4.31e+07   138s
[2025-07-22 21:04:51] DEBUG    22   5.76060329e+14 -1.54852972e+14  3.12e-04 1.45e-02  2.56e+07   144s
[2025-07-22 21:04:57] DEBUG    23   5.60291137e+14 -4.65605380e+13  1.32e-04 7.85e-03  8.05e+06   150s
[2025-07-22 21:05:02] DEBUG    24   5.57744746e+14 -2.70248552e+13  1.10e-04 2.66e-02  4.82e+06   155s
[2025-07-22 21:05:08] DEBUG    25   5.50534183e+14 -1.50647395e+13  7.06e-05 2.51e-02  2.77e+06   161s
[2025-07-22 21:05:15] DEBUG    26   5.47737165e+14 -1.08438136e+13  7.40e-05 2.43e-02  2.05e+06   167s
[2025-07-22 21:05:20] DEBUG    27   5.45711580e+14 -6.47732668e+12  7.25e-05 4.55e-02  1.30e+06   173s
[2025-07-22 21:05:25] DEBUG    28   5.41834112e+14 -4.68149902e+12  6.53e-05 5.22e-02  9.62e+05   178s
[2025-07-22 21:05:30] DEBUG    29   5.40837379e+14 -2.71141871e+12  6.96e-05 5.64e-02  6.28e+05   183s
[2025-07-22 21:05:36] DEBUG    30   5.37828596e+14 -1.87204344e+12  6.31e-05 5.85e-02  4.57e+05   188s
[2025-07-22 21:05:43] DEBUG    31   5.36284204e+14 -1.62820118e+12  7.21e-05 5.85e-02  4.05e+05   195s
[2025-07-22 21:05:53] DEBUG    32   5.31799171e+14 -1.04932947e+12  8.49e-05 5.78e-02  2.73e+05   206s
[2025-07-22 21:06:03] DEBUG    33   5.28237088e+14 -6.17619273e+11  8.68e-05 5.47e-02  1.79e+05   216s
[2025-07-22 21:06:13] DEBUG    34   5.24512029e+14 -3.99771697e+11  6.66e-05 6.04e-02  1.24e+05   226s
[2025-07-22 21:06:23] DEBUG    35   5.18634233e+14 -9.94158324e+10  6.20e-05 5.92e-02  5.11e+04   236s
[2025-07-22 21:06:33] DEBUG    36   5.12816433e+14 -4.20258333e+10  6.43e-05 5.06e-02  2.88e+04   246s
[2025-07-22 21:06:41] DEBUG    37   5.09122687e+14 -1.84977483e+10  6.81e-05 3.90e-02  1.98e+04   254s
[2025-07-22 21:06:47] DEBUG    38   5.05732657e+14 -8.64374480e+09  6.87e-05 2.90e-02  1.47e+04   260s
[2025-07-22 21:06:52] DEBUG    39   5.04005608e+14 -5.17738579e+09  8.26e-05 2.54e-02  1.28e+04   265s
[2025-07-22 21:06:57] DEBUG    40   5.02468584e+14 -3.49544380e+09  7.05e-05 2.54e-02  1.15e+04   269s
[2025-07-22 21:07:03] DEBUG    41   5.00926445e+14  1.23564430e+08  9.33e-05 2.52e-02  9.88e+03   275s
[2025-07-22 21:07:11] DEBUG    42   5.00586675e+14  2.62040152e+08  7.90e-05 2.52e-02  9.66e+03   284s
[2025-07-22 21:07:20] DEBUG    43   5.00207448e+14  6.96708037e+08  9.24e-05 2.52e-02  9.36e+03   293s
[2025-07-22 21:07:26] DEBUG    44   4.99859623e+14  1.57567435e+09  1.06e-04 2.51e-02  9.06e+03   299s
[2025-07-22 21:07:35] DEBUG    45   4.97039910e+14  3.07755663e+09  1.01e-04 2.50e-02  7.13e+03   307s
[2025-07-22 21:07:43] DEBUG    46   4.96027475e+14  3.39673881e+09  9.25e-05 2.50e-02  6.62e+03   316s
[2025-07-22 21:07:54] DEBUG    47   4.95769868e+14  3.53731257e+09  1.04e-04 2.49e-02  6.49e+03   326s
[2025-07-22 21:08:03] DEBUG    48   4.95359198e+14  3.65988475e+09  1.03e-04 2.49e-02  6.30e+03   336s
[2025-07-22 21:08:11] DEBUG    49   4.95022181e+14  3.74893142e+09  1.15e-04 2.49e-02  6.15e+03   344s
[2025-07-22 21:08:21] DEBUG    50   4.94800352e+14  3.83802750e+09  1.32e-04 2.49e-02  6.05e+03   354s
[2025-07-22 21:08:31] DEBUG    51   4.94336061e+14  3.92687538e+09  1.49e-04 2.49e-02  5.86e+03   363s
[2025-07-22 21:08:41] DEBUG    52   4.94026333e+14  4.01665786e+09  1.20e-04 2.49e-02  5.73e+03   374s
[2025-07-22 21:08:50] DEBUG    53   4.93753386e+14  4.08373134e+09  1.23e-04 2.49e-02  5.62e+03   383s
[2025-07-22 21:08:59] DEBUG    54   4.93428387e+14  4.18414197e+09  1.13e-04 2.49e-02  5.48e+03   392s
[2025-07-22 21:09:09] DEBUG    55   4.93020974e+14  4.29570902e+09  1.42e-04 2.48e-02  5.32e+03   402s
[2025-07-22 21:09:18] DEBUG    56   4.92445905e+14  4.44682037e+09  1.79e-04 2.48e-02  5.09e+03   411s
[2025-07-22 21:09:29] DEBUG    57   4.91996200e+14  4.54388966e+09  1.28e-04 2.48e-02  4.94e+03   422s
[2025-07-22 21:09:39] DEBUG    58   4.91438652e+14  4.67180472e+09  1.61e-04 2.48e-02  4.74e+03   432s
[2025-07-22 21:09:48] DEBUG    59   4.91004790e+14  4.79328971e+09  1.33e-04 2.47e-02  4.59e+03   441s
[2025-07-22 21:09:54] DEBUG    60   4.90674953e+14  4.87041241e+09  1.63e-04 2.47e-02  4.49e+03   447s
[2025-07-22 21:10:04] DEBUG    61   4.90192903e+14  5.26815219e+09  1.24e-04 2.46e-02  4.32e+03   457s
[2025-07-22 21:10:13] DEBUG    62   4.86881310e+14  5.62163113e+09  1.13e-04 2.45e-02  3.25e+03   466s
[2025-07-22 21:10:23] DEBUG    63   4.85439737e+14  5.76419366e+09  1.17e-04 2.44e-02  2.90e+03   475s
[2025-07-22 21:10:32] DEBUG    64   4.83411676e+14  5.94255033e+09  1.28e-04 2.43e-02  2.45e+03   485s
[2025-07-22 21:10:43] DEBUG    65   4.81470393e+14  6.06928853e+09  1.06e-04 2.41e-02  2.11e+03   496s
[2025-07-22 21:10:53] DEBUG    66   4.80563762e+14  6.17133170e+09  1.13e-04 2.38e-02  1.99e+03   505s
[2025-07-22 21:11:04] DEBUG    67   4.78245106e+14  6.27959428e+09  9.19e-05 2.31e-02  1.66e+03   516s
[2025-07-22 21:11:14] DEBUG    68   4.77293383e+14  6.34373986e+09  9.25e-05 2.22e-02  1.55e+03   526s
[2025-07-22 21:11:23] DEBUG    69   4.75306168e+14  6.41307780e+09  9.67e-05 1.94e-02  1.34e+03   535s
[2025-07-22 21:11:30] DEBUG    70   4.74914963e+14  6.45413280e+09  1.20e-04 1.86e-02  1.30e+03   543s
[2025-07-22 21:11:40] DEBUG    71   4.72969567e+14  6.52954524e+09  1.03e-04 1.65e-02  1.12e+03   552s
[2025-07-22 21:11:50] DEBUG    72   4.71048128e+14  6.59489399e+09  1.13e-04 1.64e-02  9.62e+02   563s
[2025-07-22 21:12:00] DEBUG    73   4.69255757e+14  6.63888677e+09  9.98e-05 1.64e-02  8.42e+02   573s
[2025-07-22 21:12:06] DEBUG    74   4.69000533e+14  6.66319189e+09  1.08e-04 1.64e-02  8.27e+02   579s
[2025-07-22 21:12:16] DEBUG    75   4.67598536e+14  6.69515690e+09  8.38e-05 1.64e-02  7.42e+02   589s
[2025-07-22 21:12:27] DEBUG    76   4.66796344e+14  6.74608925e+09  9.25e-05 1.64e-02  6.93e+02   599s
[2025-07-22 21:12:36] DEBUG    77   4.65246376e+14  6.79284331e+09  8.81e-05 1.64e-02  6.16e+02   609s
[2025-07-22 21:12:47] DEBUG    78   4.63702875e+14  6.82470148e+09  9.30e-05 1.64e-02  5.42e+02   620s
[2025-07-22 21:12:54] DEBUG    79   4.63203458e+14  6.84813617e+09  1.00e-04 1.64e-02  5.24e+02   626s
[2025-07-22 21:13:04] DEBUG    80   4.61726801e+14  6.88105340e+09  9.55e-05 1.64e-02  4.67e+02   637s
[2025-07-22 21:13:13] DEBUG    81   4.61118362e+14  6.88720150e+09  1.04e-04 1.64e-02  4.48e+02   646s
[2025-07-22 21:13:19] DEBUG    82   4.60420048e+14  6.89703725e+09  1.09e-04 1.64e-02  4.28e+02   652s
[2025-07-22 21:13:27] DEBUG    83   4.60240626e+14  6.90288528e+09  1.15e-04 1.64e-02  4.23e+02   660s
[2025-07-22 21:13:38] DEBUG    84   4.58942502e+14  6.92499429e+09  1.25e-04 1.64e-02  3.77e+02   670s
[2025-07-22 21:13:44] DEBUG    85   4.58514163e+14  6.93147465e+09  1.28e-04 1.63e-02  3.67e+02   677s
[2025-07-22 21:13:54] DEBUG    86   4.57885346e+14  6.94199760e+09  1.21e-04 1.63e-02  3.49e+02   686s
[2025-07-22 21:14:03] DEBUG    87   4.57719672e+14  6.94724960e+09  1.22e-04 1.63e-02  3.45e+02   695s
[2025-07-22 21:14:11] DEBUG    88   4.57624485e+14  6.95368594e+09  1.03e-04 1.63e-02  3.43e+02   704s
[2025-07-22 21:14:20] DEBUG    89   4.56840514e+14  6.96269315e+09  1.08e-04 1.63e-02  3.23e+02   713s
[2025-07-22 21:14:30] DEBUG    90   4.55837682e+14  6.97326636e+09  1.20e-04 1.63e-02  3.20e+02   723s
[2025-07-22 21:14:41] DEBUG    91   4.55289935e+14  6.98734152e+09  1.44e-04 1.63e-02  3.07e+02   733s
[2025-07-22 21:14:52] DEBUG    92   4.54714217e+14  6.99714975e+09  1.21e-04 1.63e-02  2.96e+02   745s
[2025-07-22 21:14:59] DEBUG    93   4.54584293e+14  6.99939890e+09  1.35e-04 1.63e-02  2.94e+02   752s
[2025-07-22 21:15:08] DEBUG    94   4.54376362e+14  7.01038257e+09  1.36e-04 1.63e-02  2.88e+02   760s
[2025-07-22 21:15:17] DEBUG    95   4.54177883e+14  7.01844013e+09  1.48e-04 1.63e-02  2.84e+02   770s
[2025-07-22 21:15:24] DEBUG    96   4.53782735e+14  7.02159034e+09  1.31e-04 1.63e-02  2.77e+02   777s
[2025-07-22 21:15:33] DEBUG    97   4.53536769e+14  7.02802500e+09  1.19e-04 1.62e-02  2.71e+02   786s
[2025-07-22 21:15:42] DEBUG    98   4.52786012e+14  7.03524912e+09  1.23e-04 1.62e-02  2.58e+02   795s
[2025-07-22 21:15:51] DEBUG    99   4.52533312e+14  7.04305223e+09  1.26e-04 1.62e-02  2.53e+02   804s
[2025-07-22 21:16:02] DEBUG    100   4.51981531e+14  7.05158859e+09  1.52e-04 1.62e-02  2.43e+02   814s
[2025-07-22 21:16:09] DEBUG    101   4.51445590e+14  7.05976330e+09  1.29e-04 1.62e-02  2.34e+02   821s
[2025-07-22 21:16:16] DEBUG    102   4.51199859e+14  7.07038017e+09  1.38e-04 1.62e-02  2.30e+02   829s
[2025-07-22 21:16:25] DEBUG    103   4.50721252e+14  7.08431317e+09  1.43e-04 1.62e-02  2.21e+02   838s
[2025-07-22 21:16:35] DEBUG    104   4.50441464e+14  7.09215119e+09  1.37e-04 1.62e-02  2.16e+02   847s
[2025-07-22 21:16:45] DEBUG    105   4.50018335e+14  7.10219270e+09  1.26e-04 1.62e-02  2.10e+02   858s
[2025-07-22 21:16:56] DEBUG    106   4.49530621e+14  7.11443680e+09  1.42e-04 1.61e-02  2.01e+02   869s
[2025-07-22 21:17:05] DEBUG    107   4.48852958e+14  7.12442270e+09  1.47e-04 1.61e-02  1.92e+02   878s
[2025-07-22 21:17:15] DEBUG    108   4.48083465e+14  7.13426096e+09  1.24e-04 1.61e-02  1.82e+02   888s
[2025-07-22 21:17:25] DEBUG    109   4.47603046e+14  7.14281164e+09  1.25e-04 1.61e-02  1.75e+02   898s
[2025-07-22 21:17:36] DEBUG    110   4.46803993e+14  7.15382227e+09  1.32e-04 1.61e-02  1.66e+02   909s
[2025-07-22 21:17:46] DEBUG    111   4.46219603e+14  7.16255557e+09  1.30e-04 1.61e-02  1.59e+02   919s
[2025-07-22 21:17:55] DEBUG    112   4.45574364e+14  7.17245243e+09  1.39e-04 1.61e-02  1.52e+02   928s
[2025-07-22 21:18:05] DEBUG    113   4.45186656e+14  7.18119726e+09  1.26e-04 1.61e-02  1.47e+02   938s
[2025-07-22 21:18:16] DEBUG    114   4.44685359e+14  7.19068062e+09  1.39e-04 1.60e-02  1.42e+02   948s
[2025-07-22 21:18:26] DEBUG    115   4.44498032e+14  7.19368499e+09  1.26e-04 1.60e-02  1.40e+02   959s
[2025-07-22 21:18:36] DEBUG    116   4.43974946e+14  7.20799201e+09  1.48e-04 1.60e-02  1.34e+02   968s
[2025-07-22 21:18:43] DEBUG    117   4.43620427e+14  7.21389565e+09  1.30e-04 1.60e-02  1.31e+02   976s
[2025-07-22 21:18:52] DEBUG    118   4.42614009e+14  7.22621007e+09  1.27e-04 1.60e-02  1.22e+02   984s
[2025-07-22 21:19:00] DEBUG    119   4.42074858e+14  7.23478606e+09  1.42e-04 1.60e-02  1.17e+02   992s
[2025-07-22 21:19:09] DEBUG    120   4.41527320e+14  7.24389409e+09  1.41e-04 1.60e-02  1.13e+02  1002s
[2025-07-22 21:19:18] DEBUG    121   4.41339396e+14  7.25069390e+09  1.53e-04 1.60e-02  1.11e+02  1011s
[2025-07-22 21:19:19] DEBUG    Barrier performed 121 iterations in 1011.27 seconds (225.95 work units)
[2025-07-22 21:19:19] DEBUG    Barrier solve interrupted - model solved by another algorithm
[2025-07-22 21:19:19] DEBUG    Solved with dual simplex
[2025-07-22 21:19:28] DEBUG    Iteration    Objective       Primal Inf.    Dual Inf.      Time
[2025-07-22 21:19:28] DEBUG    635308    1.3950553e+10   0.000000e+00   0.000000e+00   1021s

Solved in 635308 iterations and 1020.71 seconds (258.87 work units)
[2025-07-22 21:19:28] DEBUG    Optimal objective  1.395055336e+10
✅ Scenario completato: existing_GT+VRES_2030_PHES
🏁 Tutti gli scenari sono stati processati.
