
🚀 Lancio scenario: existing_VRES_2030_BESS
[2025-09-08 11:52:02] INFO     Loading sets
[2025-09-08 11:52:02] INFO     Loading parameters
[2025-09-08 11:52:49] INFO     constraints are loaded in the following order: ['energy_balance', 'dispatch', 'costs', 'capacity', 'network', 'policy', 'conversion', 'group', 'conversion_plus', 'milp', 'export']
[2025-09-08 11:52:49] INFO     creating energy_balance constraints
[2025-09-08 11:56:45] INFO     creating dispatch constraints
[2025-09-08 11:59:35] INFO     creating costs constraints
[2025-09-08 12:09:44] INFO     creating capacity constraints
[2025-09-08 12:09:44] INFO     creating network constraints
[2025-09-08 12:09:44] INFO     creating policy constraints
[2025-09-08 12:09:44] INFO     creating conversion constraints
[2025-09-08 12:09:44] INFO     creating group constraints
[2025-09-08 12:09:44] INFO     creating conversion_plus constraints
[2025-09-08 12:09:44] INFO     creating milp constraints
[2025-09-08 12:09:44] INFO     creating export constraints
[2025-09-08 12:22:10] DEBUG    Set parameter WLSAccessID
Set parameter WLSSecret
Set parameter LicenseID to value 2680226
[2025-09-08 12:22:10] DEBUG    Academic license 2680226 - for non-commercial use only - registered to an___@mail.polimi.it
[2025-09-08 12:22:45] DEBUG    Read LP format model from file /tmp/tmp47n0oz04.pyomo.lp
Reading time = 35.32 seconds
[2025-09-08 12:22:45] DEBUG    x17207662: 23383538 rows, 17207662 columns, 56431082 nonzeros
Set parameter NumericFocus to value 1
Gurobi Optimizer version 12.0.2 build v12.0.2rc0 (linux64 - "Debian GNU/Linux 11 (bullseye)")

CPU model: Intel(R) Xeon(R) Silver 4314 CPU @ 2.40GHz, instruction set [SSE2|AVX|AVX2|AVX512]
Thread count: 32 physical cores, 64 logical processors, using up to 32 threads

Non-default parameters:
NumericFocus  1
[2025-09-08 12:22:45] DEBUG    Academic license 2680226 - for non-commercial use only - registered to an___@mail.polimi.it
Optimize a model with 23383538 rows, 17207662 columns and 56431082 nonzeros
[2025-09-08 12:22:46] DEBUG    Model fingerprint: 0xd2dcaecc
[2025-09-08 12:22:46] DEBUG    Coefficient statistics:
  Matrix range     [1e-07, 3e+02]
  Objective range  [1e+00, 1e+06]
  Bounds range     [0e+00, 0e+00]
  RHS range        [1e+00, 2e+08]
[2025-09-08 12:22:52] DEBUG    Presolve removed 18704003 rows and 9628158 columns (presolve time = 6s)...
[2025-09-08 12:22:56] DEBUG    Presolve removed 18705094 rows and 11420000 columns (presolve time = 10s)...
[2025-09-08 12:23:01] DEBUG    Presolve removed 21225106 rows and 13889233 columns (presolve time = 15s)...
[2025-09-08 12:23:06] DEBUG    Presolve removed 21763001 rows and 13994353 columns (presolve time = 20s)...
[2025-09-08 12:23:08] DEBUG    Presolve removed 21911904 rows and 13994353 columns
[2025-09-08 12:23:08] DEBUG    Presolve time: 22.28s
Presolved: 1471634 rows, 3362212 columns, 9150493 nonzeros

Concurrent LP optimizer: primal simplex, dual simplex, and barrier
Showing barrier log only...
[2025-09-08 12:23:21] DEBUG    Elapsed ordering time = 12s
[2025-09-08 12:23:24] DEBUG    Elapsed ordering time = 15s
[2025-09-08 12:23:28] DEBUG    Ordering time: 18.41s
[2025-09-08 12:23:29] DEBUG    Barrier statistics:
 Dense cols : 115
[2025-09-08 12:23:29] DEBUG    AA' NZ     : 8.514e+06
 Factor NZ  : 4.673e+07 (roughly 2.3 GB of memory)
 Factor Ops : 5.701e+09 (less than 1 second per iteration)
 Threads    : 30
[2025-09-08 12:23:32] DEBUG    Objective                Residual
Iter       Primal          Dual         Primal    Dual     Compl     Time
[2025-09-08 12:23:32] DEBUG    0   4.34901402e+21 -1.32250297e+19  7.48e+10 1.61e-01  5.52e+15    47s
[2025-09-08 12:23:36] DEBUG    1   1.53126235e+21 -1.32146381e+19  2.33e+10 3.07e+05  2.06e+15    51s
[2025-09-08 12:23:42] DEBUG    2   9.41966435e+20 -1.06287430e+19  1.36e+10 5.08e+04  9.31e+14    56s
[2025-09-08 12:23:49] DEBUG    3   5.76397098e+20 -9.78692257e+18  8.19e+09 1.52e+04  5.34e+14    64s
[2025-09-08 12:23:55] DEBUG    4   3.93842243e+20 -9.50101222e+18  5.66e+09 1.06e+04  3.70e+14    70s
[2025-09-08 12:23:59] DEBUG    5   3.21512985e+20 -8.95408721e+18  4.59e+09 3.42e+03  2.92e+14    74s
[2025-09-08 12:24:03] DEBUG    6   2.24395829e+20 -8.58530616e+18  3.16e+09 1.39e+03  2.01e+14    78s
[2025-09-08 12:24:07] DEBUG    7   1.89923757e+20 -8.22518312e+18  2.67e+09 6.17e+02  1.70e+14    81s
[2025-09-08 12:24:10] DEBUG    8   1.25102749e+20 -7.83537043e+18  1.75e+09 2.99e+02  1.12e+14    85s
[2025-09-08 12:24:15] DEBUG    9   2.47296979e+19 -6.99751588e+18  3.38e+08 8.03e+01  2.25e+13    90s
[2025-09-08 12:24:19] DEBUG    10   7.76994742e+18 -5.69457745e+18  1.04e+08 3.69e+01  7.42e+12    94s
[2025-09-08 12:24:25] DEBUG    11   3.80343904e+18 -3.73397520e+18  5.05e+07 1.17e+01  3.57e+12    99s
[2025-09-08 12:24:28] DEBUG    12   1.50534352e+18 -2.57489994e+18  1.99e+07 5.21e+00  1.51e+12   103s
[2025-09-08 12:24:34] DEBUG    13   3.01986326e+17 -1.16511657e+18  3.78e+06 1.20e+00  3.66e+11   108s
[2025-09-08 12:24:41] DEBUG    14   5.96161151e+16 -3.07209544e+17  7.07e+05 7.75e-01  7.37e+10   116s
[2025-09-08 12:24:46] DEBUG    15   3.34895177e+15 -2.97227493e+16  3.42e+04 3.01e-01  5.37e+09   121s
[2025-09-08 12:24:50] DEBUG    16   7.61192565e+13 -2.34292668e+15  1.12e+02 3.96e-02  3.60e+08   124s
[2025-09-08 12:24:54] DEBUG    17   6.47312022e+13 -2.86445838e+14  6.83e-01 2.35e-02  4.64e+07   128s
[2025-09-08 12:24:59] DEBUG    18   5.52297369e+13 -2.58716588e+14  4.20e-01 2.38e-02  4.15e+07   134s
[2025-09-08 12:25:07] DEBUG    19   4.99120339e+13 -1.32989584e+14  3.16e-01 2.48e-02  2.17e+07   142s
[2025-09-08 12:25:18] DEBUG    20   4.67216450e+13 -1.25421615e+14  2.68e-01 2.47e-02  2.04e+07   152s
[2025-09-08 12:25:26] DEBUG    21   4.44439985e+13 -7.26474979e+13  2.36e-01 2.52e-02  1.21e+07   161s
[2025-09-08 12:25:36] DEBUG    22   4.26702909e+13 -5.37081664e+13  2.14e-01 2.57e-02  9.09e+06   171s
[2025-09-08 12:25:54] DEBUG    23   3.91395301e+13 -4.36541796e+13  1.74e-01 2.57e-02  7.39e+06   189s
[2025-09-08 12:26:09] DEBUG    24   3.81154531e+13 -4.03692360e+13  1.64e-01 2.57e-02  6.85e+06   204s
[2025-09-08 12:26:21] DEBUG    25   3.65050911e+13 -2.85199649e+13  1.50e-01 2.56e-02  4.96e+06   216s
[2025-09-08 12:26:32] DEBUG    26   3.41409909e+13 -1.84755801e+13  1.30e-01 2.56e-02  3.33e+06   227s
[2025-09-08 12:26:46] DEBUG    27   3.04761211e+13 -1.22813440e+13  1.02e-01 2.55e-02  2.28e+06   241s
[2025-09-08 12:27:02] DEBUG    28   2.79788903e+13 -8.96045891e+12  8.69e-02 2.55e-02  1.71e+06   257s
[2025-09-08 12:27:16] DEBUG    29   2.42306883e+13 -7.61616818e+12  6.68e-02 2.54e-02  1.43e+06   271s
[2025-09-08 12:27:30] DEBUG    30   2.23958719e+13 -4.23910072e+12  5.90e-02 2.51e-02  8.89e+05   285s
[2025-09-08 12:27:42] DEBUG    31   1.93891566e+13 -3.64967466e+12  4.72e-02 2.50e-02  7.51e+05   297s
[2025-09-08 12:28:00] DEBUG    32   1.82614413e+13 -2.72620309e+12  4.34e-02 2.47e-02  6.02e+05   314s
[2025-09-08 12:28:18] DEBUG    33   1.57821760e+13 -1.63705411e+12  3.54e-02 2.32e-02  4.11e+05   332s
[2025-09-08 12:28:32] DEBUG    34   1.48520354e+13 -1.27864800e+12  3.26e-02 2.24e-02  3.50e+05   347s
[2025-09-08 12:28:46] DEBUG    35   1.32602131e+13 -1.15747517e+12  2.81e-02 2.24e-02  3.06e+05   361s
[2025-09-08 12:29:04] DEBUG    36   1.05808418e+13 -7.57680869e+11  2.08e-02 2.22e-02  2.10e+05   378s
[2025-09-08 12:29:24] DEBUG    37   1.04825633e+13 -5.93404312e+11  2.06e-02 2.20e-02  1.92e+05   399s
[2025-09-08 12:29:42] DEBUG    38   8.83345314e+12 -5.00918325e+11  1.64e-02 2.17e-02  1.54e+05   417s
[2025-09-08 12:29:56] DEBUG    39   7.99680611e+12 -4.03491511e+11  1.43e-02 1.99e-02  1.33e+05   431s
[2025-09-08 12:30:13] DEBUG    40   7.75450056e+12 -3.71455460e+11  1.38e-02 1.84e-02  1.27e+05   447s
[2025-09-08 12:30:36] DEBUG    41   6.81412626e+12 -3.00927737e+11  1.15e-02 1.69e-02  1.05e+05   471s
[2025-09-08 12:30:59] DEBUG    42   6.18917597e+12 -2.74567741e+11  1.01e-02 1.53e-02  9.31e+04   493s
[2025-09-08 12:31:17] DEBUG    43   6.03709871e+12 -2.31091075e+11  9.61e-03 1.41e-02  8.50e+04   511s
[2025-09-08 12:31:30] DEBUG    44   5.84161584e+12 -1.64571545e+11  8.68e-03 1.40e-02  7.41e+04   525s
[2025-09-08 12:31:42] DEBUG    45   5.48697337e+12 -1.58217087e+11  7.40e-03 1.40e-02  6.50e+04   536s
[2025-09-08 12:31:56] DEBUG    46   5.15057178e+12 -1.30299168e+11  6.55e-03 1.38e-02  5.56e+04   550s
[2025-09-08 12:32:22] DEBUG    47   4.95888614e+12 -1.24579387e+11  6.22e-03 1.33e-02  5.30e+04   576s
[2025-09-08 12:32:42] DEBUG    48   4.71595258e+12 -1.14566793e+11  5.81e-03 1.31e-02  4.94e+04   597s
[2025-09-08 12:32:58] DEBUG    49   4.60568150e+12 -1.05193806e+11  5.63e-03 1.31e-02  4.76e+04   613s
[2025-09-08 12:33:14] DEBUG    50   4.51569193e+12 -9.76902579e+10  5.47e-03 1.31e-02  4.61e+04   629s
[2025-09-08 12:33:27] DEBUG    51   4.24285930e+12 -8.58058098e+10  4.78e-03 1.31e-02  4.02e+04   642s
[2025-09-08 12:33:36] DEBUG    52   4.13613751e+12 -6.56864240e+10  4.36e-03 1.30e-02  3.46e+04   651s
[2025-09-08 12:33:46] DEBUG    53   3.98270653e+12 -5.47348958e+10  3.75e-03 1.30e-02  2.93e+04   661s
[2025-09-08 12:33:55] DEBUG    54   3.82213480e+12 -4.65410902e+10  3.17e-03 1.30e-02  2.48e+04   670s
[2025-09-08 12:34:04] DEBUG    55   3.76438340e+12 -4.18328041e+10  2.99e-03 1.30e-02  2.30e+04   679s
[2025-09-08 12:34:12] DEBUG    56   3.70907464e+12 -3.77996755e+10  2.87e-03 1.29e-02  2.19e+04   687s
[2025-09-08 12:34:29] DEBUG    57   3.65693102e+12 -3.60809472e+10  2.80e-03 1.29e-02  2.14e+04   704s
[2025-09-08 12:34:47] DEBUG    58   3.57122675e+12 -3.09453573e+10  2.67e-03 1.29e-02  2.00e+04   721s
[2025-09-08 12:35:00] DEBUG    59   3.51807960e+12 -2.78038020e+10  2.51e-03 1.29e-02  1.87e+04   735s
[2025-09-08 12:35:11] DEBUG    60   3.45475856e+12 -2.54612594e+10  2.34e-03 1.29e-02  1.73e+04   746s
[2025-09-08 12:35:21] DEBUG    61   3.37872365e+12 -2.05729107e+10  2.14e-03 1.29e-02  1.54e+04   755s
[2025-09-08 12:35:31] DEBUG    62   3.34753050e+12 -1.95095800e+10  2.06e-03 1.29e-02  1.49e+04   766s
[2025-09-08 12:35:45] DEBUG    63   3.27812617e+12 -1.67953291e+10  1.90e-03 1.29e-02  1.35e+04   780s
[2025-09-08 12:35:57] DEBUG    64   3.24095438e+12 -1.46891723e+10  1.82e-03 1.29e-02  1.28e+04   792s
[2025-09-08 12:36:09] DEBUG    65   3.19346427e+12 -1.36905289e+10  1.72e-03 1.29e-02  1.21e+04   803s
[2025-09-08 12:36:16] DEBUG    66   3.16919699e+12 -1.31643235e+10  1.67e-03 1.29e-02  1.18e+04   811s
[2025-09-08 12:36:25] DEBUG    67   3.13293188e+12 -1.13373470e+10  1.59e-03 1.28e-02  1.11e+04   820s
[2025-09-08 12:36:35] DEBUG    68   3.10723178e+12 -1.08627476e+10  1.54e-03 1.28e-02  1.08e+04   829s
[2025-09-08 12:36:45] DEBUG    69   3.05647932e+12 -9.49054255e+09  1.45e-03 1.28e-02  1.01e+04   840s
[2025-09-08 12:36:53] DEBUG    70   3.02716655e+12 -7.87654657e+09  1.35e-03 1.28e-02  9.30e+03   847s
[2025-09-08 12:37:01] DEBUG    71   2.98122135e+12 -6.58116840e+09  1.21e-03 1.28e-02  8.25e+03   856s
[2025-09-08 12:37:08] DEBUG    72   2.94064120e+12 -4.81704506e+09  1.10e-03 1.28e-02  7.39e+03   863s
[2025-09-08 12:37:18] DEBUG    73   2.90102419e+12 -3.72662319e+09  9.96e-04 1.28e-02  6.70e+03   873s
[2025-09-08 12:37:26] DEBUG    74   2.86038657e+12 -2.50399936e+09  9.00e-04 1.28e-02  6.00e+03   880s
[2025-09-08 12:37:33] DEBUG    75   2.83038870e+12 -1.35408645e+09  8.34e-04 1.28e-02  5.51e+03   888s
[2025-09-08 12:37:40] DEBUG    76   2.80609268e+12 -5.41647394e+08  7.85e-04 1.28e-02  5.14e+03   895s
[2025-09-08 12:37:49] DEBUG    77   2.78900226e+12  6.55823881e+08  7.52e-04 1.28e-02  4.78e+03   904s
[2025-09-08 12:37:59] DEBUG    78   2.74880342e+12  1.07568071e+09  6.78e-04 1.28e-02  4.35e+03   914s
[2025-09-08 12:38:08] DEBUG    79   2.73173364e+12  1.58286743e+09  6.49e-04 1.28e-02  4.13e+03   922s
[2025-09-08 12:38:16] DEBUG    80   2.71692114e+12  2.06251065e+09  6.25e-04 1.28e-02  3.94e+03   930s
[2025-09-08 12:38:22] DEBUG    81   2.70213898e+12  2.17500964e+09  6.02e-04 1.28e-02  3.81e+03   937s
[2025-09-08 12:38:31] DEBUG    82   2.68044499e+12  2.62841506e+09  5.69e-04 1.28e-02  3.59e+03   946s
[2025-09-08 12:38:41] DEBUG    83   2.66659552e+12  3.07827584e+09  5.49e-04 1.28e-02  3.43e+03   956s
[2025-09-08 12:38:50] DEBUG    84   2.64295805e+12  3.47540601e+09  5.16e-04 1.28e-02  3.22e+03   965s
[2025-09-08 12:39:01] DEBUG    85   2.63189443e+12  3.90118767e+09  5.09e-04 1.28e-02  3.14e+03   976s
[2025-09-08 12:39:22] DEBUG    86   2.61078406e+12  4.01486347e+09  5.03e-04 1.27e-02  3.10e+03   996s
[2025-09-08 12:39:37] DEBUG    87   2.60523237e+12  4.08073611e+09  5.02e-04 1.27e-02  3.09e+03  1011s
[2025-09-08 12:39:51] DEBUG    88   2.60013444e+12  4.11478599e+09  5.00e-04 1.26e-02  3.08e+03  1026s
[2025-09-08 12:40:18] DEBUG    89   2.58889442e+12  4.19955121e+09  4.96e-04 1.25e-02  3.16e+03  1053s
[2025-09-08 12:40:42] DEBUG    90   2.57279303e+12  4.28446535e+09  4.89e-04 1.24e-02  3.12e+03  1076s
[2025-09-08 12:41:01] DEBUG    91   2.56818119e+12  4.31403942e+09  4.87e-04 1.24e-02  3.11e+03  1095s
[2025-09-08 12:41:24] DEBUG    92   2.56195465e+12  4.35550652e+09  4.85e-04 1.23e-02  3.09e+03  1119s
[2025-09-08 12:41:38] DEBUG    93   2.55176169e+12  4.39223917e+09  4.81e-04 1.23e-02  3.07e+03  1133s
[2025-09-08 12:41:54] DEBUG    94   2.53930227e+12  4.45920960e+09  4.77e-04 1.22e-02  3.04e+03  1149s
[2025-09-08 12:41:54] DEBUG    Barrier performed 94 iterations in 1148.61 seconds (289.29 work units)
[2025-09-08 12:41:54] DEBUG    Numerical trouble encountered

Model may be infeasible or unbounded.  Consider using the
homogeneous algorithm (through parameter 'BarHomogeneous')
[2025-09-08 12:42:59] DEBUG    Waiting for other threads to finish...        1213s
[2025-09-08 12:44:03] DEBUG    Waiting for other threads to finish...        1278s
[2025-09-08 12:45:08] DEBUG    Waiting for other threads to finish...        1343s
[2025-09-08 12:45:55] DEBUG    Solved with dual simplex
[2025-09-08 12:46:05] DEBUG    Iteration    Objective       Primal Inf.    Dual Inf.      Time
 1159270    1.7312639e+10   0.000000e+00   0.000000e+00   1399s
[2025-09-08 12:46:05] DEBUG    Solved in 1159270 iterations and 1399.41 seconds (655.03 work units)
[2025-09-08 12:46:05] DEBUG    Optimal objective  1.731263944e+10
✅ Scenario completato: existing_VRES_2030_BESS

🚀 Lancio scenario: existing_VRES_2030_PHES
[2025-09-08 12:53:30] INFO     Loading sets
[2025-09-08 12:53:30] INFO     Loading parameters
[2025-09-08 12:54:05] INFO     constraints are loaded in the following order: ['energy_balance', 'dispatch', 'costs', 'capacity', 'network', 'policy', 'conversion', 'group', 'conversion_plus', 'milp', 'export']
[2025-09-08 12:54:05] INFO     creating energy_balance constraints
[2025-09-08 12:58:50] INFO     creating dispatch constraints
[2025-09-08 13:02:39] INFO     creating costs constraints
[2025-09-08 13:13:21] INFO     creating capacity constraints
[2025-09-08 13:13:21] INFO     creating network constraints
[2025-09-08 13:13:21] INFO     creating policy constraints
[2025-09-08 13:13:21] INFO     creating conversion constraints
[2025-09-08 13:13:21] INFO     creating group constraints
[2025-09-08 13:13:21] INFO     creating conversion_plus constraints
[2025-09-08 13:13:21] INFO     creating milp constraints
[2025-09-08 13:13:21] INFO     creating export constraints
[2025-09-08 13:25:55] DEBUG    Set parameter WLSAccessID
Set parameter WLSSecret
Set parameter LicenseID to value 2680226
[2025-09-08 13:25:56] DEBUG    Academic license 2680226 - for non-commercial use only - registered to an___@mail.polimi.it
[2025-09-08 13:26:31] DEBUG    Read LP format model from file /tmp/tmp94fqbboh.pyomo.lp
Reading time = 35.48 seconds
x17374132: 23637659 rows, 17374132 columns, 57254509 nonzeros
[2025-09-08 13:26:31] DEBUG    Set parameter NumericFocus to value 1
Gurobi Optimizer version 12.0.2 build v12.0.2rc0 (linux64 - "Debian GNU/Linux 11 (bullseye)")

CPU model: Intel(R) Xeon(R) Silver 4314 CPU @ 2.40GHz, instruction set [SSE2|AVX|AVX2|AVX512]
Thread count: 32 physical cores, 64 logical processors, using up to 32 threads

Non-default parameters:
NumericFocus  1
[2025-09-08 13:26:31] DEBUG    Academic license 2680226 - for non-commercial use only - registered to an___@mail.polimi.it
Optimize a model with 23637659 rows, 17374132 columns and 57254509 nonzeros
[2025-09-08 13:26:32] DEBUG    Model fingerprint: 0xe24ea262
[2025-09-08 13:26:32] DEBUG    Coefficient statistics:
  Matrix range     [1e-07, 3e+02]
  Objective range  [1e+00, 1e+06]
  Bounds range     [0e+00, 0e+00]
  RHS range        [1e+00, 6e+09]
Warning: Model contains large rhs
[2025-09-08 13:26:38] DEBUG    Presolve removed 19246891 rows and 9995905 columns (presolve time = 6s)...
[2025-09-08 13:26:42] DEBUG    Presolve removed 19250260 rows and 11790000 columns (presolve time = 10s)...
[2025-09-08 13:26:47] DEBUG    Presolve removed 21663159 rows and 14159074 columns (presolve time = 15s)...
[2025-09-08 13:26:53] DEBUG    Presolve removed 22166113 rows and 14264194 columns (presolve time = 21s)...
[2025-09-08 13:26:53] DEBUG    Presolve removed 22315016 rows and 14264194 columns
[2025-09-08 13:26:53] DEBUG    Presolve time: 21.82s
Presolved: 1322643 rows, 3258841 columns, 8474004 nonzeros

Concurrent LP optimizer: primal simplex, dual simplex, and barrier
Showing barrier log only...
[2025-09-08 13:27:21] DEBUG    Elapsed ordering time = 27s
[2025-09-08 13:27:24] DEBUG    Elapsed ordering time = 30s
[2025-09-08 13:27:29] DEBUG    Elapsed ordering time = 35s
[2025-09-08 13:27:30] DEBUG    Ordering time: 36.22s
[2025-09-08 13:27:32] DEBUG    Barrier statistics:
 Dense cols : 107
 AA' NZ     : 7.501e+06
 Factor NZ  : 4.143e+07 (roughly 2.0 GB of memory)
 Factor Ops : 4.814e+09 (less than 1 second per iteration)
 Threads    : 30
[2025-09-08 13:27:35] DEBUG    Objective                Residual
[2025-09-08 13:27:35] DEBUG    Iter       Primal          Dual         Primal    Dual     Compl     Time
[2025-09-08 13:27:36] DEBUG    0   3.79272603e+21 -1.31380530e+19  7.48e+10 1.73e-01  5.21e+15    65s
[2025-09-08 13:27:40] DEBUG    1   3.46664884e+21 -1.34589681e+19  6.78e+10 2.49e+05  4.45e+15    69s
[2025-09-08 13:27:45] DEBUG    2   3.27223195e+21 -3.77675887e+19  6.42e+10 2.03e+05  4.25e+15    74s
[2025-09-08 13:27:51] DEBUG    3   2.75563856e+21 -2.03347220e+20  5.38e+10 4.15e+04  3.75e+15    80s
[2025-09-08 13:27:57] DEBUG    4   4.98548008e+20 -1.78357980e+20  9.14e+09 1.22e+04  6.60e+14    86s
[2025-09-08 13:28:03] DEBUG    5   1.82081575e+20 -1.07303042e+20  3.21e+09 2.07e+03  2.37e+14    92s
[2025-09-08 13:28:07] DEBUG    6   7.79570143e+19 -5.07354632e+19  1.30e+09 3.01e+02  9.69e+13    96s
[2025-09-08 13:28:11] DEBUG    7   3.38308628e+19 -2.88520176e+19  5.51e+08 6.08e+01  4.15e+13   100s
[2025-09-08 13:28:15] DEBUG    8   2.28556380e+19 -1.72798278e+19  3.67e+08 4.24e+00  2.72e+13   104s
[2025-09-08 13:28:19] DEBUG    9   1.30115465e+19 -1.54710726e+19  2.05e+08 1.88e+00  1.61e+13   108s
[2025-09-08 13:28:23] DEBUG    10   9.53266020e+18 -1.05507863e+19  1.48e+08 1.77e+00  1.13e+13   112s
[2025-09-08 13:28:26] DEBUG    11   6.02637526e+18 -5.73672212e+18  9.21e+07 1.55e+00  6.65e+12   115s
[2025-09-08 13:28:30] DEBUG    12   4.43032312e+18 -4.06430534e+18  6.71e+07 4.50e-05  4.73e+12   119s
[2025-09-08 13:28:34] DEBUG    13   3.15012564e+18 -2.10872122e+18  4.67e+07 4.32e-05  3.07e+12   123s
[2025-09-08 13:28:38] DEBUG    14   6.64506912e+17 -1.17749840e+18  8.60e+06 1.58e-04  6.77e+11   126s
[2025-09-08 13:28:43] DEBUG    15   1.14660380e+17 -4.78563899e+17  1.26e+06 1.36e-04  1.40e+11   132s
[2025-09-08 13:28:46] DEBUG    16   3.94688445e+16 -2.09173717e+17  4.11e+05 3.61e-04  4.99e+10   135s
[2025-09-08 13:28:51] DEBUG    17   1.33245573e+16 -4.41383209e+16  1.34e+05 8.54e-05  1.08e+10   140s
[2025-09-08 13:28:55] DEBUG    18   2.06054770e+15 -1.25400887e+16  1.90e+04 1.89e-05  2.44e+09   144s
[2025-09-08 13:29:01] DEBUG    19   1.15610888e+14 -8.13662572e+14  1.89e+02 1.29e-04  1.46e+08   150s
[2025-09-08 13:29:05] DEBUG    20   9.00491199e+13 -4.01711210e+14  5.76e+01 1.87e-03  7.73e+07   154s
[2025-09-08 13:29:10] DEBUG    21   7.89679545e+13 -1.17979432e+14  5.29e-02 5.51e-03  3.08e+07   159s
[2025-09-08 13:29:27] DEBUG    22   7.74303089e+13 -6.71411402e+13  3.05e-02 6.13e-03  2.26e+07   176s
[2025-09-08 13:29:43] DEBUG    23   7.69452562e+13 -4.08276474e+13  2.52e-02 6.45e-03  1.84e+07   192s
[2025-09-08 13:29:55] DEBUG    24   7.68114716e+13 -1.72677045e+13  2.32e-02 6.78e-03  1.47e+07   204s
[2025-09-08 13:30:07] DEBUG    25   7.66767092e+13  3.86235466e+12  2.18e-02 7.74e-03  1.14e+07   216s
[2025-09-08 13:30:20] DEBUG    26   7.65231645e+13  3.65471691e+13  2.04e-02 9.67e-03  6.23e+06   228s
[2025-09-08 13:30:36] DEBUG    27   7.53417140e+13  3.87172523e+13  1.04e-02 9.74e-03  5.73e+06   245s
[2025-09-08 13:30:54] DEBUG    28   7.50320005e+13  5.17513148e+13  8.35e-03 8.19e-03  3.64e+06   263s
[2025-09-08 13:31:16] DEBUG    29   7.47751102e+13  5.53851344e+13  6.81e-03 7.11e-03  3.03e+06   285s
[2025-09-08 13:31:41] DEBUG    30   7.45735603e+13  6.02950208e+13  5.64e-03 8.07e-03  2.23e+06   310s
[2025-09-08 13:32:05] DEBUG    31   7.43498728e+13  6.26533735e+13  4.68e-03 1.13e-02  1.82e+06   334s
[2025-09-08 13:32:30] DEBUG    32   7.41651880e+13  6.54518690e+13  3.94e-03 1.44e-02  1.35e+06   359s
[2025-09-08 13:32:50] DEBUG    33   7.38880790e+13  6.93778955e+13  2.96e-03 1.86e-02  6.89e+05   379s
[2025-09-08 13:33:13] DEBUG    34   7.37304705e+13  7.04535549e+13  2.40e-03 1.91e-02  4.92e+05   402s
[2025-09-08 13:33:33] DEBUG    35   7.35769850e+13  7.08181023e+13  1.88e-03 1.91e-02  4.11e+05   422s
[2025-09-08 13:33:50] DEBUG    36   7.35037988e+13  7.18470892e+13  1.64e-03 1.96e-02  2.35e+05   439s
[2025-09-08 13:34:12] DEBUG    37   7.33245287e+13  7.22872371e+13  1.07e-03 1.96e-02  1.38e+05   461s
[2025-09-08 13:34:28] DEBUG    38   7.32829645e+13  7.23481720e+13  9.54e-04 1.95e-02  1.23e+05   477s
[2025-09-08 13:34:47] DEBUG    39   7.31975820e+13  7.24177920e+13  7.32e-04 1.95e-02  1.02e+05   496s
[2025-09-08 13:35:01] DEBUG    40   7.31776932e+13  7.25156309e+13  6.86e-04 1.91e-02  8.37e+04   510s
[2025-09-08 13:35:16] DEBUG    41   7.31243386e+13  7.26229083e+13  5.56e-04 1.84e-02  6.04e+04   525s
[2025-09-08 13:35:34] DEBUG    42   7.30735322e+13  7.26927780e+13  4.38e-04 1.66e-02  4.37e+04   543s
[2025-09-08 13:35:50] DEBUG    43   7.30459240e+13  7.27444498e+13  3.77e-04 1.44e-02  3.24e+04   559s
[2025-09-08 13:36:08] DEBUG    44   7.30193199e+13  7.27632934e+13  3.08e-04 1.21e-02  2.64e+04   577s
[2025-09-08 13:36:25] DEBUG    45   7.30005742e+13  7.27788697e+13  2.69e-04 1.01e-02  2.18e+04   594s
[2025-09-08 13:36:48] DEBUG    46   7.29923048e+13  7.27960328e+13  2.51e-04 7.39e-03  1.83e+04   617s
[2025-09-08 13:37:03] DEBUG    47   7.29747511e+13  7.28050982e+13  2.06e-04 5.80e-03  1.48e+04   631s
[2025-09-08 13:37:23] DEBUG    48   7.29733095e+13  7.28076519e+13  2.02e-04 5.37e-03  1.42e+04   652s
[2025-09-08 13:37:44] DEBUG    49   7.29608865e+13  7.28241999e+13  1.75e-04 5.03e-03  1.01e+04   673s
[2025-09-08 13:38:02] DEBUG    50   7.29500975e+13  7.28276770e+13  1.50e-04 4.99e-03  8.19e+03   691s
[2025-09-08 13:38:20] DEBUG    51   7.29430818e+13  7.28306737e+13  1.35e-04 4.93e-03  6.84e+03   709s
[2025-09-08 13:38:37] DEBUG    52   7.29378030e+13  7.28313687e+13  1.24e-04 4.89e-03  6.04e+03   726s
[2025-09-08 13:38:58] DEBUG    53   7.29331322e+13  7.28324462e+13  1.12e-04 4.74e-03  5.32e+03   747s
[2025-09-08 13:39:13] DEBUG    54   7.29254162e+13  7.28337504e+13  9.42e-05 4.30e-03  4.18e+03   762s
[2025-09-08 13:39:32] DEBUG    55   7.29153768e+13  7.28340559e+13  6.82e-05 3.63e-03  2.99e+03   781s
[2025-09-08 13:39:48] DEBUG    56   7.29120027e+13  7.28342938e+13  6.02e-05 3.25e-03  2.57e+03   797s
[2025-09-08 13:40:03] DEBUG    57   7.29103015e+13  7.28343926e+13  5.65e-05 3.22e-03  2.37e+03   812s
[2025-09-08 13:40:25] DEBUG    58   7.29084926e+13  7.28346096e+13  5.82e-05 3.13e-03  2.13e+03   834s
[2025-09-08 13:40:39] DEBUG    59   7.29057224e+13  7.28348156e+13  4.86e-05 3.02e-03  1.77e+03   848s
[2025-09-08 13:40:50] DEBUG    60   7.29039717e+13  7.28349779e+13  7.15e-05 2.93e-03  1.54e+03   859s
[2025-09-08 13:41:00] DEBUG    61   7.29018831e+13  7.28350512e+13  6.39e-05 2.90e-03  1.28e+03   869s
[2025-09-08 13:41:10] DEBUG    62   7.28999821e+13  7.28351239e+13  3.81e-05 2.85e-03  1.05e+03   879s
[2025-09-08 13:41:20] DEBUG    63   7.28979663e+13  7.28351830e+13  7.06e-05 2.79e-03  8.00e+02   889s
[2025-09-08 13:41:31] DEBUG    64   7.28963702e+13  7.28352159e+13  6.10e-05 2.74e-03  6.17e+02   900s
[2025-09-08 13:41:40] DEBUG    65   7.28952639e+13  7.28352601e+13  4.10e-05 2.72e-03  4.97e+02   908s
[2025-09-08 13:41:48] DEBUG    66   7.28944896e+13  7.28352922e+13  3.43e-05 2.71e-03  4.18e+02   917s
[2025-09-08 13:41:57] DEBUG    67   7.28935258e+13  7.28353133e+13  5.05e-05 2.70e-03  3.28e+02   926s
[2025-09-08 13:42:03] DEBUG    68   7.28930428e+13  7.28353306e+13  7.63e-05 2.70e-03  2.75e+02   932s
[2025-09-08 13:42:12] DEBUG    69   7.28925229e+13  7.28353453e+13  6.20e-05 2.71e-03  2.22e+02   940s
[2025-09-08 13:42:20] DEBUG    70   7.28922245e+13  7.28353615e+13  4.48e-05 2.71e-03  1.92e+02   949s
[2025-09-08 13:42:29] DEBUG    71   7.28918917e+13  7.28353765e+13  5.72e-05 2.71e-03  1.61e+02   958s
[2025-09-08 13:42:35] DEBUG    72   7.28915734e+13  7.28353905e+13  5.91e-05 2.71e-03  1.34e+02   964s
[2025-09-08 13:42:45] DEBUG    73   7.28913278e+13  7.28353978e+13  4.58e-05 2.70e-03  1.15e+02   974s
[2025-09-08 13:42:54] DEBUG    74   7.28911236e+13  7.28354086e+13  3.05e-05 2.69e-03  9.95e+01   983s
[2025-09-08 13:43:01] DEBUG    75   7.28909532e+13  7.28354156e+13  5.15e-05 2.67e-03  8.87e+01   990s
[2025-09-08 13:43:10] DEBUG    76   7.28907399e+13  7.28354228e+13  4.77e-05 2.66e-03  7.55e+01   999s
[2025-09-08 13:43:19] DEBUG    77   7.28904798e+13  7.28354321e+13  5.72e-05 2.64e-03  6.16e+01  1008s
[2025-09-08 13:43:26] DEBUG    78   7.28903037e+13  7.28354407e+13  6.48e-05 2.61e-03  5.27e+01  1015s
[2025-09-08 13:43:35] DEBUG    79   7.28901718e+13  7.28354460e+13  7.15e-05 2.60e-03  4.64e+01  1024s
[2025-09-08 13:43:43] DEBUG    80   7.28899257e+13  7.28354491e+13  6.20e-05 2.59e-03  3.67e+01  1032s
[2025-09-08 13:43:50] DEBUG    81   7.28897488e+13  7.28354511e+13  4.29e-05 2.58e-03  3.12e+01  1039s
[2025-09-08 13:43:55] DEBUG    82   7.28896524e+13  7.28354528e+13  4.82e-05 2.58e-03  2.84e+01  1044s
[2025-09-08 13:44:06] DEBUG    83   7.28895910e+13  7.28354545e+13  4.01e-05 2.57e-03  2.65e+01  1054s
[2025-09-08 13:44:14] DEBUG    84   7.28894346e+13  7.28354556e+13  4.39e-05 2.57e-03  2.26e+01  1063s
[2025-09-08 13:44:21] DEBUG    85   7.28892860e+13  7.28354571e+13  6.39e-05 2.56e-03  1.93e+01  1070s
[2025-09-08 13:44:28] DEBUG    86   7.28892268e+13  7.28354577e+13  4.67e-05 2.56e-03  1.81e+01  1077s
[2025-09-08 13:44:37] DEBUG    87   7.28891527e+13  7.28354586e+13  7.25e-05 2.55e-03  1.67e+01  1086s
[2025-09-08 13:44:44] DEBUG    88   7.28890670e+13  7.28354595e+13  5.53e-05 2.55e-03  1.51e+01  1093s
[2025-09-08 13:44:50] DEBUG    89   7.28890188e+13  7.28354598e+13  8.30e-05 2.55e-03  1.44e+01  1099s
[2025-09-08 13:44:55] DEBUG    90   7.28889580e+13  7.28354603e+13  8.58e-05 2.55e-03  1.36e+01  1104s
[2025-09-08 13:45:03] DEBUG    91   7.28888786e+13  7.28354609e+13  8.96e-05 2.54e-03  1.25e+01  1112s
[2025-09-08 13:45:09] DEBUG    92   7.28887993e+13  7.28354613e+13  8.87e-05 2.54e-03  1.15e+01  1118s
[2025-09-08 13:45:16] DEBUG    93   7.28887343e+13  7.28354619e+13  5.91e-05 2.54e-03  1.08e+01  1125s
[2025-09-08 13:45:25] DEBUG    94   7.28886448e+13  7.28354625e+13  7.72e-05 2.54e-03  9.67e+00  1134s
[2025-09-08 13:45:33] DEBUG    95   7.28885722e+13  7.28354625e+13  6.58e-05 2.54e-03  8.96e+00  1142s
[2025-09-08 13:45:39] DEBUG    96   7.28884972e+13  7.28354627e+13  6.29e-05 2.54e-03  8.29e+00  1148s
[2025-09-08 13:45:47] DEBUG    97   7.28884096e+13  7.28354628e+13  1.01e-04 2.54e-03  7.56e+00  1156s
[2025-09-08 13:45:55] DEBUG    98   7.28883674e+13  7.28354630e+13  4.67e-05 2.53e-03  7.23e+00  1164s
[2025-09-08 13:46:04] DEBUG    99   7.28882803e+13  7.28354632e+13  8.49e-05 2.53e-03  6.58e+00  1173s
[2025-09-08 13:46:12] DEBUG    100   7.28882193e+13  7.28354634e+13  9.35e-05 2.53e-03  6.15e+00  1181s
[2025-09-08 13:46:21] DEBUG    101   7.28881757e+13  7.28354635e+13  1.10e-04 2.53e-03  5.86e+00  1190s
[2025-09-08 13:46:33] DEBUG    102   7.28881411e+13  7.28354635e+13  1.08e-04 2.53e-03  5.63e+00  1202s
[2025-09-08 13:46:43] DEBUG    103   7.28881226e+13  7.28354634e+13  7.15e-05 2.53e-03  5.53e+00  1212s
[2025-09-08 13:46:53] DEBUG    104   7.28880849e+13  7.28354633e+13  9.44e-05 2.52e-03  5.28e+00  1222s
[2025-09-08 13:47:02] DEBUG    105   7.28880038e+13  7.28354633e+13  1.02e-04 2.50e-03  4.83e+00  1231s
[2025-09-08 13:47:12] DEBUG    106   7.28879716e+13  7.28354633e+13  1.27e-04 2.50e-03  4.66e+00  1241s
[2025-09-08 13:47:20] DEBUG    107   7.28879167e+13  7.28354633e+13  8.96e-05 2.49e-03  4.37e+00  1249s
[2025-09-08 13:47:29] DEBUG    108   7.28878494e+13  7.28354632e+13  7.82e-05 2.49e-03  4.04e+00  1258s
[2025-09-08 13:47:34] DEBUG    109   7.28878171e+13  7.28354632e+13  8.87e-05 2.48e-03  3.91e+00  1263s
[2025-09-08 13:47:40] DEBUG    110   7.28877813e+13  7.28354632e+13  1.02e-04 2.48e-03  3.76e+00  1269s
[2025-09-08 13:47:47] DEBUG    111   7.28877646e+13  7.28354632e+13  8.58e-05 2.47e-03  3.70e+00  1276s
[2025-09-08 13:47:54] DEBUG    112   7.28877468e+13  7.28354632e+13  7.53e-05 2.47e-03  3.63e+00  1283s
[2025-09-08 13:48:01] DEBUG    113   7.28877340e+13  7.28354633e+13  7.44e-05 2.47e-03  3.58e+00  1290s
[2025-09-08 13:48:08] DEBUG    114   7.28876882e+13  7.28354637e+13  7.72e-05 2.46e-03  3.40e+00  1297s
[2025-09-08 13:48:18] DEBUG    115   7.28876642e+13  7.28354641e+13  1.16e-04 2.46e-03  3.31e+00  1307s
[2025-09-08 13:48:28] DEBUG    116   7.28876515e+13  7.28354648e+13  1.20e-04 2.46e-03  3.27e+00  1316s
[2025-09-08 13:48:37] DEBUG    117   7.28876060e+13  7.28354653e+13  9.35e-05 2.46e-03  3.11e+00  1326s
[2025-09-08 13:48:44] DEBUG    118   7.28875939e+13  7.28354655e+13  9.82e-05 2.45e-03  3.07e+00  1333s
[2025-09-08 13:48:52] DEBUG    119   7.28875643e+13  7.28354661e+13  1.05e-04 2.45e-03  2.98e+00  1341s
[2025-09-08 13:48:58] DEBUG    120   7.28875521e+13  7.28354663e+13  1.08e-04 2.45e-03  2.94e+00  1347s
[2025-09-08 13:49:06] DEBUG    121   7.28875471e+13  7.28354665e+13  1.42e-04 2.45e-03  2.93e+00  1355s
[2025-09-08 13:49:14] DEBUG    122   7.28875253e+13  7.28354669e+13  1.19e-04 2.45e-03  2.86e+00  1363s
[2025-09-08 13:49:23] DEBUG    123   7.28874964e+13  7.28354676e+13  1.06e-04 2.45e-03  2.83e+00  1372s
[2025-09-08 13:49:35] DEBUG    124   7.28874653e+13  7.28354681e+13  1.09e-04 2.44e-03  2.74e+00  1384s
[2025-09-08 13:49:43] DEBUG    125   7.28874497e+13  7.28354687e+13  9.82e-05 2.44e-03  2.69e+00  1392s
[2025-09-08 13:49:51] DEBUG    126   7.28874235e+13  7.28354695e+13  9.16e-05 2.44e-03  2.62e+00  1400s
[2025-09-08 13:50:00] DEBUG    127   7.28874116e+13  7.28354697e+13  8.96e-05 2.44e-03  2.58e+00  1409s
[2025-09-08 13:50:06] DEBUG    128   7.28873907e+13  7.28354699e+13  1.06e-04 2.44e-03  2.53e+00  1415s
[2025-09-08 13:50:13] DEBUG    129   7.28873779e+13  7.28354706e+13  9.92e-05 2.43e-03  2.49e+00  1422s
[2025-09-08 13:50:21] DEBUG    130   7.28873519e+13  7.28354709e+13  9.92e-05 2.43e-03  2.42e+00  1430s
[2025-09-08 13:50:27] DEBUG    131   7.28873278e+13  7.28354714e+13  1.03e-04 2.43e-03  2.36e+00  1436s
[2025-09-08 13:50:35] DEBUG    132   7.28873205e+13  7.28354721e+13  7.82e-05 2.43e-03  2.34e+00  1444s
[2025-09-08 13:50:43] DEBUG    133   7.28872805e+13  7.28354725e+13  8.96e-05 2.43e-03  2.24e+00  1452s
[2025-09-08 13:50:52] DEBUG    134   7.28872560e+13  7.28354732e+13  8.49e-05 2.43e-03  2.19e+00  1461s
[2025-09-08 13:51:00] DEBUG    135   7.28872409e+13  7.28354738e+13  1.24e-04 2.42e-03  2.15e+00  1469s
[2025-09-08 13:51:07] DEBUG    136   7.28872249e+13  7.28354743e+13  1.05e-04 2.42e-03  2.12e+00  1476s
[2025-09-08 13:51:17] DEBUG    137   7.28872043e+13  7.28354751e+13  1.09e-04 2.42e-03  2.07e+00  1485s
[2025-09-08 13:51:28] DEBUG    138   7.28871866e+13  7.28354752e+13  8.39e-05 2.42e-03  2.03e+00  1497s
[2025-09-08 13:51:35] DEBUG    139   7.28871621e+13  7.28354760e+13  7.92e-05 2.42e-03  1.98e+00  1504s
[2025-09-08 13:51:43] DEBUG    140   7.28871420e+13  7.28354766e+13  9.92e-05 2.42e-03  1.94e+00  1512s
[2025-09-08 13:51:50] DEBUG    141   7.28871315e+13  7.28354768e+13  9.92e-05 2.42e-03  1.91e+00  1519s
[2025-09-08 13:51:59] DEBUG    142   7.28871218e+13  7.28354771e+13  9.82e-05 2.42e-03  1.89e+00  1528s
[2025-09-08 13:52:11] DEBUG    143   7.28871176e+13  7.28354774e+13  1.13e-04 2.42e-03  1.88e+00  1540s
[2025-09-08 13:52:20] DEBUG    144   7.28871058e+13  7.28354776e+13  1.34e-04 2.42e-03  1.86e+00  1549s
[2025-09-08 13:52:31] DEBUG    145   7.28870891e+13  7.28354782e+13  1.21e-04 2.41e-03  1.83e+00  1560s
[2025-09-08 13:52:40] DEBUG    146   7.28870790e+13  7.28354788e+13  9.92e-05 2.41e-03  1.81e+00  1569s
[2025-09-08 13:52:49] DEBUG    147   7.28870738e+13  7.28354789e+13  1.23e-04 2.41e-03  1.80e+00  1578s
[2025-09-08 13:52:57] DEBUG    148   7.28870547e+13  7.28354793e+13  1.27e-04 2.41e-03  1.76e+00  1586s
[2025-09-08 13:53:06] DEBUG    149   7.28870275e+13  7.28354800e+13  1.20e-04 2.41e-03  1.71e+00  1595s
[2025-09-08 13:53:13] DEBUG    150   7.28870001e+13  7.28354805e+13  1.40e-04 2.41e-03  1.66e+00  1602s
[2025-09-08 13:53:21] DEBUG    151   7.28869876e+13  7.28354809e+13  1.32e-04 2.41e-03  1.63e+00  1610s
[2025-09-08 13:53:28] DEBUG    152   7.28869791e+13  7.28354812e+13  1.03e-04 2.41e-03  1.62e+00  1617s
[2025-09-08 13:53:36] DEBUG    153   7.28869573e+13  7.28354816e+13  1.22e-04 2.40e-03  1.58e+00  1625s
[2025-09-08 13:53:45] DEBUG    154   7.28869370e+13  7.28354819e+13  1.23e-04 2.40e-03  1.54e+00  1633s
[2025-09-08 13:53:53] DEBUG    155   7.28869339e+13  7.28354820e+13  1.18e-04 2.40e-03  1.54e+00  1642s
[2025-09-08 13:54:02] DEBUG    156   7.28869148e+13  7.28354822e+13  1.39e-04 2.40e-03  1.50e+00  1651s
[2025-09-08 13:54:09] DEBUG    157   7.28869030e+13  7.28354827e+13  1.39e-04 2.40e-03  1.49e+00  1658s
[2025-09-08 13:54:18] DEBUG    158   7.28868982e+13  7.28354827e+13  1.43e-04 2.40e-03  1.48e+00  1667s
[2025-09-08 13:54:25] DEBUG    159   7.28868894e+13  7.28354829e+13  1.68e-04 2.40e-03  1.47e+00  1674s
[2025-09-08 13:54:31] DEBUG    160   7.28868862e+13  7.28354830e+13  1.57e-04 2.40e-03  1.46e+00  1680s
[2025-09-08 13:54:37] DEBUG    161   7.28868813e+13  7.28354831e+13  1.83e-04 2.40e-03  1.46e+00  1686s
[2025-09-08 13:54:46] DEBUG    162   7.28868771e+13  7.28354833e+13  1.80e-04 2.40e-03  1.45e+00  1695s
[2025-09-08 13:54:53] DEBUG    163   7.28868420e+13  7.28354837e+13  1.48e-04 2.40e-03  1.40e+00  1702s
[2025-09-08 13:55:03] DEBUG    164   7.28868356e+13  7.28354840e+13  1.62e-04 2.40e-03  1.39e+00  1711s
[2025-09-08 13:55:03] DEBUG    Barrier performed 164 iterations in 1711.44 seconds (400.10 work units)
[2025-09-08 13:55:03] DEBUG    Sub-optimal termination - objective 7.28874235e+13
[2025-09-08 13:55:03] DEBUG    Crossover log...
[2025-09-08 13:55:03] DEBUG    673279 DPushes remaining with DInf 0.0000000e+00              1712s
[2025-09-08 13:55:06] DEBUG    492659 DPushes remaining with DInf 0.0000000e+00              1715s
[2025-09-08 13:55:11] DEBUG    455611 DPushes remaining with DInf 0.0000000e+00              1720s
[2025-09-08 13:55:16] DEBUG    408846 DPushes remaining with DInf 0.0000000e+00              1725s
[2025-09-08 13:55:21] DEBUG    373704 DPushes remaining with DInf 0.0000000e+00              1730s
[2025-09-08 13:55:26] DEBUG    349575 DPushes remaining with DInf 0.0000000e+00              1735s
[2025-09-08 13:55:31] DEBUG    316630 DPushes remaining with DInf 0.0000000e+00              1740s
[2025-09-08 13:55:36] DEBUG    281900 DPushes remaining with DInf 0.0000000e+00              1745s
[2025-09-08 13:55:41] DEBUG    262879 DPushes remaining with DInf 0.0000000e+00              1750s
[2025-09-08 13:55:46] DEBUG    239434 DPushes remaining with DInf 0.0000000e+00              1755s
[2025-09-08 13:55:51] DEBUG    218508 DPushes remaining with DInf 0.0000000e+00              1760s
[2025-09-08 13:55:56] DEBUG    199359 DPushes remaining with DInf 0.0000000e+00              1765s
[2025-09-08 13:56:01] DEBUG    184938 DPushes remaining with DInf 0.0000000e+00              1770s
[2025-09-08 13:56:06] DEBUG    172048 DPushes remaining with DInf 0.0000000e+00              1775s
[2025-09-08 13:56:11] DEBUG    160386 DPushes remaining with DInf 0.0000000e+00              1780s
[2025-09-08 13:56:16] DEBUG    146539 DPushes remaining with DInf 0.0000000e+00              1785s
[2025-09-08 13:56:22] DEBUG    130993 DPushes remaining with DInf 0.0000000e+00              1790s
[2025-09-08 13:56:26] DEBUG    114603 DPushes remaining with DInf 0.0000000e+00              1795s
[2025-09-08 13:56:31] DEBUG    102481 DPushes remaining with DInf 0.0000000e+00              1800s
[2025-09-08 13:56:36] DEBUG    84070 DPushes remaining with DInf 0.0000000e+00              1805s
[2025-09-08 13:56:41] DEBUG    68073 DPushes remaining with DInf 0.0000000e+00              1810s
[2025-09-08 13:56:46] DEBUG    45901 DPushes remaining with DInf 0.0000000e+00              1815s
[2025-09-08 13:56:51] DEBUG    26498 DPushes remaining with DInf 0.0000000e+00              1820s
[2025-09-08 13:56:56] DEBUG    8185 DPushes remaining with DInf 0.0000000e+00              1825s
[2025-09-08 13:57:00] DEBUG    0 DPushes remaining with DInf 0.0000000e+00              1829s
[2025-09-08 13:57:01] DEBUG    2768172 PPushes remaining with PInf 0.0000000e+00              1830s
[2025-09-08 13:57:02] DEBUG    1044723 PPushes remaining with PInf 0.0000000e+00              1831s
[2025-09-08 13:57:06] DEBUG    281756 PPushes remaining with PInf 0.0000000e+00              1835s
[2025-09-08 13:57:11] DEBUG    105287 PPushes remaining with PInf 0.0000000e+00              1840s
[2025-09-08 13:57:16] DEBUG    48404 PPushes remaining with PInf 0.0000000e+00              1845s
[2025-09-08 13:57:22] DEBUG    0 PPushes remaining with PInf 0.0000000e+00              1851s
[2025-09-08 13:57:22] DEBUG    Push phase complete: Pinf 0.0000000e+00, Dinf 5.2180254e+06   1851s
[2025-09-08 13:57:22] DEBUG    Iteration    Objective       Primal Inf.    Dual Inf.      Time
 3021800    7.2887167e+13   0.000000e+00   5.218025e+06   1851s
[2025-09-08 13:57:26] DEBUG    3022271    7.2883945e+13   0.000000e+00   3.962734e+06   1855s
[2025-09-08 13:57:27] DEBUG    Solved with dual simplex
[2025-09-08 13:57:37] DEBUG    Iteration    Objective       Primal Inf.    Dual Inf.      Time
[2025-09-08 13:57:37] DEBUG    979241    7.2835887e+13   0.000000e+00   0.000000e+00   1865s

Solved in 979241 iterations and 1865.46 seconds (641.29 work units)
[2025-09-08 13:57:37] DEBUG    Optimal objective  7.283588733e+13
✅ Scenario completato: existing_VRES_2030_PHES

🚀 Lancio scenario: existing_VRES_2030_nostorage
[2025-09-08 14:07:52] INFO     Loading sets
[2025-09-08 14:07:52] INFO     Loading parameters
[2025-09-08 14:08:27] INFO     constraints are loaded in the following order: ['energy_balance', 'dispatch', 'costs', 'capacity', 'network', 'policy', 'conversion', 'group', 'conversion_plus', 'milp', 'export']
[2025-09-08 14:08:27] INFO     creating energy_balance constraints
[2025-09-08 14:11:22] INFO     creating dispatch constraints
[2025-09-08 14:16:25] INFO     creating costs constraints
[2025-09-08 14:24:37] INFO     creating capacity constraints
[2025-09-08 14:24:37] INFO     creating network constraints
[2025-09-08 14:24:37] INFO     creating policy constraints
[2025-09-08 14:24:37] INFO     creating conversion constraints
[2025-09-08 14:24:37] INFO     creating group constraints
[2025-09-08 14:24:37] INFO     creating conversion_plus constraints
[2025-09-08 14:24:37] INFO     creating milp constraints
[2025-09-08 14:24:37] INFO     creating export constraints
[2025-09-08 14:36:18] DEBUG    Set parameter WLSAccessID
Set parameter WLSSecret
Set parameter LicenseID to value 2680226
[2025-09-08 14:36:18] DEBUG    Academic license 2680226 - for non-commercial use only - registered to an___@mail.polimi.it
[2025-09-08 14:36:50] DEBUG    Read LP format model from file /tmp/tmpuhq48mpo.pyomo.lp
Reading time = 32.27 seconds
x16024912: 21762772 rows, 16024912 columns, 52038546 nonzeros
[2025-09-08 14:36:50] DEBUG    Set parameter NumericFocus to value 1
Gurobi Optimizer version 12.0.2 build v12.0.2rc0 (linux64 - "Debian GNU/Linux 11 (bullseye)")

CPU model: Intel(R) Xeon(R) Silver 4314 CPU @ 2.40GHz, instruction set [SSE2|AVX|AVX2|AVX512]
Thread count: 32 physical cores, 64 logical processors, using up to 32 threads

Non-default parameters:
NumericFocus  1
[2025-09-08 14:36:50] DEBUG    Academic license 2680226 - for non-commercial use only - registered to an___@mail.polimi.it
Optimize a model with 21762772 rows, 16024912 columns and 52038546 nonzeros
[2025-09-08 14:36:51] DEBUG    Model fingerprint: 0x31f7e903
[2025-09-08 14:36:51] DEBUG    Coefficient statistics:
  Matrix range     [1e-07, 3e+02]
  Objective range  [1e+00, 1e+06]
  Bounds range     [0e+00, 0e+00]
  RHS range        [1e+00, 2e+08]
[2025-09-08 14:36:57] DEBUG    Presolve removed 18537128 rows and 9452647 columns (presolve time = 6s)...
[2025-09-08 14:37:01] DEBUG    Presolve removed 20623730 rows and 13330000 columns (presolve time = 10s)...
[2025-09-08 14:37:06] DEBUG    Presolve removed 21211055 rows and 13423953 columns (presolve time = 15s)...
[2025-09-08 14:37:08] DEBUG    Presolve removed 21359958 rows and 13528944 columns
[2025-09-08 14:37:08] DEBUG    Presolve time: 18.08s
Presolved: 402814 rows, 2644871 columns, 4522392 nonzeros
[2025-09-08 14:37:08] DEBUG    Concurrent LP optimizer: primal simplex, dual simplex, and barrier
Showing barrier log only...
[2025-09-08 14:37:12] DEBUG    Ordering time: 3.05s
[2025-09-08 14:37:13] DEBUG    Barrier statistics:
[2025-09-08 14:37:13] DEBUG    Dense cols : 81
 AA' NZ     : 1.405e+06
 Factor NZ  : 1.393e+07 (roughly 1.3 GB of memory)
 Factor Ops : 1.066e+09 (less than 1 second per iteration)
 Threads    : 30
[2025-09-08 14:37:15] DEBUG    Objective                Residual
[2025-09-08 14:37:15] DEBUG    Iter       Primal          Dual         Primal    Dual     Compl     Time
[2025-09-08 14:37:15] DEBUG    0   3.89849758e+21 -5.41087337e+19  6.34e+10 9.31e-10  2.26e+16    25s
[2025-09-08 14:37:18] DEBUG    1   2.40454114e+21 -5.77315518e+19  2.62e+10 5.78e+05  9.31e+15    27s
[2025-09-08 14:37:20] DEBUG    2   8.63171362e+20 -4.35149554e+19  5.85e+09 3.71e+04  2.11e+15    30s
[2025-09-08 14:37:24] DEBUG    3   6.07910568e+19 -3.25527283e+19  3.64e+08 6.58e+02  1.37e+14    34s
[2025-09-08 14:37:27] DEBUG    4   1.85754024e+19 -1.85861189e+19  9.23e+07 7.46e-06  3.75e+13    37s
[2025-09-08 14:37:29] DEBUG    5   4.25644937e+18 -1.18333921e+19  1.80e+07 2.13e-06  8.77e+12    39s
[2025-09-08 14:37:31] DEBUG    6   1.94990049e+18 -3.89264085e+18  7.69e+06 4.34e-06  3.08e+12    41s
[2025-09-08 14:37:33] DEBUG    7   8.12686329e+17 -2.49806502e+18  3.17e+06 5.56e-06  1.38e+12    43s
[2025-09-08 14:37:35] DEBUG    8   3.94857722e+17 -1.17311337e+18  1.52e+06 3.52e-06  5.89e+11    45s
[2025-09-08 14:37:37] DEBUG    9   1.98027051e+17 -5.96369954e+17  7.43e+05 6.75e-06  2.66e+11    47s
[2025-09-08 14:37:41] DEBUG    10   1.03025918e+17 -2.14910288e+17  3.81e+05 1.71e-06  1.02e+11    50s
[2025-09-08 14:37:43] DEBUG    11   5.24139909e+16 -1.23464669e+17  1.89e+05 1.66e-06  5.02e+10    53s
[2025-09-08 14:37:46] DEBUG    12   3.02906880e+16 -4.13222693e+16  1.08e+05 7.83e-07  1.96e+10    56s
[2025-09-08 14:37:48] DEBUG    13   1.07516601e+16 -1.93731952e+16  3.69e+04 7.11e-07  7.37e+09    58s
[2025-09-08 14:37:51] DEBUG    14   2.89265368e+15 -6.37131468e+15  8.96e+03 3.52e-07  2.06e+09    60s
[2025-09-08 14:37:52] DEBUG    15   2.74118609e+15 -6.09625058e+15  8.46e+03 3.34e-07  1.96e+09    62s
[2025-09-08 14:37:55] DEBUG    16   2.38679638e+15 -4.86147522e+15  7.35e+03 2.54e-07  1.60e+09    65s
[2025-09-08 14:37:57] DEBUG    17   1.58102420e+15 -3.35870432e+15  4.62e+03 1.97e-07  1.07e+09    67s
[2025-09-08 14:38:00] DEBUG    18   9.02796909e+14 -2.28841990e+15  2.37e+03 3.96e-06  6.83e+08    70s
[2025-09-08 14:38:05] DEBUG    19   6.12307026e+14 -7.67106620e+14  1.57e+03 3.51e-05  2.94e+08    74s
[2025-09-08 14:38:08] DEBUG    20   5.59141680e+14 -4.60975437e+14  1.41e+03 4.81e-05  2.17e+08    77s
[2025-09-08 14:38:11] DEBUG    21   5.01356493e+14 -3.43946130e+14  1.19e+03 5.70e-05  1.79e+08    80s
[2025-09-08 14:38:12] DEBUG    22   3.84583797e+14 -2.39173491e+14  7.39e+02 6.54e-05  1.32e+08    82s
[2025-09-08 14:38:15] DEBUG    23   2.89006065e+14 -4.24188405e+13  3.80e+02 6.04e-05  6.97e+07    85s
[2025-09-08 14:38:19] DEBUG    24   2.31270565e+14  5.02700939e+13  1.52e+02 2.93e-05  3.80e+07    89s
[2025-09-08 14:38:22] DEBUG    25   2.02982900e+14  1.78042763e+14  4.79e+01 7.97e-05  5.22e+06    92s
[2025-09-08 14:38:24] DEBUG    26   1.97060052e+14  1.84491161e+14  2.67e+01 5.36e-05  2.63e+06    94s
[2025-09-08 14:38:27] DEBUG    27   1.91811972e+14  1.86479306e+14  8.22e+00 4.78e-05  1.12e+06    96s
[2025-09-08 14:38:29] DEBUG    28   1.91088418e+14  1.88055413e+14  5.68e+00 1.11e-04  6.34e+05    99s
[2025-09-08 14:38:31] DEBUG    29   1.90237281e+14  1.88837333e+14  2.72e+00 1.86e-04  2.93e+05   101s
[2025-09-08 14:38:34] DEBUG    30   1.89977191e+14  1.89288982e+14  1.83e+00 2.20e-04  1.44e+05   103s
[2025-09-08 14:38:36] DEBUG    31   1.89790069e+14  1.89354777e+14  1.19e+00 2.39e-04  9.10e+04   106s
[2025-09-08 14:38:39] DEBUG    32   1.89714870e+14  1.89374826e+14  9.39e-01 2.43e-04  7.11e+04   108s
[2025-09-08 14:38:41] DEBUG    33   1.89659367e+14  1.89403965e+14  7.51e-01 2.58e-04  5.34e+04   111s
[2025-09-08 14:38:44] DEBUG    34   1.89585105e+14  1.89414382e+14  5.03e-01 2.69e-04  3.57e+04   113s
[2025-09-08 14:38:48] DEBUG    35   1.89567913e+14  1.89418229e+14  4.49e-01 2.69e-04  3.13e+04   117s
[2025-09-08 14:38:50] DEBUG    36   1.89550314e+14  1.89424861e+14  3.90e-01 2.69e-04  2.62e+04   120s
[2025-09-08 14:38:53] DEBUG    37   1.89467833e+14  1.89427839e+14  1.16e-01 2.68e-04  8.37e+03   123s
[2025-09-08 14:38:56] DEBUG    38   1.89452711e+14  1.89429124e+14  6.68e-02 2.62e-04  4.94e+03   125s
[2025-09-08 14:38:58] DEBUG    39   1.89443957e+14  1.89430229e+14  3.94e-02 2.69e-04  2.88e+03   128s
[2025-09-08 14:39:00] DEBUG    40   1.89438168e+14  1.89430774e+14  2.04e-02 2.60e-04  1.55e+03   130s
[2025-09-08 14:39:03] DEBUG    41   1.89433912e+14  1.89431243e+14  8.10e-03 1.30e-04  5.64e+02   133s
[2025-09-08 14:39:05] DEBUG    42   1.89432968e+14  1.89431356e+14  4.67e-03 1.53e-04  3.42e+02   135s
[2025-09-08 14:39:08] DEBUG    43   1.89432450e+14  1.89431516e+14  2.82e-03 1.75e-04  2.00e+02   138s
[2025-09-08 14:39:10] DEBUG    44   1.89432165e+14  1.89431570e+14  1.81e-03 1.76e-04  1.29e+02   140s
[2025-09-08 14:39:13] DEBUG    45   1.89431882e+14  1.89431614e+14  8.73e-04 1.40e-04  6.00e+01   143s
[2025-09-08 14:39:14] DEBUG    46   1.89431813e+14  1.89431623e+14  6.28e-04 1.02e-04  4.35e+01   144s
[2025-09-08 14:39:17] DEBUG    47   1.89431746e+14  1.89431636e+14  4.12e-04 5.66e-05  2.65e+01   146s
[2025-09-08 14:39:19] DEBUG    48   1.89431738e+14  1.89431638e+14  3.83e-04 5.65e-05  2.44e+01   148s
[2025-09-08 14:39:21] DEBUG    49   1.89431714e+14  1.89431640e+14  2.97e-04 5.61e-05  1.88e+01   151s
[2025-09-08 14:39:24] DEBUG    50   1.89431687e+14  1.89431641e+14  2.02e-04 5.47e-05  1.27e+01   154s
[2025-09-08 14:39:27] DEBUG    51   1.89431677e+14  1.89431642e+14  1.67e-04 5.49e-05  1.05e+01   157s
[2025-09-08 14:39:30] DEBUG    52   1.89431671e+14  1.89431643e+14  1.45e-04 5.51e-05  8.79e+00   160s
[2025-09-08 14:39:34] DEBUG    53   1.89431655e+14  1.89431643e+14  9.50e-05 5.53e-05  5.47e+00   164s
[2025-09-08 14:39:39] DEBUG    54   1.89431647e+14  1.89431643e+14  6.85e-05 5.54e-05  3.65e+00   169s
[2025-09-08 14:39:44] DEBUG    55   1.89431641e+14  1.89431642e+14  4.79e-05 5.49e-05  2.35e+00   174s
[2025-09-08 14:39:44] DEBUG    Barrier performed 55 iterations in 173.89 seconds (52.61 work units)
[2025-09-08 14:39:44] DEBUG    Barrier solve interrupted - model solved by another algorithm
[2025-09-08 14:39:44] DEBUG    Solved with dual simplex
[2025-09-08 14:39:53] DEBUG    Iteration    Objective       Primal Inf.    Dual Inf.      Time
[2025-09-08 14:39:53] DEBUG    267821    1.8943163e+14   0.000000e+00   0.000000e+00    182s

Solved in 267821 iterations and 182.39 seconds (60.03 work units)
Optimal objective  1.894316266e+14
✅ Scenario completato: existing_VRES_2030_nostorage

🚀 Lancio scenario: existing_CG+VRES_2030_BESS
[2025-09-08 14:52:47] INFO     Loading sets
[2025-09-08 14:52:47] INFO     Loading parameters
[2025-09-08 14:53:23] INFO     constraints are loaded in the following order: ['energy_balance', 'dispatch', 'costs', 'capacity', 'network', 'policy', 'conversion', 'group', 'conversion_plus', 'milp', 'export']
[2025-09-08 14:53:23] INFO     creating energy_balance constraints
[2025-09-08 14:56:24] INFO     creating dispatch constraints
[2025-09-08 14:58:25] INFO     creating costs constraints
[2025-09-08 15:12:22] INFO     creating capacity constraints
[2025-09-08 15:12:22] INFO     creating network constraints
[2025-09-08 15:12:22] INFO     creating policy constraints
[2025-09-08 15:12:22] INFO     creating conversion constraints
[2025-09-08 15:12:22] INFO     creating group constraints
[2025-09-08 15:12:22] INFO     creating conversion_plus constraints
[2025-09-08 15:12:22] INFO     creating milp constraints
[2025-09-08 15:12:22] INFO     creating export constraints
[2025-09-08 15:25:58] DEBUG    Set parameter WLSAccessID
Set parameter WLSSecret
Set parameter LicenseID to value 2680226
[2025-09-08 15:25:59] DEBUG    Academic license 2680226 - for non-commercial use only - registered to an___@mail.polimi.it
[2025-09-08 15:26:35] DEBUG    Read LP format model from file /tmp/tmpitdbwa14.pyomo.lp
Reading time = 36.32 seconds
[2025-09-08 15:26:35] DEBUG    x17794709: 23830392 rows, 17794709 columns, 58020844 nonzeros
Set parameter NumericFocus to value 1
Gurobi Optimizer version 12.0.2 build v12.0.2rc0 (linux64 - "Debian GNU/Linux 11 (bullseye)")

CPU model: Intel(R) Xeon(R) Silver 4314 CPU @ 2.40GHz, instruction set [SSE2|AVX|AVX2|AVX512]
Thread count: 32 physical cores, 64 logical processors, using up to 32 threads

Non-default parameters:
NumericFocus  1
[2025-09-08 15:26:35] DEBUG    Academic license 2680226 - for non-commercial use only - registered to an___@mail.polimi.it
Optimize a model with 23830392 rows, 17794709 columns and 58020844 nonzeros
[2025-09-08 15:26:36] DEBUG    Model fingerprint: 0xf8e938f7
[2025-09-08 15:26:36] DEBUG    Coefficient statistics:
  Matrix range     [1e-07, 3e+02]
  Objective range  [1e+00, 1e+06]
  Bounds range     [0e+00, 0e+00]
  RHS range        [1e+00, 2e+08]
[2025-09-08 15:26:42] DEBUG    Presolve removed 18949377 rows and 10320290 columns (presolve time = 6s)...
[2025-09-08 15:26:46] DEBUG    Presolve removed 18958336 rows and 12120000 columns (presolve time = 11s)...
[2025-09-08 15:26:51] DEBUG    Presolve removed 21470480 rows and 14581365 columns (presolve time = 15s)...
[2025-09-08 15:26:56] DEBUG    Presolve removed 22008375 rows and 14686485 columns (presolve time = 21s)...
[2025-09-08 15:26:58] DEBUG    Presolve removed 22157278 rows and 14686485 columns
[2025-09-08 15:26:58] DEBUG    Presolve time: 23.08s
Presolved: 1673114 rows, 3257127 columns, 9395785 nonzeros

Concurrent LP optimizer: primal simplex, dual simplex, and barrier
Showing barrier log only...
[2025-09-08 15:27:10] DEBUG    Elapsed ordering time = 11s
[2025-09-08 15:27:13] DEBUG    Ordering time: 13.56s
[2025-09-08 15:27:15] DEBUG    Barrier statistics:
 Dense cols : 144
 AA' NZ     : 8.917e+06
 Factor NZ  : 4.754e+07 (roughly 2.4 GB of memory)
 Factor Ops : 5.508e+09 (less than 1 second per iteration)
 Threads    : 30
[2025-09-08 15:27:19] DEBUG    Objective                Residual
[2025-09-08 15:27:19] DEBUG    Iter       Primal          Dual         Primal    Dual     Compl     Time
[2025-09-08 15:27:19] DEBUG    0   2.17509250e+21 -8.67585300e+18  6.98e+10 2.90e-11  3.87e+15    44s
[2025-09-08 15:27:24] DEBUG    1   1.83322376e+21 -8.68342971e+18  5.82e+10 2.12e+05  3.02e+15    49s
[2025-09-08 15:27:29] DEBUG    2   1.49712144e+21 -8.28317401e+18  4.78e+10 9.42e+04  2.28e+15    54s
[2025-09-08 15:27:35] DEBUG    3   1.08796219e+21 -7.30258818e+18  3.51e+10 2.84e+04  1.56e+15    60s
[2025-09-08 15:27:39] DEBUG    4   7.84605940e+20 -6.90928389e+18  2.49e+10 1.14e+04  1.09e+15    64s
[2025-09-08 15:27:43] DEBUG    5   4.12761531e+20 -6.66325683e+18  1.28e+10 5.57e+03  5.71e+14    68s
[2025-09-08 15:27:48] DEBUG    6   1.32706376e+20 -6.22741134e+18  4.14e+09 2.41e+03  1.89e+14    73s
[2025-09-08 15:27:52] DEBUG    7   3.17992620e+19 -5.52074211e+18  1.06e+09 9.01e+02  5.10e+13    77s
[2025-09-08 15:27:57] DEBUG    8   1.79339137e+19 -4.02897584e+18  6.11e+08 1.63e+02  2.74e+13    82s
[2025-09-08 15:28:02] DEBUG    9   7.17757399e+18 -3.18386959e+18  2.34e+08 1.80e+01  1.05e+13    87s
[2025-09-08 15:28:06] DEBUG    10   2.57465145e+18 -2.44065171e+18  8.02e+07 3.01e+00  3.73e+12    91s
[2025-09-08 15:28:12] DEBUG    11   9.50240915e+17 -1.54121555e+18  2.87e+07 4.96e-01  1.35e+12    97s
[2025-09-08 15:28:19] DEBUG    12   2.13490366e+16 -5.68197002e+17  5.97e+05 9.01e-02  1.05e+11   104s
[2025-09-08 15:28:24] DEBUG    13   6.78023580e+14 -4.18307761e+16  3.22e+03 9.96e-03  6.42e+09   109s
[2025-09-08 15:28:29] DEBUG    14   5.11302140e+14 -7.85734470e+15  1.87e+02 2.08e-02  1.21e+09   114s
[2025-09-08 15:28:33] DEBUG    15   4.96801207e+14 -2.99917739e+15  1.14e+02 2.13e-02  4.72e+08   118s
[2025-09-08 15:28:37] DEBUG    16   4.69173679e+14 -1.54267684e+15  6.91e+00 2.26e-02  2.46e+08   122s
[2025-09-08 15:28:41] DEBUG    17   4.66123365e+14 -1.21080057e+15  6.03e+00 2.45e-02  1.93e+08   126s
[2025-09-08 15:28:47] DEBUG    18   4.64200614e+14 -5.66174619e+14  5.54e+00 2.33e-02  9.35e+07   132s
[2025-09-08 15:28:51] DEBUG    19   4.62170783e+14 -2.79604477e+14  5.03e+00 2.39e-02  4.75e+07   136s
[2025-09-08 15:28:57] DEBUG    20   4.49780373e+14 -1.27543368e+14  2.32e+00 2.44e-02  2.20e+07   142s
[2025-09-08 15:29:05] DEBUG    21   4.33005328e+14 -3.25948110e+13  4.98e-01 2.92e-02  5.92e+06   150s
[2025-09-08 15:29:11] DEBUG    22   4.29262598e+14 -7.92359831e+12  4.07e-01 2.49e-02  1.50e+06   156s
[2025-09-08 15:29:15] DEBUG    23   4.18785306e+14 -1.15794206e+12  1.98e-01 2.42e-02  2.52e+05   160s
[2025-09-08 15:29:20] DEBUG    24   4.15333544e+14 -5.76394430e+11  1.64e-01 2.43e-02  1.33e+05   165s
[2025-09-08 15:29:25] DEBUG    25   4.13660594e+14 -4.56794443e+11  1.50e-01 2.43e-02  1.07e+05   170s
[2025-09-08 15:29:34] DEBUG    26   4.11604434e+14 -4.12911724e+11  1.35e-01 2.43e-02  9.52e+04   179s
[2025-09-08 15:29:40] DEBUG    27   4.08911526e+14 -2.58460527e+11  1.17e-01 2.43e-02  6.02e+04   185s
[2025-09-08 15:29:47] DEBUG    28   4.07467184e+14 -1.85115990e+11  1.08e-01 2.43e-02  4.44e+04   192s
[2025-09-08 15:30:01] DEBUG    29   4.05729773e+14 -1.68612333e+11  1.04e-01 2.43e-02  4.18e+04   206s
[2025-09-08 15:30:11] DEBUG    30   4.04300013e+14 -1.42098650e+11  9.59e-02 3.75e-02  3.65e+04   216s
[2025-09-08 15:30:21] DEBUG    31   4.03490719e+14 -1.27345457e+11  9.18e-02 3.89e-02  3.45e+04   226s
[2025-09-08 15:30:31] DEBUG    32   4.00848410e+14 -1.17246790e+11  7.90e-02 3.77e-02  2.97e+04   236s
[2025-09-08 15:30:40] DEBUG    33   3.98592881e+14 -1.12795652e+11  6.96e-02 3.48e-02  2.63e+04   245s
[2025-09-08 15:30:50] DEBUG    34   3.96606175e+14 -1.15144879e+11  6.23e-02 3.45e-02  2.33e+04   255s
[2025-09-08 15:30:58] DEBUG    35   3.95505583e+14 -1.16542300e+11  5.86e-02 3.37e-02  2.19e+04   263s
[2025-09-08 15:31:06] DEBUG    36   3.94682909e+14 -1.17040119e+11  5.61e-02 3.32e-02  2.10e+04   271s
[2025-09-08 15:31:14] DEBUG    37   3.94465648e+14 -1.17858195e+11  5.54e-02 3.24e-02  2.07e+04   279s
[2025-09-08 15:31:22] DEBUG    38   3.93874799e+14 -1.18661081e+11  5.37e-02 3.19e-02  2.00e+04   287s
[2025-09-08 15:31:31] DEBUG    39   3.93126998e+14 -1.19265458e+11  5.16e-02 3.18e-02  1.92e+04   296s
[2025-09-08 15:31:38] DEBUG    40   3.92795470e+14 -1.19544202e+11  5.07e-02 3.17e-02  1.89e+04   303s
[2025-09-08 15:31:47] DEBUG    41   3.92500233e+14 -1.20077464e+11  4.99e-02 3.15e-02  1.86e+04   312s
[2025-09-08 15:31:53] DEBUG    42   3.92162792e+14 -1.20393258e+11  4.90e-02 3.13e-02  1.82e+04   318s
[2025-09-08 15:32:01] DEBUG    43   3.91337215e+14 -1.20889725e+11  4.68e-02 3.11e-02  1.74e+04   326s
[2025-09-08 15:32:11] DEBUG    44   3.90651328e+14 -1.21627040e+11  4.51e-02 3.08e-02  1.67e+04   336s
[2025-09-08 15:32:20] DEBUG    45   3.90248802e+14 -1.21880615e+11  4.41e-02 3.06e-02  1.64e+04   345s
[2025-09-08 15:32:31] DEBUG    46   3.90110239e+14 -1.22146835e+11  4.38e-02 3.05e-02  1.63e+04   356s
[2025-09-08 15:32:37] DEBUG    47   3.89976488e+14 -1.22310266e+11  4.35e-02 3.04e-02  1.61e+04   362s
[2025-09-08 15:32:45] DEBUG    48   3.89560023e+14 -1.22670698e+11  4.25e-02 3.03e-02  1.96e+04   370s
[2025-09-08 15:32:54] DEBUG    49   3.89356304e+14 -1.22918405e+11  4.20e-02 3.01e-02  2.05e+04   379s
[2025-09-08 15:32:54] DEBUG    Barrier performed 49 iterations in 379.21 seconds (103.46 work units)
[2025-09-08 15:32:54] DEBUG    Numerical trouble encountered
[2025-09-08 15:32:54] DEBUG    Model may be infeasible or unbounded.  Consider using the
[2025-09-08 15:32:54] DEBUG    homogeneous algorithm (through parameter 'BarHomogeneous')
[2025-09-08 15:33:59] DEBUG    Waiting for other threads to finish...         444s
[2025-09-08 15:35:03] DEBUG    Waiting for other threads to finish...         508s
[2025-09-08 15:36:07] DEBUG    Waiting for other threads to finish...         572s
[2025-09-08 15:37:12] DEBUG    Waiting for other threads to finish...         637s
[2025-09-08 15:37:52] DEBUG    Solved with dual simplex
[2025-09-08 15:38:01] DEBUG    Iteration    Objective       Primal Inf.    Dual Inf.      Time
[2025-09-08 15:38:01] DEBUG    877441    1.5236446e+10   0.000000e+00   0.000000e+00    686s

Solved in 877441 iterations and 686.40 seconds (380.54 work units)
[2025-09-08 15:38:01] DEBUG    Optimal objective  1.523644639e+10
✅ Scenario completato: existing_CG+VRES_2030_BESS

🚀 Lancio scenario: existing_CG+VRES_2030_nostorage
[2025-09-08 15:50:46] INFO     Loading sets
[2025-09-08 15:50:46] INFO     Loading parameters
[2025-09-08 15:51:21] INFO     constraints are loaded in the following order: ['energy_balance', 'dispatch', 'costs', 'capacity', 'network', 'policy', 'conversion', 'group', 'conversion_plus', 'milp', 'export']
[2025-09-08 15:51:21] INFO     creating energy_balance constraints
[2025-09-08 15:54:12] INFO     creating dispatch constraints
[2025-09-08 15:56:04] INFO     creating costs constraints
[2025-09-08 16:11:26] INFO     creating capacity constraints
[2025-09-08 16:11:26] INFO     creating network constraints
[2025-09-08 16:11:26] INFO     creating policy constraints
[2025-09-08 16:11:26] INFO     creating conversion constraints
[2025-09-08 16:11:26] INFO     creating group constraints
[2025-09-08 16:11:26] INFO     creating conversion_plus constraints
[2025-09-08 16:11:26] INFO     creating milp constraints
[2025-09-08 16:11:26] INFO     creating export constraints
[2025-09-08 16:23:27] DEBUG    Set parameter WLSAccessID
Set parameter WLSSecret
Set parameter LicenseID to value 2680226
[2025-09-08 16:23:27] DEBUG    Academic license 2680226 - for non-commercial use only - registered to an___@mail.polimi.it
[2025-09-08 16:24:00] DEBUG    Read LP format model from file /tmp/tmpqz3urltu.pyomo.lp
Reading time = 33.64 seconds
x16524335: 22051938 rows, 16524335 columns, 53447805 nonzeros
[2025-09-08 16:24:00] DEBUG    Set parameter NumericFocus to value 1
Gurobi Optimizer version 12.0.2 build v12.0.2rc0 (linux64 - "Debian GNU/Linux 11 (bullseye)")

CPU model: Intel(R) Xeon(R) Silver 4314 CPU @ 2.40GHz, instruction set [SSE2|AVX|AVX2|AVX512]
Thread count: 32 physical cores, 64 logical processors, using up to 32 threads

Non-default parameters:
NumericFocus  1
[2025-09-08 16:24:00] DEBUG    Academic license 2680226 - for non-commercial use only - registered to an___@mail.polimi.it
Optimize a model with 22051938 rows, 16524335 columns and 53447805 nonzeros
[2025-09-08 16:24:01] DEBUG    Model fingerprint: 0x52504147
[2025-09-08 16:24:01] DEBUG    Coefficient statistics:
  Matrix range     [1e-07, 3e+02]
  Objective range  [1e+00, 1e+06]
  Bounds range     [0e+00, 0e+00]
  RHS range        [1e+00, 2e+08]
[2025-09-08 16:24:07] DEBUG    Presolve removed 18441181 rows and 9812094 columns (presolve time = 6s)...
[2025-09-08 16:24:11] DEBUG    Presolve removed 19928336 rows and 13090000 columns (presolve time = 10s)...
[2025-09-08 16:24:17] DEBUG    Presolve removed 21246107 rows and 13869989 columns (presolve time = 15s)...
[2025-09-08 16:24:19] DEBUG    Presolve removed 21395010 rows and 13975164 columns
[2025-09-08 16:24:19] DEBUG    Presolve time: 18.98s
Presolved: 656928 rows, 2698074 columns, 5127867 nonzeros

Concurrent LP optimizer: primal simplex, dual simplex, and barrier
Showing barrier log only...
[2025-09-08 16:24:21] DEBUG    Ordering time: 0.32s
[2025-09-08 16:24:21] DEBUG    Barrier statistics:
 Dense cols : 115
 AA' NZ     : 1.957e+06
[2025-09-08 16:24:21] DEBUG    Factor NZ  : 1.772e+07 (roughly 1.5 GB of memory)
 Factor Ops : 1.263e+09 (less than 1 second per iteration)
 Threads    : 30
[2025-09-08 16:24:24] DEBUG    Objective                Residual
[2025-09-08 16:24:24] DEBUG    Iter       Primal          Dual         Primal    Dual     Compl     Time
[2025-09-08 16:24:24] DEBUG    0   2.21589150e+21 -9.99586308e+18  6.98e+10 3.27e-03  4.47e+15    24s
[2025-09-08 16:24:27] DEBUG    1   1.86273819e+21 -1.00007325e+19  5.79e+10 3.67e+05  3.74e+15    27s
[2025-09-08 16:24:31] DEBUG    2   1.52603063e+21 -9.62546313e+18  4.71e+10 2.75e+05  3.04e+15    30s
[2025-09-08 16:24:36] DEBUG    3   1.30205038e+21 -8.97618420e+18  4.03e+10 1.77e+05  2.57e+15    36s
[2025-09-08 16:24:39] DEBUG    4   1.02846083e+21 -8.40818261e+18  3.12e+10 7.96e+04  1.97e+15    39s
[2025-09-08 16:24:43] DEBUG    5   7.82136911e+20 -7.97073243e+18  2.35e+10 2.96e+04  1.49e+15    43s
[2025-09-08 16:24:49] DEBUG    6   3.46211786e+20 -7.46841829e+18  9.65e+09 4.53e+03  6.23e+14    48s
[2025-09-08 16:24:53] DEBUG    7   1.93959176e+19 -6.64325559e+18  3.50e+08 2.84e+02  2.55e+13    52s
[2025-09-08 16:24:56] DEBUG    8   2.01175949e+18 -3.43778445e+18  3.59e+07 3.13e+01  3.03e+12    55s
[2025-09-08 16:24:59] DEBUG    9   5.53934629e+17 -1.27143862e+18  9.98e+06 4.77e+00  8.07e+11    58s
[2025-09-08 16:25:02] DEBUG    10   2.17050480e+17 -5.00101492e+17  4.00e+06 1.18e+00  2.83e+11    61s
[2025-09-08 16:25:05] DEBUG    11   6.32255404e+16 -2.09076605e+17  1.25e+06 8.10e-01  8.78e+10    64s
[2025-09-08 16:25:08] DEBUG    12   1.95809975e+16 -5.80955377e+16  3.95e+05 5.83e-01  2.19e+10    67s
[2025-09-08 16:25:11] DEBUG    13   3.81609791e+15 -1.19736207e+16  7.80e+04 1.57e-01  3.77e+09    70s
[2025-09-08 16:25:14] DEBUG    14   7.06461433e+14 -1.16576282e+15  1.36e+04 4.90e-03  4.01e+08    73s
[2025-09-08 16:25:17] DEBUG    15   4.63950493e+13 -5.24792277e+13  2.40e+02 3.17e-03  1.30e+07    77s
[2025-09-08 16:25:20] DEBUG    16   2.50608930e+13 -4.33042927e+12  2.78e+01 2.84e-03  1.22e+06    79s
[2025-09-08 16:25:22] DEBUG    17   2.23845068e+13 -1.73098802e+12  1.18e+01 3.80e-03  9.20e+05    82s
[2025-09-08 16:25:26] DEBUG    18   1.92060752e+13 -2.22450651e+11  6.44e+00 5.03e-03  5.10e+05    86s
[2025-09-08 16:25:29] DEBUG    19   1.64388942e+13 -1.04018051e+11  4.08e+00 5.28e-03  3.27e+05    89s
[2025-09-08 16:25:33] DEBUG    20   1.30451132e+13 -8.50146223e+10  1.96e+00 5.33e-03  1.50e+05    93s
[2025-09-08 16:25:36] DEBUG    21   1.18646871e+13 -3.29035925e+10  1.48e+00 5.47e-03  1.28e+05    96s
[2025-09-08 16:25:40] DEBUG    22   1.15417461e+13 -1.46506460e+10  1.10e+00 5.50e-03  2.65e+05    99s
[2025-09-08 16:25:43] DEBUG    23   1.08827938e+13 -5.11505052e+10  8.02e-01 3.57e-02  3.80e+05   102s
[2025-09-08 16:25:46] DEBUG    24   9.00349377e+12 -4.56497153e+10  3.77e-01 5.44e-03  1.21e+05   105s
[2025-09-08 16:25:48] DEBUG    25   7.28164200e+12 -1.58735241e+10  1.58e-01 5.46e-03  5.23e+04   108s
[2025-09-08 16:25:53] DEBUG    26   7.53613259e+12 -2.28522562e+09  1.41e-01 5.43e-03  8.21e+04   112s
[2025-09-08 16:25:56] DEBUG    27   6.10026284e+12  2.94945425e+09  5.43e-02 5.42e-03  3.63e+04   115s
[2025-09-08 16:26:01] DEBUG    28   5.21518441e+12  3.34981371e+09  4.24e-02 5.32e-03  8.70e+04   121s
[2025-09-08 16:26:10] DEBUG    29   4.99846670e+12 -1.11467883e+09  3.79e-02 5.25e-03  2.28e+05   130s
[2025-09-08 16:26:17] DEBUG    30   4.51252281e+12  3.01993099e+09  3.11e-02 5.15e-03  2.45e+05   137s
[2025-09-08 16:26:25] DEBUG    31   2.98085429e+12  5.58926926e+09  2.22e-02 5.06e-03  2.25e+05   144s
[2025-09-08 16:26:31] DEBUG    32   2.35369545e+12  6.87186566e+09  1.54e-02 5.06e-03  2.05e+05   151s
[2025-09-08 16:26:36] DEBUG    33   1.31484043e+12  8.17965385e+09  9.70e-03 5.04e-03  1.53e+05   155s
[2025-09-08 16:26:44] DEBUG    34   1.12729547e+12 -1.50863604e+10  7.09e-03 5.02e-03  2.17e+05   163s
[2025-09-08 16:26:51] DEBUG    35   1.00006692e+12 -1.03812757e+10  5.72e-03 5.03e-03  1.66e+05   170s
[2025-09-08 16:26:58] DEBUG    36   4.83077505e+11  8.08888163e+09  1.96e-03 5.02e-03  6.01e+04   178s
[2025-09-08 16:27:05] DEBUG    37   4.53630693e+11  7.89921408e+09  1.79e-03 5.01e-03  5.64e+04   184s
[2025-09-08 16:27:09] DEBUG    38   3.24043105e+11  7.19115274e+09  1.06e-03 4.99e-03  3.35e+04   189s
[2025-09-08 16:27:12] DEBUG    39   2.55883707e+11  9.46175439e+09  6.49e-04 4.99e-03  2.07e+04   192s
[2025-09-08 16:27:15] DEBUG    40   1.96876908e+11  1.12322735e+10  2.88e-04 5.00e-03  9.45e+03   194s
[2025-09-08 16:27:17] DEBUG    41   1.80985916e+11  1.20147894e+10  2.17e-04 5.01e-03  6.32e+03   197s
[2025-09-08 16:27:21] DEBUG    42   1.77285587e+11  1.21632563e+10  1.19e-03 5.01e-03  5.59e+03   200s
[2025-09-08 16:27:24] DEBUG    43   1.71104295e+11  1.23983816e+10  7.06e-04 5.02e-03  4.37e+03   203s
[2025-09-08 16:27:28] DEBUG    44   1.68725573e+11  1.27383083e+10  7.59e-04 5.01e-03  3.86e+03   207s
[2025-09-08 16:27:33] DEBUG    45   1.68591469e+11  1.27584230e+10  6.24e-04 5.01e-03  3.83e+03   212s
[2025-09-08 16:27:40] DEBUG    46   1.65937743e+11  1.31156541e+10  2.71e-04 5.01e-03  3.25e+03   220s
[2025-09-08 16:27:40] DEBUG    Barrier performed 46 iterations in 219.80 seconds (60.31 work units)
[2025-09-08 16:27:40] DEBUG    Barrier solve interrupted - model solved by another algorithm
[2025-09-08 16:27:40] DEBUG    Solved with dual simplex
[2025-09-08 16:27:50] DEBUG    Iteration    Objective       Primal Inf.    Dual Inf.      Time
[2025-09-08 16:27:50] DEBUG    292948    1.5236446e+10   0.000000e+00   0.000000e+00    230s

Solved in 292948 iterations and 229.59 seconds (72.82 work units)
[2025-09-08 16:27:50] DEBUG    Optimal objective  1.523644639e+10
✅ Scenario completato: existing_CG+VRES_2030_nostorage

🚀 Lancio scenario: existing_GT+VRES_2030_PHES
[2025-09-08 16:40:26] INFO     Loading sets
[2025-09-08 16:40:26] INFO     Loading parameters
[2025-09-08 16:41:02] INFO     constraints are loaded in the following order: ['energy_balance', 'dispatch', 'costs', 'capacity', 'network', 'policy', 'conversion', 'group', 'conversion_plus', 'milp', 'export']
[2025-09-08 16:41:02] INFO     creating energy_balance constraints
[2025-09-08 16:44:05] INFO     creating dispatch constraints
[2025-09-08 16:46:06] INFO     creating costs constraints
[2025-09-08 16:55:22] INFO     creating capacity constraints
[2025-09-08 16:55:22] INFO     creating network constraints
[2025-09-08 16:55:22] INFO     creating policy constraints
[2025-09-08 16:55:22] INFO     creating conversion constraints
[2025-09-08 16:55:22] INFO     creating group constraints
[2025-09-08 16:55:22] INFO     creating conversion_plus constraints
[2025-09-08 16:55:22] INFO     creating milp constraints
[2025-09-08 16:55:22] INFO     creating export constraints
[2025-09-08 17:08:16] DEBUG    Set parameter WLSAccessID
Set parameter WLSSecret
Set parameter LicenseID to value 2680226
[2025-09-08 17:08:17] DEBUG    Academic license 2680226 - for non-commercial use only - registered to an___@mail.polimi.it
[2025-09-08 17:08:53] DEBUG    Read LP format model from file /tmp/tmppi635uk4.pyomo.lp
Reading time = 36.44 seconds
[2025-09-08 17:08:53] DEBUG    x17794709: 23830450 rows, 17794709 columns, 58274942 nonzeros
Set parameter NumericFocus to value 1
Gurobi Optimizer version 12.0.2 build v12.0.2rc0 (linux64 - "Debian GNU/Linux 11 (bullseye)")

CPU model: Intel(R) Xeon(R) Silver 4314 CPU @ 2.40GHz, instruction set [SSE2|AVX|AVX2|AVX512]
Thread count: 32 physical cores, 64 logical processors, using up to 32 threads

Non-default parameters:
NumericFocus  1
[2025-09-08 17:08:54] DEBUG    Academic license 2680226 - for non-commercial use only - registered to an___@mail.polimi.it
Optimize a model with 23830450 rows, 17794709 columns and 58274942 nonzeros
[2025-09-08 17:08:54] DEBUG    Model fingerprint: 0xb90c052e
[2025-09-08 17:08:54] DEBUG    Coefficient statistics:
  Matrix range     [1e-07, 3e+02]
  Objective range  [1e+00, 1e+06]
  Bounds range     [0e+00, 0e+00]
  RHS range        [1e+00, 6e+09]
Warning: Model contains large rhs
[2025-09-08 17:09:01] DEBUG    Presolve removed 19080841 rows and 10399136 columns (presolve time = 6s)...
[2025-09-08 17:09:05] DEBUG    Presolve removed 19080980 rows and 12190000 columns (presolve time = 10s)...
[2025-09-08 17:09:10] DEBUG    Presolve removed 21575739 rows and 14639181 columns (presolve time = 15s)...
[2025-09-08 17:09:15] DEBUG    Presolve removed 22113628 rows and 14744301 columns (presolve time = 20s)...
[2025-09-08 17:09:16] DEBUG    Presolve removed 22262531 rows and 14744301 columns
[2025-09-08 17:09:16] DEBUG    Presolve time: 22.88s
Presolved: 1567919 rows, 3199311 columns, 8953935 nonzeros

Concurrent LP optimizer: primal simplex, dual simplex, and barrier
Showing barrier log only...
[2025-09-08 17:09:38] DEBUG    Elapsed ordering time = 20s
[2025-09-08 17:09:38] DEBUG    Elapsed ordering time = 20s
[2025-09-08 17:09:56] DEBUG    Ordering time: 37.61s
[2025-09-08 17:09:58] DEBUG    Barrier statistics:
 Dense cols : 141
 AA' NZ     : 8.196e+06
 Factor NZ  : 4.546e+07 (roughly 2.3 GB of memory)
[2025-09-08 17:09:58] DEBUG    Factor Ops : 5.373e+09 (less than 1 second per iteration)
 Threads    : 30
[2025-09-08 17:10:02] DEBUG    Objective                Residual
[2025-09-08 17:10:02] DEBUG    Iter       Primal          Dual         Primal    Dual     Compl     Time
[2025-09-08 17:10:02] DEBUG    0   2.30886643e+21 -8.73136124e+18  6.98e+10 2.90e-11  4.05e+15    68s
[2025-09-08 17:10:06] DEBUG    1   2.11630830e+21 -8.93146730e+18  6.36e+10 2.09e+05  3.42e+15    73s
[2025-09-08 17:10:11] DEBUG    2   2.00973004e+21 -3.14214473e+19  6.04e+10 1.57e+05  3.25e+15    78s
[2025-09-08 17:10:18] DEBUG    3   1.70571435e+21 -8.88369609e+19  5.17e+10 6.17e+04  2.74e+15    84s
[2025-09-08 17:10:23] DEBUG    4   1.16847920e+21 -1.06720995e+20  3.55e+10 1.75e+04  1.88e+15    90s
[2025-09-08 17:10:30] DEBUG    5   8.88063471e+20 -1.05879664e+20  2.69e+10 3.46e+03  1.44e+15    97s
[2025-09-08 17:10:36] DEBUG    6   8.15673194e+19 -9.17472012e+19  1.90e+09 8.44e+02  1.19e+14   102s
[2025-09-08 17:10:40] DEBUG    7   2.60819432e+19 -4.01383835e+19  5.87e+08 1.30e+02  3.71e+13   106s
[2025-09-08 17:10:44] DEBUG    8   8.07006707e+18 -1.82513594e+19  1.77e+08 4.00e+01  1.18e+13   111s
[2025-09-08 17:10:48] DEBUG    9   3.55331190e+18 -8.58278888e+18  7.68e+07 1.34e+01  5.02e+12   115s
[2025-09-08 17:10:52] DEBUG    10   1.89894570e+18 -3.86657197e+18  4.14e+07 3.80e+00  2.45e+12   119s
[2025-09-08 17:10:57] DEBUG    11   9.36743222e+17 -1.76906174e+18  2.06e+07 1.03e+00  1.12e+12   123s
[2025-09-08 17:11:01] DEBUG    12   1.99735799e+17 -8.98815590e+17  4.50e+06 3.13e-01  3.07e+11   127s
[2025-09-08 17:11:05] DEBUG    13   2.10695089e+16 -2.22283161e+17  4.56e+05 5.97e-02  4.72e+10   131s
[2025-09-08 17:11:09] DEBUG    14   2.23021041e+14 -1.24499183e+16  8.64e+02 5.93e-04  1.94e+09   135s
[2025-09-08 17:11:15] DEBUG    15   1.39772591e+14 -1.67114979e+15  9.23e-02 3.61e-04  2.59e+08   141s
[2025-09-08 17:11:24] DEBUG    16   9.03988139e+13 -1.06185529e+15  4.10e-02 8.59e-03  1.64e+08   151s
[2025-09-08 17:11:37] DEBUG    17   6.09084826e+13 -3.27264732e+14  1.79e-02 5.49e-03  5.21e+07   164s
[2025-09-08 17:11:54] DEBUG    18   4.16958088e+13 -6.20368827e+13  9.91e-03 8.97e-02  1.05e+07   181s
[2025-09-08 17:12:06] DEBUG    19   2.90959112e+13 -2.50651675e+13  4.50e-03 3.42e-02  4.79e+06   193s
[2025-09-08 17:12:18] DEBUG    20   2.17333593e+13 -1.22450776e+13  2.72e-03 1.60e-02  2.59e+06   205s
[2025-09-08 17:12:28] DEBUG    21   1.91364621e+13 -6.36055075e+12  2.16e-03 1.97e-02  1.60e+06   215s
[2025-09-08 17:12:49] DEBUG    22   1.44232642e+13 -2.24937104e+12  1.38e-03 8.81e-03  7.82e+05   236s
[2025-09-08 17:13:03] DEBUG    23   1.20550964e+13 -1.74795770e+12  1.06e-03 8.74e-03  6.17e+05   249s
[2025-09-08 17:13:16] DEBUG    24   1.06339598e+13 -1.37344809e+12  8.82e-04 8.60e-03  5.09e+05   262s
[2025-09-08 17:13:32] DEBUG    25   9.72630252e+12 -1.21093945e+12  7.97e-04 8.35e-03  4.56e+05   279s
[2025-09-08 17:13:43] DEBUG    26   9.15350324e+12 -9.86070101e+11  7.44e-04 8.01e-03  4.06e+05   290s
[2025-09-08 17:13:51] DEBUG    27   8.27741787e+12 -5.83083086e+11  6.05e-04 9.40e-03  2.99e+05   298s
[2025-09-08 17:14:08] DEBUG    28   7.51080271e+12 -3.83062970e+11  5.42e-04 1.04e-02  2.47e+05   314s
[2025-09-08 17:14:23] DEBUG    29   6.55126250e+12 -2.42767548e+11  4.30e-04 1.05e-02  2.03e+05   330s
[2025-09-08 17:14:42] DEBUG    30   6.42507338e+12 -1.98594981e+11  4.20e-04 1.00e-02  1.95e+05   348s
[2025-09-08 17:14:52] DEBUG    31   5.39574782e+12 -9.69148934e+10  3.25e-04 1.03e-02  1.45e+05   359s
[2025-09-08 17:15:14] DEBUG    32   4.16989314e+12 -5.42894818e+10  2.19e-04 1.23e-02  1.08e+05   381s
[2025-09-08 17:15:32] DEBUG    33   4.10633748e+12 -5.27760894e+10  2.16e-04 1.23e-02  1.06e+05   399s
[2025-09-08 17:15:55] DEBUG    34   4.04523352e+12 -5.07437279e+10  2.13e-04 1.22e-02  1.05e+05   422s
[2025-09-08 17:16:17] DEBUG    35   3.97281512e+12 -4.78031709e+10  2.08e-04 1.22e-02  1.03e+05   444s
[2025-09-08 17:16:36] DEBUG    36   3.89475134e+12 -4.49647318e+10  2.03e-04 1.20e-02  1.02e+05   462s
[2025-09-08 17:16:54] DEBUG    37   3.80587447e+12 -3.51543047e+10  1.97e-04 1.16e-02  1.01e+05   480s
[2025-09-08 17:17:08] DEBUG    38   3.18055340e+12 -1.05990768e+10  1.40e-04 1.67e-02  7.82e+04   494s
[2025-09-08 17:17:17] DEBUG    39   2.82449556e+12 -6.47177151e+09  9.87e-05 1.77e-02  5.63e+04   504s
[2025-09-08 17:17:28] DEBUG    40   2.61091953e+12 -8.10451966e+08  7.90e-05 1.89e-02  4.50e+04   515s
[2025-09-08 17:17:37] DEBUG    41   2.35646091e+12  2.14129447e+09  6.06e-05 1.97e-02  3.37e+04   524s
[2025-09-08 17:17:48] DEBUG    42   2.21522775e+12  6.67157192e+09  4.63e-05 2.09e-02  2.49e+04   535s
[2025-09-08 17:17:56] DEBUG    43   2.11883421e+12  8.88295063e+09  3.77e-05 2.15e-02  1.99e+04   542s
[2025-09-08 17:18:04] DEBUG    44   2.06432916e+12  1.00077002e+10  3.38e-05 2.15e-02  1.76e+04   551s
[2025-09-08 17:18:11] DEBUG    45   2.02200118e+12  1.04257596e+10  3.05e-05 2.14e-02  1.59e+04   557s
[2025-09-08 17:18:19] DEBUG    46   2.00527642e+12  1.07257689e+10  4.90e-05 2.13e-02  1.53e+04   565s
[2025-09-08 17:18:31] DEBUG    47   1.89510416e+12  1.21825255e+10  1.31e-04 2.12e-02  1.14e+04   577s
[2025-09-08 17:18:40] DEBUG    48   1.79328398e+12  1.25022496e+10  2.85e-04 2.10e-02  8.69e+03   587s
[2025-09-08 17:18:50] DEBUG    49   1.73947321e+12  1.29601432e+10  3.43e-04 2.07e-02  7.51e+03   597s
[2025-09-08 17:19:01] DEBUG    50   1.65651182e+12  1.31840907e+10  4.84e-04 2.04e-02  5.97e+03   607s
[2025-09-08 17:19:10] DEBUG    51   1.62034830e+12  1.34576508e+10  5.08e-04 2.03e-02  5.40e+03   616s
[2025-09-08 17:19:19] DEBUG    52   1.57239085e+12  1.36287406e+10  4.26e-04 2.00e-02  4.72e+03   626s
[2025-09-08 17:19:29] DEBUG    53   1.55723435e+12  1.39446026e+10  3.98e-04 1.95e-02  4.50e+03   636s
[2025-09-08 17:19:39] DEBUG    54   1.52321858e+12  1.40298917e+10  3.52e-04 1.93e-02  4.09e+03   645s
[2025-09-08 17:19:49] DEBUG    55   1.52082899e+12  1.40913950e+10  3.52e-04 1.90e-02  4.06e+03   655s
[2025-09-08 17:19:59] DEBUG    56   1.46601519e+12  1.42241834e+10  3.73e-04 1.82e-02  3.45e+03   665s
[2025-09-08 17:20:09] DEBUG    57   1.42833313e+12  1.42257433e+10  2.91e-04 1.76e-02  3.15e+03   676s
[2025-09-08 17:20:18] DEBUG    58   1.41969692e+12  1.43409326e+10  2.81e-04 1.62e-02  3.06e+03   685s
[2025-09-08 17:20:28] DEBUG    59   1.37452576e+12  1.44111048e+10  2.95e-04 1.40e-02  2.67e+03   695s
[2025-09-08 17:20:38] DEBUG    60   1.31749679e+12  1.44864112e+10  2.41e-04 1.17e-02  2.25e+03   705s
[2025-09-08 17:20:48] DEBUG    61   1.23926385e+12  1.45600558e+10  2.75e-04 9.68e-03  1.76e+03   715s
[2025-09-08 17:20:58] DEBUG    62   1.18909503e+12  1.46377721e+10  2.33e-04 7.70e-03  1.50e+03   724s
[2025-09-08 17:21:07] DEBUG    63   1.12707054e+12  1.46463345e+10  2.39e-04 6.62e-03  1.24e+03   734s
[2025-09-08 17:21:17] DEBUG    64   1.09538426e+12  1.47114423e+10  2.16e-04 5.60e-03  1.12e+03   744s
[2025-09-08 17:21:26] DEBUG    65   1.03335132e+12  1.47660094e+10  1.76e-04 5.58e-03  9.19e+02   752s
[2025-09-08 17:21:36] DEBUG    66   9.75798691e+11  1.48025684e+10  1.46e-04 5.57e-03  7.66e+02   762s
[2025-09-08 17:21:46] DEBUG    67   9.54211220e+11  1.48143431e+10  1.37e-04 5.57e-03  7.17e+02   772s
[2025-09-08 17:21:55] DEBUG    68   9.40837360e+11  1.48254830e+10  1.31e-04 5.57e-03  6.88e+02   782s
[2025-09-08 17:22:04] DEBUG    69   9.32449141e+11  1.48285048e+10  1.28e-04 5.57e-03  6.71e+02   790s
[2025-09-08 17:22:16] DEBUG    70   9.27278878e+11  1.48341883e+10  1.26e-04 5.57e-03  6.61e+02   802s
[2025-09-08 17:22:24] DEBUG    71   9.19317907e+11  1.48369288e+10  1.23e-04 5.57e-03  6.45e+02   810s
[2025-09-08 17:22:34] DEBUG    72   9.10720286e+11  1.48405560e+10  1.20e-04 5.57e-03  6.29e+02   820s
[2025-09-08 17:22:44] DEBUG    73   9.04338487e+11  1.48461619e+10  1.18e-04 5.57e-03  6.17e+02   831s
[2025-09-08 17:22:52] DEBUG    74   8.93371446e+11  1.48518233e+10  1.14e-04 5.56e-03  5.97e+02   839s
[2025-09-08 17:23:03] DEBUG    75   8.84610248e+11  1.48559544e+10  1.12e-04 5.56e-03  5.82e+02   850s
[2025-09-08 17:23:14] DEBUG    76   8.75962776e+11  1.48614714e+10  1.09e-04 5.56e-03  5.67e+02   861s
[2025-09-08 17:23:24] DEBUG    77   8.63367340e+11  1.48685691e+10  1.05e-04 5.56e-03  5.46e+02   871s
[2025-09-08 17:23:36] DEBUG    78   8.63280994e+11  1.48685803e+10  1.05e-04 5.56e-03  5.46e+02   882s
[2025-09-08 17:23:47] DEBUG    79   8.61912397e+11  1.48686453e+10  1.05e-04 5.56e-03  5.45e+02   893s
[2025-09-08 17:23:58] DEBUG    80   8.57623177e+11  1.48661897e+10  1.04e-04 5.56e-03  5.48e+02   905s
[2025-09-08 17:24:21] DEBUG    81   8.46724262e+11  1.48668186e+10  1.03e-04 5.56e-03  5.45e+02   927s
[2025-09-08 17:24:40] DEBUG    82   8.46482236e+11  1.48669332e+10  1.03e-04 5.56e-03  5.45e+02   946s
[2025-09-08 17:24:56] DEBUG    83   8.41167342e+11  1.48670948e+10  1.03e-04 5.56e-03  5.44e+02   963s
[2025-09-08 17:25:14] DEBUG    84   8.37343959e+11  1.48673364e+10  1.03e-04 5.56e-03  5.43e+02   980s
[2025-09-08 17:25:14] DEBUG    Barrier performed 84 iterations in 980.29 seconds (223.88 work units)
[2025-09-08 17:25:14] DEBUG    Numerical trouble encountered

Model may be infeasible or unbounded.  Consider using the
homogeneous algorithm (through parameter 'BarHomogeneous')
[2025-09-08 17:26:07] DEBUG    Solved with dual simplex
[2025-09-08 17:26:18] DEBUG    Iteration    Objective       Primal Inf.    Dual Inf.      Time
  781775    1.5236446e+10   0.000000e+00   0.000000e+00   1044s
[2025-09-08 17:26:18] DEBUG    Solved in 781775 iterations and 1044.42 seconds (301.95 work units)
[2025-09-08 17:26:18] DEBUG    Optimal objective  1.523644639e+10
✅ Scenario completato: existing_GT+VRES_2030_PHES
🏁 Tutti gli scenari sono stati processati.
