
🚀 Lancio scenario: existing_VRES_2030_BESS
[2025-08-22 10:17:57] INFO     Loading sets
[2025-08-22 10:17:57] INFO     Loading parameters
[2025-08-22 10:18:43] INFO     constraints are loaded in the following order: ['energy_balance', 'dispatch', 'costs', 'capacity', 'network', 'policy', 'conversion', 'group', 'conversion_plus', 'milp', 'export']
[2025-08-22 10:18:43] INFO     creating energy_balance constraints
[2025-08-22 10:22:41] INFO     creating dispatch constraints
[2025-08-22 10:25:30] INFO     creating costs constraints
[2025-08-22 10:35:37] INFO     creating capacity constraints
[2025-08-22 10:35:37] INFO     creating network constraints
[2025-08-22 10:35:37] INFO     creating policy constraints
[2025-08-22 10:35:37] INFO     creating conversion constraints
[2025-08-22 10:35:37] INFO     creating group constraints
[2025-08-22 10:35:37] INFO     creating conversion_plus constraints
[2025-08-22 10:35:37] INFO     creating milp constraints
[2025-08-22 10:35:37] INFO     creating export constraints
[2025-08-22 10:47:46] DEBUG    Set parameter WLSAccessID
Set parameter WLSSecret
Set parameter LicenseID to value 2680226
[2025-08-22 10:47:47] DEBUG    Academic license 2680226 - for non-commercial use only - registered to an___@mail.polimi.it
[2025-08-22 10:48:21] DEBUG    Read LP format model from file /tmp/tmpaw5um5fo.pyomo.lp
Reading time = 34.66 seconds
[2025-08-22 10:48:21] DEBUG    x16787146: 22857890 rows, 16787146 columns, 55064462 nonzeros
Set parameter NumericFocus to value 1
Gurobi Optimizer version 12.0.2 build v12.0.2rc0 (linux64 - "Debian GNU/Linux 11 (bullseye)")

CPU model: Intel(R) Xeon(R) Silver 4314 CPU @ 2.40GHz, instruction set [SSE2|AVX|AVX2|AVX512]
Thread count: 32 physical cores, 64 logical processors, using up to 32 threads

Non-default parameters:
NumericFocus  1
[2025-08-22 10:48:21] DEBUG    Academic license 2680226 - for non-commercial use only - registered to an___@mail.polimi.it
Optimize a model with 22857890 rows, 16787146 columns and 55064462 nonzeros
[2025-08-22 10:48:22] DEBUG    Model fingerprint: 0x7b42cabc
[2025-08-22 10:48:22] DEBUG    Coefficient statistics:
  Matrix range     [1e-07, 3e+02]
  Objective range  [1e+00, 1e+06]
  Bounds range     [0e+00, 0e+00]
  RHS range        [1e+00, 2e+08]
[2025-08-22 10:48:28] DEBUG    Presolve removed 18283475 rows and 9417882 columns (presolve time = 6s)...
[2025-08-22 10:48:32] DEBUG    Presolve removed 18324842 rows and 11250000 columns (presolve time = 10s)...
[2025-08-22 10:48:37] DEBUG    Presolve removed 20699458 rows and 13573837 columns (presolve time = 15s)...
[2025-08-22 10:48:43] DEBUG    Presolve removed 21237353 rows and 13661437 columns (presolve time = 21s)...
[2025-08-22 10:48:43] DEBUG    Presolve removed 21386256 rows and 13661437 columns
[2025-08-22 10:48:43] DEBUG    Presolve time: 21.93s
Presolved: 1471634 rows, 3274612 columns, 8975293 nonzeros

Concurrent LP optimizer: primal simplex, dual simplex, and barrier
Showing barrier log only...
[2025-08-22 10:48:50] DEBUG    Elapsed ordering time = 5s
[2025-08-22 10:48:54] DEBUG    Ordering time: 9.19s
[2025-08-22 10:48:55] DEBUG    Barrier statistics:
 Dense cols : 115
[2025-08-22 10:48:55] DEBUG    AA' NZ     : 8.470e+06
 Factor NZ  : 4.068e+07 (roughly 2.2 GB of memory)
 Factor Ops : 3.620e+09 (less than 1 second per iteration)
 Threads    : 30
[2025-08-22 10:48:58] DEBUG    Objective                Residual
[2025-08-22 10:48:58] DEBUG    Iter       Primal          Dual         Primal    Dual     Compl     Time
[2025-08-22 10:48:59] DEBUG    0   4.47595302e+21 -1.33205919e+19  7.48e+10 2.08e-01  5.69e+15    38s
[2025-08-22 10:49:04] DEBUG    1   1.57954179e+21 -1.33096209e+19  2.33e+10 3.16e+05  2.13e+15    42s
[2025-08-22 10:49:09] DEBUG    2   9.65836654e+20 -1.06393136e+19  1.35e+10 5.14e+04  9.50e+14    48s
[2025-08-22 10:49:15] DEBUG    3   6.10235745e+20 -9.76553059e+18  8.35e+09 1.55e+04  5.57e+14    54s
[2025-08-22 10:49:20] DEBUG    4   4.30135215e+20 -9.44130584e+18  5.88e+09 1.07e+04  3.92e+14    59s
[2025-08-22 10:49:24] DEBUG    5   3.82707523e+20 -8.91421884e+18  5.21e+09 3.43e+03  3.38e+14    62s
[2025-08-22 10:49:28] DEBUG    6   2.73325816e+20 -8.57762224e+18  3.69e+09 1.49e+03  2.40e+14    66s
[2025-08-22 10:49:32] DEBUG    7   2.01439753e+20 -8.25574122e+18  2.70e+09 7.07e+02  1.77e+14    70s
[2025-08-22 10:49:34] DEBUG    8   1.80379322e+20 -7.87995834e+18  2.42e+09 3.60e+02  1.57e+14    73s
[2025-08-22 10:49:40] DEBUG    9   3.92365867e+19 -7.23684585e+18  5.18e+08 8.27e+01  3.47e+13    79s
[2025-08-22 10:49:43] DEBUG    10   1.43458003e+19 -5.97821773e+18  1.90e+08 3.95e+01  1.30e+13    81s
[2025-08-22 10:49:48] DEBUG    11   3.94464752e+18 -3.72126726e+18  5.03e+07 1.21e+01  3.66e+12    87s
[2025-08-22 10:49:52] DEBUG    12   1.73667861e+18 -2.62523711e+18  2.21e+07 6.17e+00  1.69e+12    90s
[2025-08-22 10:49:57] DEBUG    13   3.43500175e+17 -1.06592028e+18  4.18e+06 1.02e+00  3.80e+11    95s
[2025-08-22 10:50:03] DEBUG    14   6.61970687e+16 -3.07389186e+17  7.73e+05 3.19e-01  7.91e+10   102s
[2025-08-22 10:50:07] DEBUG    15   2.79745075e+15 -3.06688632e+16  2.81e+04 4.87e-02  5.54e+09   106s
[2025-08-22 10:50:11] DEBUG    16   7.44499940e+13 -2.54281949e+15  7.53e+01 2.39e-02  4.00e+08   110s
[2025-08-22 10:50:14] DEBUG    17   6.78539566e+13 -3.04360799e+14  9.35e-01 2.32e-02  5.10e+07   113s
[2025-08-22 10:50:18] DEBUG    18   5.72784775e+13 -1.08727198e+14  1.26e-01 2.45e-02  1.81e+07   117s
[2025-08-22 10:50:27] DEBUG    19   5.71238294e+13 -1.05597453e+14  1.25e-01 2.46e-02  1.76e+07   125s
[2025-08-22 10:50:36] DEBUG    20   5.40158268e+13 -8.36810904e+13  1.06e-01 2.52e-02  1.40e+07   134s
[2025-08-22 10:50:47] DEBUG    21   5.12104485e+13 -5.05299075e+13  9.02e-02 2.53e-02  8.59e+06   146s
[2025-08-22 10:51:01] DEBUG    22   5.03031248e+13 -4.64038748e+13  8.58e-02 2.52e-02  7.90e+06   159s
[2025-08-22 10:51:15] DEBUG    23   4.87505014e+13 -4.53512562e+13  7.86e-02 2.52e-02  7.70e+06   174s
[2025-08-22 10:51:29] DEBUG    24   4.62042843e+13 -2.38865400e+13  6.77e-02 2.52e-02  4.19e+06   188s
[2025-08-22 10:51:42] DEBUG    25   4.36361197e+13 -2.08163178e+13  5.79e-02 2.53e-02  3.64e+06   201s
[2025-08-22 10:51:56] DEBUG    26   4.15333476e+13 -1.51959827e+13  4.96e-02 2.54e-02  2.70e+06   215s
[2025-08-22 10:52:07] DEBUG    27   3.99193423e+13 -9.81792444e+12  4.29e-02 2.56e-02  1.79e+06   226s
[2025-08-22 10:52:21] DEBUG    28   3.82131781e+13 -7.43010449e+12  3.49e-02 2.58e-02  1.36e+06   240s
[2025-08-22 10:52:32] DEBUG    29   3.76946776e+13 -6.92234916e+12  3.28e-02 2.58e-02  1.27e+06   251s
[2025-08-22 10:52:43] DEBUG    30   3.65727190e+13 -3.71916413e+12  2.86e-02 2.60e-02  7.23e+05   261s
[2025-08-22 10:52:54] DEBUG    31   3.51938291e+13 -3.13736352e+12  2.40e-02 2.61e-02  6.05e+05   273s
[2025-08-22 10:53:03] DEBUG    32   3.40705674e+13 -1.59575639e+12  1.93e-02 2.62e-02  3.31e+05   282s
[2025-08-22 10:53:13] DEBUG    33   3.30380139e+13 -1.03938614e+12  1.59e-02 2.62e-02  2.23e+05   291s
[2025-08-22 10:53:22] DEBUG    34   3.19126677e+13 -7.81792822e+11  1.27e-02 2.62e-02  1.66e+05   300s
[2025-08-22 10:53:32] DEBUG    35   3.11679471e+13 -5.43011788e+11  1.09e-02 2.62e-02  1.20e+05   310s
[2025-08-22 10:53:40] DEBUG    36   2.99933462e+13 -3.94089141e+11  8.59e-03 2.62e-02  8.79e+04   319s
[2025-08-22 10:53:52] DEBUG    37   2.93646801e+13 -3.48611524e+11  7.00e-03 2.62e-02  7.27e+04   331s
[2025-08-22 10:54:01] DEBUG    38   2.87579075e+13 -3.22817314e+11  5.09e-03 2.62e-02  6.30e+04   339s
[2025-08-22 10:54:09] DEBUG    39   2.83628468e+13 -2.65317752e+11  4.35e-03 2.62e-02  5.15e+04   348s
[2025-08-22 10:54:18] DEBUG    40   2.77584267e+13 -2.40169854e+11  3.52e-03 2.62e-02  4.40e+04   357s
[2025-08-22 10:54:27] DEBUG    41   2.74672400e+13 -1.77519563e+11  3.21e-03 2.62e-02  3.31e+04   366s
[2025-08-22 10:54:36] DEBUG    42   2.72597444e+13 -1.41468724e+11  2.86e-03 2.62e-02  2.67e+04   375s
[2025-08-22 10:54:44] DEBUG    43   2.68866580e+13 -1.15576586e+11  2.50e-03 2.62e-02  2.11e+04   383s
[2025-08-22 10:54:54] DEBUG    44   2.65903521e+13 -1.09050768e+11  2.14e-03 2.62e-02  1.90e+04   393s
[2025-08-22 10:55:04] DEBUG    45   2.61418715e+13 -9.83828064e+10  1.83e-03 2.62e-02  1.59e+04   402s
[2025-08-22 10:55:18] DEBUG    46   2.59438704e+13 -9.01249359e+10  1.71e-03 2.62e-02  1.42e+04   416s
[2025-08-22 10:55:27] DEBUG    47   2.55939324e+13 -8.41705941e+10  1.50e-03 2.61e-02  1.24e+04   425s
[2025-08-22 10:55:36] DEBUG    48   2.53329071e+13 -7.88884780e+10  1.37e-03 2.61e-02  1.11e+04   435s
[2025-08-22 10:55:45] DEBUG    49   2.50526143e+13 -7.60938724e+10  1.25e-03 2.61e-02  1.01e+04   443s
[2025-08-22 10:55:52] DEBUG    50   2.48805492e+13 -7.33158424e+10  1.16e-03 2.61e-02  9.47e+03   451s
[2025-08-22 10:56:01] DEBUG    51   2.47544198e+13 -7.02514853e+10  1.12e-03 2.61e-02  8.87e+03   460s
[2025-08-22 10:56:08] DEBUG    52   2.44792987e+13 -6.68957153e+10  9.88e-04 2.61e-02  8.00e+03   467s
[2025-08-22 10:56:17] DEBUG    53   2.43091746e+13 -6.37414196e+10  9.40e-04 2.61e-02  7.37e+03   475s
[2025-08-22 10:56:26] DEBUG    54   2.41494604e+13 -6.09262640e+10  8.60e-04 2.61e-02  6.84e+03   485s
[2025-08-22 10:56:34] DEBUG    55   2.39370986e+13 -5.96958194e+10  7.82e-04 2.61e-02  6.43e+03   493s
[2025-08-22 10:56:42] DEBUG    56   2.37697247e+13 -5.83981764e+10  7.22e-04 2.61e-02  6.09e+03   501s
[2025-08-22 10:56:50] DEBUG    57   2.36324284e+13 -5.61334165e+10  6.70e-04 2.61e-02  5.70e+03   509s
[2025-08-22 10:57:01] DEBUG    58   2.35162209e+13 -5.45690354e+10  6.48e-04 2.61e-02  5.41e+03   520s
[2025-08-22 10:57:11] DEBUG    59   2.34103720e+13 -5.27237134e+10  6.27e-04 2.61e-02  5.10e+03   530s
[2025-08-22 10:57:22] DEBUG    60   2.32624590e+13 -5.22084220e+10  5.75e-04 2.61e-02  4.91e+03   540s
[2025-08-22 10:57:30] DEBUG    61   2.32012643e+13 -5.11897611e+10  5.64e-04 2.61e-02  4.75e+03   548s
[2025-08-22 10:57:38] DEBUG    62   2.30641113e+13 -5.00871334e+10  5.36e-04 2.61e-02  4.51e+03   557s
[2025-08-22 10:57:48] DEBUG    63   2.29565583e+13 -4.87970829e+10  5.24e-04 2.61e-02  4.28e+03   567s
[2025-08-22 10:57:59] DEBUG    64   2.28834563e+13 -4.76324105e+10  5.22e-04 2.61e-02  4.09e+03   578s
[2025-08-22 10:58:07] DEBUG    65   2.28322609e+13 -4.69290833e+10  5.15e-04 2.61e-02  3.97e+03   586s
[2025-08-22 10:58:16] DEBUG    66   2.27234088e+13 -4.60014786e+10  5.04e-04 2.61e-02  3.79e+03   595s
[2025-08-22 10:58:26] DEBUG    67   2.26137114e+13 -4.52368201e+10  4.81e-04 2.60e-02  3.63e+03   605s
[2025-08-22 10:58:35] DEBUG    68   2.25356906e+13 -4.45031554e+10  4.72e-04 2.60e-02  3.50e+03   614s
[2025-08-22 10:58:44] DEBUG    69   2.24567552e+13 -4.38091722e+10  4.60e-04 2.60e-02  3.37e+03   623s
[2025-08-22 10:58:54] DEBUG    70   2.23702022e+13 -4.30284811e+10  4.45e-04 2.60e-02  3.24e+03   633s
[2025-08-22 10:59:04] DEBUG    71   2.22912437e+13 -4.23473118e+10  4.31e-04 2.60e-02  3.12e+03   643s
[2025-08-22 10:59:12] DEBUG    72   2.22216938e+13 -4.17894338e+10  4.18e-04 2.60e-02  3.02e+03   651s
[2025-08-22 10:59:21] DEBUG    73   2.21548324e+13 -4.11846611e+10  4.05e-04 2.60e-02  2.93e+03   660s
[2025-08-22 10:59:32] DEBUG    74   2.20715653e+13 -4.04921940e+10  3.94e-04 2.60e-02  2.82e+03   670s
[2025-08-22 10:59:38] DEBUG    75   2.20074732e+13 -4.02795135e+10  3.84e-04 2.60e-02  2.77e+03   677s
[2025-08-22 10:59:47] DEBUG    76   2.19129832e+13 -3.94261183e+10  3.64e-04 2.60e-02  2.65e+03   686s
[2025-08-22 10:59:57] DEBUG    77   2.18603859e+13 -3.89750698e+10  3.52e-04 2.60e-02  2.59e+03   696s
[2025-08-22 11:00:05] DEBUG    78   2.18077192e+13 -3.84147039e+10  3.37e-04 2.60e-02  2.52e+03   704s
[2025-08-22 11:00:10] DEBUG    79   2.17595317e+13 -3.79064188e+10  3.24e-04 2.60e-02  2.45e+03   709s
[2025-08-22 11:00:18] DEBUG    80   2.17134187e+13 -3.75602129e+10  3.09e-04 2.60e-02  2.40e+03   716s
[2025-08-22 11:00:25] DEBUG    81   2.16617504e+13 -3.72138715e+10  3.04e-04 2.60e-02  2.35e+03   724s
[2025-08-22 11:00:33] DEBUG    82   2.16119413e+13 -3.69018884e+10  3.00e-04 2.60e-02  2.30e+03   732s
[2025-08-22 11:00:42] DEBUG    83   2.15451830e+13 -3.62965794e+10  2.79e-04 2.60e-02  2.22e+03   741s
[2025-08-22 11:00:49] DEBUG    84   2.14901458e+13 -3.58215139e+10  2.76e-04 2.60e-02  2.16e+03   747s
[2025-08-22 11:00:56] DEBUG    85   2.14373628e+13 -3.53648460e+10  2.66e-04 2.60e-02  2.11e+03   754s
[2025-08-22 11:01:05] DEBUG    86   2.14004654e+13 -3.49820580e+10  2.62e-04 2.60e-02  2.07e+03   764s
[2025-08-22 11:01:14] DEBUG    87   2.13662779e+13 -3.46961687e+10  2.57e-04 2.60e-02  2.03e+03   772s
[2025-08-22 11:01:23] DEBUG    88   2.13160336e+13 -3.43663037e+10  2.58e-04 2.60e-02  1.99e+03   781s
[2025-08-22 11:01:31] DEBUG    89   2.12869543e+13 -3.40828706e+10  2.55e-04 2.60e-02  1.95e+03   790s
[2025-08-22 11:01:40] DEBUG    90   2.12416087e+13 -3.38296783e+10  2.43e-04 2.60e-02  1.92e+03   799s
[2025-08-22 11:01:47] DEBUG    91   2.11876033e+13 -3.35198050e+10  2.41e-04 2.60e-02  1.87e+03   805s
[2025-08-22 11:01:56] DEBUG    92   2.11223938e+13 -3.30854178e+10  2.29e-04 2.60e-02  1.80e+03   815s
[2025-08-22 11:02:05] DEBUG    93   2.10579175e+13 -3.27848700e+10  2.18e-04 2.60e-02  1.75e+03   824s
[2025-08-22 11:02:15] DEBUG    94   2.10153638e+13 -3.25025389e+10  2.11e-04 2.60e-02  1.71e+03   834s
[2025-08-22 11:02:23] DEBUG    95   2.09665959e+13 -3.23081335e+10  2.06e-04 2.60e-02  1.68e+03   842s
[2025-08-22 11:02:28] DEBUG    96   2.09259992e+13 -3.21054621e+10  2.00e-04 2.60e-02  1.65e+03   847s
[2025-08-22 11:02:35] DEBUG    97   2.08784823e+13 -3.18937510e+10  1.96e-04 2.60e-02  1.62e+03   854s
[2025-08-22 11:02:41] DEBUG    98   2.08615734e+13 -3.18070660e+10  1.94e-04 2.60e-02  1.61e+03   860s
[2025-08-22 11:02:52] DEBUG    99   2.08110971e+13 -3.15862893e+10  1.90e-04 2.60e-02  1.57e+03   871s
[2025-08-22 11:02:57] DEBUG    100   2.07645582e+13 -3.13818971e+10  1.81e-04 2.60e-02  1.64e+03   876s
[2025-08-22 11:03:04] DEBUG    101   2.07357636e+13 -3.11942959e+10  1.80e-04 2.60e-02  1.62e+03   883s
[2025-08-22 11:03:13] DEBUG    102   2.06758248e+13 -3.09382253e+10  1.76e-04 2.60e-02  1.59e+03   892s
[2025-08-22 11:03:22] DEBUG    103   2.06315756e+13 -3.06893405e+10  1.72e-04 2.60e-02  1.55e+03   901s
[2025-08-22 11:03:31] DEBUG    104   2.05861004e+13 -3.04644468e+10  1.71e-04 2.60e-02  1.52e+03   909s
[2025-08-22 11:03:36] DEBUG    105   2.05506286e+13 -3.02859386e+10  1.67e-04 2.60e-02  1.49e+03   915s
[2025-08-22 11:03:43] DEBUG    106   2.04962771e+13 -3.01732775e+10  1.61e-04 2.60e-02  1.46e+03   922s
[2025-08-22 11:03:53] DEBUG    107   2.04618617e+13 -3.00068354e+10  1.60e-04 2.60e-02  1.44e+03   932s
[2025-08-22 11:04:01] DEBUG    108   2.04414872e+13 -2.99250303e+10  1.58e-04 2.60e-02  1.42e+03   940s
[2025-08-22 11:04:07] DEBUG    109   2.04057057e+13 -2.97242229e+10  1.54e-04 2.60e-02  1.40e+03   946s
[2025-08-22 11:04:14] DEBUG    110   2.03711807e+13 -2.95827734e+10  1.53e-04 2.60e-02  1.38e+03   953s
[2025-08-22 11:04:20] DEBUG    111   2.03453300e+13 -2.95568715e+10  1.53e-04 2.60e-02  1.37e+03   959s
[2025-08-22 11:04:29] DEBUG    112   2.03290389e+13 -2.94744149e+10  1.51e-04 2.60e-02  1.36e+03   967s
[2025-08-22 11:04:38] DEBUG    113   2.02960566e+13 -2.93107534e+10  1.49e-04 2.60e-02  1.33e+03   977s
[2025-08-22 11:04:45] DEBUG    114   2.02490445e+13 -2.91799643e+10  1.47e-04 2.60e-02  1.31e+03   984s
[2025-08-22 11:04:55] DEBUG    115   2.02223205e+13 -2.90140553e+10  1.47e-04 2.60e-02  1.29e+03   993s
[2025-08-22 11:05:01] DEBUG    116   2.01752233e+13 -2.88620541e+10  1.43e-04 2.60e-02  1.27e+03  1000s
[2025-08-22 11:05:12] DEBUG    117   2.01406945e+13 -2.87292840e+10  1.41e-04 2.60e-02  1.25e+03  1011s
[2025-08-22 11:05:20] DEBUG    118   2.00974882e+13 -2.86207558e+10  1.39e-04 2.60e-02  1.23e+03  1018s
[2025-08-22 11:05:28] DEBUG    119   2.00432901e+13 -2.84658411e+10  1.35e-04 2.60e-02  1.20e+03  1027s
[2025-08-22 11:05:35] DEBUG    120   2.00128772e+13 -2.83214241e+10  1.34e-04 2.60e-02  1.18e+03  1034s
[2025-08-22 11:05:44] DEBUG    121   1.99610936e+13 -2.81743675e+10  1.32e-04 2.60e-02  1.16e+03  1043s
[2025-08-22 11:05:53] DEBUG    122   1.99139838e+13 -2.80165188e+10  1.30e-04 2.60e-02  1.13e+03  1052s
[2025-08-22 11:06:03] DEBUG    123   1.98675992e+13 -2.79167859e+10  1.26e-04 2.60e-02  1.12e+03  1061s
[2025-08-22 11:06:12] DEBUG    124   1.98544230e+13 -2.78409179e+10  1.25e-04 2.60e-02  1.11e+03  1071s
[2025-08-22 11:06:19] DEBUG    125   1.98397173e+13 -2.77887632e+10  1.25e-04 2.60e-02  1.10e+03  1078s
[2025-08-22 11:06:26] DEBUG    126   1.98150725e+13 -2.76487406e+10  1.23e-04 2.60e-02  1.09e+03  1085s
[2025-08-22 11:06:33] DEBUG    127   1.98026312e+13 -2.75294711e+10  1.22e-04 2.60e-02  1.08e+03  1092s
[2025-08-22 11:06:45] DEBUG    128   1.97831662e+13 -2.74382030e+10  1.21e-04 2.60e-02  1.07e+03  1104s
[2025-08-22 11:06:54] DEBUG    129   1.97592652e+13 -2.73448146e+10  1.20e-04 2.60e-02  1.05e+03  1113s
[2025-08-22 11:07:03] DEBUG    130   1.97281676e+13 -2.72583500e+10  1.17e-04 2.60e-02  1.04e+03  1122s
[2025-08-22 11:07:10] DEBUG    131   1.96685336e+13 -2.71696012e+10  1.16e-04 2.60e-02  1.02e+03  1129s
[2025-08-22 11:07:19] DEBUG    132   1.96467129e+13 -2.70645729e+10  1.16e-04 2.60e-02  1.01e+03  1138s
[2025-08-22 11:07:26] DEBUG    133   1.96218732e+13 -2.69879345e+10  1.22e-04 2.60e-02  1.00e+03  1145s
[2025-08-22 11:07:32] DEBUG    134   1.95885421e+13 -2.69102380e+10  1.22e-04 2.60e-02  9.88e+02  1151s
[2025-08-22 11:07:40] DEBUG    135   1.95675809e+13 -2.68488017e+10  1.22e-04 2.60e-02  9.80e+02  1158s
[2025-08-22 11:07:47] DEBUG    136   1.95359102e+13 -2.67687712e+10  1.22e-04 2.60e-02  9.68e+02  1165s
[2025-08-22 11:07:56] DEBUG    137   1.95219107e+13 -2.66940606e+10  1.13e-04 2.60e-02  9.61e+02  1174s
[2025-08-22 11:08:04] DEBUG    138   1.94976988e+13 -2.66044631e+10  1.13e-04 2.60e-02  9.51e+02  1183s
[2025-08-22 11:08:10] DEBUG    139   1.94588359e+13 -2.65119333e+10  1.22e-04 2.60e-02  9.39e+02  1189s
[2025-08-22 11:08:17] DEBUG    140   1.94318050e+13 -2.63908521e+10  1.22e-04 2.60e-02  9.28e+02  1196s
[2025-08-22 11:08:27] DEBUG    141   1.94047432e+13 -2.62402962e+10  1.22e-04 2.60e-02  9.14e+02  1206s
[2025-08-22 11:08:35] DEBUG    142   1.93730712e+13 -2.61043172e+10  1.37e-04 2.60e-02  9.01e+02  1213s
[2025-08-22 11:08:44] DEBUG    143   1.93288465e+13 -2.59881463e+10  1.22e-04 2.60e-02  8.87e+02  1222s
[2025-08-22 11:08:50] DEBUG    144   1.93003562e+13 -2.58795082e+10  1.22e-04 2.60e-02  8.76e+02  1229s
[2025-08-22 11:08:59] DEBUG    145   1.92706270e+13 -2.57159489e+10  1.22e-04 2.60e-02  8.62e+02  1238s
[2025-08-22 11:09:09] DEBUG    146   1.92254198e+13 -2.55363979e+10  1.37e-04 2.60e-02  8.46e+02  1248s
[2025-08-22 11:09:17] DEBUG    147   1.92011747e+13 -2.54095519e+10  1.37e-04 2.60e-02  8.37e+02  1255s
[2025-08-22 11:09:26] DEBUG    148   1.91772919e+13 -2.52976029e+10  1.37e-04 2.60e-02  8.28e+02  1265s
[2025-08-22 11:09:35] DEBUG    149   1.91585748e+13 -2.52017681e+10  1.37e-04 2.60e-02  8.21e+02  1273s
[2025-08-22 11:09:41] DEBUG    150   1.91251807e+13 -2.50672815e+10  1.37e-04 2.60e-02  8.10e+02  1280s
[2025-08-22 11:09:46] DEBUG    151   1.91163489e+13 -2.50326423e+10  1.37e-04 2.60e-02  8.07e+02  1285s
[2025-08-22 11:09:53] DEBUG    152   1.90982129e+13 -2.48766586e+10  1.22e-04 2.60e-02  7.98e+02  1291s
[2025-08-22 11:10:00] DEBUG    153   1.90956442e+13 -2.48673422e+10  1.22e-04 2.60e-02  7.98e+02  1298s
[2025-08-22 11:10:08] DEBUG    154   1.90626521e+13 -2.47989159e+10  1.22e-04 2.60e-02  7.89e+02  1307s
[2025-08-22 11:10:08] DEBUG    Barrier performed 154 iterations in 1306.73 seconds (313.58 work units)
Numerical trouble encountered

Model may be infeasible or unbounded.  Consider using the
homogeneous algorithm (through parameter 'BarHomogeneous')
[2025-08-22 11:11:13] DEBUG    Waiting for other threads to finish...        1371s
[2025-08-22 11:12:17] DEBUG    Waiting for other threads to finish...        1436s
[2025-08-22 11:13:11] DEBUG    Solved with dual simplex
[2025-08-22 11:13:20] DEBUG    Iteration    Objective       Primal Inf.    Dual Inf.      Time
 1241350    1.7477886e+10   0.000000e+00   0.000000e+00   1499s
[2025-08-22 11:13:20] DEBUG    Solved in 1241350 iterations and 1499.15 seconds (655.87 work units)
[2025-08-22 11:13:20] DEBUG    Optimal objective  1.747788627e+10
✅ Scenario completato: existing_VRES_2030_BESS

🚀 Lancio scenario: existing_VRES_2030_PHES
[2025-08-22 11:20:32] INFO     Loading sets
[2025-08-22 11:20:32] INFO     Loading parameters
[2025-08-22 11:21:07] INFO     constraints are loaded in the following order: ['energy_balance', 'dispatch', 'costs', 'capacity', 'network', 'policy', 'conversion', 'group', 'conversion_plus', 'milp', 'export']
[2025-08-22 11:21:07] INFO     creating energy_balance constraints
[2025-08-22 11:25:47] INFO     creating dispatch constraints
[2025-08-22 11:29:28] INFO     creating costs constraints
[2025-08-22 11:39:55] INFO     creating capacity constraints
[2025-08-22 11:39:55] INFO     creating network constraints
[2025-08-22 11:39:55] INFO     creating policy constraints
[2025-08-22 11:39:55] INFO     creating conversion constraints
[2025-08-22 11:39:55] INFO     creating group constraints
[2025-08-22 11:39:55] INFO     creating conversion_plus constraints
[2025-08-22 11:39:55] INFO     creating milp constraints
[2025-08-22 11:39:55] INFO     creating export constraints
[2025-08-22 11:52:11] DEBUG    Set parameter WLSAccessID
Set parameter WLSSecret
Set parameter LicenseID to value 2680226
[2025-08-22 11:52:11] DEBUG    Academic license 2680226 - for non-commercial use only - registered to an___@mail.polimi.it
[2025-08-22 11:52:46] DEBUG    Read LP format model from file /tmp/tmpgds1juqr.pyomo.lp
[2025-08-22 11:52:46] DEBUG    Reading time = 34.85 seconds
x16953616: 23112011 rows, 16953616 columns, 55887889 nonzeros
[2025-08-22 11:52:46] DEBUG    Set parameter NumericFocus to value 1
[2025-08-22 11:52:46] DEBUG    Gurobi Optimizer version 12.0.2 build v12.0.2rc0 (linux64 - "Debian GNU/Linux 11 (bullseye)")

CPU model: Intel(R) Xeon(R) Silver 4314 CPU @ 2.40GHz, instruction set [SSE2|AVX|AVX2|AVX512]
Thread count: 32 physical cores, 64 logical processors, using up to 32 threads
[2025-08-22 11:52:46] DEBUG    Non-default parameters:
NumericFocus  1
[2025-08-22 11:52:46] DEBUG    Academic license 2680226 - for non-commercial use only - registered to an___@mail.polimi.it
[2025-08-22 11:52:46] DEBUG    Optimize a model with 23112011 rows, 16953616 columns and 55887889 nonzeros
[2025-08-22 11:52:47] DEBUG    Model fingerprint: 0x99b31f9d
[2025-08-22 11:52:47] DEBUG    Coefficient statistics:
  Matrix range     [1e-07, 3e+02]
[2025-08-22 11:52:47] DEBUG    Objective range  [1e+00, 1e+06]
  Bounds range     [0e+00, 0e+00]
  RHS range        [1e+00, 6e+09]
Warning: Model contains large rhs
[2025-08-22 11:52:53] DEBUG    Presolve removed 18826363 rows and 9785629 columns (presolve time = 6s)...
[2025-08-22 11:52:57] DEBUG    Presolve removed 19390008 rows and 12140000 columns (presolve time = 10s)...
[2025-08-22 11:53:02] DEBUG    Presolve removed 21137511 rows and 13843678 columns (presolve time = 16s)...
[2025-08-22 11:53:07] DEBUG    Presolve removed 21789368 rows and 13931278 columns
[2025-08-22 11:53:07] DEBUG    Presolve time: 20.95s
Presolved: 1322643 rows, 3171241 columns, 8298804 nonzeros
[2025-08-22 11:53:07] DEBUG    Concurrent LP optimizer: primal simplex, dual simplex, and barrier
Showing barrier log only...
[2025-08-22 11:53:18] DEBUG    Elapsed ordering time = 10s
[2025-08-22 11:53:18] DEBUG    Elapsed ordering time = 10s
[2025-08-22 11:53:20] DEBUG    Ordering time: 11.79s
[2025-08-22 11:53:22] DEBUG    Barrier statistics:
[2025-08-22 11:53:22] DEBUG    Dense cols : 107
 AA' NZ     : 7.457e+06
 Factor NZ  : 3.582e+07 (roughly 2.0 GB of memory)
 Factor Ops : 3.003e+09 (less than 1 second per iteration)
 Threads    : 30
[2025-08-22 11:53:25] DEBUG    Objective                Residual
[2025-08-22 11:53:25] DEBUG    Iter       Primal          Dual         Primal    Dual     Compl     Time
[2025-08-22 11:53:25] DEBUG    0   3.91927617e+21 -1.32457566e+19  7.48e+10 2.19e-01  5.38e+15    39s
[2025-08-22 11:53:29] DEBUG    1   3.58389491e+21 -1.35724336e+19  6.78e+10 2.57e+05  4.59e+15    43s
[2025-08-22 11:53:35] DEBUG    2   3.38297962e+21 -3.86179134e+19  6.42e+10 2.10e+05  4.38e+15    49s
[2025-08-22 11:53:42] DEBUG    3   2.31856897e+21 -1.94122558e+20  4.62e+10 4.15e+04  3.24e+15    56s
[2025-08-22 11:53:48] DEBUG    4   4.79656354e+20 -1.69163225e+20  8.96e+09 1.32e+04  6.52e+14    62s
[2025-08-22 11:53:55] DEBUG    5   1.74288023e+20 -1.08112302e+20  3.19e+09 1.80e+03  2.37e+14    70s
[2025-08-22 11:54:00] DEBUG    6   7.14083756e+19 -5.10013527e+19  1.26e+09 1.49e+02  9.47e+13    74s
[2025-08-22 11:54:03] DEBUG    7   3.23117173e+19 -2.90992935e+19  5.43e+08 2.50e+01  4.13e+13    77s
[2025-08-22 11:54:07] DEBUG    8   2.23394196e+19 -1.71085471e+19  3.70e+08 4.41e+00  2.75e+13    81s
[2025-08-22 11:54:11] DEBUG    9   1.25627811e+19 -1.16669217e+19  2.04e+08 1.61e+00  1.54e+13    85s
[2025-08-22 11:54:14] DEBUG    10   6.33981032e+18 -7.79249929e+18  1.00e+08 5.18e+00  7.75e+12    89s
[2025-08-22 11:54:18] DEBUG    11   4.02903096e+18 -4.41001476e+18  6.26e+07 7.66e-02  4.60e+12    92s
[2025-08-22 11:54:21] DEBUG    12   3.16572440e+18 -2.31395750e+18  4.85e+07 2.66e-05  3.24e+12    95s
[2025-08-22 11:54:25] DEBUG    13   7.17026687e+17 -1.34563430e+18  9.58e+06 1.22e-04  7.72e+11    99s
[2025-08-22 11:54:28] DEBUG    14   4.08381352e+17 -6.36435187e+17  5.36e+06 1.21e-04  3.79e+11   102s
[2025-08-22 11:54:32] DEBUG    15   1.14095535e+17 -2.65104003e+17  1.41e+06 8.05e-06  1.06e+11   107s
[2025-08-22 11:54:36] DEBUG    16   4.07322853e+16 -1.35461583e+17  4.84e+05 2.59e-05  4.04e+10   110s
[2025-08-22 11:54:41] DEBUG    17   1.44310170e+16 -2.38144547e+16  1.67e+05 4.08e-05  8.14e+09   115s
[2025-08-22 11:54:45] DEBUG    18   3.32604918e+15 -5.04923507e+15  3.75e+04 9.70e-05  1.57e+09   119s
[2025-08-22 11:54:48] DEBUG    19   9.00402337e+13 -1.02452782e+15  3.52e-01 1.78e-04  1.80e+08   123s
[2025-08-22 11:55:00] DEBUG    20   8.25973912e+13 -3.64533206e+14  1.46e-01 3.66e-03  7.23e+07   135s
[2025-08-22 11:55:12] DEBUG    21   8.01773976e+13 -1.95961976e+14  8.49e-02 4.72e-03  4.46e+07   146s
[2025-08-22 11:55:33] DEBUG    22   7.78247859e+13 -8.43561612e+13  3.28e-02 6.00e-03  2.62e+07   167s
[2025-08-22 11:55:47] DEBUG    23   7.75738427e+13  7.57806411e+12  2.61e-02 4.87e-03  1.13e+07   181s
[2025-08-22 11:55:57] DEBUG    24   7.73480637e+13  1.93308656e+13  2.31e-02 4.58e-03  9.36e+06   191s
[2025-08-22 11:56:07] DEBUG    25   7.69515359e+13  2.20076802e+13  1.84e-02 4.69e-03  8.87e+06   201s
[2025-08-22 11:56:19] DEBUG    26   7.68949081e+13  3.67581891e+13  1.77e-02 5.46e-03  6.48e+06   213s
[2025-08-22 11:56:39] DEBUG    27   7.64096976e+13  4.42797929e+13  1.24e-02 9.21e-03  5.18e+06   233s
[2025-08-22 11:57:02] DEBUG    28   7.63294259e+13  5.25468461e+13  1.16e-02 1.78e-02  3.83e+06   256s
[2025-08-22 11:57:26] DEBUG    29   7.60514113e+13  5.87617763e+13  9.33e-03 1.89e-02  2.78e+06   280s
[2025-08-22 11:57:52] DEBUG    30   7.58160779e+13  6.47430455e+13  7.64e-03 1.95e-02  1.77e+06   306s
[2025-08-22 11:58:08] DEBUG    31   7.56522513e+13  6.56926336e+13  6.71e-03 1.96e-02  1.59e+06   322s
[2025-08-22 11:58:27] DEBUG    32   7.55324637e+13  7.04251936e+13  6.09e-03 1.98e-02  8.03e+05   341s
[2025-08-22 11:58:52] DEBUG    33   7.52025866e+13  7.09467023e+13  4.38e-03 1.98e-02  6.67e+05   366s
[2025-08-22 11:59:11] DEBUG    34   7.49954487e+13  7.15555257e+13  3.28e-03 1.99e-02  5.35e+05   386s
[2025-08-22 11:59:29] DEBUG    35   7.47916281e+13  7.31003035e+13  2.21e-03 1.96e-02  2.49e+05   403s
[2025-08-22 11:59:49] DEBUG    36   7.46275544e+13  7.35158115e+13  1.50e-03 1.94e-02  1.57e+05   423s
[2025-08-22 12:00:05] DEBUG    37   7.45804348e+13  7.35865445e+13  1.32e-03 1.91e-02  1.39e+05   439s
[2025-08-22 12:00:19] DEBUG    38   7.45278538e+13  7.38019133e+13  1.13e-03 1.79e-02  9.67e+04   454s
[2025-08-22 12:00:29] DEBUG    39   7.44867793e+13  7.38559426e+13  9.82e-04 1.73e-02  8.27e+04   463s
[2025-08-22 12:00:39] DEBUG    40   7.44755191e+13  7.38686981e+13  9.38e-04 1.71e-02  7.92e+04   473s
[2025-08-22 12:00:48] DEBUG    41   7.44284985e+13  7.38916600e+13  7.66e-04 1.64e-02  6.95e+04   482s
[2025-08-22 12:01:00] DEBUG    42   7.44073853e+13  7.39799741e+13  6.93e-04 1.42e-02  5.23e+04   494s
[2025-08-22 12:01:13] DEBUG    43   7.43900908e+13  7.39945475e+13  6.36e-04 1.31e-02  4.79e+04   507s
[2025-08-22 12:01:26] DEBUG    44   7.43659169e+13  7.40486594e+13  5.50e-04 9.48e-03  3.60e+04   520s
[2025-08-22 12:01:39] DEBUG    45   7.43334883e+13  7.40869031e+13  4.36e-04 6.30e-03  2.56e+04   533s
[2025-08-22 12:01:55] DEBUG    46   7.43120826e+13  7.41170679e+13  3.70e-04 5.19e-03  1.78e+04   549s
[2025-08-22 12:02:10] DEBUG    47   7.42955764e+13  7.41248974e+13  3.21e-04 5.21e-03  1.44e+04   564s
[2025-08-22 12:02:29] DEBUG    48   7.42926313e+13  7.41254053e+13  3.11e-04 5.21e-03  1.40e+04   583s
[2025-08-22 12:02:47] DEBUG    49   7.42819281e+13  7.41288104e+13  2.75e-04 5.21e-03  1.21e+04   601s
[2025-08-22 12:03:01] DEBUG    50   7.42643802e+13  7.41374718e+13  2.16e-04 5.21e-03  8.49e+03   616s
[2025-08-22 12:03:14] DEBUG    51   7.42525994e+13  7.41410698e+13  1.75e-04 5.18e-03  6.42e+03   628s
[2025-08-22 12:03:24] DEBUG    52   7.42452987e+13  7.41426779e+13  1.51e-04 5.07e-03  5.28e+03   638s
[2025-08-22 12:03:41] DEBUG    53   7.42413122e+13  7.41428882e+13  1.37e-04 5.04e-03  4.78e+03   655s
[2025-08-22 12:03:54] DEBUG    54   7.42395080e+13  7.41435411e+13  1.31e-04 4.79e-03  4.50e+03   669s
[2025-08-22 12:04:14] DEBUG    55   7.42342101e+13  7.41439996e+13  1.15e-04 4.29e-03  3.80e+03   689s
[2025-08-22 12:04:33] DEBUG    56   7.42272909e+13  7.41443548e+13  9.29e-05 3.74e-03  2.94e+03   708s
[2025-08-22 12:04:49] DEBUG    57   7.42227939e+13  7.41445855e+13  7.98e-05 3.56e-03  2.39e+03   724s
[2025-08-22 12:05:08] DEBUG    58   7.42211822e+13  7.41447807e+13  7.50e-05 3.64e-03  2.19e+03   742s
[2025-08-22 12:05:23] DEBUG    59   7.42184960e+13  7.41448040e+13  6.50e-05 3.63e-03  1.88e+03   757s
[2025-08-22 12:05:41] DEBUG    60   7.42158411e+13  7.41449554e+13  5.59e-05 4.64e-03  1.55e+03   775s
[2025-08-22 12:05:56] DEBUG    61   7.42144535e+13  7.41450853e+13  8.20e-05 4.11e-03  1.37e+03   790s
[2025-08-22 12:06:08] DEBUG    62   7.42124110e+13  7.41451284e+13  6.68e-05 3.72e-03  1.12e+03   802s
[2025-08-22 12:06:22] DEBUG    63   7.42105175e+13  7.41451623e+13  4.20e-05 3.56e-03  9.06e+02   816s
[2025-08-22 12:06:33] DEBUG    64   7.42096448e+13  7.41452174e+13  5.25e-05 3.36e-03  7.93e+02   827s
[2025-08-22 12:06:43] DEBUG    65   7.42083662e+13  7.41452599e+13  4.39e-05 3.33e-03  6.42e+02   837s
[2025-08-22 12:06:50] DEBUG    66   7.42073687e+13  7.41452996e+13  5.53e-05 3.30e-03  5.30e+02   844s
[2025-08-22 12:07:03] DEBUG    67   7.42067725e+13  7.41453217e+13  2.86e-05 3.27e-03  4.64e+02   857s
[2025-08-22 12:07:12] DEBUG    68   7.42057644e+13  7.41453335e+13  5.44e-05 3.25e-03  3.67e+02   866s
[2025-08-22 12:07:26] DEBUG    69   7.42053918e+13  7.41453526e+13  5.34e-05 3.22e-03  3.32e+02   880s
[2025-08-22 12:07:36] DEBUG    70   7.42045735e+13  7.41453681e+13  6.68e-05 3.26e-03  2.43e+02   890s
[2025-08-22 12:07:45] DEBUG    71   7.42042199e+13  7.41453777e+13  5.82e-05 3.27e-03  2.07e+02   899s
[2025-08-22 12:07:54] DEBUG    72   7.42038844e+13  7.41453879e+13  5.05e-05 3.27e-03  1.76e+02   909s
[2025-08-22 12:08:04] DEBUG    73   7.42033859e+13  7.41453975e+13  5.91e-05 3.26e-03  1.33e+02   918s
[2025-08-22 12:08:10] DEBUG    74   7.42032215e+13  7.41454045e+13  5.44e-05 3.26e-03  1.20e+02   925s
[2025-08-22 12:08:19] DEBUG    75   7.42031569e+13  7.41454072e+13  3.62e-05 3.26e-03  1.15e+02   934s
[2025-08-22 12:08:28] DEBUG    76   7.42028689e+13  7.41454175e+13  5.05e-05 3.24e-03  9.47e+01   942s
[2025-08-22 12:08:36] DEBUG    77   7.42025907e+13  7.41454218e+13  5.82e-05 3.24e-03  7.76e+01   950s
[2025-08-22 12:08:43] DEBUG    78   7.42023459e+13  7.41454272e+13  4.10e-05 3.22e-03  6.42e+01   957s
[2025-08-22 12:08:51] DEBUG    79   7.42022265e+13  7.41454297e+13  4.10e-05 3.22e-03  5.80e+01   966s
[2025-08-22 12:09:04] DEBUG    80   7.42021251e+13  7.41454347e+13  4.67e-05 3.18e-03  5.23e+01   978s
[2025-08-22 12:09:12] DEBUG    81   7.42019872e+13  7.41454383e+13  3.62e-05 3.16e-03  4.68e+01   987s
[2025-08-22 12:09:19] DEBUG    82   7.42018264e+13  7.41454408e+13  4.96e-05 3.13e-03  4.09e+01   993s
[2025-08-22 12:09:27] DEBUG    83   7.42016626e+13  7.41454436e+13  4.67e-05 3.12e-03  3.52e+01  1001s
[2025-08-22 12:09:37] DEBUG    84   7.42015781e+13  7.41454462e+13  5.82e-05 3.09e-03  3.24e+01  1011s
[2025-08-22 12:09:43] DEBUG    85   7.42014419e+13  7.41454480e+13  6.10e-05 3.08e-03  2.83e+01  1017s
[2025-08-22 12:09:50] DEBUG    86   7.42013583e+13  7.41454510e+13  5.05e-05 3.05e-03  2.57e+01  1024s
[2025-08-22 12:09:59] DEBUG    87   7.42012535e+13  7.41454520e+13  6.48e-05 3.04e-03  2.34e+01  1033s
[2025-08-22 12:10:08] DEBUG    88   7.42011985e+13  7.41454528e+13  3.91e-05 3.03e-03  2.20e+01  1042s
[2025-08-22 12:10:17] DEBUG    89   7.42011141e+13  7.41454549e+13  7.34e-05 3.00e-03  2.00e+01  1051s
[2025-08-22 12:10:27] DEBUG    90   7.42010481e+13  7.41454556e+13  5.15e-05 2.99e-03  1.87e+01  1061s
[2025-08-22 12:10:37] DEBUG    91   7.42009420e+13  7.41454558e+13  4.77e-05 2.99e-03  1.70e+01  1071s
[2025-08-22 12:10:46] DEBUG    92   7.42008787e+13  7.41454569e+13  5.82e-05 2.98e-03  1.59e+01  1080s
[2025-08-22 12:10:55] DEBUG    93   7.42007417e+13  7.41454577e+13  4.29e-05 2.97e-03  1.37e+01  1089s
[2025-08-22 12:11:07] DEBUG    94   7.42006471e+13  7.41454590e+13  4.01e-05 2.95e-03  1.24e+01  1101s
[2025-08-22 12:11:14] DEBUG    95   7.42005854e+13  7.41454597e+13  5.15e-05 2.94e-03  1.16e+01  1109s
[2025-08-22 12:11:21] DEBUG    96   7.42004979e+13  7.41454605e+13  5.05e-05 2.93e-03  1.07e+01  1115s
[2025-08-22 12:11:30] DEBUG    97   7.42003940e+13  7.41454612e+13  6.20e-05 2.92e-03  9.51e+00  1124s
[2025-08-22 12:11:37] DEBUG    98   7.42003389e+13  7.41454617e+13  6.68e-05 2.91e-03  8.91e+00  1131s
[2025-08-22 12:11:42] DEBUG    99   7.42002928e+13  7.41454623e+13  7.82e-05 2.90e-03  8.51e+00  1136s
[2025-08-22 12:11:53] DEBUG    100   7.42002125e+13  7.41454627e+13  7.63e-05 2.89e-03  7.80e+00  1147s
[2025-08-22 12:12:02] DEBUG    101   7.42001892e+13  7.41454633e+13  9.44e-05 2.89e-03  7.56e+00  1157s
[2025-08-22 12:12:11] DEBUG    102   7.42000744e+13  7.41454638e+13  6.77e-05 2.88e-03  6.70e+00  1165s
[2025-08-22 12:12:22] DEBUG    103   7.42000253e+13  7.41454643e+13  7.92e-05 2.87e-03  6.36e+00  1176s
[2025-08-22 12:12:31] DEBUG    104   7.41999594e+13  7.41454648e+13  8.49e-05 2.87e-03  5.94e+00  1186s
[2025-08-22 12:12:40] DEBUG    105   7.41998847e+13  7.41454659e+13  6.29e-05 2.85e-03  5.45e+00  1195s
[2025-08-22 12:12:47] DEBUG    106   7.41997699e+13  7.41454673e+13  9.06e-05 2.85e-03  4.82e+00  1202s
[2025-08-22 12:12:56] DEBUG    107   7.41997172e+13  7.41454679e+13  7.25e-05 2.84e-03  4.53e+00  1210s
[2025-08-22 12:13:05] DEBUG    108   7.41996734e+13  7.41454688e+13  8.77e-05 2.84e-03  4.31e+00  1220s
[2025-08-22 12:13:16] DEBUG    109   7.41996281e+13  7.41454695e+13  8.39e-05 2.83e-03  4.09e+00  1230s
[2025-08-22 12:13:26] DEBUG    110   7.41995489e+13  7.41454696e+13  8.11e-05 2.82e-03  3.75e+00  1241s
[2025-08-22 12:13:35] DEBUG    111   7.41995222e+13  7.41454698e+13  7.63e-05 2.81e-03  3.64e+00  1250s
[2025-08-22 12:13:45] DEBUG    112   7.41994760e+13  7.41454696e+13  1.05e-04 2.80e-03  3.43e+00  1259s
[2025-08-22 12:13:54] DEBUG    113   7.41994074e+13  7.41454690e+13  7.92e-05 2.79e-03  3.17e+00  1268s
[2025-08-22 12:14:03] DEBUG    114   7.41993521e+13  7.41454687e+13  1.00e-04 2.79e-03  2.98e+00  1277s
[2025-08-22 12:14:12] DEBUG    115   7.41993374e+13  7.41454686e+13  9.73e-05 2.78e-03  2.94e+00  1286s
[2025-08-22 12:14:19] DEBUG    116   7.41993128e+13  7.41454683e+13  1.23e-04 2.78e-03  2.86e+00  1293s
[2025-08-22 12:14:29] DEBUG    117   7.41992422e+13  7.41454681e+13  7.06e-05 2.77e-03  2.64e+00  1303s
[2025-08-22 12:14:39] DEBUG    118   7.41992021e+13  7.41454678e+13  8.96e-05 2.76e-03  2.53e+00  1313s
[2025-08-22 12:14:48] DEBUG    119   7.41991454e+13  7.41454676e+13  1.01e-04 2.76e-03  2.37e+00  1322s
[2025-08-22 12:14:56] DEBUG    120   7.41990885e+13  7.41454674e+13  7.82e-05 2.75e-03  2.23e+00  1331s
[2025-08-22 12:15:04] DEBUG    121   7.41990600e+13  7.41454671e+13  7.82e-05 2.75e-03  2.15e+00  1338s
[2025-08-22 12:15:15] DEBUG    122   7.41990255e+13  7.41454670e+13  7.53e-05 2.74e-03  2.07e+00  1349s
[2025-08-22 12:15:25] DEBUG    123   7.41989625e+13  7.41454670e+13  1.13e-04 2.74e-03  1.93e+00  1359s
[2025-08-22 12:15:34] DEBUG    124   7.41989208e+13  7.41454669e+13  9.92e-05 2.73e-03  1.85e+00  1368s
[2025-08-22 12:15:41] DEBUG    125   7.41988542e+13  7.41454669e+13  1.28e-04 2.73e-03  1.71e+00  1375s
[2025-08-22 12:15:50] DEBUG    126   7.41988001e+13  7.41454671e+13  1.42e-04 2.72e-03  1.61e+00  1384s
[2025-08-22 12:15:59] DEBUG    127   7.41987571e+13  7.41454671e+13  1.40e-04 2.72e-03  1.54e+00  1393s
[2025-08-22 12:16:09] DEBUG    128   7.41986949e+13  7.41454671e+13  1.17e-04 2.72e-03  1.43e+00  1403s
[2025-08-22 12:16:18] DEBUG    129   7.41986276e+13  7.41454671e+13  1.13e-04 2.71e-03  1.33e+00  1412s
[2025-08-22 12:16:26] DEBUG    130   7.41985847e+13  7.41454671e+13  9.44e-05 2.71e-03  1.26e+00  1420s
[2025-08-22 12:16:34] DEBUG    131   7.41985609e+13  7.41454672e+13  6.77e-05 2.70e-03  1.23e+00  1428s
[2025-08-22 12:16:45] DEBUG    132   7.41985129e+13  7.41454673e+13  8.30e-05 2.70e-03  1.17e+00  1439s
[2025-08-22 12:16:54] DEBUG    133   7.41984972e+13  7.41454674e+13  8.96e-05 2.70e-03  1.15e+00  1448s
[2025-08-22 12:17:02] DEBUG    134   7.41984707e+13  7.41454674e+13  9.54e-05 2.70e-03  1.11e+00  1456s
[2025-08-22 12:17:11] DEBUG    135   7.41984450e+13  7.41454674e+13  1.09e-04 2.69e-03  1.07e+00  1466s
[2025-08-22 12:17:21] DEBUG    136   7.41984065e+13  7.41454675e+13  1.06e-04 2.69e-03  1.03e+00  1475s
[2025-08-22 12:17:31] DEBUG    137   7.41983748e+13  7.41454675e+13  1.26e-04 2.69e-03  9.91e-01  1485s
[2025-08-22 12:17:39] DEBUG    138   7.41983543e+13  7.41454676e+13  9.35e-05 2.69e-03  9.68e-01  1493s
[2025-08-22 12:17:48] DEBUG    139   7.41983328e+13  7.41454676e+13  1.26e-04 2.68e-03  9.45e-01  1502s
[2025-08-22 12:17:56] DEBUG    140   7.41982990e+13  7.41454677e+13  1.00e-04 2.68e-03  9.10e-01  1510s
[2025-08-22 12:18:03] DEBUG    141   7.41982780e+13  7.41454678e+13  8.68e-05 2.68e-03  8.91e-01  1517s
[2025-08-22 12:18:11] DEBUG    142   7.41982135e+13  7.41454678e+13  9.73e-05 2.68e-03  8.27e-01  1525s
[2025-08-22 12:18:18] DEBUG    143   7.41981964e+13  7.41454679e+13  1.25e-04 2.68e-03  8.11e-01  1532s
[2025-08-22 12:18:28] DEBUG    144   7.41981703e+13  7.41454680e+13  7.34e-05 2.67e-03  7.85e-01  1542s
[2025-08-22 12:18:37] DEBUG    145   7.41981329e+13  7.41454679e+13  8.39e-05 2.67e-03  7.55e-01  1551s
[2025-08-22 12:18:45] DEBUG    146   7.41981043e+13  7.41454678e+13  8.39e-05 2.67e-03  7.32e-01  1560s
[2025-08-22 12:18:57] DEBUG    147   7.41980737e+13  7.41454676e+13  1.05e-04 2.67e-03  7.07e-01  1571s
[2025-08-22 12:19:05] DEBUG    148   7.41980333e+13  7.41454675e+13  1.20e-04 2.67e-03  6.75e-01  1579s
[2025-08-22 12:19:14] DEBUG    149   7.41980017e+13  7.41454673e+13  1.01e-04 2.67e-03  6.50e-01  1588s
[2025-08-22 12:19:22] DEBUG    150   7.41979675e+13  7.41454673e+13  1.00e-04 2.67e-03  6.27e-01  1596s
[2025-08-22 12:19:30] DEBUG    151   7.41979485e+13  7.41454672e+13  9.35e-05 2.66e-03  6.15e-01  1604s
[2025-08-22 12:19:39] DEBUG    152   7.41979064e+13  7.41454671e+13  1.25e-04 2.66e-03  5.86e-01  1613s
[2025-08-22 12:19:49] DEBUG    153   7.41978996e+13  7.41454672e+13  1.45e-04 2.66e-03  5.82e-01  1623s
[2025-08-22 12:19:55] DEBUG    154   7.41978957e+13  7.41454672e+13  1.09e-04 2.66e-03  5.79e-01  1629s
[2025-08-22 12:20:03] DEBUG    155   7.41978655e+13  7.41454671e+13  1.32e-04 2.66e-03  5.76e-01  1637s
[2025-08-22 12:20:12] DEBUG    156   7.41978254e+13  7.41454670e+13  1.04e-04 2.66e-03  5.51e-01  1646s
[2025-08-22 12:20:21] DEBUG    157   7.41977775e+13  7.41454670e+13  9.44e-05 2.66e-03  5.22e-01  1655s
[2025-08-22 12:20:30] DEBUG    158   7.41977447e+13  7.41454670e+13  9.44e-05 2.66e-03  5.03e-01  1664s
[2025-08-22 12:20:39] DEBUG    159   7.41977215e+13  7.41454670e+13  1.03e-04 2.66e-03  4.90e-01  1673s
[2025-08-22 12:20:48] DEBUG    160   7.41977177e+13  7.41454672e+13  9.73e-05 2.66e-03  4.88e-01  1682s
[2025-08-22 12:20:57] DEBUG    161   7.41977173e+13  7.41454670e+13  9.54e-05 2.66e-03  4.87e-01  1692s
[2025-08-22 12:21:09] DEBUG    162   7.41977087e+13  7.41454672e+13  1.34e-04 2.66e-03  4.84e-01  1703s
[2025-08-22 12:21:16] DEBUG    163   7.41976815e+13  7.41454672e+13  1.29e-04 2.66e-03  4.71e-01  1710s
[2025-08-22 12:21:24] DEBUG    164   7.41976606e+13  7.41454672e+13  1.54e-04 2.66e-03  4.61e-01  1718s
[2025-08-22 12:21:41] DEBUG    165   7.41976315e+13  7.41454672e+13  1.07e-04 2.66e-03  4.47e-01  1735s
[2025-08-22 12:21:55] DEBUG    166   7.41976085e+13  7.41454672e+13  1.32e-04 2.66e-03  4.35e-01  1749s
[2025-08-22 12:22:08] DEBUG    167   7.41975823e+13  7.41454672e+13  1.50e-04 2.66e-03  4.23e-01  1762s
[2025-08-22 12:22:19] DEBUG    168   7.41975641e+13  7.41454673e+13  1.12e-04 2.66e-03  4.13e-01  1773s
[2025-08-22 12:22:29] DEBUG    169   7.41975343e+13  7.41454677e+13  1.22e-04 2.66e-03  4.01e-01  1784s
[2025-08-22 12:22:36] DEBUG    170   7.41975237e+13  7.41454679e+13  1.13e-04 2.66e-03  3.96e-01  1790s
[2025-08-22 12:22:42] DEBUG    171   7.41975154e+13  7.41454682e+13  8.49e-05 2.66e-03  3.92e-01  1796s
[2025-08-22 12:22:49] DEBUG    172   7.41974948e+13  7.41454684e+13  1.08e-04 2.66e-03  3.84e-01  1803s
[2025-08-22 12:22:57] DEBUG    173   7.41974837e+13  7.41454684e+13  9.35e-05 2.66e-03  3.81e-01  1812s
[2025-08-22 12:23:06] DEBUG    174   7.41974543e+13  7.41454688e+13  1.13e-04 2.66e-03  3.70e-01  1820s
[2025-08-22 12:23:11] DEBUG    175   7.41974370e+13  7.41454692e+13  1.17e-04 2.66e-03  3.63e-01  1825s
[2025-08-22 12:23:21] DEBUG    176   7.41974053e+13  7.41454695e+13  1.09e-04 2.66e-03  3.50e-01  1835s
[2025-08-22 12:23:28] DEBUG    177   7.41973864e+13  7.41454700e+13  1.14e-04 2.65e-03  3.43e-01  1843s
[2025-08-22 12:23:34] DEBUG    178   7.41973705e+13  7.41454704e+13  1.11e-04 2.65e-03  3.37e-01  1848s
[2025-08-22 12:23:43] DEBUG    179   7.41973491e+13  7.41454709e+13  1.47e-04 2.65e-03  3.29e-01  1857s
[2025-08-22 12:23:52] DEBUG    180   7.41973211e+13  7.41454711e+13  1.24e-04 2.65e-03  3.20e-01  1866s
[2025-08-22 12:24:01] DEBUG    181   7.41973080e+13  7.41454716e+13  1.01e-04 2.65e-03  3.14e-01  1875s
[2025-08-22 12:24:10] DEBUG    182   7.41972684e+13  7.41454719e+13  1.05e-04 2.65e-03  3.02e-01  1884s
[2025-08-22 12:24:17] DEBUG    183   7.41972409e+13  7.41454721e+13  1.05e-04 2.65e-03  2.93e-01  1891s
[2025-08-22 12:24:25] DEBUG    184   7.41972295e+13  7.41454723e+13  9.92e-05 2.65e-03  2.89e-01  1899s
[2025-08-22 12:24:34] DEBUG    185   7.41972244e+13  7.41454724e+13  8.58e-05 2.65e-03  2.88e-01  1908s
[2025-08-22 12:24:39] DEBUG    186   7.41972037e+13  7.41454727e+13  1.07e-04 2.65e-03  2.82e-01  1914s
[2025-08-22 12:24:51] DEBUG    187   7.41972007e+13  7.41454727e+13  1.24e-04 2.65e-03  2.82e-01  1926s
[2025-08-22 12:25:02] DEBUG    188   7.41971774e+13  7.41454730e+13  1.37e-04 2.64e-03  2.75e-01  1936s
[2025-08-22 12:25:09] DEBUG    189   7.41971675e+13  7.41454735e+13  1.28e-04 2.64e-03  2.72e-01  1943s
[2025-08-22 12:25:19] DEBUG    190   7.41971532e+13  7.41454736e+13  9.06e-05 2.64e-03  2.68e-01  1953s
[2025-08-22 12:25:29] DEBUG    191   7.41971296e+13  7.41454736e+13  8.49e-05 2.64e-03  2.62e-01  1964s
[2025-08-22 12:25:38] DEBUG    192   7.41971110e+13  7.41454738e+13  1.03e-04 2.64e-03  2.57e-01  1972s
[2025-08-22 12:25:50] DEBUG    193   7.41970996e+13  7.41454739e+13  1.15e-04 2.64e-03  2.54e-01  1984s
[2025-08-22 12:26:12] DEBUG    194   7.41970786e+13  7.41454747e+13  1.21e-04 2.63e-03  2.47e-01  2006s
[2025-08-22 12:26:23] DEBUG    195   7.41970466e+13  7.41454752e+13  1.50e-04 2.63e-03  2.39e-01  2017s
[2025-08-22 12:26:34] DEBUG    196   7.41970218e+13  7.41454761e+13  1.11e-04 2.62e-03  2.33e-01  2028s
[2025-08-22 12:26:41] DEBUG    197   7.41969949e+13  7.41454767e+13  8.39e-05 2.62e-03  2.26e-01  2035s
[2025-08-22 12:26:47] DEBUG    198   7.41969796e+13  7.41454772e+13  1.05e-04 2.62e-03  2.22e-01  2042s
[2025-08-22 12:27:00] DEBUG    199   7.41969574e+13  7.41454777e+13  1.20e-04 2.62e-03  2.17e-01  2054s
[2025-08-22 12:27:09] DEBUG    200   7.41969423e+13  7.41454781e+13  1.31e-04 2.62e-03  2.13e-01  2063s
[2025-08-22 12:27:22] DEBUG    201   7.41969195e+13  7.41454785e+13  1.28e-04 2.61e-03  2.08e-01  2076s
[2025-08-22 12:27:32] DEBUG    202   7.41969021e+13  7.41454790e+13  1.46e-04 2.61e-03  2.04e-01  2086s
[2025-08-22 12:27:41] DEBUG    203   7.41968907e+13  7.41454793e+13  1.29e-04 2.61e-03  2.01e-01  2095s
[2025-08-22 12:27:51] DEBUG    204   7.41968691e+13  7.41454803e+13  1.98e-04 2.61e-03  1.96e-01  2105s
[2025-08-22 12:27:59] DEBUG    205   7.41968523e+13  7.41454811e+13  1.74e-04 2.61e-03  1.93e-01  2113s
[2025-08-22 12:28:09] DEBUG    206   7.41968334e+13  7.41454815e+13  1.90e-04 2.61e-03  1.89e-01  2123s
[2025-08-22 12:28:18] DEBUG    207   7.41968182e+13  7.41454818e+13  1.55e-04 2.60e-03  1.86e-01  2132s
[2025-08-22 12:28:25] DEBUG    208   7.41968096e+13  7.41454826e+13  1.66e-04 2.60e-03  1.84e-01  2139s
[2025-08-22 12:28:32] DEBUG    209   7.41968014e+13  7.41454830e+13  1.65e-04 2.60e-03  1.83e-01  2146s
[2025-08-22 12:28:44] DEBUG    210   7.41967843e+13  7.41454835e+13  1.75e-04 2.60e-03  1.80e-01  2158s
[2025-08-22 12:28:49] DEBUG    211   7.41967801e+13  7.41454836e+13  2.19e-04 2.60e-03  1.79e-01  2163s
[2025-08-22 12:28:54] DEBUG    212   7.41967709e+13  7.41454837e+13  2.10e-04 2.60e-03  1.78e-01  2169s
[2025-08-22 12:29:01] DEBUG    213   7.41967671e+13  7.41454842e+13  2.15e-04 2.60e-03  1.77e-01  2175s
[2025-08-22 12:29:12] DEBUG    214   7.41967646e+13  7.41454844e+13  1.77e-04 2.60e-03  1.76e-01  2186s
[2025-08-22 12:29:21] DEBUG    215   7.41967634e+13  7.41454844e+13  1.82e-04 2.60e-03  1.76e-01  2196s
[2025-08-22 12:29:22] DEBUG    Barrier solved model in 215 iterations and 2195.62 seconds (492.40 work units)
[2025-08-22 12:29:22] DEBUG    Optimal objective 7.41974543e+13
[2025-08-22 12:29:22] DEBUG    Crossover log...
[2025-08-22 12:29:23] DEBUG    671542 DPushes remaining with DInf 0.0000000e+00              2197s
[2025-08-22 12:29:26] DEBUG    496741 DPushes remaining with DInf 0.0000000e+00              2200s
[2025-08-22 12:29:31] DEBUG    470334 DPushes remaining with DInf 0.0000000e+00              2205s
[2025-08-22 12:29:36] DEBUG    439118 DPushes remaining with DInf 0.0000000e+00              2210s
[2025-08-22 12:29:41] DEBUG    386440 DPushes remaining with DInf 0.0000000e+00              2215s
[2025-08-22 12:29:46] DEBUG    360402 DPushes remaining with DInf 0.0000000e+00              2220s
[2025-08-22 12:29:51] DEBUG    330750 DPushes remaining with DInf 0.0000000e+00              2225s
[2025-08-22 12:29:56] DEBUG    284918 DPushes remaining with DInf 0.0000000e+00              2230s
[2025-08-22 12:30:01] DEBUG    263389 DPushes remaining with DInf 0.0000000e+00              2235s
[2025-08-22 12:30:06] DEBUG    240302 DPushes remaining with DInf 0.0000000e+00              2240s
[2025-08-22 12:30:11] DEBUG    218143 DPushes remaining with DInf 0.0000000e+00              2245s
[2025-08-22 12:30:16] DEBUG    198529 DPushes remaining with DInf 0.0000000e+00              2250s
[2025-08-22 12:30:21] DEBUG    184317 DPushes remaining with DInf 0.0000000e+00              2255s
[2025-08-22 12:30:26] DEBUG    170379 DPushes remaining with DInf 0.0000000e+00              2260s
[2025-08-22 12:30:31] DEBUG    154131 DPushes remaining with DInf 0.0000000e+00              2265s
[2025-08-22 12:30:36] DEBUG    138823 DPushes remaining with DInf 0.0000000e+00              2270s
[2025-08-22 12:30:41] DEBUG    124562 DPushes remaining with DInf 0.0000000e+00              2275s
[2025-08-22 12:30:46] DEBUG    106391 DPushes remaining with DInf 0.0000000e+00              2280s
[2025-08-22 12:30:51] DEBUG    88594 DPushes remaining with DInf 0.0000000e+00              2285s
[2025-08-22 12:30:56] DEBUG    67337 DPushes remaining with DInf 0.0000000e+00              2290s
[2025-08-22 12:31:01] DEBUG    45621 DPushes remaining with DInf 0.0000000e+00              2295s
[2025-08-22 12:31:06] DEBUG    28268 DPushes remaining with DInf 0.0000000e+00              2300s
[2025-08-22 12:31:11] DEBUG    7314 DPushes remaining with DInf 0.0000000e+00              2305s
[2025-08-22 12:31:14] DEBUG    0 DPushes remaining with DInf 0.0000000e+00              2309s
[2025-08-22 12:31:15] DEBUG    2541548 PPushes remaining with PInf 0.0000000e+00              2309s
[2025-08-22 12:31:24] DEBUG    929149 PPushes remaining with PInf 0.0000000e+00              2318s
[2025-08-22 12:31:26] DEBUG    404761 PPushes remaining with PInf 0.0000000e+00              2320s
[2025-08-22 12:31:31] DEBUG    88345 PPushes remaining with PInf 0.0000000e+00              2325s
[2025-08-22 12:31:36] DEBUG    25628 PPushes remaining with PInf 0.0000000e+00              2330s
[2025-08-22 12:31:40] DEBUG    0 PPushes remaining with PInf 0.0000000e+00              2334s
[2025-08-22 12:31:40] DEBUG    Push phase complete: Pinf 0.0000000e+00, Dinf 4.1176370e+06   2334s
[2025-08-22 12:31:40] DEBUG    Iteration    Objective       Primal Inf.    Dual Inf.      Time
[2025-08-22 12:31:40] DEBUG    2790947    7.4197214e+13   0.000000e+00   4.117637e+06   2335s
[2025-08-22 12:31:42] DEBUG    2791223    7.4195850e+13   0.000000e+00   1.165661e+08   2336s
[2025-08-22 12:31:46] DEBUG    2792021    7.4193234e+13   0.000000e+00   1.273837e+08   2341s
[2025-08-22 12:31:53] DEBUG    2792761    7.4191068e+13   0.000000e+00   8.013598e+07   2347s
[2025-08-22 12:31:58] DEBUG    2793357    7.4189406e+13   0.000000e+00   3.198971e+06   2352s
[2025-08-22 12:32:02] DEBUG    2794112    7.4188672e+13   0.000000e+00   1.847742e+07   2356s
[2025-08-22 12:32:08] DEBUG    2795258    7.4187133e+13   0.000000e+00   3.451521e+07   2362s
[2025-08-22 12:32:11] DEBUG    2795884    7.4186644e+13   0.000000e+00   3.436193e+07   2366s
[2025-08-22 12:32:17] DEBUG    2796779    7.4185616e+13   0.000000e+00   2.815787e+07   2371s
[2025-08-22 12:32:21] DEBUG    2797280    7.4184658e+13   0.000000e+00   2.122212e+07   2375s
[2025-08-22 12:32:27] DEBUG    2798234    7.4182331e+13   0.000000e+00   2.647435e+07   2381s
[2025-08-22 12:32:32] DEBUG    2799078    7.4178479e+13   0.000000e+00   1.162590e+07   2386s
[2025-08-22 12:32:36] DEBUG    2799689    7.4174396e+13   0.000000e+00   1.871213e+07   2390s
[2025-08-22 12:32:38] DEBUG    Solved with dual simplex
[2025-08-22 12:32:47] DEBUG    Iteration    Objective       Primal Inf.    Dual Inf.      Time
[2025-08-22 12:32:47] DEBUG    1199496    7.4145928e+13   0.000000e+00   0.000000e+00   2401s

Solved in 1199496 iterations and 2401.04 seconds (832.42 work units)
[2025-08-22 12:32:47] DEBUG    Optimal objective  7.414592847e+13
✅ Scenario completato: existing_VRES_2030_PHES

🚀 Lancio scenario: existing_VRES_2030_nostorage
[2025-08-22 12:42:53] INFO     Loading sets
[2025-08-22 12:42:53] INFO     Loading parameters
[2025-08-22 12:43:27] INFO     constraints are loaded in the following order: ['energy_balance', 'dispatch', 'costs', 'capacity', 'network', 'policy', 'conversion', 'group', 'conversion_plus', 'milp', 'export']
[2025-08-22 12:43:27] INFO     creating energy_balance constraints
[2025-08-22 12:46:20] INFO     creating dispatch constraints
[2025-08-22 12:51:15] INFO     creating costs constraints
[2025-08-22 12:59:18] INFO     creating capacity constraints
[2025-08-22 12:59:18] INFO     creating network constraints
[2025-08-22 12:59:18] INFO     creating policy constraints
[2025-08-22 12:59:18] INFO     creating conversion constraints
[2025-08-22 12:59:18] INFO     creating group constraints
[2025-08-22 12:59:18] INFO     creating conversion_plus constraints
[2025-08-22 12:59:18] INFO     creating milp constraints
[2025-08-22 12:59:18] INFO     creating export constraints
[2025-08-22 13:10:40] DEBUG    Set parameter WLSAccessID
Set parameter WLSSecret
Set parameter LicenseID to value 2680226
[2025-08-22 13:10:40] DEBUG    Academic license 2680226 - for non-commercial use only - registered to an___@mail.polimi.it
[2025-08-22 13:11:12] DEBUG    Read LP format model from file /tmp/tmp04_9gfno.pyomo.lp
Reading time = 31.45 seconds
x15604396: 21237124 rows, 15604396 columns, 50671926 nonzeros
[2025-08-22 13:11:12] DEBUG    Set parameter NumericFocus to value 1
Gurobi Optimizer version 12.0.2 build v12.0.2rc0 (linux64 - "Debian GNU/Linux 11 (bullseye)")

CPU model: Intel(R) Xeon(R) Silver 4314 CPU @ 2.40GHz, instruction set [SSE2|AVX|AVX2|AVX512]
Thread count: 32 physical cores, 64 logical processors, using up to 32 threads

Non-default parameters:
NumericFocus  1
[2025-08-22 13:11:12] DEBUG    Academic license 2680226 - for non-commercial use only - registered to an___@mail.polimi.it
Optimize a model with 21237124 rows, 15604396 columns and 50671926 nonzeros
[2025-08-22 13:11:13] DEBUG    Model fingerprint: 0x8c75846b
[2025-08-22 13:11:13] DEBUG    Coefficient statistics:
  Matrix range     [1e-07, 3e+02]
  Objective range  [1e+00, 1e+06]
  Bounds range     [0e+00, 0e+00]
  RHS range        [1e+00, 2e+08]
[2025-08-22 13:11:18] DEBUG    Presolve removed 18116600 rows and 9242371 columns (presolve time = 5s)...
[2025-08-22 13:11:24] DEBUG    Presolve removed 20191261 rows and 13107783 columns (presolve time = 11s)...
[2025-08-22 13:11:28] DEBUG    Presolve removed 20685407 rows and 13196028 columns (presolve time = 15s)...
[2025-08-22 13:11:29] DEBUG    Presolve removed 20834310 rows and 13196028 columns
[2025-08-22 13:11:29] DEBUG    Presolve time: 17.12s
Presolved: 402814 rows, 2557271 columns, 4347192 nonzeros

Concurrent LP optimizer: primal simplex, dual simplex, and barrier
Showing barrier log only...
[2025-08-22 13:11:30] DEBUG    Ordering time: 0.27s
[2025-08-22 13:11:31] DEBUG    Barrier statistics:
 Dense cols : 81
 AA' NZ     : 1.361e+06
 Factor NZ  : 1.305e+07 (roughly 1.3 GB of memory)
 Factor Ops : 1.029e+09 (less than 1 second per iteration)
 Threads    : 30
[2025-08-22 13:11:33] DEBUG    Objective                Residual
Iter       Primal          Dual         Primal    Dual     Compl     Time
[2025-08-22 13:11:33] DEBUG    0   4.09940230e+21 -5.29846820e+19  6.34e+10 9.31e-10  2.27e+16    21s
[2025-08-22 13:11:36] DEBUG    1   2.49768998e+21 -5.66027482e+19  2.62e+10 5.80e+05  9.35e+15    24s
[2025-08-22 13:11:39] DEBUG    2   8.83548654e+20 -4.23325514e+19  5.85e+09 3.72e+04  2.12e+15    27s
[2025-08-22 13:11:43] DEBUG    3   6.14843292e+19 -3.14093547e+19  3.60e+08 6.63e+02  1.37e+14    31s
[2025-08-22 13:11:45] DEBUG    4   1.87670252e+19 -1.77551569e+19  9.15e+07 2.00e-07  3.74e+13    33s
[2025-08-22 13:11:48] DEBUG    5   4.31689397e+18 -1.12361047e+19  1.80e+07 8.42e-06  8.78e+12    36s
[2025-08-22 13:11:50] DEBUG    6   1.96654542e+18 -3.62617608e+18  7.65e+06 2.12e-06  3.07e+12    38s
[2025-08-22 13:11:52] DEBUG    7   8.26401673e+17 -2.32440114e+18  3.18e+06 1.71e-06  1.38e+12    40s
[2025-08-22 13:11:54] DEBUG    8   4.32201208e+17 -1.10507573e+18  1.60e+06 4.61e-06  6.16e+11    42s
[2025-08-22 13:11:56] DEBUG    9   2.19090326e+17 -5.60823714e+17  7.92e+05 6.76e-06  2.80e+11    44s
[2025-08-22 13:11:59] DEBUG    10   1.13118632e+17 -1.97250401e+17  4.03e+05 3.98e-06  1.06e+11    47s
[2025-08-22 13:12:02] DEBUG    11   5.17062890e+16 -1.19897140e+17  1.79e+05 1.76e-06  5.10e+10    50s
[2025-08-22 13:12:05] DEBUG    12   2.91740958e+16 -2.80661250e+16  1.00e+05 3.44e-07  1.65e+10    53s
[2025-08-22 13:12:08] DEBUG    13   1.55079465e+16 -1.68110187e+16  5.25e+04 1.62e-07  8.62e+09    56s
[2025-08-22 13:12:12] DEBUG    14   3.16399635e+15 -7.54189937e+15  9.57e+03 7.20e-08  2.50e+09    60s
[2025-08-22 13:12:14] DEBUG    15   2.82552745e+15 -7.20687408e+15  8.48e+03 7.10e-08  2.33e+09    62s
[2025-08-22 13:12:16] DEBUG    16   2.68234600e+15 -5.15207454e+15  8.07e+03 6.09e-08  1.81e+09    64s
[2025-08-22 13:12:18] DEBUG    17   2.01693387e+15 -4.98194279e+15  5.91e+03 6.09e-08  1.60e+09    66s
[2025-08-22 13:12:22] DEBUG    18   1.67816931e+15 -3.13864968e+15  4.80e+03 9.89e-08  1.09e+09    70s
[2025-08-22 13:12:26] DEBUG    19   1.62878510e+15 -2.50539828e+15  4.68e+03 4.11e-06  9.35e+08    74s
[2025-08-22 13:12:32] DEBUG    20   7.51781663e+14 -9.95685498e+14  1.78e+03 5.14e-05  3.87e+08    80s
[2025-08-22 13:12:36] DEBUG    21   5.93064438e+14 -6.59870654e+14  1.28e+03 6.21e-05  2.77e+08    84s
[2025-08-22 13:12:40] DEBUG    22   5.49399822e+14 -6.18306552e+14  1.16e+03 4.12e-05  2.57e+08    89s
[2025-08-22 13:12:44] DEBUG    23   4.67249587e+14 -3.38322783e+14  9.27e+02 5.89e-05  1.77e+08    92s
[2025-08-22 13:12:47] DEBUG    24   4.00988786e+14 -2.97480358e+14  6.96e+02 6.25e-05  1.53e+08    95s
[2025-08-22 13:12:49] DEBUG    25   3.80911293e+14 -2.70560637e+13  6.34e+02 7.37e-05  8.94e+07    97s
[2025-08-22 13:12:53] DEBUG    26   3.43675437e+14  4.31293023e+13  5.17e+02 6.48e-05  6.58e+07   102s
[2025-08-22 13:12:59] DEBUG    27   2.49544039e+14  1.64839131e+14  1.82e+02 8.04e-05  1.85e+07   107s
[2025-08-22 13:13:04] DEBUG    28   2.35395996e+14  1.89395464e+14  1.44e+02 5.18e-05  1.00e+07   112s
[2025-08-22 13:13:08] DEBUG    29   2.11487033e+14  1.92759525e+14  5.20e+01 3.46e-05  4.07e+06   116s
[2025-08-22 13:13:11] DEBUG    30   2.01507559e+14  1.96825998e+14  1.36e+01 1.58e-04  1.02e+06   119s
[2025-08-22 13:13:13] DEBUG    31   2.00775707e+14  1.97164811e+14  1.09e+01 1.88e-04  7.84e+05   121s
[2025-08-22 13:13:15] DEBUG    32   1.98986684e+14  1.97583630e+14  4.29e+00 2.18e-04  3.05e+05   123s
[2025-08-22 13:13:18] DEBUG    33   1.98300734e+14  1.97663235e+14  1.82e+00 2.32e-04  1.38e+05   126s
[2025-08-22 13:13:19] DEBUG    34   1.98218331e+14  1.97673171e+14  1.52e+00 2.33e-04  1.18e+05   128s
[2025-08-22 13:13:21] DEBUG    35   1.98047084e+14  1.97734417e+14  9.08e-01 2.44e-04  6.79e+04   130s
[2025-08-22 13:13:24] DEBUG    36   1.97990966e+14  1.97759169e+14  7.08e-01 2.46e-04  5.03e+04   132s
[2025-08-22 13:13:26] DEBUG    37   1.97932966e+14  1.97768767e+14  5.02e-01 2.48e-04  3.57e+04   134s
[2025-08-22 13:13:28] DEBUG    38   1.97909325e+14  1.97777099e+14  4.19e-01 2.48e-04  2.87e+04   136s
[2025-08-22 13:13:30] DEBUG    39   1.97896366e+14  1.97780060e+14  3.73e-01 2.47e-04  2.53e+04   138s
[2025-08-22 13:13:32] DEBUG    40   1.97863697e+14  1.97782802e+14  2.59e-01 2.47e-04  1.76e+04   140s
[2025-08-22 13:13:35] DEBUG    41   1.97819735e+14  1.97785202e+14  1.07e-01 2.46e-04  7.51e+03   143s
[2025-08-22 13:13:40] DEBUG    42   1.97803402e+14  1.97786678e+14  5.06e-02 2.41e-04  3.64e+03   148s
[2025-08-22 13:13:43] DEBUG    43   1.97799089e+14  1.97787431e+14  3.60e-02 2.31e-04  2.54e+03   151s
[2025-08-22 13:13:43] DEBUG    Barrier performed 43 iterations in 150.84 seconds (46.40 work units)
[2025-08-22 13:13:43] DEBUG    Barrier solve interrupted - model solved by another algorithm
[2025-08-22 13:13:43] DEBUG    Solved with dual simplex
[2025-08-22 13:13:51] DEBUG    Iteration    Objective       Primal Inf.    Dual Inf.      Time
[2025-08-22 13:13:51] DEBUG    271705    1.9778816e+14   0.000000e+00   0.000000e+00    159s

Solved in 271705 iterations and 159.33 seconds (60.24 work units)
Optimal objective  1.977881583e+14
✅ Scenario completato: existing_VRES_2030_nostorage

🚀 Lancio scenario: existing_CG+VRES_2030_BESS
[2025-08-22 13:26:28] INFO     Loading sets
[2025-08-22 13:26:28] INFO     Loading parameters
[2025-08-22 13:27:03] INFO     constraints are loaded in the following order: ['energy_balance', 'dispatch', 'costs', 'capacity', 'network', 'policy', 'conversion', 'group', 'conversion_plus', 'milp', 'export']
[2025-08-22 13:27:03] INFO     creating energy_balance constraints
[2025-08-22 13:30:02] INFO     creating dispatch constraints
[2025-08-22 13:31:59] INFO     creating costs constraints
[2025-08-22 13:45:38] INFO     creating capacity constraints
[2025-08-22 13:45:38] INFO     creating network constraints
[2025-08-22 13:45:38] INFO     creating policy constraints
[2025-08-22 13:45:38] INFO     creating conversion constraints
[2025-08-22 13:45:38] INFO     creating group constraints
[2025-08-22 13:45:38] INFO     creating conversion_plus constraints
[2025-08-22 13:45:38] INFO     creating milp constraints
[2025-08-22 13:45:38] INFO     creating export constraints
[2025-08-22 13:58:15] DEBUG    Set parameter WLSAccessID
Set parameter WLSSecret
Set parameter LicenseID to value 2680226
[2025-08-22 13:58:15] DEBUG    Academic license 2680226 - for non-commercial use only - registered to an___@mail.polimi.it
[2025-08-22 13:58:50] DEBUG    Read LP format model from file /tmp/tmpvef0qccz.pyomo.lp
Reading time = 35.12 seconds
x17374193: 23304744 rows, 17374193 columns, 56654224 nonzeros
[2025-08-22 13:58:50] DEBUG    Set parameter NumericFocus to value 1
Gurobi Optimizer version 12.0.2 build v12.0.2rc0 (linux64 - "Debian GNU/Linux 11 (bullseye)")

CPU model: Intel(R) Xeon(R) Silver 4314 CPU @ 2.40GHz, instruction set [SSE2|AVX|AVX2|AVX512]
Thread count: 32 physical cores, 64 logical processors, using up to 32 threads

Non-default parameters:
NumericFocus  1
[2025-08-22 13:58:50] DEBUG    Academic license 2680226 - for non-commercial use only - registered to an___@mail.polimi.it
Optimize a model with 23304744 rows, 17374193 columns and 56654224 nonzeros
[2025-08-22 13:58:51] DEBUG    Model fingerprint: 0x9eba2460
[2025-08-22 13:58:51] DEBUG    Coefficient statistics:
  Matrix range     [1e-07, 3e+02]
  Objective range  [1e+00, 1e+06]
  Bounds range     [0e+00, 0e+00]
  RHS range        [1e+00, 2e+08]
[2025-08-22 13:58:57] DEBUG    Presolve removed 18528849 rows and 10110014 columns (presolve time = 6s)...
[2025-08-22 13:59:01] DEBUG    Presolve removed 18538084 rows and 11910000 columns (presolve time = 10s)...
[2025-08-22 13:59:06] DEBUG    Presolve removed 20944832 rows and 14265969 columns (presolve time = 15s)...
[2025-08-22 13:59:11] DEBUG    Presolve removed 21482727 rows and 14353569 columns (presolve time = 20s)...
[2025-08-22 13:59:12] DEBUG    Presolve removed 21631630 rows and 14353569 columns
[2025-08-22 13:59:12] DEBUG    Presolve time: 21.94s
Presolved: 1673114 rows, 3169527 columns, 9220585 nonzeros

Concurrent LP optimizer: primal simplex, dual simplex, and barrier
Showing barrier log only...
[2025-08-22 13:59:19] DEBUG    Elapsed ordering time = 5s
[2025-08-22 13:59:23] DEBUG    Ordering time: 9.15s
[2025-08-22 13:59:25] DEBUG    Barrier statistics:
 Dense cols : 144
[2025-08-22 13:59:25] DEBUG    AA' NZ     : 8.873e+06
 Factor NZ  : 4.088e+07 (roughly 2.3 GB of memory)
 Factor Ops : 3.048e+09 (less than 1 second per iteration)
 Threads    : 30
[2025-08-22 13:59:28] DEBUG    Objective                Residual
[2025-08-22 13:59:28] DEBUG    Iter       Primal          Dual         Primal    Dual     Compl     Time
[2025-08-22 13:59:28] DEBUG    0   2.23826967e+21 -8.71540423e+18  6.98e+10 2.90e-11  3.99e+15    38s
[2025-08-22 13:59:33] DEBUG    1   1.88135794e+21 -8.72034212e+18  5.80e+10 2.18e+05  3.09e+15    43s
[2025-08-22 13:59:38] DEBUG    2   1.53339889e+21 -8.28198761e+18  4.76e+10 9.54e+04  2.32e+15    48s
[2025-08-22 13:59:45] DEBUG    3   1.15067903e+21 -7.26393406e+18  3.61e+10 2.74e+04  1.62e+15    54s
[2025-08-22 13:59:50] DEBUG    4   8.23116941e+20 -6.86238371e+18  2.54e+10 1.05e+04  1.13e+15    60s
[2025-08-22 13:59:55] DEBUG    5   4.28976841e+20 -6.63577368e+18  1.30e+10 5.38e+03  5.87e+14    64s
[2025-08-22 13:59:59] DEBUG    6   1.39197671e+20 -6.19491540e+18  4.23e+09 2.35e+03  1.97e+14    69s
[2025-08-22 14:00:03] DEBUG    7   5.94133118e+19 -5.48525786e+18  1.89e+09 8.97e+02  8.72e+13    73s
[2025-08-22 14:00:07] DEBUG    8   4.90404308e+19 -4.87984301e+18  1.56e+09 3.67e+02  7.09e+13    77s
[2025-08-22 14:00:13] DEBUG    9   2.72589106e+19 -4.16093868e+18  8.95e+08 8.37e+01  4.02e+13    83s
[2025-08-22 14:00:16] DEBUG    10   1.45651938e+19 -3.56296925e+18  4.79e+08 2.33e+01  2.14e+13    86s
[2025-08-22 14:00:21] DEBUG    11   8.48579388e+18 -2.92034698e+18  2.84e+08 3.56e+00  1.25e+13    91s
[2025-08-22 14:00:29] DEBUG    12   3.69837655e+18 -2.32785292e+18  1.22e+08 9.84e-01  5.43e+12    99s
[2025-08-22 14:00:35] DEBUG    13   1.35853026e+17 -1.74746800e+18  3.78e+06 1.01e+00  4.43e+11   105s
[2025-08-22 14:00:39] DEBUG    14   2.03123085e+15 -1.29186952e+17  1.07e+04 1.09e-02  2.05e+10   109s
[2025-08-22 14:00:43] DEBUG    15   1.54675108e+15 -2.05519591e+16  3.87e+02 2.07e-02  3.26e+09   113s
[2025-08-22 14:00:48] DEBUG    16   1.49823938e+15 -7.33838575e+15  7.70e+01 2.27e-02  1.18e+09   118s
[2025-08-22 14:00:52] DEBUG    17   1.48250863e+15 -1.80913128e+15  4.61e+01 3.92e-02  3.12e+08   121s
[2025-08-22 14:00:57] DEBUG    18   1.47039126e+15 -6.66704877e+14  2.92e+01 2.44e-02  1.20e+08   127s
[2025-08-22 14:01:01] DEBUG    19   1.45928007e+15 -2.14039851e+14  1.79e+01 2.53e-02  4.00e+07   131s
[2025-08-22 14:01:07] DEBUG    20   1.44018101e+15 -4.84220176e+13  4.38e+00 2.54e-02  9.50e+06   136s
[2025-08-22 14:01:11] DEBUG    21   1.43350671e+15 -2.63176904e+13  3.05e+00 2.54e-02  5.21e+06   141s
[2025-08-22 14:01:15] DEBUG    22   1.42159309e+15 -1.44649021e+12  1.37e+00 2.55e-02  3.85e+05   145s
[2025-08-22 14:01:21] DEBUG    23   1.41994348e+15 -1.09449422e+12  1.26e+00 2.55e-02  3.02e+05   150s
[2025-08-22 14:01:25] DEBUG    24   1.41005207e+15 -6.10196921e+11  6.66e-01 2.54e-02  1.58e+05   155s
[2025-08-22 14:01:33] DEBUG    25   1.40502424e+15 -1.70134773e+11  5.05e-01 2.54e-02  5.08e+04   163s
[2025-08-22 14:01:39] DEBUG    26   1.40070472e+15 -1.62989501e+11  4.00e-01 2.54e-02  3.99e+04   169s
[2025-08-22 14:01:43] DEBUG    27   1.39394896e+15 -1.33913403e+11  2.70e-01 2.54e-02  2.31e+04   173s
[2025-08-22 14:01:47] DEBUG    28   1.38820543e+15 -1.31380011e+11  1.95e-01 2.54e-02  1.60e+04   177s
[2025-08-22 14:01:50] DEBUG    29   1.38437513e+15 -1.32404943e+11  1.59e-01 2.55e-02  1.28e+04   180s
[2025-08-22 14:01:55] DEBUG    30   1.38113418e+15 -1.33308851e+11  1.34e-01 2.55e-02  1.07e+04   185s
[2025-08-22 14:01:59] DEBUG    31   1.37700048e+15 -1.34655045e+11  1.07e-01 2.55e-02  8.43e+03   188s
[2025-08-22 14:02:07] DEBUG    32   1.37180732e+15 -1.36402442e+11  7.98e-02 2.55e-02  6.30e+03   197s
[2025-08-22 14:02:17] DEBUG    33   1.36611118e+15 -1.36720043e+11  5.77e-02 2.55e-02  4.32e+03   207s
[2025-08-22 14:02:25] DEBUG    34   1.36445580e+15 -1.36823416e+11  5.31e-02 2.55e-02  3.98e+03   214s
[2025-08-22 14:02:32] DEBUG    35   1.36215004e+15 -1.36986987e+11  4.71e-02 2.55e-02  3.49e+03   221s
[2025-08-22 14:02:36] DEBUG    36   1.36192714e+15 -1.37032241e+11  4.66e-02 2.55e-02  3.44e+03   226s
[2025-08-22 14:02:42] DEBUG    37   1.36107876e+15 -1.37087508e+11  4.47e-02 2.55e-02  3.29e+03   232s
[2025-08-22 14:02:50] DEBUG    38   1.36070565e+15 -1.37125241e+11  4.38e-02 2.55e-02  3.22e+03   240s
[2025-08-22 14:03:00] DEBUG    39   1.35823959e+15 -1.37349330e+11  3.86e-02 2.55e-02  2.80e+03   250s
[2025-08-22 14:03:06] DEBUG    40   1.35769703e+15 -1.37385579e+11  3.76e-02 2.55e-02  2.73e+03   256s
[2025-08-22 14:03:14] DEBUG    41   1.35586522e+15 -1.37574981e+11  3.42e-02 2.55e-02  2.48e+03   264s
[2025-08-22 14:03:25] DEBUG    42   1.35386822e+15 -1.37701121e+11  3.09e-02 2.55e-02  2.21e+03   274s
[2025-08-22 14:03:35] DEBUG    43   1.35265054e+15 -1.37783756e+11  2.90e-02 2.55e-02  2.07e+03   285s
[2025-08-22 14:03:46] DEBUG    44   1.35204239e+15 -1.37823908e+11  2.82e-02 2.55e-02  2.01e+03   295s
[2025-08-22 14:03:55] DEBUG    45   1.35076596e+15 -1.37882516e+11  2.65e-02 2.55e-02  1.88e+03   304s
[2025-08-22 14:04:04] DEBUG    46   1.35052440e+15 -1.37933607e+11  2.61e-02 2.55e-02  1.85e+03   313s
[2025-08-22 14:04:13] DEBUG    47   1.34928322e+15 -1.37988172e+11  2.45e-02 2.55e-02  1.73e+03   323s
[2025-08-22 14:04:23] DEBUG    48   1.34831326e+15 -1.38045662e+11  2.34e-02 2.55e-02  1.65e+03   333s
[2025-08-22 14:04:34] DEBUG    49   1.34807728e+15 -1.38080771e+11  2.31e-02 2.55e-02  1.63e+03   344s
[2025-08-22 14:04:39] DEBUG    50   1.34784344e+15 -1.38103921e+11  2.28e-02 2.55e-02  1.61e+03   349s
[2025-08-22 14:04:47] DEBUG    51   1.34670154e+15 -1.38143124e+11  2.16e-02 2.55e-02  1.52e+03   357s
[2025-08-22 14:04:54] DEBUG    52   1.34627428e+15 -1.38158284e+11  2.11e-02 2.55e-02  1.49e+03   363s
[2025-08-22 14:05:00] DEBUG    53   1.34572565e+15 -1.38177130e+11  2.06e-02 2.55e-02  1.45e+03   370s
[2025-08-22 14:05:11] DEBUG    54   1.34516542e+15 -1.38212219e+11  2.00e-02 2.55e-02  1.41e+03   381s
[2025-08-22 14:05:23] DEBUG    55   1.34398390e+15 -1.38274768e+11  1.89e-02 2.55e-02  1.32e+03   393s
[2025-08-22 14:05:32] DEBUG    56   1.34374106e+15 -1.38296166e+11  1.87e-02 2.55e-02  1.31e+03   402s
[2025-08-22 14:05:42] DEBUG    57   1.34283634e+15 -1.38335932e+11  1.78e-02 2.55e-02  1.25e+03   412s
[2025-08-22 14:05:47] DEBUG    58   1.34249215e+15 -1.38348002e+11  1.75e-02 2.55e-02  1.23e+03   417s
[2025-08-22 14:05:52] DEBUG    59   1.34212194e+15 -1.38376707e+11  1.72e-02 2.55e-02  1.21e+03   422s
[2025-08-22 14:05:58] DEBUG    60   1.34178067e+15 -1.38382955e+11  1.69e-02 2.55e-02  1.19e+03   428s
[2025-08-22 14:06:09] DEBUG    61   1.34152292e+15 -1.38425888e+11  1.67e-02 2.55e-02  1.17e+03   438s
[2025-08-22 14:06:16] DEBUG    62   1.34107767e+15 -1.38443189e+11  1.63e-02 2.55e-02  1.14e+03   446s
[2025-08-22 14:06:23] DEBUG    63   1.34096747e+15 -1.38455420e+11  1.62e-02 2.55e-02  1.14e+03   453s
[2025-08-22 14:06:34] DEBUG    64   1.33950219e+15 -1.38491828e+11  1.51e-02 2.55e-02  1.05e+03   463s
[2025-08-22 14:06:41] DEBUG    65   1.33919919e+15 -1.38534759e+11  1.49e-02 2.55e-02  1.32e+03   471s
[2025-08-22 14:06:52] DEBUG    66   1.33839408e+15 -1.38582784e+11  1.43e-02 2.55e-02  1.26e+03   481s
[2025-08-22 14:07:01] DEBUG    67   1.33798277e+15 -1.38625672e+11  1.40e-02 2.55e-02  1.31e+03   491s
[2025-08-22 14:07:02] DEBUG    Barrier performed 67 iterations in 491.21 seconds (124.69 work units)
[2025-08-22 14:07:02] DEBUG    Numerical trouble encountered
[2025-08-22 14:07:02] DEBUG    Model may be infeasible or unbounded.  Consider using the
[2025-08-22 14:07:02] DEBUG    homogeneous algorithm (through parameter 'BarHomogeneous')
[2025-08-22 14:08:06] DEBUG    Waiting for other threads to finish...         556s
[2025-08-22 14:09:11] DEBUG    Waiting for other threads to finish...         620s
[2025-08-22 14:10:15] DEBUG    Waiting for other threads to finish...         685s
[2025-08-22 14:11:20] DEBUG    Waiting for other threads to finish...         749s
[2025-08-22 14:11:56] DEBUG    Solved with dual simplex
[2025-08-22 14:12:05] DEBUG    Iteration    Objective       Primal Inf.    Dual Inf.      Time
[2025-08-22 14:12:05] DEBUG    941773    1.5334013e+10   0.000000e+00   0.000000e+00    795s

Solved in 941773 iterations and 795.00 seconds (423.12 work units)
[2025-08-22 14:12:05] DEBUG    Optimal objective  1.533401318e+10
✅ Scenario completato: existing_CG+VRES_2030_BESS

🚀 Lancio scenario: existing_CG+VRES_2030_nostorage
[2025-08-22 14:23:07] INFO     Loading sets
[2025-08-22 14:23:07] INFO     Loading parameters
[2025-08-22 14:23:41] INFO     constraints are loaded in the following order: ['energy_balance', 'dispatch', 'costs', 'capacity', 'network', 'policy', 'conversion', 'group', 'conversion_plus', 'milp', 'export']
[2025-08-22 14:23:41] INFO     creating energy_balance constraints
[2025-08-22 14:26:31] INFO     creating dispatch constraints
[2025-08-22 14:28:19] INFO     creating costs constraints
[2025-08-22 14:43:10] INFO     creating capacity constraints
[2025-08-22 14:43:10] INFO     creating network constraints
[2025-08-22 14:43:10] INFO     creating policy constraints
[2025-08-22 14:43:10] INFO     creating conversion constraints
[2025-08-22 14:43:10] INFO     creating group constraints
[2025-08-22 14:43:10] INFO     creating conversion_plus constraints
[2025-08-22 14:43:10] INFO     creating milp constraints
[2025-08-22 14:43:10] INFO     creating export constraints
[2025-08-22 14:54:59] DEBUG    Set parameter WLSAccessID
Set parameter WLSSecret
Set parameter LicenseID to value 2680226
[2025-08-22 14:54:59] DEBUG    Academic license 2680226 - for non-commercial use only - registered to an___@mail.polimi.it
[2025-08-22 14:55:31] DEBUG    Read LP format model from file /tmp/tmpstl4b__l.pyomo.lp
Reading time = 32.09 seconds
x16103819: 21526290 rows, 16103819 columns, 52081185 nonzeros
[2025-08-22 14:55:31] DEBUG    Set parameter NumericFocus to value 1
Gurobi Optimizer version 12.0.2 build v12.0.2rc0 (linux64 - "Debian GNU/Linux 11 (bullseye)")

CPU model: Intel(R) Xeon(R) Silver 4314 CPU @ 2.40GHz, instruction set [SSE2|AVX|AVX2|AVX512]
Thread count: 32 physical cores, 64 logical processors, using up to 32 threads

Non-default parameters:
NumericFocus  1
[2025-08-22 14:55:31] DEBUG    Academic license 2680226 - for non-commercial use only - registered to an___@mail.polimi.it
Optimize a model with 21526290 rows, 16103819 columns and 52081185 nonzeros
[2025-08-22 14:55:32] DEBUG    Model fingerprint: 0x7bab1d9b
[2025-08-22 14:55:32] DEBUG    Coefficient statistics:
  Matrix range     [1e-07, 3e+02]
  Objective range  [1e+00, 1e+06]
  Bounds range     [0e+00, 0e+00]
  RHS range        [1e+00, 2e+08]
[2025-08-22 14:55:37] DEBUG    Presolve removed 18020653 rows and 9601818 columns (presolve time = 6s)...
[2025-08-22 14:55:42] DEBUG    Presolve removed 20182622 rows and 13554483 columns (presolve time = 10s)...
[2025-08-22 14:55:47] DEBUG    Presolve removed 20720459 rows and 13554593 columns (presolve time = 15s)...
[2025-08-22 14:55:49] DEBUG    Presolve removed 20869362 rows and 13642248 columns
[2025-08-22 14:55:49] DEBUG    Presolve time: 18.17s
Presolved: 656928 rows, 2610474 columns, 4952667 nonzeros

Concurrent LP optimizer: primal simplex, dual simplex, and barrier
Showing barrier log only...
[2025-08-22 14:55:50] DEBUG    Ordering time: 0.30s
[2025-08-22 14:55:51] DEBUG    Barrier statistics:
 Dense cols : 115
 AA' NZ     : 1.913e+06
 Factor NZ  : 1.575e+07 (roughly 1.4 GB of memory)
[2025-08-22 14:55:51] DEBUG    Factor Ops : 9.342e+08 (less than 1 second per iteration)
 Threads    : 30
[2025-08-22 14:55:53] DEBUG    Objective                Residual
[2025-08-22 14:55:53] DEBUG    Iter       Primal          Dual         Primal    Dual     Compl     Time
[2025-08-22 14:55:53] DEBUG    0   2.30167088e+21 -1.01373562e+19  6.98e+10 3.27e-03  4.64e+15    22s
[2025-08-22 14:55:56] DEBUG    1   1.92882903e+21 -1.01412601e+19  5.78e+10 3.81e+05  3.87e+15    25s
[2025-08-22 14:56:00] DEBUG    2   1.58262261e+21 -9.74595099e+18  4.71e+10 2.85e+05  3.16e+15    29s
[2025-08-22 14:56:06] DEBUG    3   1.35407199e+21 -9.07227290e+18  4.03e+10 1.83e+05  2.66e+15    35s
[2025-08-22 14:56:10] DEBUG    4   1.08898190e+21 -8.64118680e+18  3.14e+10 1.10e+05  2.08e+15    39s
[2025-08-22 14:56:15] DEBUG    5   8.32200178e+20 -7.97802728e+18  2.37e+10 3.36e+04  1.54e+15    44s
[2025-08-22 14:56:21] DEBUG    6   3.82093248e+20 -7.61596927e+18  1.00e+10 6.82e+03  6.71e+14    50s
[2025-08-22 14:56:25] DEBUG    7   3.66992215e+19 -6.87678831e+18  5.97e+08 3.60e+02  4.45e+13    54s
[2025-08-22 14:56:28] DEBUG    8   2.55659643e+18 -3.99422548e+18  4.12e+07 4.37e+01  3.70e+12    57s
[2025-08-22 14:56:32] DEBUG    9   5.82325355e+17 -1.43026152e+18  9.24e+06 6.67e+00  8.51e+11    61s
[2025-08-22 14:56:34] DEBUG    10   2.60793346e+17 -5.26890256e+17  4.20e+06 1.40e+00  3.18e+11    63s
[2025-08-22 14:56:37] DEBUG    11   7.82353196e+16 -2.19630102e+17  1.30e+06 9.45e-01  9.90e+10    66s
[2025-08-22 14:56:40] DEBUG    12   1.97246237e+16 -7.32973088e+16  3.33e+05 4.62e-01  2.56e+10    69s
[2025-08-22 14:56:42] DEBUG    13   4.08701563e+15 -1.52441857e+16  6.95e+04 1.54e-01  4.59e+09    71s
[2025-08-22 14:56:45] DEBUG    14   7.76864835e+14 -1.26391104e+15  1.24e+04 4.24e-03  4.44e+08    74s
[2025-08-22 14:56:48] DEBUG    15   5.92253884e+13 -6.36605413e+13  2.13e+02 3.52e-03  1.59e+07    77s
[2025-08-22 14:56:51] DEBUG    16   4.05660159e+13 -5.40224333e+12  4.99e+01 2.87e-03  2.11e+06    80s
[2025-08-22 14:56:53] DEBUG    17   2.89560703e+13 -6.40457992e+11  1.47e+01 3.90e-03  4.30e+05    82s
[2025-08-22 14:56:56] DEBUG    18   2.71408264e+13 -3.71196275e+11  1.09e+01 4.39e-03  3.83e+05    85s
[2025-08-22 14:56:59] DEBUG    19   2.67584976e+13 -1.34818651e+11  6.60e+00 1.93e-02  9.37e+05    88s
[2025-08-22 14:57:03] DEBUG    20   2.28808748e+13 -1.50635550e+11  3.42e+00 5.18e-03  6.38e+05    92s
[2025-08-22 14:57:05] DEBUG    21   1.71581616e+13 -1.76122535e+11  9.93e-01 5.40e-03  2.48e+05    94s
[2025-08-22 14:57:09] DEBUG    22   1.75245925e+13 -3.69596775e+10  2.70e-01 5.46e-03  5.75e+05    98s
[2025-08-22 14:57:13] DEBUG    23   2.01461636e+13 -3.88528315e+10  2.26e-01 5.46e-03  9.58e+05   102s
[2025-08-22 14:57:16] DEBUG    24   1.74992496e+13 -2.01340461e+11  7.80e-02 5.10e-03  1.28e+05   105s
[2025-08-22 14:57:24] DEBUG    25   1.63259117e+13 -1.39340535e+11  6.96e-02 5.09e-03  3.22e+05   113s
[2025-08-22 14:57:32] DEBUG    26   1.31293692e+13 -5.74959884e+10  5.35e-02 5.07e-03  4.60e+05   121s
[2025-08-22 14:57:41] DEBUG    27   7.66709757e+12 -8.53029321e+10  2.95e-02 4.89e-03  1.16e+06   130s
[2025-08-22 14:57:49] DEBUG    28   4.44330603e+12 -7.24490069e+10  1.86e-02 5.72e-03  5.28e+05   139s
[2025-08-22 14:57:56] DEBUG    29   2.51439293e+12 -7.71078648e+10  9.14e-03 5.00e-03  2.86e+05   145s
[2025-08-22 14:58:02] DEBUG    30   1.46732267e+12 -2.51184597e+10  6.06e-03 4.97e-03  1.94e+05   151s
[2025-08-22 14:58:10] DEBUG    31   1.09765786e+12 -1.98450536e+10  4.70e-03 4.98e-03  1.63e+05   159s
[2025-08-22 14:58:19] DEBUG    32   1.01439649e+12 -1.55764506e+10  3.91e-03 4.99e-03  1.67e+05   168s
[2025-08-22 14:58:25] DEBUG    33   7.38664588e+11 -6.70247445e+09  2.62e-03 4.97e-03  1.12e+05   174s
[2025-08-22 14:58:32] DEBUG    34   5.38266245e+11  4.97676070e+09  1.73e-03 4.98e-03  7.30e+04   181s
[2025-08-22 14:58:39] DEBUG    35   4.71022227e+11  5.32413715e+09  1.42e-03 4.98e-03  6.00e+04   188s
[2025-08-22 14:58:43] DEBUG    36   2.84661626e+11  6.96375352e+09  5.46e-04 4.98e-03  2.33e+04   192s
[2025-08-22 14:58:47] DEBUG    37   2.48282199e+11  8.74291051e+09  7.06e-04 4.98e-03  1.58e+04   196s
[2025-08-22 14:58:51] DEBUG    38   2.32964325e+11  9.98588019e+09  7.06e-04 4.98e-03  1.26e+04   200s
[2025-08-22 14:58:55] DEBUG    39   2.10558675e+11  1.02547110e+10  3.80e-04 4.98e-03  8.12e+03   204s
[2025-08-22 14:58:55] DEBUG    Barrier performed 39 iterations in 204.29 seconds (53.21 work units)
[2025-08-22 14:58:55] DEBUG    Barrier solve interrupted - model solved by another algorithm
[2025-08-22 14:58:56] DEBUG    Solved with dual simplex
[2025-08-22 14:59:04] DEBUG    Iteration    Objective       Primal Inf.    Dual Inf.      Time
[2025-08-22 14:59:04] DEBUG    293026    1.5334013e+10   0.000000e+00   0.000000e+00    213s

Solved in 293026 iterations and 212.68 seconds (66.63 work units)
Optimal objective  1.533401318e+10
✅ Scenario completato: existing_CG+VRES_2030_nostorage

🚀 Lancio scenario: existing_GT+VRES_2030_PHES
[2025-08-22 15:11:15] INFO     Loading sets
[2025-08-22 15:11:15] INFO     Loading parameters
[2025-08-22 15:11:50] INFO     constraints are loaded in the following order: ['energy_balance', 'dispatch', 'costs', 'capacity', 'network', 'policy', 'conversion', 'group', 'conversion_plus', 'milp', 'export']
[2025-08-22 15:11:50] INFO     creating energy_balance constraints
[2025-08-22 15:14:50] INFO     creating dispatch constraints
[2025-08-22 15:16:47] INFO     creating costs constraints
[2025-08-22 15:25:52] INFO     creating capacity constraints
[2025-08-22 15:25:52] INFO     creating network constraints
[2025-08-22 15:25:52] INFO     creating policy constraints
[2025-08-22 15:25:52] INFO     creating conversion constraints
[2025-08-22 15:25:52] INFO     creating group constraints
[2025-08-22 15:25:52] INFO     creating conversion_plus constraints
[2025-08-22 15:25:52] INFO     creating milp constraints
[2025-08-22 15:25:52] INFO     creating export constraints
[2025-08-22 15:38:34] DEBUG    Set parameter WLSAccessID
Set parameter WLSSecret
Set parameter LicenseID to value 2680226
[2025-08-22 15:38:35] DEBUG    Academic license 2680226 - for non-commercial use only - registered to an___@mail.polimi.it
[2025-08-22 15:39:10] DEBUG    Read LP format model from file /tmp/tmpmujodx4k.pyomo.lp
[2025-08-22 15:39:10] DEBUG    Reading time = 35.26 seconds
x17374193: 23304802 rows, 17374193 columns, 56908322 nonzeros
[2025-08-22 15:39:10] DEBUG    Set parameter NumericFocus to value 1
[2025-08-22 15:39:10] DEBUG    Gurobi Optimizer version 12.0.2 build v12.0.2rc0 (linux64 - "Debian GNU/Linux 11 (bullseye)")

CPU model: Intel(R) Xeon(R) Silver 4314 CPU @ 2.40GHz, instruction set [SSE2|AVX|AVX2|AVX512]
Thread count: 32 physical cores, 64 logical processors, using up to 32 threads
[2025-08-22 15:39:10] DEBUG    Non-default parameters:
NumericFocus  1
[2025-08-22 15:39:10] DEBUG    Academic license 2680226 - for non-commercial use only - registered to an___@mail.polimi.it
[2025-08-22 15:39:10] DEBUG    Optimize a model with 23304802 rows, 17374193 columns and 56908322 nonzeros
[2025-08-22 15:39:11] DEBUG    Model fingerprint: 0xf116d282
[2025-08-22 15:39:11] DEBUG    Coefficient statistics:
  Matrix range     [1e-07, 3e+02]
  Objective range  [1e+00, 1e+06]
[2025-08-22 15:39:11] DEBUG    Bounds range     [0e+00, 0e+00]
  RHS range        [1e+00, 6e+09]
Warning: Model contains large rhs
[2025-08-22 15:39:17] DEBUG    Presolve removed 18660313 rows and 10188860 columns (presolve time = 6s)...
[2025-08-22 15:39:21] DEBUG    Presolve removed 18660728 rows and 11980000 columns (presolve time = 10s)...
[2025-08-22 15:39:26] DEBUG    Presolve removed 21050091 rows and 14323785 columns (presolve time = 15s)...
[2025-08-22 15:39:31] DEBUG    Presolve removed 21587980 rows and 14411385 columns (presolve time = 21s)...
[2025-08-22 15:39:32] DEBUG    Presolve removed 21736883 rows and 14411385 columns
[2025-08-22 15:39:32] DEBUG    Presolve time: 21.90s
Presolved: 1567919 rows, 3111711 columns, 8778735 nonzeros
[2025-08-22 15:39:32] DEBUG    Concurrent LP optimizer: primal simplex, dual simplex, and barrier
Showing barrier log only...
[2025-08-22 15:39:40] DEBUG    Elapsed ordering time = 7s
[2025-08-22 15:39:42] DEBUG    Ordering time: 8.94s
[2025-08-22 15:39:44] DEBUG    Barrier statistics:
 Dense cols : 141
[2025-08-22 15:39:44] DEBUG    AA' NZ     : 8.152e+06
 Factor NZ  : 3.861e+07 (roughly 2.0 GB of memory)
 Factor Ops : 2.937e+09 (less than 1 second per iteration)
 Threads    : 30
[2025-08-22 15:39:47] DEBUG    Objective                Residual
[2025-08-22 15:39:47] DEBUG    Iter       Primal          Dual         Primal    Dual     Compl     Time
[2025-08-22 15:39:48] DEBUG    0   2.39546152e+21 -8.80277725e+18  6.98e+10 2.90e-11  4.18e+15    38s
[2025-08-22 15:39:52] DEBUG    1   2.19549963e+21 -9.00614901e+18  6.36e+10 2.15e+05  3.53e+15    42s
[2025-08-22 15:39:58] DEBUG    2   2.08472120e+21 -3.22738323e+19  6.04e+10 1.62e+05  3.35e+15    48s
[2025-08-22 15:40:05] DEBUG    3   1.73404472e+21 -9.04844743e+19  5.07e+10 6.50e+04  2.77e+15    55s
[2025-08-22 15:40:11] DEBUG    4   1.19513334e+21 -1.09702067e+20  3.51e+10 1.73e+04  1.91e+15    61s
[2025-08-22 15:40:17] DEBUG    5   9.27204288e+20 -1.08929379e+20  2.73e+10 3.06e+03  1.49e+15    67s
[2025-08-22 15:40:22] DEBUG    6   1.08909141e+20 -9.32894563e+19  2.77e+09 7.82e+02  1.67e+14    72s
[2025-08-22 15:40:25] DEBUG    7   2.77309255e+19 -4.53811888e+19  6.75e+08 1.41e+02  4.29e+13    75s
[2025-08-22 15:40:30] DEBUG    8   9.23648033e+18 -2.01144082e+19  2.18e+08 3.49e+01  1.42e+13    80s
[2025-08-22 15:40:34] DEBUG    9   3.26449402e+18 -1.02741178e+19  7.46e+07 1.37e+01  5.27e+12    84s
[2025-08-22 15:40:38] DEBUG    10   1.78677587e+18 -4.33343417e+18  4.12e+07 3.64e+00  2.54e+12    88s
[2025-08-22 15:40:41] DEBUG    11   8.80946931e+17 -1.81740377e+18  2.05e+07 9.60e-01  1.13e+12    91s
[2025-08-22 15:40:45] DEBUG    12   1.93675760e+17 -8.97595636e+17  4.57e+06 2.74e-01  3.14e+11    95s
[2025-08-22 15:40:49] DEBUG    13   2.16215483e+16 -2.06476186e+17  4.88e+05 5.89e-02  4.67e+10    99s
[2025-08-22 15:40:53] DEBUG    14   2.54331085e+14 -1.32239343e+16  8.70e+02 5.88e-04  2.12e+09   103s
[2025-08-22 15:40:59] DEBUG    15   1.70084932e+14 -1.63746153e+15  4.88e-04 3.62e-04  2.60e+08   109s
[2025-08-22 15:41:12] DEBUG    16   1.37823508e+14 -9.86637222e+14  3.19e-04 2.51e-03  1.57e+08   122s
[2025-08-22 15:41:24] DEBUG    17   8.39613406e+13 -3.15875626e+14  1.26e-04 6.78e-03  5.07e+07   134s
[2025-08-22 15:41:48] DEBUG    18   7.25767913e+13 -5.41156221e+13  1.07e-04 1.12e+00  9.30e+06   158s
[2025-08-22 15:42:02] DEBUG    19   4.97537425e+13 -2.50857809e+13  4.10e-05 4.93e-01  4.89e+06   172s
[2025-08-22 15:42:13] DEBUG    20   4.07779888e+13 -1.27749302e+13  2.86e-05 2.42e-01  3.03e+06   183s
[2025-08-22 15:42:26] DEBUG    21   3.72264728e+13 -6.83827049e+12  2.43e-05 1.26e-01  2.17e+06   196s
[2025-08-22 15:42:34] DEBUG    22   3.07427990e+13 -4.12175291e+12  3.05e-05 7.08e-02  1.50e+06   204s
[2025-08-22 15:42:45] DEBUG    23   2.64828283e+13 -2.48014794e+12  2.15e-05 4.53e-02  1.09e+06   215s
[2025-08-22 15:43:00] DEBUG    24   2.25841862e+13 -1.20056421e+12  2.29e-05 2.11e-02  8.38e+05   230s
[2025-08-22 15:43:10] DEBUG    25   2.04132334e+13 -5.01041694e+11  3.62e-05 1.55e-02  5.53e+05   240s
[2025-08-22 15:43:23] DEBUG    26   1.98611488e+13 -4.33344153e+11  4.20e-05 1.46e-02  5.09e+05   253s
[2025-08-22 15:43:34] DEBUG    27   1.94936922e+13 -3.42174697e+11  3.43e-05 1.32e-02  4.71e+05   264s
[2025-08-22 15:43:43] DEBUG    28   1.72937518e+13 -2.27173534e+11  2.19e-05 1.08e-02  3.31e+05   273s
[2025-08-22 15:43:53] DEBUG    29   1.58720924e+13 -1.68108483e+11  3.53e-05 1.19e-02  2.60e+05   283s
[2025-08-22 15:44:11] DEBUG    30   1.47264563e+13 -7.41539056e+10  2.96e-05 1.40e-02  2.15e+05   301s
[2025-08-22 15:44:22] DEBUG    31   1.32502050e+13 -6.32527390e+10  2.29e-05 1.47e-02  1.42e+05   312s
[2025-08-22 15:44:34] DEBUG    32   1.30764996e+13 -5.61167397e+10  2.29e-05 1.48e-02  1.35e+05   324s
[2025-08-22 15:44:42] DEBUG    33   1.27748467e+13 -3.26854339e+10  2.48e-05 1.55e-02  1.22e+05   332s
[2025-08-22 15:44:55] DEBUG    34   1.25884839e+13 -2.94752058e+10  2.49e-05 1.58e-02  1.18e+05   345s
[2025-08-22 15:45:10] DEBUG    35   1.16035320e+13 -1.10662225e+10  3.24e-05 1.92e-02  1.01e+05   360s
[2025-08-22 15:45:21] DEBUG    36   1.01268365e+13 -1.12703682e+10  2.29e-05 2.07e-02  5.63e+04   371s
[2025-08-22 15:45:30] DEBUG    37   9.12251918e+12 -5.19984548e+09  2.96e-05 2.21e-02  2.34e+04   380s
[2025-08-22 15:45:42] DEBUG    38   8.93531771e+12 -3.75075009e+09  2.86e-05 2.21e-02  2.15e+04   392s
[2025-08-22 15:45:48] DEBUG    39   8.83976221e+12 -2.38851773e+09  2.10e-05 2.21e-02  1.97e+04   398s
[2025-08-22 15:45:52] DEBUG    40   8.77340143e+12 -2.00425073e+09  2.86e-05 2.21e-02  1.87e+04   402s
[2025-08-22 15:45:57] DEBUG    41   8.68332490e+12 -2.48141138e+08  2.86e-05 2.20e-02  1.71e+04   407s
[2025-08-22 15:46:04] DEBUG    42   8.41889175e+12  3.13079129e+09  2.38e-05 2.19e-02  1.32e+04   414s
[2025-08-22 15:46:11] DEBUG    43   8.12094566e+12  7.32738410e+09  4.08e-05 2.17e-02  9.45e+03   421s
[2025-08-22 15:46:20] DEBUG    44   7.88851545e+12  8.81578058e+09  2.96e-05 2.15e-02  7.39e+03   430s
[2025-08-22 15:46:32] DEBUG    45   7.72387625e+12  9.60892292e+09  3.05e-05 2.13e-02  6.21e+03   442s
[2025-08-22 15:46:44] DEBUG    46   7.57755516e+12  1.00556492e+10  4.10e-05 2.12e-02  5.36e+03   454s
[2025-08-22 15:46:53] DEBUG    47   7.43522448e+12  1.03213797e+10  3.65e-05 2.11e-02  4.67e+03   464s
[2025-08-22 15:47:03] DEBUG    48   7.30278743e+12  1.06179282e+10  3.12e-05 2.10e-02  4.09e+03   473s
[2025-08-22 15:47:11] DEBUG    49   7.16903139e+12  1.08968241e+10  2.67e-05 2.08e-02  3.58e+03   481s
[2025-08-22 15:47:35] DEBUG    50   7.06095877e+12  1.10112788e+10  2.48e-05 2.07e-02  3.49e+03   505s
[2025-08-22 15:47:57] DEBUG    51   6.99174579e+12  1.10972382e+10  2.67e-05 2.07e-02  3.41e+03   528s
[2025-08-22 15:48:09] DEBUG    52   6.93007382e+12  1.12049866e+10  3.15e-05 2.06e-02  3.20e+03   539s
[2025-08-22 15:48:19] DEBUG    53   6.89328985e+12  1.12520117e+10  2.43e-05 2.06e-02  3.07e+03   549s
[2025-08-22 15:48:32] DEBUG    54   6.88516002e+12  1.12869764e+10  2.75e-05 2.06e-02  3.05e+03   562s
[2025-08-22 15:48:40] DEBUG    55   6.86256694e+12  1.13078672e+10  3.24e-05 2.06e-02  2.97e+03   571s
[2025-08-22 15:48:50] DEBUG    56   6.85153616e+12  1.13163872e+10  3.91e-05 2.05e-02  3.01e+03   580s
[2025-08-22 15:49:02] DEBUG    57   6.83374950e+12  1.13565226e+10  4.53e-05 2.05e-02  2.95e+03   592s
[2025-08-22 15:49:13] DEBUG    58   6.82021765e+12  1.13800002e+10  5.29e-05 2.05e-02  2.91e+03   603s
[2025-08-22 15:49:24] DEBUG    59   6.80831371e+12  1.14127797e+10  4.58e-05 2.05e-02  2.87e+03   614s
[2025-08-22 15:49:32] DEBUG    60   6.79326273e+12  1.14268991e+10  6.29e-05 2.05e-02  2.82e+03   622s
[2025-08-22 15:49:45] DEBUG    61   6.76644022e+12  1.14615488e+10  4.29e-05 2.05e-02  2.74e+03   635s
[2025-08-22 15:49:56] DEBUG    62   6.74514310e+12  1.14939896e+10  4.96e-05 2.04e-02  2.67e+03   646s
[2025-08-22 15:50:07] DEBUG    63   6.72498599e+12  1.15285372e+10  4.48e-05 2.04e-02  2.61e+03   657s
[2025-08-22 15:50:18] DEBUG    64   6.70009498e+12  1.15655898e+10  6.10e-05 2.04e-02  2.53e+03   668s
[2025-08-22 15:50:26] DEBUG    65   6.68684939e+12  1.15931631e+10  4.96e-05 2.04e-02  2.49e+03   677s
[2025-08-22 15:50:38] DEBUG    66   6.66018243e+12  1.16895779e+10  9.84e-05 2.04e-02  2.42e+03   688s
[2025-08-22 15:50:49] DEBUG    67   6.64428759e+12  1.17651387e+10  1.26e-04 2.04e-02  2.37e+03   699s
[2025-08-22 15:50:59] DEBUG    68   6.61708446e+12  1.18550953e+10  1.25e-04 2.04e-02  2.30e+03   709s
[2025-08-22 15:51:10] DEBUG    69   6.58502755e+12  1.19726294e+10  2.59e-04 2.03e-02  2.21e+03   721s
[2025-08-22 15:51:20] DEBUG    70   6.56206486e+12  1.20196575e+10  2.76e-04 2.03e-02  2.16e+03   730s
[2025-08-22 15:51:32] DEBUG    71   6.51680859e+12  1.20981842e+10  2.77e-04 2.03e-02  2.06e+03   742s
[2025-08-22 15:51:44] DEBUG    72   6.48775607e+12  1.22262146e+10  3.98e-04 2.03e-02  1.99e+03   755s
[2025-08-22 15:51:56] DEBUG    73   6.44947214e+12  1.23363290e+10  5.46e-04 2.02e-02  1.90e+03   766s
[2025-08-22 15:52:06] DEBUG    74   6.42105527e+12  1.24253970e+10  5.35e-04 2.02e-02  1.84e+03   776s
[2025-08-22 15:52:17] DEBUG    75   6.38592545e+12  1.25375712e+10  5.07e-04 2.02e-02  1.76e+03   787s
[2025-08-22 15:52:26] DEBUG    76   6.35093431e+12  1.26445337e+10  5.48e-04 2.02e-02  1.69e+03   796s
[2025-08-22 15:52:36] DEBUG    77   6.30603538e+12  1.27457502e+10  6.30e-04 2.01e-02  1.61e+03   806s
[2025-08-22 15:52:46] DEBUG    78   6.26463950e+12  1.28251980e+10  6.36e-04 2.01e-02  1.54e+03   816s
[2025-08-22 15:52:56] DEBUG    79   6.22827279e+12  1.29498522e+10  5.78e-04 2.01e-02  1.47e+03   826s
[2025-08-22 15:53:07] DEBUG    80   6.18274039e+12  1.30427860e+10  5.83e-04 2.00e-02  1.40e+03   837s
[2025-08-22 15:53:15] DEBUG    81   6.13985512e+12  1.31434134e+10  5.05e-04 2.00e-02  1.33e+03   845s
[2025-08-22 15:53:25] DEBUG    82   6.05888994e+12  1.32346537e+10  4.98e-04 2.00e-02  1.22e+03   856s
[2025-08-22 15:53:36] DEBUG    83   6.02330921e+12  1.33512870e+10  4.83e-04 1.99e-02  1.17e+03   866s
[2025-08-22 15:53:44] DEBUG    84   5.96963924e+12  1.34461888e+10  5.44e-04 1.98e-02  1.10e+03   875s
[2025-08-22 15:53:54] DEBUG    85   5.90526750e+12  1.35057200e+10  6.67e-04 1.97e-02  1.03e+03   884s
[2025-08-22 15:54:05] DEBUG    86   5.84867387e+12  1.36080948e+10  6.86e-04 1.93e-02  9.64e+02   895s
[2025-08-22 15:54:13] DEBUG    87   5.79478713e+12  1.37096938e+10  6.49e-04 1.85e-02  9.04e+02   903s
[2025-08-22 15:54:21] DEBUG    88   5.74292034e+12  1.38034825e+10  6.78e-04 1.76e-02  8.50e+02   911s
[2025-08-22 15:54:32] DEBUG    89   5.73548122e+12  1.38424303e+10  6.55e-04 1.72e-02  8.39e+02   922s
[2025-08-22 15:54:43] DEBUG    90   5.67587956e+12  1.39336831e+10  6.70e-04 1.62e-02  7.81e+02   933s
[2025-08-22 15:54:54] DEBUG    91   5.61826628e+12  1.40050215e+10  6.15e-04 1.54e-02  7.30e+02   944s
[2025-08-22 15:55:04] DEBUG    92   5.58183035e+12  1.40639817e+10  5.89e-04 1.48e-02  6.97e+02   954s
[2025-08-22 15:55:14] DEBUG    93   5.53727412e+12  1.41471708e+10  5.47e-04 1.38e-02  6.56e+02   964s
[2025-08-22 15:55:21] DEBUG    94   5.50323348e+12  1.41997910e+10  4.77e-04 1.32e-02  6.28e+02   971s
[2025-08-22 15:55:30] DEBUG    95   5.45953685e+12  1.42698504e+10  4.21e-04 1.23e-02  5.92e+02   980s
[2025-08-22 15:55:40] DEBUG    96   5.36794603e+12  1.43120697e+10  4.55e-04 1.18e-02  5.36e+02   991s
[2025-08-22 15:55:49] DEBUG    97   5.32627900e+12  1.43572951e+10  4.40e-04 1.11e-02  5.09e+02   999s
[2025-08-22 15:55:58] DEBUG    98   5.21717740e+12  1.44352093e+10  4.80e-04 1.01e-02  4.47e+02  1008s
[2025-08-22 15:56:07] DEBUG    99   5.15224331e+12  1.45488654e+10  4.59e-04 8.45e-03  4.01e+02  1017s
[2025-08-22 15:56:15] DEBUG    100   5.09758976e+12  1.46305210e+10  4.41e-04 7.26e-03  3.67e+02  1025s
[2025-08-22 15:56:22] DEBUG    101   4.98387115e+12  1.46595484e+10  2.87e-04 6.83e-03  3.23e+02  1032s
[2025-08-22 15:56:30] DEBUG    102   4.91180589e+12  1.47213192e+10  2.71e-04 5.97e-03  2.91e+02  1040s
[2025-08-22 15:56:39] DEBUG    103   4.87010993e+12  1.47481641e+10  2.50e-04 5.50e-03  2.75e+02  1049s
[2025-08-22 15:56:48] DEBUG    104   4.79539365e+12  1.47991609e+10  2.59e-04 5.50e-03  2.48e+02  1058s
[2025-08-22 15:56:55] DEBUG    105   4.74583913e+12  1.48422539e+10  3.00e-04 5.49e-03  2.30e+02  1065s
[2025-08-22 15:57:05] DEBUG    106   4.71799479e+12  1.48655484e+10  3.08e-04 5.49e-03  2.20e+02  1075s
[2025-08-22 15:57:14] DEBUG    107   4.63619600e+12  1.48887083e+10  3.10e-04 5.49e-03  1.99e+02  1085s
[2025-08-22 15:57:24] DEBUG    108   4.60792510e+12  1.48901163e+10  3.01e-04 5.49e-03  1.94e+02  1094s
[2025-08-22 15:57:32] DEBUG    109   4.59225141e+12  1.48992707e+10  2.96e-04 5.49e-03  1.90e+02  1102s
[2025-08-22 15:57:42] DEBUG    110   4.52952675e+12  1.49107053e+10  2.76e-04 5.49e-03  1.75e+02  1112s
[2025-08-22 15:57:51] DEBUG    111   4.49219184e+12  1.49221700e+10  2.72e-04 5.49e-03  1.67e+02  1121s
[2025-08-22 15:58:01] DEBUG    112   4.43697636e+12  1.49315118e+10  2.46e-04 5.49e-03  1.57e+02  1131s
[2025-08-22 15:58:11] DEBUG    113   4.39873873e+12  1.49461655e+10  2.27e-04 5.49e-03  1.50e+02  1141s
[2025-08-22 15:58:20] DEBUG    114   4.33295006e+12  1.49680135e+10  2.26e-04 5.48e-03  1.37e+02  1150s
[2025-08-22 15:58:30] DEBUG    115   4.25971353e+12  1.49815374e+10  2.30e-04 5.48e-03  1.26e+02  1160s
[2025-08-22 15:58:40] DEBUG    116   4.22833126e+12  1.49929794e+10  2.26e-04 5.48e-03  1.21e+02  1170s
[2025-08-22 15:58:50] DEBUG    117   4.18239477e+12  1.50045567e+10  2.08e-04 5.48e-03  1.15e+02  1180s
[2025-08-22 15:59:15] DEBUG    118   4.16397845e+12  1.50058628e+10  2.07e-04 5.48e-03  1.18e+02  1205s
[2025-08-22 15:59:33] DEBUG    119   4.11600976e+12  1.50103525e+10  2.02e-04 5.48e-03  1.18e+02  1224s
[2025-08-22 15:59:44] DEBUG    120   4.08521396e+12  1.50154331e+10  1.98e-04 5.48e-03  1.19e+02  1235s
[2025-08-22 15:59:55] DEBUG    121   4.03032577e+12  1.50223434e+10  1.66e-04 5.48e-03  1.23e+02  1245s
[2025-08-22 16:00:05] DEBUG    122   3.99749655e+12  1.50347558e+10  1.54e-04 5.48e-03  1.20e+02  1255s
[2025-08-22 16:00:12] DEBUG    123   3.96190235e+12  1.50424014e+10  1.62e-04 5.48e-03  1.15e+02  1262s
[2025-08-22 16:00:21] DEBUG    124   3.92346368e+12  1.50492842e+10  1.66e-04 5.48e-03  1.08e+02  1271s
[2025-08-22 16:00:32] DEBUG    125   3.89960326e+12  1.50540041e+10  1.57e-04 5.48e-03  1.05e+02  1282s
[2025-08-22 16:00:45] DEBUG    126   3.88888364e+12  1.50568001e+10  1.55e-04 5.48e-03  1.03e+02  1295s
[2025-08-22 16:00:56] DEBUG    127   3.88418181e+12  1.50602625e+10  1.54e-04 5.48e-03  1.04e+02  1306s
[2025-08-22 16:00:56] DEBUG    Barrier performed 127 iterations in 1305.96 seconds (288.82 work units)
[2025-08-22 16:00:56] DEBUG    Numerical trouble encountered

Model may be infeasible or unbounded.  Consider using the
homogeneous algorithm (through parameter 'BarHomogeneous')
[2025-08-22 16:01:02] DEBUG    Solved with dual simplex
[2025-08-22 16:01:12] DEBUG    Iteration    Objective       Primal Inf.    Dual Inf.      Time
[2025-08-22 16:01:12] DEBUG    789550    1.5334013e+10   0.000000e+00   0.000000e+00   1323s

Solved in 789550 iterations and 1322.51 seconds (310.21 work units)
[2025-08-22 16:01:12] DEBUG    Optimal objective  1.533401318e+10
✅ Scenario completato: existing_GT+VRES_2030_PHES
🏁 Tutti gli scenari sono stati processati.
